06-06 13:00:14.107  6421  6580 I SurfaceControl: show, t=StartTransaction_SyncId<24>, sc=Surface(name=Task=1)/@0xa3b6328, caller=com.android.wm.shell.util.TransitionUtil.createLeash:127 com.android.wm.shell.util.TransitionUtil.newTarget:2 com.android.wm.shell.util.TransitionUtil.newTarget:1 com.android.systemui.shared.system.RemoteAnimationTargetCompat.wrap:48 com.android.systemui.shared.system.RemoteAnimationTargetCompat.wrapApps:5 com.android.systemui.shared.system.RemoteAnimationRunnerCompat$1.startAnimation:19
06-06 13:00:14.108  1715  3404 I SurfaceFlinger: id=732 createSurf, flag=84000, Surface(name=Task=16)/@0xf2dd1e6_transition-leash#732
06-06 13:00:14.108  2342  5454 V WindowManager: Relayout hash=90e5bee, pid=7790, syncId=-1: mAttrs={(0,0)(fillxfill) sim={adjust=pan forwardNavigation} ty=BASE_APPLICATION wanim=0x1030303
06-06 13:00:14.108  2342  5454 V WindowManager:   fl=81810100
06-06 13:00:14.108  2342  5454 V WindowManager:   pfl=12008040
06-06 13:00:14.108  2342  5454 V WindowManager:   bhv=DEFAULT
06-06 13:00:14.108  2342  5454 V WindowManager:   fitSides= naviIconColor=0}
06-06 13:00:14.108  6421  6580 I SurfaceControl: show, t=StartTransaction_SyncId<24>, sc=Surface(name=Task=16)/@0xf2dd1e6, caller=com.android.wm.shell.util.TransitionUtil.createLeash:127 com.android.wm.shell.util.TransitionUtil.newTarget:2 com.android.wm.shell.util.TransitionUtil.newTarget:1 com.android.systemui.shared.system.RemoteAnimationTargetCompat.wrap:48 com.android.systemui.shared.system.RemoteAnimationTargetCompat.wrapApps:5 com.android.systemui.shared.system.RemoteAnimationRunnerCompat$1.startAnimation:19
06-06 13:00:14.108  6421  6580 I SurfaceControl: apply is called, name=StartTransaction_SyncId<24>, caller=android.view.SurfaceControl$Transaction.apply:2921 com.android.systemui.shared.system.RemoteAnimationRunnerCompat$1.startAnimation:658 android.window.IRemoteTransition$Stub.onTransact:131 android.os.Binder.execTransactInternal:1380 android.os.Binder.execTransact:1311 <bottom of call stack>
06-06 13:00:14.108  6421  6580 I HoneySpace.ShellAnimationRunner: [onAnimationStart] appTarget(0) : taskId-1, mode-0
06-06 13:00:14.108  6421  6580 I HoneySpace.ShellAnimationRunner: [onAnimationStart] appTarget(1) : taskId-16, mode-1
06-06 13:00:14.108  1574  1638 I HYPER-HAL: [RequestManager.cpp]acquire(): Acquired ID : 1500933  [1577 / 155]    HINT :      list : [TID_LOW_LATENCY / 0] [TID / 7828] [TID / 7829] [TID / 7790] [TID / 7818]
06-06 13:00:14.109  6421  6421 I HoneySpace.ShellAnimationRunner: finishExistingAnimation, null
06-06 13:00:14.109  1715  1715 D SurfaceFlinger: Display 4630946970390616451 HWC layers:
06-06 13:00:14.109  1715  1715 D SurfaceFlinger:      DEVICE | 0xb4000073beb13a00 | 0100 | RGBA_8888    |  630.0    0.0 1710.0 2340.0 |    0    0 1080 2340 | Wallpaper BBQ wrapper 5_system#94
06-06 13:00:14.109  1715  1715 D SurfaceFlinger:      DEVICE | 0xb4000073beb126e0 | 0100 | RGBA_8888    |    0.0    0.0 1080.0 2340.0 |    0    0 1080 2340 | Splash Screen etf.ri.rma.newsfeedapp.test$_5355#687
06-06 13:00:14.109  1715  1715 D SurfaceFlinger:      DEVICE | 0xb4000073beb0f440 | 0100 | RGBA_8888    |    0.0    0.0 1080.0   87.0 |    0    0 1080   87 | StatusBar$_5355#90
06-06 13:00:14.109  1715  1715 D SurfaceFlinger:      DEVICE | 0xb4000073beb138e0 | 0100 | RGBA_8888    |    0.0    0.0   67.0  342.0 | 1013  438 1080  780 | com.sec.android.app.launcher/com.sam[...]ce.edge.CocktailBarService$_6421#145
06-06 13:00:14.109  1715  1715 D SurfaceFlinger:      DEVICE | 0xb4000073beb0fb90 | 0100 | RGBA_8888    |    0.0    0.0 1080.0  144.0 |    0 2196 1080 2340 | NavigationBar0$_5355#89
06-06 13:00:14.109  1715  1715 D SurfaceFlinger:
06-06 13:00:14.109  6421  6421 I HoneySpace.AppCloseAnimationDelegate: onAnimationStart
06-06 13:00:14.110  6421  6421 I HoneySpace.AppCloseAnimationDelegate: getCurrentShellAnimator : useSpringAnim-false, target-null
06-06 13:00:14.110  6421  6421 I HoneySpace.ContentsAnimator: from : 0.0
06-06 13:00:14.110  6421  6421 I HoneySpace.HoneyScreenManagerImpl: Close floating task bar
06-06 13:00:14.110  1574  1638 I HYPER-HAL: [RequestManager.cpp]acquire(): Acquired ID : 1502667  [1577 / 156]    HINT :      list : [UCLAMP_MIN_BOOST / 0] [TID / 7828] [TID / 7829] [TID / 7790] [TID / 7818]
06-06 13:00:14.110  6421  6421 I HoneySpace.ContentsAnimator: ContentsAnimator start
06-06 13:00:14.111  6421  6421 I HoneySpace.TransitionUtils: areAllTargetsTranslucent - false
06-06 13:00:14.111  6421  6421 I HoneySpace.WallpaperAnimator: isOpen: false, from: 1.2, to: 1.0
06-06 13:00:14.111  7790  7790 I ViewRootImpl@c676a9e[MainActivity]: Relayout returned: old=(0,0,1080,2340) new=(0,0,1080,2340) relayoutAsync=false req=(1080,2340)8 dur=4 res=0x402 s={false 0x0} ch=true seqId=0
06-06 13:00:14.111  1574  1638 I HYPER-HAL: [RequestManager.cpp]releaseLocked(): Released ID : 1500933
06-06 13:00:14.111  1574  1638 I HYPER-HAL: [RequestManager.cpp]releaseLocked(): Released ID : 1502667
06-06 13:00:14.112  7790  7790 I ViewRootImpl@c676a9e[MainActivity]: stopped(true) old = false
06-06 13:00:14.112  7790  7790 D ViewRootImpl@c676a9e[MainActivity]: WindowStopped on etf.ri.rma.newsfeedapp/etf.ri.rma.newsfeedapp.MainActivity set to true
06-06 13:00:14.112  7790  7818 D OpenGLRenderer: CacheManager::trimMemory(20)
06-06 13:00:14.113  1715  1715 I Layer   : Layer::reparent [Task=1#52] newParent : Surface(name=Task=1)/@0xa3b6328_transition-leash#731 , isRemovedFromCurrentState : 0 -------------------------
06-06 13:00:14.113  1715  1715 I Layer   : Layer::reparent [Task=1#52] End -------------------------
06-06 13:00:14.113  1715  1715 I Layer   : Layer::reparent [Surface(name=Task=16)/@0xf2dd1e6_transition-leash#732] newParent : Transition Root: Task=1#728 , isRemovedFromCurrentState : 0 -------------------------
06-06 13:00:14.113  1715  1715 I Layer   : Layer::reparent [Surface(name=Task=16)/@0xf2dd1e6_transition-leash#732] End -------------------------
06-06 13:00:14.113  1715  1715 I Layer   : Layer [Transition Root: Task=1#728] hidden!! flag(0)
06-06 13:00:14.113  1715  1715 I Layer   : Layer [etf.ri.rma.newsfeedapp.test/androidx.test.core.app.InstrumentationActivityInvoker$EmptyActivity$_7890#702] hidden!! flag(0)
06-06 13:00:14.113  1715  1715 I Layer   : Layer::reparent [Surface(name=Task=1)/@0xa3b6328_transition-leash#731] newParent : Transition Root: Task=1#728 , isRemovedFromCurrentState : 0 -------------------------
06-06 13:00:14.113  1715  1715 I Layer   : Layer::reparent [Surface(name=Task=1)/@0xa3b6328_transition-leash#731] End -------------------------
06-06 13:00:14.113  1715  1715 I Layer   : Layer [com.sec.android.app.launcher/com.sec.android.app.launcher.activities.LauncherActivity$_6421#722] hidden!! flag(0)
06-06 13:00:14.113  1715  1715 I Layer   : Layer::reparent [Task=16#681] newParent : Surface(name=Task=16)/@0xf2dd1e6_transition-leash#732 , isRemovedFromCurrentState : 0 -------------------------
06-06 13:00:14.113  1715  1715 I Layer   : Layer::reparent [Task=16#681] End -------------------------
06-06 13:00:14.113  1715  1715 I Layer   : Layer [ActivityRecord{4bdcf41 u0 com.sec.android.app.launcher/.activities.LauncherActivity t8}#139] hidden!! flag(0)
06-06 13:00:14.113  1715  1715 I Layer   : id=689 Destroyed Transition Root: Task=16#689
06-06 13:00:14.113  1715  1715 I Layer   : id=692 Destroyed Bottom Edge Extension#692
06-06 13:00:14.113  1715  1715 I Layer   : id=701 Destroyed DimTransitionLayer for Surface(name=Task=16)/@0x7868aa7#701
06-06 13:00:14.113  1715  1715 I Layer   : id=695 Destroyed bbq-wrapper#695
06-06 13:00:14.113  1715  1715 I Layer   : id=713 Destroyed Top Edge Extension#713
06-06 13:00:14.113  1715  1715 I Layer   : id=715 Destroyed bbq-wrapper#715
06-06 13:00:14.113  7790  7790 D LifecycleMonitor: Lifecycle status change: etf.ri.rma.newsfeedapp.MainActivity@33a04ab in: STOPPED
06-06 13:00:14.114  7790  7790 V ActivityScenario: Update currentActivityStage to STOPPED, currentActivity=etf.ri.rma.newsfeedapp.MainActivity@33a04ab
06-06 13:00:14.115  7790  7837 W System.err: java.io.InterruptedIOException
06-06 13:00:14.116  7790  7837 W System.err: 	at okhttp3.internal.http2.Http2Stream.waitForIo$okhttp(Http2Stream.kt:660)
06-06 13:00:14.116  7790  7837 W System.err: 	at okhttp3.internal.http2.Http2Stream$FramingSource.read(Http2Stream.kt:376)
06-06 13:00:14.116  7790  7837 W System.err: 	at okhttp3.internal.connection.Exchange$ResponseBodySource.read(Exchange.kt:281)
06-06 13:00:14.116  7790  7837 W System.err: 	at okio.RealBufferedSource.read(RealBufferedSource.kt:192)
06-06 13:00:14.116  7790  7837 W System.err: 	at okio.ForwardingSource.read(ForwardingSource.kt:27)
06-06 13:00:14.116  1574  1638 I HYPER-HAL: [RequestManager.cpp]acquire(): Acquired ID : 1528797  [1577 / 171]    HINT :      list : [TID_LOW_LATENCY / 1] [TID / 7828] [TID / 7829] [TID / 7790] [TID / 7818]
06-06 13:00:14.116  7790  7837 W System.err: 	at coil.decode.BitmapFactoryDecoder$ExceptionCatchingSource.read(BitmapFactoryDecoder.kt:215)
06-06 13:00:14.116  7790  7837 W System.err: 	at okio.RealBufferedSource$inputStream$1.read(RealBufferedSource.kt:161)
06-06 13:00:14.116  7790  7837 W System.err: 	at android.graphics.BitmapFactory.nativeDecodeStream(Native Method)
06-06 13:00:14.116  7790  7837 W System.err: 	at android.graphics.BitmapFactory.decodeStreamInternal(BitmapFactory.java:996)
06-06 13:00:14.116  7790  7837 W System.err: 	at android.graphics.BitmapFactory.decodeStream(BitmapFactory.java:913)
06-06 13:00:14.116  7790  7837 W System.err: 	at coil.decode.BitmapFactoryDecoder.decode(BitmapFactoryDecoder.kt:76)
06-06 13:00:14.116  7790  7837 W System.err: 	at coil.decode.BitmapFactoryDecoder.access$decode(BitmapFactoryDecoder.kt:25)
06-06 13:00:14.116  7790  7837 W System.err: 	at coil.decode.BitmapFactoryDecoder$decode$2$1.invoke(BitmapFactoryDecoder.kt:46)
06-06 13:00:14.116  7790  7837 W System.err: 	at coil.decode.BitmapFactoryDecoder$decode$2$1.invoke(BitmapFactoryDecoder.kt:46)
06-06 13:00:14.116  7790  7837 W System.err: 	at kotlinx.coroutines.InterruptibleKt.runInterruptibleInExpectedContext(Interruptible.kt:52)
06-06 13:00:14.117  7790  7837 W System.err: 	at kotlinx.coroutines.InterruptibleKt.access$runInterruptibleInExpectedContext(Interruptible.kt:1)
06-06 13:00:14.117  7790  7837 W System.err: 	at kotlinx.coroutines.InterruptibleKt$runInterruptible$2.invokeSuspend(Interruptible.kt:44)
06-06 13:00:14.117  7790  7837 W System.err: 	at kotlinx.coroutines.InterruptibleKt$runInterruptible$2.invoke(Unknown Source:8)
06-06 13:00:14.117  7790  7837 W System.err: 	at kotlinx.coroutines.InterruptibleKt$runInterruptible$2.invoke(Unknown Source:4)
06-06 13:00:14.117  7790  7837 W System.err: 	at kotlinx.coroutines.intrinsics.UndispatchedKt.startUndispatchedOrReturn(Undispatched.kt:78)
06-06 13:00:14.117  7790  7837 W System.err: 	at kotlinx.coroutines.BuildersKt__Builders_commonKt.withContext(Builders.common.kt:159)
06-06 13:00:14.117  7790  7837 W System.err: 	at kotlinx.coroutines.BuildersKt.withContext(Unknown Source:1)
06-06 13:00:14.117  1715  2430 I SurfaceFlinger: id=735 createSurf, flag=24000, Surface(name=830a52c etf.ri.rma.newsfeedapp.test/androidx.test.core.app.InstrumentationActivityInvoker$EmptyActivity)/@0x253da02 - animation-leash of starting_reveal#735
06-06 13:00:14.117  7790  7837 W System.err: 	at kotlinx.coroutines.InterruptibleKt.runInterruptible(Interruptible.kt:43)
06-06 13:00:14.117  7790  7837 W System.err: 	at kotlinx.coroutines.InterruptibleKt.runInterruptible$default(Interruptible.kt:40)
06-06 13:00:14.117  7790  7837 W System.err: 	at coil.decode.BitmapFactoryDecoder.decode(BitmapFactoryDecoder.kt:46)
06-06 13:00:14.117  7790  7837 W System.err: 	at coil.intercept.EngineInterceptor.decode(EngineInterceptor.kt:199)
06-06 13:00:14.117  7790  7837 W System.err: 	at coil.intercept.EngineInterceptor.access$decode(EngineInterceptor.kt:41)
06-06 13:00:14.117  7790  7837 W System.err: 	at coil.intercept.EngineInterceptor$execute$executeResult$1.invokeSuspend(EngineInterceptor.kt:127)
06-06 13:00:14.117  7790  7837 W System.err: 	at coil.intercept.EngineInterceptor$execute$executeResult$1.invoke(Unknown Source:8)
06-06 13:00:14.117  7790  7837 W System.err: 	at coil.intercept.EngineInterceptor$execute$executeResult$1.invoke(Unknown Source:4)
06-06 13:00:14.118  7790  7837 W System.err: 	at kotlinx.coroutines.intrinsics.UndispatchedKt.startUndispatchedOrReturn(Undispatched.kt:78)
06-06 13:00:14.118  7790  7837 W System.err: 	at kotlinx.coroutines.BuildersKt__Builders_commonKt.withContext(Builders.common.kt:167)
06-06 13:00:14.118  7790  7837 W System.err: 	at kotlinx.coroutines.BuildersKt.withContext(Unknown Source:1)
06-06 13:00:14.118  7790  7837 W System.err: 	at coil.intercept.EngineInterceptor.execute(EngineInterceptor.kt:126)
06-06 13:00:14.118  7790  7837 W System.err: 	at coil.intercept.EngineInterceptor.access$execute(EngineInterceptor.kt:41)
06-06 13:00:14.118  7790  7837 W System.err: 	at coil.intercept.EngineInterceptor$execute$1.invokeSuspend(Unknown Source:18)
06-06 13:00:14.118  7790  7837 W System.err: 	at kotlin.coroutines.jvm.internal.BaseContinuationImpl.resumeWith(ContinuationImpl.kt:33)
06-06 13:00:14.118  7790  7837 W System.err: 	at kotlinx.coroutines.DispatchedTask.run(DispatchedTask.kt:108)
06-06 13:00:14.118  7790  7837 W System.err: 	at kotlinx.coroutines.internal.LimitedDispatcher$Worker.run(LimitedDispatcher.kt:115)
06-06 13:00:14.118  7790  7837 W System.err: 	at kotlinx.coroutines.scheduling.TaskImpl.run(Tasks.kt:103)
06-06 13:00:14.118  7790  7837 W System.err: 	at kotlinx.coroutines.scheduling.CoroutineScheduler.runSafely(CoroutineScheduler.kt:584)
06-06 13:00:14.118  7790  7837 W System.err: 	at kotlinx.coroutines.scheduling.CoroutineScheduler$Worker.executeTask(CoroutineScheduler.kt:793)
06-06 13:00:14.118  7790  7837 W System.err: 	at kotlinx.coroutines.scheduling.CoroutineScheduler$Worker.runWorker(CoroutineScheduler.kt:697)
06-06 13:00:14.118  1715  1715 D SurfaceFlinger: Display 4630946970390616451 HWC layers:
06-06 13:00:14.118  1715  1715 D SurfaceFlinger:      DEVICE | 0xb4000073beb075b0 | 0102 | RGBA_8888    |    0.0    0.0 1080.0 2340.0 |    0    0 1080 2340 | etf.ri.rma.newsfeedapp.test/androidx[...]ivityInvoker$EmptyActivity$_7890#702
06-06 13:00:14.118  1715  1715 D SurfaceFlinger:      DEVICE | 0xb4000073beb126e0 | 0100 | RGBA_8888    |    0.0    0.0 1080.0 2340.0 |    0    0 1080 2340 | Splash Screen etf.ri.rma.newsfeedapp.test$_5355#687
06-06 13:00:14.118  1715  1715 D SurfaceFlinger:      DEVICE | 0xb4000073beb044c0 | 0100 | RGBA_8888    |    0.0    0.0 1080.0   87.0 |    0    0 1080   87 | StatusBar$_5355#90
06-06 13:00:14.118  1715  1715 D SurfaceFlinger:      DEVICE | 0xb4000073beb138e0 | 0100 | RGBA_8888    |    0.0    0.0   67.0  342.0 | 1013  438 1080  780 | com.sec.android.app.launcher/com.sam[...]ce.edge.CocktailBarService$_6421#145
06-06 13:00:14.118  1715  1715 D SurfaceFlinger:      DEVICE | 0xb4000073beb0d1f0 | 0100 | RGBA_8888    |    0.0    0.0 1080.0  144.0 |    0 2196 1080 2340 | NavigationBar0$_5355#89
06-06 13:00:14.118  1715  1715 D SurfaceFlinger:
06-06 13:00:14.119  7790  7837 W System.err: 	at kotlinx.coroutines.scheduling.CoroutineScheduler$Worker.run(CoroutineScheduler.kt:684)
06-06 13:00:14.119  7790  7837 D OpenGLRenderer: ---- read threw an exception
06-06 13:00:14.119  1715  2430 I SurfaceFlinger: id=736 createSurf, flag=24000, Surface(name=RemoteWallpaperAnim:1:1)/@0xbe3243d - animation-leash of remote_wallpaper#736
06-06 13:00:14.119  6421  6421 I HoneySpace.WallpaperAnimator: wallpaper animation start
06-06 13:00:14.120  6421  6421 I HoneySpace.AnimationResult: setAnimation, animation: false
06-06 13:00:14.121  2342  6212 V WindowManager: Relayout Window{ea09cbe u0 Splash Screen etf.ri.rma.newsfeedapp.test}: viewVisibility=0 req=1080x2340 ty=3 d0
06-06 13:00:14.121  7012  7043 D BufferPoolAccessor2.0: bufferpool2 0xb400007dbe05aed8 : 66(2462386 size) total buffers - 1(52656 size) used buffers - 83/294 (recycle/alloc) - 219/293 (fetch/transfer)
06-06 13:00:14.122  7012  7043 D C2SoftVpxEnc: bytes generated 52656
06-06 13:00:14.123  6421  9453 W qdgralloc: getInterlacedFlag: getMetaData returned 3, defaulting to interlaced_flag = 0
06-06 13:00:14.123  6421  9457 I ViewRootImpl@cc9c4e9[LauncherActivity]: mWNT: t=0xb40000747f952cb0 mBlastBufferQueue=0xb4000074df963770 fn= 2 mRenderHdrSdrRatio=1.0 caller= com.android.systemui.shared.launcher.ViewRootImplCompat.mergeWithNextTransaction:4 com.honeyspace.transition.utils.SurfaceTransactionApplier.scheduleApply$lambda$1:26 com.honeyspace.transition.utils.SurfaceTransactionApplier.c:0
06-06 13:00:14.123  6421  9457 I ViewRootImpl@cc9c4e9[LauncherActivity]: mWNT: t=0xb40000747f973890 mBlastBufferQueue=0xb4000074df963770 fn= 2 mRenderHdrSdrRatio=1.0 caller= com.android.systemui.shared.launcher.ViewRootImplCompat.mergeWithNextTransaction:4 com.honeyspace.transition.utils.SurfaceTransactionApplier.scheduleApply$lambda$1:26 com.honeyspace.transition.utils.SurfaceTransactionApplier.c:0
06-06 13:00:14.123  6421  9457 I ViewRootImpl@cc9c4e9[LauncherActivity]: mWNT: t=0xb40000747f975570 mBlastBufferQueue=0xb4000074df963770 fn= 2 mRenderHdrSdrRatio=1.0 caller= com.android.systemui.shared.launcher.ViewRootImplCompat.mergeWithNextTransaction:4 com.honeyspace.transition.utils.SurfaceTransactionApplier.scheduleApply$lambda$1:26 com.honeyspace.transition.utils.SurfaceTransactionApplier.c:0
06-06 13:00:14.124  2342  6212 V WindowManager: Relayout hash=ea09cbe, pid=5355, syncId=-1: mAttrs={(0,0)(fillxfill) sim={adjust=pan} ty=APPLICATION_STARTING fmt=TRANSLUCENT
06-06 13:00:14.124  2342  6212 V WindowManager:   fl=81030118
06-06 13:00:14.124  2342  6212 V WindowManager:   pfl=16000010
06-06 13:00:14.124  2342  6212 V WindowManager:   bhv=DEFAULT
06-06 13:00:14.124  2342  6212 V WindowManager:   fitSides= naviIconColor=0}
06-06 13:00:14.124  6421  9458 I ViewRootImpl@cc9c4e9[LauncherActivity]: mWNT: t=0xb40000747f975150 mBlastBufferQueue=0xb4000074df963770 fn= 3 mRenderHdrSdrRatio=1.0 caller= com.android.systemui.shared.launcher.ViewRootImplCompat.mergeWithNextTransaction:4 com.honeyspace.transition.utils.SurfaceTransactionApplier.scheduleApply$lambda$1:26 com.honeyspace.transition.utils.SurfaceTransactionApplier.c:0
06-06 13:00:14.124  5355  5439 I BLASTBufferQueue_Java: update, w= 1080 h= 2340 mName = ViewRootImpl@c200653[test] mNativeObject= 0xb4000074dfa11190 sc.mNativeObject= 0xb4000073af941250 format= -3 caller= android.view.ViewRootImpl.updateBlastSurfaceIfNeeded:3020 android.view.ViewRootImpl.relayoutWindow:10121 android.view.ViewRootImpl.performTraversals:4115 android.view.ViewRootImpl.doTraversal:3291 android.view.ViewRootImpl$TraversalRunnable.run:11329 android.view.Choreographer$CallbackRecord.run:1689
06-06 13:00:14.124  6421  9453 W qdgralloc: getInterlacedFlag: getMetaData returned 3, defaulting to interlaced_flag = 0
06-06 13:00:14.124  5355  5439 I ViewRootImpl@c200653[test]: Relayout returned: old=(0,0,1080,2340) new=(0,0,1080,2340) relayoutAsync=false req=(1080,2340)0 dur=3 res=0x400 s={true 0xb4000074af9d4cd0} ch=false seqId=0
06-06 13:00:14.124  5355  5439 I ViewRootImpl@c200653[test]: registerCallbackForPendingTransactions
06-06 13:00:14.124  5355  5447 I ViewRootImpl@c200653[test]: mWNT: t=0xb40000747f999170 mBlastBufferQueue=0xb4000074dfa11190 fn= 2 mRenderHdrSdrRatio=1.0 caller= android.view.SyncRtSurfaceTransactionApplier.applyTransaction:96 android.view.SyncRtSurfaceTransactionApplier.lambda$scheduleApply$0:69 android.view.SyncRtSurfaceTransactionApplier.$r8$lambda$SgowXC58rj3PR958kHUfRgLZmvE:0
06-06 13:00:14.124  5355  5447 I ViewRootImpl@c200653[test]: mWNT: t=0xb40000747f9a5090 mBlastBufferQueue=0xb4000074dfa11190 fn= 2 mRenderHdrSdrRatio=1.0 caller= android.view.SyncRtSurfaceTransactionApplier.applyTransaction:96 android.view.SyncRtSurfaceTransactionApplier.lambda$scheduleApply$0:69 android.view.SyncRtSurfaceTransactionApplier.$r8$lambda$SgowXC58rj3PR958kHUfRgLZmvE:0
06-06 13:00:14.124  5355  5447 I ViewRootImpl@c200653[test]: mWNT: t=0xb40000747f964270 mBlastBufferQueue=0xb4000074dfa11190 fn= 2 mRenderHdrSdrRatio=1.0 caller= android.view.ViewRootImpl$6.onFrameDraw:5639 android.view.ViewRootImpl$2.onFrameDraw:2144 android.view.ThreadedRenderer$1.onFrameDraw:792
06-06 13:00:14.127  7790  8101 W qdgralloc: Failed to load libubwcp.so
06-06 13:00:14.129  1715  1715 I Layer   : Layer::reparent [830a52c etf.ri.rma.newsfeedapp.test/androidx.test.core.app.InstrumentationActivityInvoker$EmptyActivity#696] newParent : Surface(name=830a52c etf.ri.rma.newsfeedapp.test/androidx.test.core.app.InstrumentationActivityInvoker$EmptyActivity)/@0x253da02 - animation-leash of starting_reveal#735 , isRemovedFromCurrentState : 0 -------------------------
06-06 13:00:14.129  1715  1715 I Layer   : Layer::reparent [830a52c etf.ri.rma.newsfeedapp.test/androidx.test.core.app.InstrumentationActivityInvoker$EmptyActivity#696] End -------------------------
06-06 13:00:14.129  1715  1715 I Layer   : Layer::reparent [RemoteWallpaperAnim:1:1#8] newParent : Surface(name=RemoteWallpaperAnim:1:1)/@0xbe3243d - animation-leash of remote_wallpaper#736 , isRemovedFromCurrentState : 0 -------------------------
06-06 13:00:14.129  1715  1715 I Layer   : Layer::reparent [RemoteWallpaperAnim:1:1#8] End -------------------------
06-06 13:00:14.130  5355  5446 I ViewRootImpl@c200653[test]: mWNT: t=0xb40000747f96ac50 mBlastBufferQueue=0xb4000074dfa11190 fn= 3 mRenderHdrSdrRatio=1.0 caller= android.view.SyncRtSurfaceTransactionApplier.applyTransaction:96 android.view.SyncRtSurfaceTransactionApplier.lambda$scheduleApply$0:69 android.view.SyncRtSurfaceTransactionApplier.$r8$lambda$SgowXC58rj3PR958kHUfRgLZmvE:0
06-06 13:00:14.130  6421  9453 W qdgralloc: getInterlacedFlag: getMetaData returned 3, defaulting to interlaced_flag = 0
06-06 13:00:14.130  6421  9457 I ViewRootImpl@cc9c4e9[LauncherActivity]: mWNT: t=0xb40000747f975af0 mBlastBufferQueue=0xb4000074df963770 fn= 4 mRenderHdrSdrRatio=1.0 caller= com.android.systemui.shared.launcher.ViewRootImplCompat.mergeWithNextTransaction:4 com.honeyspace.transition.utils.SurfaceTransactionApplier.scheduleApply$lambda$1:26 com.honeyspace.transition.utils.SurfaceTransactionApplier.c:0
06-06 13:00:14.131  2342  6212 D InputDispatcher: Focus entered window (0): da5c5e7 com.sec.android.app.launcher/com.sec.android.app.launcher.activities.LauncherActivity
06-06 13:00:14.132  6421  6421 I ViewRootImpl@cc9c4e9[LauncherActivity]: handleWindowFocusChanged: 1 0 call from android.view.ViewRootImpl.-$$Nest$mhandleWindowFocusChanged:0
06-06 13:00:14.132  6421  6421 I InputMethodManager: startInputInner - IInputMethodManagerGlobalInvoker.startInputOrWindowGainedFocus
06-06 13:00:14.132  2342  6212 I ImeTracker: com.sec.android.app.launcher:1cc66715: onRequestHide at ORIGIN_SERVER_HIDE_INPUT reason HIDE_UNSPECIFIED_WINDOW
06-06 13:00:14.132  2342  6212 I ImeTracker: com.sec.android.app.launcher:1cc66715: onCancelled at PHASE_SERVER_SHOULD_HIDE
06-06 13:00:14.133  7790  7790 D LifecycleMonitor: Lifecycle status change: etf.ri.rma.newsfeedapp.MainActivity@33a04ab in: DESTROYED
06-06 13:00:14.134  7790  7790 V ActivityScenario: Update currentActivityStage to DESTROYED, currentActivity=null
06-06 13:00:14.134  1715  1715 D SurfaceFlinger: Display 4630946970390616451 HWC layers:
06-06 13:00:14.134  1715  1715 D SurfaceFlinger:      DEVICE | 0xb4000073beb13a00 | 0100 | RGBA_8888    |  718.0  190.0 1622.0 2150.0 |    0    0 1080 2340 | Wallpaper BBQ wrapper 5_system#94
06-06 13:00:14.134  1715  1715 D SurfaceFlinger:      DEVICE | 0xb4000073beb10eb0 | 0100 | RGBA_8888    |    0.0    0.0 1080.0 2340.0 |    0    0 1080 2340 | com.sec.android.app.launcher/com.sec[...]ctivities.LauncherActivity$_6421#722
06-06 13:00:14.134  1715  1715 D SurfaceFlinger:      CLIENT | 0xb4000073beb075b0 | 0102 | RGBA_8888    |    0.0    0.0 1080.0 2340.0 |    0    0 1080 2340 | etf.ri.rma.newsfeedapp.test/androidx[...]ivityInvoker$EmptyActivity$_7890#702
06-06 13:00:14.134  1715  1715 D SurfaceFlinger:      CLIENT | 0xb4000073beb15bc0 | 0100 | RGBA_8888    |    0.0    0.0 1080.0 2340.0 |    0    0 1080 2340 | Splash Screen etf.ri.rma.newsfeedapp.test$_5355#687
06-06 13:00:14.134  1715  1715 D SurfaceFlinger:      DEVICE | 0xb4000073beb0a850 | 0100 | RGBA_8888    |    0.0    0.0 1080.0   87.0 |    0    0 1080   87 | StatusBar$_5355#90
06-06 13:00:14.134  1715  1715 D SurfaceFlinger:      DEVICE | 0xb4000073beb138e0 | 0100 | RGBA_8888    |    0.0    0.0   67.0  342.0 | 1013  438 1080  780 | com.sec.android.app.launcher/com.sam[...]ce.edge.CocktailBarService$
06-06 13:00:14.134  1715  1715 D SurfaceFlinger: _6421#145
06-06 13:00:14.134  1715  1715 D SurfaceFlinger:      DEVICE | 0xb4000073beb07fd0 | 0100 | RGBA_8888    |    0.0    0.0 1080.0  144.0 |    0 2196 1080 2340 | NavigationBar0$_5355#89
06-06 13:00:14.134  1715  1715 D SurfaceFlinger:
06-06 13:00:14.134  7790  7790 W WindowOnBackDispatcher: sendCancelIfRunning: isInProgress=falsecallback=android.view.ViewRootImpl$$ExternalSyntheticLambda19@a5f3916
06-06 13:00:14.135  2342  6212 D InputTransport: Input channel constructed: 'ClientS', fd=1087
06-06 13:00:14.135  2342  6212 D InputTransport: Input channel destroyed: 'ClientS', fd=1087
06-06 13:00:14.135 11275 11275 I HBD     : HoneyBoardService onFinishInput
06-06 13:00:14.136 11275 11275 I HBD     : a IC have been unbinding,  RemoteInputConnection{idHash=#21bff7a}
06-06 13:00:14.136 11275 11275 I HBD     : HoneyBoardService [PF_CL][onFinishInput]  1 ms
06-06 13:00:14.136 11275 11275 I HBD     : HoneyBoardService [IMI] onStartInput - caller pid : 6421 , caller uid : 10150
06-06 13:00:14.136 11275 11275 I HBD     : j updateConfigs
06-06 13:00:14.136 11275 11275 I HBD     : j isEnabledNightMode : true
06-06 13:00:14.136 11275 11275 I HBD     : a IC have been binding, RemoteInputConnection{idHash=#1f232b}
06-06 13:00:14.136 11275 11275 I HBD     : h [EditorInputType]setPrivateImeOptionsToTable privateImeOptions ( null )
06-06 13:00:14.136 11275 11275 I HBD     : b incognitoMode : false
06-06 13:00:14.136 11275 11275 I HBD     : b needOff = true , isForceOff = false, isNullInputClass : true
06-06 13:00:14.136 11275 11275 I HBD     : h getDefaultInputRange : UNKNOWN
06-06 13:00:14.136 11275 11275 I HBD     : h getDefaultInputRange : UNKNOWN
06-06 13:00:14.136 11275 11275 I HBD     : h getDefaultInputRange : UNKNOWN
06-06 13:00:14.136  1715  2430 I SurfaceFlinger: id=739 createSurf, flag=24004, Surface(name=ac5a498 InputMethod)/@0x1895ba - animation-leash of insets_animation#739
06-06 13:00:14.137  7790  7818 D OpenGLRenderer: CacheManager::trimMemory(20)
06-06 13:00:14.137  7790  7790 I ViewRootImpl@c676a9e[MainActivity]: dispatchDetachedFromWindow
06-06 13:00:14.137  2342  5453 D InputTransport: Input channel destroyed: '90e5bee', fd=1146
06-06 13:00:14.137  7012  7043 D C2SoftVpxEnc: bytes generated 51973
06-06 13:00:14.137  2342  5453 W InputManager-JNI: Input channel object '90e5bee etf.ri.rma.newsfeedapp/etf.ri.rma.newsfeedapp.MainActivity (client)' was disposed without first being removed with the input manager!
06-06 13:00:14.137  2342  5453 D InputTransport: Input channel destroyed: '90e5bee', fd=1151
06-06 13:00:14.137  1574  1638 I HYPER-HAL: [RequestManager.cpp]acquire(): Acquired ID : 1528797  [1577 / 171]    HINT :      list : [TID_LOW_LATENCY / 0] [TID / 7828] [TID / 7829] [TID / 7790] [TID / 7818]
06-06 13:00:14.138  7790  7790 D InputTransport: Input channel destroyed: '90e5bee', fd=114
06-06 13:00:14.139  6421  6421 I InsetsSourceConsumer: applyRequestedVisibilityToControl: visible=false, type=ime, host=com.sec.android.app.launcher/com.sec.android.app.launcher.activities.LauncherActivity
06-06 13:00:14.139  6421  9458 I ViewRootImpl@cc9c4e9[LauncherActivity]: mWNT: t=0xb40000747f975990 mBlastBufferQueue=0xb4000074df963770 fn= 5 mRenderHdrSdrRatio=1.0 caller= com.android.systemui.shared.launcher.ViewRootImplCompat.mergeWithNextTransaction:4 com.honeyspace.transition.utils.SurfaceTransactionApplier.scheduleApply$lambda$1:26 com.honeyspace.transition.utils.SurfaceTransactionApplier.c:0
06-06 13:00:14.139  5355  5447 I ViewRootImpl@c200653[test]: mWNT: t=0xb40000747f984610 mBlastBufferQueue=0xb4000074dfa11190 fn= 4 mRenderHdrSdrRatio=1.0 caller= android.view.SyncRtSurfaceTransactionApplier.applyTransaction:96 android.view.SyncRtSurfaceTransactionApplier.lambda$scheduleApply$0:69 android.view.SyncRtSurfaceTransactionApplier.$r8$lambda$SgowXC58rj3PR958kHUfRgLZmvE:0
06-06 13:00:14.139 11275 11275 I HBD     : b needOff = true , isForceOff = false, isNullInputClass : true
06-06 13:00:14.139 11275 11275 I HBD     : b update cached prediction status : false
06-06 13:00:14.139 11275 11275 I HBD     : h getDefaultInputRange : UNKNOWN
06-06 13:00:14.139 11275 11275 I HBD     : a currentState : 0
06-06 13:00:14.139 11275 11275 I HBD     : a [UpdatePolicy] [post] a: 0 cl: 65537 kit: [0/0] vt: 0 ir: 1
06-06 13:00:14.140  1574  1638 I HYPER-HAL: [RequestManager.cpp]acquire(): Acquired ID : 1530547  [1577 / 172]    HINT :      list : [UCLAMP_MIN_BOOST / 0] [TID / 7828] [TID / 7829] [TID / 7790] [TID / 7818]
06-06 13:00:14.141  1574  1638 I HYPER-HAL: [RequestManager.cpp]releaseLocked(): Released ID : 1528797
06-06 13:00:14.141  1574  1638 I HYPER-HAL: [RequestManager.cpp]releaseLocked(): Released ID : 1530547
06-06 13:00:14.141  7790  7790 D InputTransport: Input channel destroyed: 'ClientS', fd=133
06-06 13:00:14.141  6421  6580 I ViewRootImpl@cc9c4e9[LauncherActivity]: Resizing android.view.ViewRootImpl@2c5d015: frame = [0,0][1080,2340] reportDraw = false forceLayout = false syncSeqId = -1
06-06 13:00:14.141  5355  5406 I ViewRootImpl@5f965d2[StatusBar]: Resizing android.view.ViewRootImpl@52a4b8c: frame = [0,0][1080,87] reportDraw = false forceLayout = false syncSeqId = -1
06-06 13:00:14.141  6421  6421 I ViewRootImpl@cc9c4e9[LauncherActivity]: handleResized, msg = 4 frames=ClientWindowFrames{frame=[0,0][1080,2340] display=[0,0][1080,2340] parentFrame=[0,0][0,0]} forceNextWindowRelayout=false displayId=0 dragResizing=false compatScale=1.0 frameChanged=false attachedFrameChanged=false configChanged=false displayChanged=false compatScaleChanged=false
06-06 13:00:14.141  5355  5470 I WallpaperService: resized: system, syncSeqId=-1
06-06 13:00:14.141  6421  6458 I ViewRootImpl@b8b0272[CocktailBarService]: Resizing android.view.ViewRootImpl@899f8b5: frame = [1013,438][1080,780] reportDraw = false forceLayout = false syncSeqId = -1
06-06 13:00:14.141  6421  6421 I ViewRootImpl@b8b0272[CocktailBarService]: handleResized, msg = 4 frames=ClientWindowFrames{frame=[1013,438][1080,780] display=[0,0][1080,2196] parentFrame=[0,0][0,0]} forceNextWindowRelayout=false displayId=0 dragResizing=false compatScale=1.0 frameChanged=false attachedFrameChanged=false configChanged=false displayChanged=false compatScaleChanged=false
06-06 13:00:14.141  5355 10080 I ViewRootImpl@b9cb471[NavigationBar0]: Resizing android.view.ViewRootImpl@9559699: frame = [0,2196][1080,2340] reportDraw = false forceLayout = false syncSeqId = -1
06-06 13:00:14.142  5355  5533 I WallpaperService: handleResized: which=5, reportDraw=false
06-06 13:00:14.142  5355  5533 I WallpaperService: updateSurface system forceRelayout=true forceReport=false redrawNeeded=false myWidth=2340 myHeight=2340 fixedSize=true x = 0 y = 0 mWidth=2340 mHeight=2340
06-06 13:00:14.142  5355  5533 I WallpaperService: maxBounds : Rect(0, 0 - 1080, 2340) , mDeviceHeight : 2340, mDeviceWidth : 1080,mDeviceRotation  : 0
06-06 13:00:14.142  5355  5533 I WallpaperService: updateSurface: invoke Session.relayout
06-06 13:00:14.142  2342  6212 V WindowManager: Relayout Window{50e77d0 u0 com.android.systemui.wallpapers.ImageWallpaper_system}: viewVisibility=0 req=2340x2340 ty=2013 d0
06-06 13:00:14.143  5355  5355 I ViewRootImpl@5f965d2[StatusBar]: handleResized, msg = 4 frames=ClientWindowFrames{frame=[0,0][1080,87] display=[0,0][1080,2340] parentFrame=[0,0][0,0]} forceNextWindowRelayout=false displayId=0 dragResizing=false compatScale=1.0 frameChanged=false attachedFrameChanged=false configChanged=false displayChanged=false compatScaleChanged=false
06-06 13:00:14.143  7790  7812 D IdlingRegistry: Unregistering idling resources: [androidx.compose.ui.test.EspressoLink@ef4397]
06-06 13:00:14.143  5355  5355 I ViewRootImpl@b9cb471[NavigationBar0]: handleResized, msg = 4 frames=ClientWindowFrames{frame=[0,2196][1080,2340] display=[0,0][1080,2340] parentFrame=[0,0][0,0]} forceNextWindowRelayout=false displayId=0 dragResizing=false compatScale=1.0 frameChanged=false attachedFrameChanged=false configChanged=false displayChanged=false compatScaleChanged=false
06-06 13:00:14.143 11275 11275 I HBD     : a [NRIC] resetNoResponseState
06-06 13:00:14.143 11275 11275 I HBD     : b needOff = true , isForceOff = false, isNullInputClass : true
06-06 13:00:14.143 11275 11275 I HBD     : b update cached prediction status : false
06-06 13:00:14.143 11275 11275 I HBD     : b [AiWriter] setContact : com.sec.android.app.launcher
06-06 13:00:14.143  7790  7812 E TestRunner: failed: testIfCacheingWorks2(etf.ri.rma.newsfeedapp.TestS3)
06-06 13:00:14.143  2342  6212 V WindowManager: Relayout hash=50e77d0, pid=5355, syncId=-1: mAttrs={(0,0)(2340x2340) gr=TOP START CENTER layoutInDisplayCutoutMode=always ty=WALLPAPER fmt=RGBX_8888 wanim=0x1030314
06-06 13:00:14.143  2342  6212 V WindowManager:   fl=14318
06-06 13:00:14.143  2342  6212 V WindowManager:   pfl=2000014
06-06 13:00:14.143  2342  6212 V WindowManager:   bhv=DEFAULT naviIconColor=0
06-06 13:00:14.143  2342  6212 V WindowManager:   sfl=8}
06-06 13:00:14.144 11275 11275 I HBD     : HoneyBoardService [PF_OP][onStartInput]  8 ms
06-06 13:00:14.144  1715  6620 I SurfaceFlinger: id=667 Removed 30fea45 ActivityRecordInputSink etf.ri.rma.newsfeedapp/.MainActivity#667 (238)
06-06 13:00:14.144 11275 11275 I InputMethodService: scheduleImeSurfaceRemoval: canceled, mShowInputRequested=false, mWindowVisible=false, IsmWindowNull=false, IsmImeSurfaceRemoverRunnableNotNull=true
06-06 13:00:14.144  1715  1807 I SurfaceFlinger: id=741 createSurf, flag=24004, Task=15#741
06-06 13:00:14.144  5355  5533 I BLASTBufferQueue_Java: update, w= 2340 h= 2340 mName = Wallpaper mNativeObject= 0xb4000074df948b50 sc.mNativeObject= 0xb4000073af9347d0 format= 2 caller= android.service.wallpaper.WallpaperService$Engine.getOrCreateBLASTSurface:2824 android.service.wallpaper.WallpaperService$Engine.updateSurface:1629 android.service.wallpaper.WallpaperService$IWallpaperEngineWrapper.handleResized:3309 android.service.wallpaper.WallpaperService$IWallpaperEngineWrapper.executeMessage:3228 com.android.internal.os.HandlerCaller$MyHandler.handleMessage:44 android.os.Handler.dispatchMessage:106
06-06 13:00:14.145  7790  7812 E TestRunner: ----- begin exception -----
06-06 13:00:14.145  7790  7812 E TestRunner: java.lang.AssertionError: Treba biti upucen 1 zahtjev
06-06 13:00:14.145  7790  7812 E TestRunner: 	at org.junit.Assert.fail(Assert.java:89)
06-06 13:00:14.145  7790  7812 E TestRunner: 	at kotlin.test.junit.JUnitAsserter.fail(JUnitSupport.kt:56)
06-06 13:00:14.145  7790  7812 E TestRunner: 	at kotlin.test.Asserter$DefaultImpls.assertTrue(Assertions.kt:694)
06-06 13:00:14.145  7790  7812 E TestRunner: 	at kotlin.test.junit.JUnitAsserter.assertTrue(JUnitSupport.kt:30)
06-06 13:00:14.145  7790  7812 E TestRunner: 	at kotlin.test.Asserter$DefaultImpls.assertTrue(Assertions.kt:704)
06-06 13:00:14.145  7790  7812 E TestRunner: 	at kotlin.test.junit.JUnitAsserter.assertTrue(JUnitSupport.kt:30)
06-06 13:00:14.145  7790  7812 E TestRunner: 	at kotlin.test.AssertionsKt__AssertionsKt.assertTrue(Assertions.kt:44)
06-06 13:00:14.145  7790  7812 E TestRunner: 	at kotlin.test.AssertionsKt.assertTrue(Unknown Source:1)
06-06 13:00:14.145  7790  7812 E TestRunner: 	at etf.ri.rma.newsfeedapp.TestS3$testIfCacheingWorks2$1.invokeSuspend(TestS3.kt:154)
06-06 13:00:14.145  7790  7812 E TestRunner: 	at kotlin.coroutines.jvm.internal.BaseContinuationImpl.resumeWith(ContinuationImpl.kt:33)
06-06 13:00:14.145  7790  7812 E TestRunner: 	at kotlinx.coroutines.DispatchedTask.run(DispatchedTask.kt:108)
06-06 13:00:14.145  7790  7812 E TestRunner: 	at kotlinx.coroutines.test.TestDispatcher.processEvent$kotlinx_coroutines_test(TestDispatcher.kt:28)
06-06 13:00:14.145  7790  7812 E TestRunner: 	at kotlinx.coroutines.test.TestCoroutineScheduler.tryRunNextTaskUnless$kotlinx_coroutines_test(TestCoroutineScheduler.kt:103)
06-06 13:00:14.145  7790  7812 E TestRunner: 	at kotlinx.coroutines.test.TestBuildersKt__TestBuildersKt$runTest$2$1$workRunner$1.invokeSuspend(TestBuilders.kt:320)
06-06 13:00:14.145  7790  7812 E TestRunner: 	at kotlin.coroutines.jvm.internal.BaseContinuationImpl.resumeWith(ContinuationImpl.kt:33)
06-06 13:00:14.145  7790  7812 E TestRunner: 	at kotlinx.coroutines.DispatchedTask.run(DispatchedTask.kt:108)
06-06 13:00:14.145  7790  7812 E TestRunner: 	at kotlinx.coroutines.EventLoopImplBase.processNextEvent(EventLoop.common.kt:280)
06-06 13:00:14.145  7790  7812 E TestRunner: 	at kotlinx.coroutines.BlockingCoroutine.joinBlocking(Builders.kt:85)
06-06 13:00:14.145  7790  7812 E TestRunner: 	at kotlinx.coroutines.BuildersKt__BuildersKt.runBlocking(Builders.kt:59)
06-06 13:00:14.145  7790  7812 E TestRunner: 	at kotlinx.coroutines.BuildersKt.runBlocking(Unknown Source:1)
06-06 13:00:14.145  7790  7812 E TestRunner: 	at kotlinx.coroutines.BuildersKt__BuildersKt.runBlocking$default(Builders.kt:38)
06-06 13:00:14.145  7790  7812 E TestRunner: 	at kotlinx.coroutines.BuildersKt.runBlocking$default(Unknown Source:1)
06-06 13:00:14.145  7790  7812 E TestRunner: 	at kotlinx.coroutines.test.TestBuildersJvmKt.createTestResult(TestBuildersJvm.kt:13)
06-06 13:00:14.145  7790  7812 E TestRunner: 	at kotlinx.coroutines.test.TestBuildersKt__TestBuildersKt.runTest-8Mi8wO0(TestBuilders.kt:308)
06-06 13:00:14.145  7790  7812 E TestRunner: 	at kotlinx.coroutines.test.TestBuildersKt.runTest-8Mi8wO0(Unknown Source:1)
06-06 13:00:14.145  7790  7812 E TestRunner: 	at kotlinx.coroutines.test.TestBuildersKt__TestBuildersKt.runTest-8Mi8wO0(TestBuilders.kt:166)
06-06 13:00:14.145  7790  7812 E TestRunner: 	at kotlinx.coroutines.test.TestBuildersKt.runTest-8Mi8wO0(Unknown Source:1)
06-06 13:00:14.145  7790  7812 E TestRunner: 	at kotlinx.coroutines.test.TestBuildersKt__TestBuildersKt.runTest-8Mi8wO0$default(TestBuilders.kt:158)
06-06 13:00:14.145  7790  7812 E TestRunner: 	at kotlinx.coroutines.test.TestBuildersKt.runTest-8Mi8wO0$default(Unknown Source:1)
06-06 13:00:14.145  7790  7812 E TestRunner: 	at etf.ri.rma.newsfeedapp.TestS3.testIfCacheingWorks2(TestS3.kt:143)
06-06 13:00:14.145  7790  7812 E TestRunner: 	at java.lang.reflect.Method.invoke(Native Method)
06-06 13:00:14.145  7790  7812 E TestRunner: 	at org.junit.runners.model.FrameworkMethod$1.runReflectiveCall(FrameworkMethod.java:59)
06-06 13:00:14.145  7790  7812 E TestRunner: 	at org.junit.internal.runners.model.ReflectiveCallable.run(ReflectiveCallable.java:12)
06-06 13:00:14.145  7790  7812 E TestRunner: 	at org.junit.runners.model.FrameworkMethod.invokeExplosively(FrameworkMethod.java:56)
06-06 13:00:14.145  7790  7812 E TestRunner: 	at org.junit.internal.runners.statements.InvokeMethod.evaluate(InvokeMethod.java:17)
06-06 13:00:14.145  7790  7812 E TestRunner: 	at androidx.test.internal.runner.junit4.statement.RunBefores.evaluate(RunBefores.java:80)
06-06 13:00:14.145  7790  7812 E TestRunner: 	at org.junit.rules.ExternalResource$1.evaluate(ExternalResource.java:54)
06-06 13:00:14.145  7790  7812 E TestRunner: 	at androidx.compose.ui.test.junit4.AndroidComposeTestRule$apply$1$evaluate$1.invoke(AndroidComposeTestRule.android.kt:272)
06-06 13:00:14.145  7790  7812 E TestRunner: 	at androidx.compose.ui.test.junit4.AndroidComposeTestRule$apply$1$evaluate$1.invoke(AndroidComposeTestRule.android.kt:271)
06-06 13:00:14.145  7790  7812 E TestRunner: 	at androidx.compose.ui.test.AndroidComposeUiTestEnvironment$AndroidComposeUiTestImpl.withDisposableContent(ComposeUiTest.android.kt:505)
06-06 13:00:14.145  7790  7812 E TestRunner: 	at androidx.compose.ui.test.AndroidComposeUiTestEnvironment$runTest$1$1$1$1$1$1.invoke(ComposeUiTest.android.kt:333)
06-06 13:00:14.145  7790  7812 E TestRunner: 	at androidx.compose.ui.test.AndroidComposeUiTestEnvironment.withComposeIdlingResource(ComposeUiTest.android.kt:385)
06-06 13:00:14.145  7790  7812 E TestRunner: 	at androidx.compose.ui.test.AndroidComposeUiTestEnvironment.access$withComposeIdlingResource(ComposeUiTest.android.kt:219)
06-06 13:00:14.145  7790  7812 E TestRunner: 	at androidx.compose.ui.test.AndroidComposeUiTestEnvironment$runTest$1$1$1$1$1.invoke(ComposeUiTest.android.kt:332)
06-06 13:00:14.145  7790  7812 E TestRunner: 	at androidx.compose.ui.test.AndroidComposeUiTestEnvironment.withWindowRecomposer(ComposeUiTest.android.kt:359)
06-06 13:00:14.145  6421  6488 I HoneySpace.TopTaskSource: onTaskRemoved: 15
06-06 13:00:14.146  6421  6488 I HoneySpace.TopTaskSource: onTaskRemoved: 15
06-06 13:00:14.146  1715  1715 I Layer   : Layer::reparent [ImeContainer#17] newParent : ActivityRecord{4bdcf41 u0 com.sec.android.app.launcher/.activities.LauncherActivity t8}#139 , isRemovedFromCurrentState : 0 -------------------------
06-06 13:00:14.146  1715  1715 I Layer   : Layer::reparent [ImeContainer#17] End -------------------------
06-06 13:00:14.146  1715  1715 I Layer   : Layer::reparent [ac5a498 InputMethod#154] newParent : Surface(name=ac5a498 InputMethod)/@0x1895ba - animation-leash of insets_animation#739 , isRemovedFromCurrentState : 0 -------------------------
06-06 13:00:14.146  1715  1715 I Layer   : Layer::reparent [ac5a498 InputMethod#154] End -------------------------
06-06 13:00:14.146  1715  1715 I Layer   : Layer::reparent [Surface(name=ac5a498 InputMethod)/@0x1895ba - animation-leash of insets_animation#678] newParentHandle : null -------------------------
06-06 13:00:14.146  1715  1715 I Layer   : id=678 removeFromCurrentState Surface(name=ac5a498 InputMethod)/@0x1895ba - animation-leash of insets_animation#678 (239)
06-06 13:00:14.146  1715  1715 I Layer   : Layer::reparent [Surface(name=ac5a498 InputMethod)/@0x1895ba - animation-leash of insets_animation#678] End -------------------------
06-06 13:00:14.146  1715  1715 I Layer   : Layer::reparent [etf.ri.rma.newsfeedapp/etf.ri.rma.newsfeedapp.MainActivity$_7790#670] newParentHandle : null -------------------------
06-06 13:00:14.146  1715  1715 I Layer   : id=670 removeFromCurrentState etf.ri.rma.newsfeedapp/etf.ri.rma.newsfeedapp.MainActivity$_7790#670 (239)
06-06 13:00:14.146  1715  1715 I Layer   : Layer::reparent [etf.ri.rma.newsfeedapp/etf.ri.rma.newsfeedapp.MainActivity$_7790#670] End -------------------------
06-06 13:00:14.146  1715  1715 I Layer   : Layer::reparent [90e5bee etf.ri.rma.newsfeedapp/etf.ri.rma.newsfeedapp.MainActivity#658] newParentHandle : null -------------------------
06-06 13:00:14.146  1715  1715 I Layer   : id=658 removeFromCurrentState 90e5bee etf.ri.rma.newsfeedapp/etf.ri.rma.newsfeedapp.MainActivity#658 (239)
06-06 13:00:14.146  1715  1715 I Layer   : Layer::reparent [90e5bee etf.ri.rma.newsfeedapp/etf.ri.rma.newsfeedapp.MainActivity#658] End -------------------------
06-06 13:00:14.146  1715  1715 I Layer   : Layer::reparent [ActivityRecord{50076a8 u0 etf.ri.rma.newsfeedapp/.MainActivity t15}#653] newParentHandle : null -------------------------
06-06 13:00:14.146  1715  1715 I Layer   : id=653 removeFromCurrentState ActivityRecord{50076a8 u0 etf.ri.rma.newsfeedapp/.MainActivity t15}#653 (239)
06-06 13:00:14.146  1715  1715 I Layer   : id=667 removeFromCurrentState 30fea45 ActivityRecordInputSink etf.ri.rma.newsfeedapp/.MainActivity#667 (239)
06-06 13:00:14.146  1715  1715 I Layer   : Layer::reparent [ActivityRecord{50076a8 u0 etf.ri.rma.newsfeedapp/.MainActivity t15}#653] End -------------------------
06-06 13:00:14.146  1715  1715 I Layer   : Layer::reparent [Task=15#652] newParentHandle : null -------------------------
06-06 13:00:14.146  1715  1715 I Layer   : id=652 removeFromCurrentState Task=15#652 (239)
06-06 13:00:14.146  1715  1715 I Layer   : Layer::reparent [Task=15#652] End -------------------------
06-06 13:00:14.146  1715  1715 I Layer   : Layer::reparent [Task=15#741] newParentHandle : null -------------------------
06-06 13:00:14.146  7790  7812 E TestRunner: 	at androidx.compose.ui.test.AndroidComposeUiTestEnvironment.access$withWindowRecomposer(ComposeUiTest.android.kt:219)
06-06 13:00:14.146  7790  7812 E TestRunner: 	at androidx.compose.ui.test.AndroidComposeUiTestEnvironment$runTest$1$1$1$1.invoke(ComposeUiTest.android.kt:331)
06-06 13:00:14.146  7790  7812 E TestRunner: 	at androidx.compose.ui.test.AndroidComposeUiTestEnvironment.withTestCoroutines(ComposeUiTest.android.kt:372)
06-06 13:00:14.146  7790  7812 E TestRunner: 	at androidx.compose.ui.test.AndroidComposeUiTestEnvironment.access$withTestCoroutines(ComposeUiTest.android.kt:219)
06-06 13:00:14.146  7790  7812 E TestRunner: 	at androidx.compose.ui.test.AndroidComposeUiTestEnvironment$runTest$1$1$1.invoke(ComposeUiTest.android.kt:330)
06-06 13:00:14.146  7790  7812 E TestRunner: 	at androidx.compose.ui.test.EspressoLink.withStrategy(EspressoLink.android.kt:66)
06-06 13:00:14.146  7790  7812 E TestRunner: 	at androidx.compose.ui.test.AndroidComposeUiTestEnvironment$runTest$1$1.invoke(ComposeUiTest.android.kt:329)
06-06 13:00:14.146  7790  7812 E TestRunner: 	at androidx.compose.ui.test.IdlingResourceRegistry.withRegistry(IdlingResourceRegistry.jvm.kt:155)
06-06 13:00:14.146  7790  7812 E TestRunner: 	at androidx.compose.ui.test.AndroidComposeUiTestEnvironment$runTest$1.invoke(ComposeUiTest.android.kt:328)
06-06 13:00:14.146  7790  7812 E TestRunner: 	at androidx.compose.ui.test.ComposeRootRegistry.withRegistry(ComposeRootRegistry.android.kt:146)
06-06 13:00:14.146  7790  7812 E TestRunner: 	at androidx.compose.ui.test.AndroidComposeUiTestEnvironment.runTest(ComposeUiTest.android.kt:327)
06-06 13:00:14.146  7790  7812 E TestRunner: 	at androidx.compose.ui.test.junit4.AndroidComposeTestRule$apply$1.evaluate(AndroidComposeTestRule.android.kt:271)
06-06 13:00:14.146  7790  7812 E TestRunner: 	at org.junit.runners.ParentRunner$3.evaluate(ParentRunner.java:306)
06-06 13:00:14.146  7790  7812 E TestRunner: 	at org.junit.runners.BlockJUnit4ClassRunner$1.evaluate(BlockJUnit4ClassRunner.java:100)
06-06 13:00:14.146  7790  7812 E TestRunner: 	at org.junit.runners.ParentRunner.runLeaf(ParentRunner.java:366)
06-06 13:00:14.146  7790  7812 E TestRunner: 	at org.junit.runners.BlockJUnit4ClassRunner.runChild(BlockJUnit4ClassRunner.java:103)
06-06 13:00:14.146  7790  7812 E TestRunner: 	at org.junit.runners.BlockJUnit4ClassRunner.runChild(BlockJUnit4ClassRunner.java:63)
06-06 13:00:14.146  7790  7812 E TestRunner: 	at org.junit.runners.ParentRunner$4.run(ParentRunner.java:331)
06-06 13:00:14.146  7790  7812 E TestRunner: 	at org.junit.runners.ParentRunner$1.schedule(ParentRunner.java:79)
06-06 13:00:14.146  7790  7812 E TestRunner: 	at org.junit.runners.ParentRunner.runChildren(ParentRunner.java:329)
06-06 13:00:14.146  7790  7812 E TestRunner: 	at org.junit.runners.ParentRunner.access$100(ParentRunner.java:66)
06-06 13:00:14.146  7790  7812 E TestRunner: 	at org.junit.runners.ParentRunner$2.evaluate(ParentRunner.java:293)
06-06 13:00:14.146  7790  7812 E TestRunner: 	at org.junit.runners.ParentRunner$3.evaluate(ParentRunner.java:306)
06-06 13:00:14.146  7790  7812 E TestRunner: 	at org.junit.runners.ParentRunner.run(ParentRunner.java:413)
06-06 13:00:14.146  7790  7812 E TestRunner: 	at androidx.test.ext.junit.runners.AndroidJUnit4.run(AndroidJUnit4.java:162)
06-06 13:00:14.146  7790  7812 E TestRunner: 	at org.junit.runners.Suite.runChild(Suite.java:128)
06-06 13:00:14.146  7790  7812 E TestRunner: 	at org.junit.runners.Suite.runChild(Suite.java:27)
06-06 13:00:14.146  7790  7812 E TestRunner: 	at org.junit.runners.ParentRunner$4.run(ParentRunner.java:331)
06-06 13:00:14.146  7790  7812 E TestRunner: 	at org.junit.runners.ParentRunner$1.schedule(ParentRunner.java:79)
06-06 13:00:14.146  7790  7812 E TestRunner: 	at org.junit.runners.ParentRunner.runChildren(ParentRunner.java:329)
06-06 13:00:14.146  7790  7812 E TestRunner: 	at org.junit.runners.ParentRunner.access$100(ParentRunner.java:66)
06-06 13:00:14.146  7790  7812 E TestRunner: 	at org.junit.runners.ParentRunner$2.evaluate(ParentRunner.java:293)
06-06 13:00:14.146  7790  7812 E TestRunner: 	at org.junit.runners.ParentRunner$3.evaluate(ParentRunner.java:306)
06-06 13:00:14.146  7790  7812 E TestRunner: 	at org.junit.runners.ParentRunner.run(ParentRunner.java:413)
06-06 13:00:14.146  7790  7812 E TestRunner: 	at org.junit.runner.JUnitCore.run(JUnitCore.java:137)
06-06 13:00:14.146  7790  7812 E TestRunner: 	at org.junit.runner.JUnitCore.run(JUnitCore.java:115)
06-06 13:00:14.146  7790  7812 E TestRunner: 	at androidx.test.internal.runner.TestExecutor.execute(TestExecutor.java:68)
06-06 13:00:14.146  7790  7812 E TestRunner: 	at androidx.test.internal.runner.TestExecutor.execute(TestExecutor.java:59)
06-06 13:00:14.146  7790  7812 E TestRunner: 	at androidx.test.runner.AndroidJUnitRunner.onStart(AndroidJUnitRunner.java:463)
06-06 13:00:14.146  7790  7812 E TestRunner: 	at android.app.Instrumentation$InstrumentationThread.run(Instrumentation.java:2415)
06-06 13:00:14.146  1715  1715 I Layer   : id=741 removeFromCurrentState Task=15#741 (239)
06-06 13:00:14.146  1715  1715 I Layer   : Layer::reparent [Task=15#741] End -------------------------
06-06 13:00:14.146  7790  7812 E TestRunner: ----- end exception -----
06-06 13:00:14.147  1715  1715 I Layer   : id=654 Destroyed Task=15#652 (Mirror)#654
06-06 13:00:14.147  1715  1715 I Layer   : id=680 Destroyed Surface(name=ac5a498 InputMethod)/@0x1895ba - animation-leash of insets_animation#678 (Mirror)#680
