06-06 13:00:14.793  7790  7812 I TestRunner: started: getTopNewsPolitikaDeepCompare(etf.ri.rma.newsfeedapp.TestS3)
06-06 13:00:14.796  1715  1715 I Layer   : Layer::reparent [etf.ri.rma.newsfeedapp/etf.ri.rma.newsfeedapp.MainActivity$_7790#760] newParentHandle : null -------------------------
06-06 13:00:14.796  1715  1715 I Layer   : id=760 removeFromCurrentState etf.ri.rma.newsfeedapp/etf.ri.rma.newsfeedapp.MainActivity$_7790#760 (242)
06-06 13:00:14.796  1715  1715 I Layer   : Layer::reparent [etf.ri.rma.newsfeedapp/etf.ri.rma.newsfeedapp.MainActivity$_7790#760] End -------------------------
06-06 13:00:14.796  1715  1715 I Layer   : Layer::reparent [ba9b0c8 etf.ri.rma.newsfeedapp/etf.ri.rma.newsfeedapp.MainActivity#748] newParentHandle : null -------------------------
06-06 13:00:14.796  1715  1715 I Layer   : id=748 removeFromCurrentState ba9b0c8 etf.ri.rma.newsfeedapp/etf.ri.rma.newsfeedapp.MainActivity#748 (242)
06-06 13:00:14.796  1715  1715 I Layer   : Layer::reparent [ba9b0c8 etf.ri.rma.newsfeedapp/etf.ri.rma.newsfeedapp.MainActivity#748] End -------------------------
06-06 13:00:14.796  1715  1715 I Layer   : Layer::reparent [ActivityRecord{d177914 u0 etf.ri.rma.newsfeedapp/.MainActivity t17}#743] newParentHandle : null -------------------------
06-06 13:00:14.796  1715  1715 I Layer   : id=743 removeFromCurrentState ActivityRecord{d177914 u0 etf.ri.rma.newsfeedapp/.MainActivity t17}#743 (242)
06-06 13:00:14.796  1715  1715 I Layer   : id=755 removeFromCurrentState 2ffdf26 ActivityRecordInputSink etf.ri.rma.newsfeedapp/.MainActivity#755 (242)
06-06 13:00:14.796  1715  1715 I Layer   : Layer::reparent [ActivityRecord{d177914 u0 etf.ri.rma.newsfeedapp/.MainActivity t17}#743] End -------------------------
06-06 13:00:14.796  1715  1715 I Layer   : Layer::reparent [Task=17#742] newParentHandle : null -------------------------
06-06 13:00:14.796  1715  1715 I Layer   : id=742 removeFromCurrentState Task=17#742 (242)
06-06 13:00:14.796  1715  1715 I Layer   : Layer::reparent [Task=17#742] End -------------------------
06-06 13:00:14.796  1715  1715 I Layer   : Layer::reparent [Task=17#831] newParentHandle : null -------------------------
06-06 13:00:14.796  1715  1715 I Layer   : id=831 removeFromCurrentState Task=17#831 (242)
06-06 13:00:14.796  1715  1715 I Layer   : Layer::reparent [Task=17#831] End -------------------------
06-06 13:00:14.796  1715  1715 I Layer   : id=768 Destroyed Surface(name=ac5a498 InputMethod)/@0x1895ba - animation-leash of insets_animation#768
06-06 13:00:14.796  1715  1715 I Layer   : id=744 Destroyed Task=17#742 (Mirror)#744
06-06 13:00:14.796  5355  5447 I ViewRootImpl@7850498[test]: mWNT: t=0xb40000747f9acc50 mBlastBufferQueue=0xb4000074df9be7b0 fn= 6 mRenderHdrSdrRatio=1.0 caller= android.view.SyncRtSurfaceTransactionApplier.applyTransaction:96 android.view.SyncRtSurfaceTransactionApplier.lambda$scheduleApply$0:69 android.view.SyncRtSurfaceTransactionApplier.$r8$lambda$SgowXC58rj3PR958kHUfRgLZmvE:0
06-06 13:00:14.796  1715  1715 I Layer   : id=745 Destroyed ActivityRecord{d177914 u0 etf.ri.rma.newsfeedapp/.MainActivity t17}#743 (Mirror)#745
06-06 13:00:14.796  1715  1715 I Layer   : id=756 Destroyed 2ffdf26 ActivityRecordInputSink etf.ri.rma.newsfeedapp/.MainActivity#755 (Mirror)#756
06-06 13:00:14.796  1715  1715 I Layer   : id=750 Destroyed ba9b0c8 etf.ri.rma.newsfeedapp/etf.ri.rma.newsfeedapp.MainActivity#748 (Mirror)#750
06-06 13:00:14.797  1715  1715 I SurfaceFlinger: id=831 Removed Task=17#831 (237)
06-06 13:00:14.797  1715  1715 I SurfaceFlinger: id=743 Removed ActivityRecord{d177914 u0 etf.ri.rma.newsfeedapp/.MainActivity t17}#743 (237)
06-06 13:00:14.797  1715  1715 I SurfaceFlinger: id=748 Removed ba9b0c8 etf.ri.rma.newsfeedapp/etf.ri.rma.newsfeedapp.MainActivity#748 (237)
06-06 13:00:14.797  1715  1715 I SurfaceFlinger: id=760 Removed etf.ri.rma.newsfeedapp/etf.ri.rma.newsfeedapp.MainActivity$_7790#760 (237)
06-06 13:00:14.797  6421  9458 I ViewRootImpl@cc9c4e9[LauncherActivity]: mWNT: t=0xb40000747f93ccb0 mBlastBufferQueue=0xb4000074df963770 fn= 5 mRenderHdrSdrRatio=1.0 caller= com.android.systemui.shared.launcher.ViewRootImplCompat.mergeWithNextTransaction:4 com.honeyspace.transition.utils.SurfaceTransactionApplier.scheduleApply$lambda$1:26 com.honeyspace.transition.utils.SurfaceTransactionApplier.c:0
06-06 13:00:14.797  1715  1715 I Layer   : id=763 Destroyed etf.ri.rma.newsfeedapp/etf.ri.rma.newsfeedapp.MainActivity$_7790#760 (Mirror)#763
06-06 13:00:14.798  7790  7812 D IdlingRegistry: Registering idling resources: [androidx.compose.ui.test.EspressoLink@d31c7c1]
06-06 13:00:14.799  1662  1687 E BatteryDump: !@new_battery_dump : 4329,-355,1500,1500,100,245,248,284,245,0,270,284,0,Full,NO_CHARGING,None,Good,USB_CDP,2,Normal,0,0,9300,0x0,0x10000,0x0,0,0,0000,0000,00000000,0,0,0,0,0,4365,10000,990,0,
06-06 13:00:14.800  1671  1671 I seh_thermal_service: getTemperaturesWithType SehTemperatureType: 3
06-06 13:00:14.800  1662  1662 I sehhealth-service: updateLrpSysfs: write: 271
06-06 13:00:14.801  7790  7812 W Settings: Setting always_finish_activities has moved from android.provider.Settings.System to android.provider.Settings.Global, returning read-only value.
06-06 13:00:14.803  2342  2632 I ChimeraSystemEventListener: appLaunchIntent package name is: etf.ri.rma.newsfeedapp
06-06 13:00:14.804  1715  1715 I Layer   : id=748 Destroyed ba9b0c8 etf.ri.rma.newsfeedapp/etf.ri.rma.newsfeedapp.MainActivity#748
06-06 13:00:14.804  1715  1715 I Layer   : id=760 Destroyed etf.ri.rma.newsfeedapp/etf.ri.rma.newsfeedapp.MainActivity$_7790#760
06-06 13:00:14.804  1715  1715 I Layer   : id=831 Destroyed Task=17#831
06-06 13:00:14.804  1715  1715 I Layer   : id=743 Destroyed ActivityRecord{d177914 u0 etf.ri.rma.newsfeedapp/.MainActivity t17}#743
06-06 13:00:14.804  1715  1715 I Layer   : id=755 Destroyed 2ffdf26 ActivityRecordInputSink etf.ri.rma.newsfeedapp/.MainActivity#755
06-06 13:00:14.805  5355  5446 I ViewRootImpl@7850498[test]: mWNT: t=0xb40000747f99f890 mBlastBufferQueue=0xb4000074df9be7b0 fn= 7 mRenderHdrSdrRatio=1.0 caller= android.view.SyncRtSurfaceTransactionApplier.applyTransaction:96 android.view.SyncRtSurfaceTransactionApplier.lambda$scheduleApply$0:69 android.view.SyncRtSurfaceTransactionApplier.$r8$lambda$SgowXC58rj3PR958kHUfRgLZmvE:0
06-06 13:00:14.805  6421  9457 I ViewRootImpl@cc9c4e9[LauncherActivity]: mWNT: t=0xb40000747f93d650 mBlastBufferQueue=0xb4000074df963770 fn= 6 mRenderHdrSdrRatio=1.0 caller= com.android.systemui.shared.launcher.ViewRootImplCompat.mergeWithNextTransaction:4 com.honeyspace.transition.utils.SurfaceTransactionApplier.scheduleApply$lambda$1:26 com.honeyspace.transition.utils.SurfaceTransactionApplier.c:0
06-06 13:00:14.807  2342  6621 I SemDvfsHyPerManager: acquire hyper - AMS_APP_SWITCH/2342@31, type = -999
06-06 13:00:14.808  1574  1638 I HYPER-HAL: [RequestManager.cpp]acquire(): Acquired ID : 2816782  [2342 / 31]    HINT : AMS_APP_SWITCH    list :
06-06 13:00:14.808  1715  6620 I SurfaceFlinger: id=832 createSurf, flag=24004, Task=19#832
06-06 13:00:14.808  7012  7043 D C2SoftVpxEnc: bytes generated 60198
06-06 13:00:14.809  8184  8184 I SemDvfsHyPerManager: acquire hyper - APP_START_SHORT/8184@19, type = -999
06-06 13:00:14.809  1715  6620 I SurfaceFlinger: id=833 createSurf, flag=84004, ActivityRecord{9bdbc61 u0 etf.ri.rma.newsfeedapp/.MainActivity t19}#833
06-06 13:00:14.812  1574  1638 I HYPER-HAL: [RequestManager.cpp]acquire(): Acquired ID : 33648725  [8184 / 19]    HINT : APP_START    list : [TIMEOUT / 1500]
06-06 13:00:14.812  2342  3323 I SemDvfsHyPerManager: acquire hyper - AMS_APP_LAUNCH/2342@18, type = -999
06-06 13:00:14.812  7273  7273 E pageboostd: Received HALT command code 2
06-06 13:00:14.812  1574  1638 I HYPER-HAL: [RequestManager.cpp]acquire(): Acquired ID : 2785998  [2342 / 18]    HINT : AMS_APP_LAUNCH    list :
06-06 13:00:14.813  5355  5447 I ViewRootImpl@7850498[test]: mWNT: t=0xb40000747f999170 mBlastBufferQueue=0xb4000074df9be7b0 fn= 8 mRenderHdrSdrRatio=1.0 caller= android.view.SyncRtSurfaceTransactionApplier.applyTransaction:96 android.view.SyncRtSurfaceTransactionApplier.lambda$scheduleApply$0:69 android.view.SyncRtSurfaceTransactionApplier.$r8$lambda$SgowXC58rj3PR958kHUfRgLZmvE:0
06-06 13:00:14.814  8184  8184 I SemDvfsHyPerManager: acquire hyper - APP_START/8184@21, type = -999
06-06 13:00:14.814  1574  1638 I HYPER-HAL: [RequestManager.cpp]acquire(): Acquired ID : 33665136  [8184 / 21]    HINT : APP_START    list :
06-06 13:00:14.814  5355  5445 D NativeCustomFrequencyManager: [NativeCFMS] BpCustomFrequencyManager::BpCustomFrequencyManager()
06-06 13:00:14.814  2342  5137 D SecContentProvider: query(), uri = 17 selection = isSettingsChangesAllowed
06-06 13:00:14.815  6421  6421 I HoneySpace.Launcher: !@Boot_EBS_D: Launcher.onPause()
06-06 13:00:14.815  6421  6421 I HoneySpace.Launcher: updateLauncherShowing true -> false
06-06 13:00:14.815  6421  5991 I HoneySpace.SPayHandler: updateSpayHandler launcher activity is paused false
06-06 13:00:14.816  1574  1638 I HYPER-HAL: [RequestManager.cpp]acquire(): Acquired ID : 1563987  [1577 / 191]    HINT :      list : [TID_LOW_LATENCY / 1] [TID / 5446] [TID / 5447] [TID / 5439] [TID / 5445]
06-06 13:00:14.818  2342  5455 D InputDispatcher: Focused application(0): ActivityRecord{9bdbc61 u0 etf.ri.rma.newsfeedapp/.MainActivity t19}
06-06 13:00:14.821  1652  2311 I QC2CompStore: Setting heap usage to system
06-06 13:00:14.821  7012  7043 D C2SoftVpxEnc: bytes generated 46109
06-06 13:00:14.821  6421  9458 I ViewRootImpl@cc9c4e9[LauncherActivity]: mWNT: t=0xb40000747f95e7b0 mBlastBufferQueue=0xb4000074df963770 fn= 7 mRenderHdrSdrRatio=1.0 caller= com.android.systemui.shared.launcher.ViewRootImplCompat.mergeWithNextTransaction:4 com.honeyspace.transition.utils.SurfaceTransactionApplier.scheduleApply$lambda$1:26 com.honeyspace.transition.utils.SurfaceTransactionApplier.c:0
06-06 13:00:14.822  6421  6488 I HoneySpace.TopTaskSource: onTaskMovedToFront : taskId = 19
06-06 13:00:14.823  2342  5437 D InputTransport: Input channel constructed: 'e8a83e0', fd=959
06-06 13:00:14.823  2342  5437 D InputTransport: Input channel constructed: 'e8a83e0', fd=975
06-06 13:00:14.823  2342  5437 D InputTransport: Input channel constructed: 'e8a83e0', fd=1121
06-06 13:00:14.823  6421  6490 I HoneySpace.TopTaskUseCase: topTasks 19 ComponentInfo{etf.ri.rma.newsfeedapp/etf.ri.rma.newsfeedapp.MainActivity}
06-06 13:00:14.823  1715  1806 I SurfaceFlinger: id=836 createSurf, flag=84004, e8a83e0 Splash Screen etf.ri.rma.newsfeedapp#836
06-06 13:00:14.824  2342  5437 D InputTransport: Input channel destroyed: 'e8a83e0', fd=1121
06-06 13:00:14.824  5355  5439 I InsetsController: onStateChanged: host=Splash Screen etf.ri.rma.newsfeedapp, from=android.view.ViewRootImpl.setView:1751, state=InsetsState: {mDisplayFrame=Rect(0, 0 - 1080, 2340), mDisplayCutout=DisplayCutout{insets=Rect(0, 87 - 0, 0) waterfall=Insets{left=0, top=0, right=0, bottom=0} boundingRect={Bounds=[Rect(0, 0 - 0, 0), Rect(512, 0 - 568, 87), Rect(0, 0 - 0, 0), Rect(0, 0 - 0, 0)]} cutoutPathParserInfo={CutoutPathParserInfo{displayWidth=1080 displayHeight=2340 physicalDisplayWidth=1080 physicalDisplayHeight=2340 density={3.0} cutoutSpec={M 0,0 H -9.333333333333333 V 29 H 9.333333333333333 V 0 H 0 Z @dp} rotation={0} scale={1.0} physicalPixelDisplaySizeRatio={1.0}}}}, mRoundedCorners=RoundedCorners{[RoundedCorner{position=TopLeft, radius=102, center=Point(102, 102)}, RoundedCorner{position=TopRight, radius=102, center=Point(978, 102)}, RoundedCorner{position=BottomRight, radius=102, center=Point(978, 2238)}, RoundedCorner{position=BottomLeft, radius=102, center=Point(102, 2238)}]}  mRoundedCornerFrame=Rect(0, 0 - 1080, 2340), mPrivacyIndicatorBounds=PrivacyIndicatorBounds {static bounds=Rect(948, 0 - 1080, 87) rotation=0}, mDisplayShape=DisplayShape{ spec=1769313948 displayWidth=1080 displayHeight=2340 physicalPixelDisplaySizeRatio=1.0 rotation=0 offsetX=0 offsetY=0 scale=1.0}, mSources= { InsetsSource: {985d0000 mType=statusBars mFrame=[0,0][1080,87] mVisible=true mFlags=[]}, InsetsSource: {985d0005 mType=mandatorySystemGestures mFrame=[0,0][1080,123] mVisible=true mFlags=[]}, InsetsSource: {985d0006 mType=tappableElement mFrame=[0,0][1080,87] mVisible=true mFlags=[]}, InsetsSource: {3 mType=ime mFrame=[0,0][0,0] mVisible=false mFlags=[]}, InsetsSource: {27 mType=displayCutout mFrame=[0,0][1080,87] mVisible=true mFlags=[]}, InsetsSource: {26df0001 mType=navigationBars mFrame=[0,2196][1080,2340] mVisible=true mFlags=[]}, InsetsSource: {26df0004 mType=systemGestures mFrame=[0,0][0,0] mVisible=true mFlags=[]}, InsetsSource: {26df0005 mType=mandatorySystemGestures mFrame=[0,2196][1080,2340] mVisible=true mFlags=[]}, InsetsSource: {26df0006 mType=tappableElement mFrame=[0,2196][1080,2340] mVisible=true mFlags=[]}, InsetsSource: {26df0024 mType=systemGestures mFrame=[0,0][0,0] mVisible=true mFlags=[]} }
06-06 13:00:14.824  6421  7247 I HoneySpace.RecentTasks: onRecentTasksChanged
06-06 13:00:14.824  5355  5439 I ViewRootImpl@16b39c3[newsfeedapp]: synced displayState. AttachInfo displayState=2
06-06 13:00:14.824  6421  5991 I HoneySpace.RecentTasks: onRecentTasksChanged
06-06 13:00:14.824  5355  5439 I ViewRootImpl@16b39c3[newsfeedapp]: setView = android.widget.FrameLayout@a7632be TM=true
06-06 13:00:14.824  5355  5445 D OpenGLRenderer: HWUI - treat SMPTE_170M as sRGB
06-06 13:00:14.825  2342  5206 D AS.MultiSoundManager: mForegroundUid = 10317
06-06 13:00:14.825  2342  5206 D AS.MultiSoundManager: mForegroundUid = 10317
06-06 13:00:14.827  2342  2630 D PkgPredictorService-SecIpmManagerServiceImpl: onForegroundActivitiesChanged pid:7790 uid:10317
06-06 13:00:14.827  2342  5453 V WindowManager: Relayout Window{e8a83e0 u0 Splash Screen etf.ri.rma.newsfeedapp}: viewVisibility=0 req=1080x2340 ty=3 d0
06-06 13:00:14.828  1715  6620 I SurfaceFlinger: id=837 createSurf, flag=44004, Splash Screen etf.ri.rma.newsfeedapp$_5355#837
06-06 13:00:14.830  2342  5453 V WindowManager: Relayout hash=e8a83e0, pid=5355, syncId=-1: mAttrs={(0,0)(fillxfill) sim={adjust=pan} ty=APPLICATION_STARTING fmt=TRANSLUCENT wanim=0x1030303
06-06 13:00:14.830  2342  5453 V WindowManager:   fl=81030118
06-06 13:00:14.830  2342  5453 V WindowManager:   pfl=16000010
06-06 13:00:14.830  2342  5453 V WindowManager:   apr=LIGHT_STATUS_BARS LIGHT_NAVIGATION_BARS
06-06 13:00:14.830  2342  5453 V WindowManager:   bhv=DEFAULT
06-06 13:00:14.830  2342  5453 V WindowManager:   fitSides= naviIconColor=0}
06-06 13:00:14.830  6421  9457 I ViewRootImpl@cc9c4e9[LauncherActivity]: mWNT: t=0xb40000747f9617d0 mBlastBufferQueue=0xb4000074df963770 fn= 8 mRenderHdrSdrRatio=1.0 caller= com.android.systemui.shared.launcher.ViewRootImplCompat.mergeWithNextTransaction:4 com.honeyspace.transition.utils.SurfaceTransactionApplier.scheduleApply$lambda$1:26 com.honeyspace.transition.utils.SurfaceTransactionApplier.c:0
06-06 13:00:14.831  2342  5437 D InputDispatcher: Focus left window (0): da5c5e7 com.sec.android.app.launcher/com.sec.android.app.launcher.activities.LauncherActivity
06-06 13:00:14.831  6421  6488 I HoneySpace.TopTaskSource: onTaskFocusChanged(): taskId = 19
06-06 13:00:14.831  6421  6488 I HoneySpace.TopTaskSource: onTaskFocusChanged(): taskId = 19
06-06 13:00:14.831  6421  6488 I HoneySpace.TopTaskSource: onTaskMovedToFront : taskId = 19
06-06 13:00:14.831  6421  6488 I HoneySpace.TopTaskSource: onTaskMovedToFront : taskId = 19
06-06 13:00:14.832  6421  6421 I ViewRootImpl@cc9c4e9[LauncherActivity]: handleWindowFocusChanged: 0 0 call from android.view.ViewRootImpl.-$$Nest$mhandleWindowFocusChanged:0
06-06 13:00:14.832  5355  5439 I BLASTBufferQueue_Java: new BLASTBufferQueue, mName= ViewRootImpl@16b39c3[newsfeedapp] mNativeObject= 0xb4000074df9b1010 sc.mNativeObject= 0xb4000073af940b90 caller= android.view.ViewRootImpl.updateBlastSurfaceIfNeeded:3031 android.view.ViewRootImpl.relayoutWindow:10121 android.view.ViewRootImpl.performTraversals:4115 android.view.ViewRootImpl.doTraversal:3291 android.view.ViewRootImpl$TraversalRunnable.run:11329 android.view.Choreographer$CallbackRecord.run:1689 android.view.Choreographer$CallbackRecord.run:1698 android.view.Choreographer.doCallbacks:1153 android.view.Choreographer.doFrame:1079 android.view.Choreographer$FrameDisplayEventReceiver.run:1646
06-06 13:00:14.832  5355  5439 I BLASTBufferQueue_Java: update, w= 1080 h= 2340 mName = ViewRootImpl@16b39c3[newsfeedapp] mNativeObject= 0xb4000074df9b1010 sc.mNativeObject= 0xb4000073af940b90 format= -3 caller= android.graphics.BLASTBufferQueue.<init>:89 android.view.ViewRootImpl.updateBlastSurfaceIfNeeded:3031 android.view.ViewRootImpl.relayoutWindow:10121 android.view.ViewRootImpl.performTraversals:4115 android.view.ViewRootImpl.doTraversal:3291 android.view.ViewRootImpl$TraversalRunnable.run:11329
06-06 13:00:14.832  5355  5439 I ViewRootImpl@16b39c3[newsfeedapp]: Relayout returned: old=(0,0,1080,2340) new=(0,0,1080,2340) relayoutAsync=false req=(1080,2340)0 dur=5 res=0x403 s={true 0xb4000074af9db300} ch=true seqId=0
06-06 13:00:14.833  5355  5439 I ViewRootImpl@16b39c3[newsfeedapp]: performConfigurationChange setNightDimText nightDimLevel=0
06-06 13:00:14.833  1574  1638 I HYPER-HAL: [RequestManager.cpp]acquire(): Acquired ID : 1546342  [1577 / 181]    HINT :      list : [TID_LOW_LATENCY / 0] [TID / 5446] [TID / 5447] [TID / 5439] [TID / 5445]
06-06 13:00:14.833  6421  6421 I ImeFocusController: onPreWindowFocus: skipped, hasWindowFocus=false mHasImeFocus=true
06-06 13:00:14.833  5355  5439 D ViewRootImpl@16b39c3[newsfeedapp]: mThreadedRenderer.initialize() mSurface={isValid=true 0xb4000074af9db300} hwInitialized=true
06-06 13:00:14.833  6421  6421 I ImeFocusController: onPostWindowFocus: skipped, hasWindowFocus=false mHasImeFocus=true
06-06 13:00:14.833  1574  1638 I HYPER-HAL: [RequestManager.cpp]acquire(): Acquired ID : 1548102  [1577 / 182]    HINT :      list : [UCLAMP_MIN_BOOST / 0] [TID / 5446] [TID / 5447] [TID / 5439] [TID / 5445]
06-06 13:00:14.833  1574  1638 I HYPER-HAL: [RequestManager.cpp]releaseLocked(): Released ID : 1546342
06-06 13:00:14.833  1574  1638 I HYPER-HAL: [RequestManager.cpp]releaseLocked(): Released ID : 1548102
06-06 13:00:14.833  5355  5439 D ViewRootImpl@16b39c3[newsfeedapp]: reportNextDraw android.view.ViewRootImpl.performTraversals:4723 android.view.ViewRootImpl.doTraversal:3291 android.view.ViewRootImpl$TraversalRunnable.run:11329 android.view.Choreographer$CallbackRecord.run:1689 android.view.Choreographer$CallbackRecord.run:1698
06-06 13:00:14.833  5355  5439 I ViewRootImpl@16b39c3[newsfeedapp]: Setup new sync=wmsSync-ViewRootImpl@16b39c3[newsfeedapp]#60
06-06 13:00:14.833  5355  5439 I ViewRootImpl@16b39c3[newsfeedapp]: Creating new active sync group ViewRootImpl@16b39c3[newsfeedapp]#61
06-06 13:00:14.834  5355  5439 I ViewRootImpl@16b39c3[newsfeedapp]: registerCallbacksForSync syncBuffer=false
06-06 13:00:14.834  5355  5447 I ViewRootImpl@16b39c3[newsfeedapp]: Received frameDrawingCallback syncResult=0 frameNum=1.
06-06 13:00:14.834  7790  7790 D LifecycleMonitor: Lifecycle status change: etf.ri.rma.newsfeedapp.MainActivity@91b30b5 in: PRE_ON_CREATE
06-06 13:00:14.834  5355  5447 I ViewRootImpl@16b39c3[newsfeedapp]: mWNT: t=0xb40000747f95b4d0 mBlastBufferQueue=0xb4000074df9b1010 fn= 1 mRenderHdrSdrRatio=1.0 caller= android.view.ViewRootImpl$8.onFrameDraw:13826 android.view.ThreadedRenderer$1.onFrameDraw:792 <bottom of call stack>
06-06 13:00:14.834  5355  5447 I ViewRootImpl@16b39c3[newsfeedapp]: Setting up sync and frameCommitCallback
06-06 13:00:14.834  2342  2630 D NetworkPolicy: already checked 10317
06-06 13:00:14.834  7790  7790 V ActivityScenario: Activity lifecycle changed event received but ignored because the reported transition was not ON_CREATE while the last known transition was PRE_ON_CREATE
06-06 13:00:14.835 11275 11275 I InputMethodService: removeImeSurface
06-06 13:00:14.835 11275 11275 I InputMethodService: cancelImeSurfaceRemoval: removeCallbacks
06-06 13:00:14.835  1930  5588 I CameraService: onUidStateChanged: uid=10046, procState is changed. (1 -> 0)
06-06 13:00:14.836 26692 27175 I Rubin   : [97] zb.a.c(Unknown Source) : Notify com.samsung.android.rubin.inferenceengine.contextanalytics.engine.loggers.AppUsageLogger's database is updated.
06-06 13:00:14.836  7012  7043 D BufferPoolAccessor2.0: bufferpool2 0xb400007dbe05aed8 : 66(2928134 size) total buffers - 1(48336 size) used buffers - 83/345 (recycle/alloc) - 270/344 (fetch/transfer)
06-06 13:00:14.836  7012  7043 D C2SoftVpxEnc: bytes generated 48336
06-06 13:00:14.836  5355  5445 I BLASTBufferQueue: [ViewRootImpl@16b39c3[newsfeedapp]#25](f:0,a:0,s:0) onFrameAvailable the first frame is available
06-06 13:00:14.837  5355  5445 I ViewRootImpl@16b39c3[newsfeedapp]: Received frameCommittedCallback lastAttemptedDrawFrameNum=1 didProduceBuffer=true
06-06 13:00:14.837  5355  5445 D OpenGLRenderer: CFMS:: SetUp Pid : 5355    Tid : 5445
06-06 13:00:14.837  5355  5439 I ViewRootImpl@16b39c3[newsfeedapp]: reportDrawFinished seqId=0
06-06 13:00:14.837  6421  6421 I Edge.ActivityUtils: HomePackage : com.sec.android.app.launcher, resumePackageName : etf.ri.rma.newsfeedapp
06-06 13:00:14.837  7790  7790 I DecorView: setWindowBackground: isPopOver=false color=fffafafa d=android.graphics.drawable.ColorDrawable@7ad1a16
06-06 13:00:14.839  6421  9458 I ViewRootImpl@cc9c4e9[LauncherActivity]: mWNT: t=0xb40000747f95eff0 mBlastBufferQueue=0xb4000074df963770 fn= 9 mRenderHdrSdrRatio=1.0 caller= com.android.systemui.shared.launcher.ViewRootImplCompat.mergeWithNextTransaction:4 com.honeyspace.transition.utils.SurfaceTransactionApplier.scheduleApply$lambda$1:26 com.honeyspace.transition.utils.SurfaceTransactionApplier.c:0
06-06 13:00:14.839  2342  3323 V WindowManager: Relayout Window{5223efb u0 Splash Screen etf.ri.rma.newsfeedapp.test}: viewVisibility=8 req=1080x2340 ty=3 d0
06-06 13:00:14.839  7790  7790 D LifecycleMonitor: Lifecycle status change: etf.ri.rma.newsfeedapp.MainActivity@91b30b5 in: CREATED
06-06 13:00:14.839  7790  7790 V ActivityScenario: Update currentActivityStage to CREATED, currentActivity=etf.ri.rma.newsfeedapp.MainActivity@91b30b5
06-06 13:00:14.840  7790  7790 D LifecycleMonitor: Lifecycle status change: etf.ri.rma.newsfeedapp.MainActivity@91b30b5 in: STARTED
06-06 13:00:14.840  7790  7790 V ActivityScenario: Update currentActivityStage to STARTED, currentActivity=etf.ri.rma.newsfeedapp.MainActivity@91b30b5
06-06 13:00:14.841  7790  7790 D LifecycleMonitor: Lifecycle status change: etf.ri.rma.newsfeedapp.MainActivity@91b30b5 in: RESUMED
06-06 13:00:14.841  7790  7790 V ActivityScenario: Update currentActivityStage to RESUMED, currentActivity=etf.ri.rma.newsfeedapp.MainActivity@91b30b5
06-06 13:00:14.841  1715  1807 I SurfaceFlinger: id=840 createSurf, flag=84004, Transition Root: Task=19#840
06-06 13:00:14.842  2342  3323 I SurfaceControl: show, t=StartTransaction_SyncId<28>, sc=Surface(name=ActivityRecord{9bdbc61 u0 etf.ri.rma.newsfeedapp/.MainActivity t19})/@0xeb6a510, caller=com.android.server.wm.Transition.onTransactionReady:1962 com.android.server.wm.BLASTSyncEngine$SyncGroup.finishNow:310 com.android.server.wm.BLASTSyncEngine$SyncGroup.tryFinish:242 com.android.server.wm.BLASTSyncEngine$SyncGroup.-$$Nest$mtryFinish:0 com.android.server.wm.BLASTSyncEngine.onSurfacePlacement:670 com.android.server.wm.RootWindowContainer.performSurfacePlacementNoTrace:988
06-06 13:00:14.842  7790  7818 D NativeCustomFrequencyManager: [NativeCFMS] BpCustomFrequencyManager::BpCustomFrequencyManager()
06-06 13:00:14.843  2342  5437 D InputTransport: Input channel constructed: 'd9e191a', fd=1122
06-06 13:00:14.843  2342  5437 D InputTransport: Input channel constructed: 'd9e191a', fd=1126
06-06 13:00:14.843  1574  1638 I HYPER-HAL: [RequestManager.cpp]acquire(): Acquired ID : 1567528  [1577 / 193]    HINT :      list : [TID_LOW_LATENCY / 1] [TID / 7828] [TID / 7829] [TID / 7790] [TID / 7818]
06-06 13:00:14.843  2342  3323 V WindowManager: Relayout hash=5223efb, pid=5355, syncId=-1: mAttrs={(0,0)(fillxfill) sim={adjust=pan} ty=APPLICATION_STARTING fmt=TRANSLUCENT alpha=0.0
06-06 13:00:14.843  2342  3323 V WindowManager:   fl=81030118
06-06 13:00:14.843  2342  3323 V WindowManager:   pfl=16000010
06-06 13:00:14.843  2342  3323 V WindowManager:   bhv=DEFAULT
06-06 13:00:14.843  2342  3323 V WindowManager:   fitSides= naviIconColor=0}
06-06 13:00:14.843  2342  5437 D InputTransport: Input channel constructed: 'd9e191a', fd=1127
06-06 13:00:14.843  1715  1807 I SurfaceFlinger: id=841 createSurf, flag=84004, d9e191a etf.ri.rma.newsfeedapp/etf.ri.rma.newsfeedapp.MainActivity#841
06-06 13:00:14.844  5355  5439 I ViewRootImpl@7850498[test]: Relayout returned: old=(0,0,1080,2340) new=(0,0,1080,2340) relayoutAsync=false req=(1080,2340)8 dur=6 res=0x402 s={false 0x0} ch=true seqId=0
06-06 13:00:14.844  2342  5437 D InputTransport: Input channel destroyed: 'd9e191a', fd=1127
06-06 13:00:14.844  5355  5420 I SurfaceControl: hide, t=FinishTransaction_SyncId<28>, sc=Surface(name=Task=1)/@0xc5fab1, caller=com.android.wm.shell.transition.Transitions.dispatchReady:681 com.android.wm.shell.transition.Transitions.onTransitionReady:118 com.android.wm.shell.transition.Transitions$TransitionPlayerImpl$$ExternalSyntheticLambda0.run:13 android.os.Handler.handleCallback:958 android.os.Handler.dispatchMessage:99 android.os.Looper.loopOnce:230
06-06 13:00:14.844  5355  5420 I SurfaceControl: show, t=StartTransaction_SyncId<28>, sc=Surface(name=Task=19)/@0xf9d0958, caller=com.android.wm.shell.transition.Transitions.dispatchReady:686 com.android.wm.shell.transition.Transitions.onTransitionReady:118 com.android.wm.shell.transition.Transitions$TransitionPlayerImpl$$ExternalSyntheticLambda0.run:13 android.os.Handler.handleCallback:958 android.os.Handler.dispatchMessage:99 android.os.Looper.loopOnce:230
06-06 13:00:14.844  5355  5439 W WindowOnBackDispatcher: sendCancelIfRunning: isInProgress=falsecallback=android.view.ViewRootImpl$$ExternalSyntheticLambda19@3bc1f3
06-06 13:00:14.844  5355  5420 I SurfaceControl: show, t=FinishTransaction_SyncId<28>, sc=Surface(name=Task=19)/@0xf9d0958, caller=com.android.wm.shell.transition.Transitions.dispatchReady:733 com.android.wm.shell.transition.Transitions.onTransitionReady:118 com.android.wm.shell.transition.Transitions$TransitionPlayerImpl$$ExternalSyntheticLambda0.run:13 android.os.Handler.handleCallback:958 android.os.Handler.dispatchMessage:99 android.os.Looper.loopOnce:230
06-06 13:00:14.844  5355  5439 I ViewRootImpl@7850498[test]: dispatchDetachedFromWindow
06-06 13:00:14.844  1715  3404 I SurfaceFlinger: id=842 createSurf, flag=84000, 196bc6b ActivityRecordInputSink etf.ri.rma.newsfeedapp/.MainActivity#842
06-06 13:00:14.844  6421  6445 I HoneySpace.ShellAnimationRunner: onAnimationCancelled
06-06 13:00:14.845  6421  6421 I HoneySpace.ShellAnimationRunner: finishExistingAnimation, com.honeyspace.transition.anim.AnimationResult@be62205
06-06 13:00:14.845  6421  6421 I HoneySpace.AnimationResult: finish, false
06-06 13:00:14.845  6421  6421 I HoneySpace.AppCloseAnimationDelegate: onAnimationCancelled
06-06 13:00:14.845  6421  7949 I HoneySpace.AnimationResult: asyncFinishRunnable run
06-06 13:00:14.845  6421  6421 I HoneySpace.AnimationResult: completeCallback run
06-06 13:00:14.845  7790  7790 I InsetsController: onStateChanged: host=etf.ri.rma.newsfeedapp/etf.ri.rma.newsfeedapp.MainActivity, from=android.view.ViewRootImpl.setView:1751, state=InsetsState: {mDisplayFrame=Rect(0, 0 - 1080, 2340), mDisplayCutout=DisplayCutout{insets=Rect(0, 87 - 0, 0) waterfall=Insets{left=0, top=0, right=0, bottom=0} boundingRect={Bounds=[Rect(0, 0 - 0, 0), Rect(512, 0 - 568, 87), Rect(0, 0 - 0, 0), Rect(0, 0 - 0, 0)]} cutoutPathParserInfo={CutoutPathParserInfo{displayWidth=1080 displayHeight=2340 physicalDisplayWidth=1080 physicalDisplayHeight=2340 density={3.0} cutoutSpec={M 0,0 H -9.333333333333333 V 29 H 9.333333333333333 V 0 H 0 Z @dp} rotation={0} scale={1.0} physicalPixelDisplaySizeRatio={1.0}}}}, mRoundedCorners=RoundedCorners{[RoundedCorner{position=TopLeft, radius=102, center=Point(102, 102)}, RoundedCorner{position=TopRight, radius=102, center=Point(978, 102)}, RoundedCorner{position=BottomRight, radius=102, center=Point(978, 2238)}, RoundedCorner{position=BottomLeft, radius=102, center=Point(102, 2238)}]}  mRoundedCornerFrame=Rect(0, 0 - 1080, 2340), mPrivacyIndicatorBounds=PrivacyIndicatorBounds {static bounds=Rect(948, 0 - 1080, 87) rotation=0}, mDisplayShape=DisplayShape{ spec=1769313948 displayWidth=1080 displayHeight=2340 physicalPixelDisplaySizeRatio=1.0 rotation=0 offsetX=0 offsetY=0 scale=1.0}, mSources= { InsetsSource: {985d0000 mType=statusBars mFrame=[0,0][1080,87] mVisible=true mFlags=[]}, InsetsSource: {985d0005 mType=mandatorySystemGestures mFrame=[0,0][1080,123] mVisible=true mFlags=[]}, InsetsSource: {985d0006 mType=tappableElement mFrame=[0,0][1080,87] mVisible=true mFlags=[]}, InsetsSource: {3 mType=ime mFrame=[0,0][0,0] mVisible=false mFlags=[]}, InsetsSource: {27 mType=displayCutout mFrame=[0,0][1080,87] mVisible=true mFlags=[]}, InsetsSource: {26df0001 mType=navigationBars mFrame=[0,2196][1080,2340] mVisible=true mFlags=[]}, InsetsSource: {26df0004 mType=systemGestures mFrame=[0,0][0,0] mVisible=true mFlags=[]}, InsetsSource: {26df0005 mType=mandatorySystemGestures mFrame=[0,2196][1080,2340] mVisible=true mFlags=[]}, InsetsSource: {26df0006 mType=tappableElement mFrame=[0,2196][1080,2340] mVisible=true mFlags=[]}, InsetsSource: {26df0024 mType=systemGestures mFrame=[0,0][0,0] mVisible=true mFlags=[]} }
06-06 13:00:14.845  5355  5420 I SurfaceControl: apply is called, name=FinishTransaction_SyncId<27>, caller=android.view.SurfaceControl$Transaction.apply:2921 com.android.wm.shell.transition.Transitions.onFinish:302 com.android.wm.shell.transition.Transitions$$ExternalSyntheticLambda6.onTransitionFinished:15 com.android.wm.shell.transition.RemoteTransitionHandler$1$$ExternalSyntheticLambda0.run:118 android.os.Handler.handleCallback:958 android.os.Handler.dispatchMessage:99
06-06 13:00:14.845  2342  5453 D InputTransport: Input channel destroyed: '5223efb', fd=1004
06-06 13:00:14.845  7790  7790 I ViewRootImpl@a42f5f0[MainActivity]: synced displayState. AttachInfo displayState=2
06-06 13:00:14.845  2342  5453 W InputManager-JNI: Input channel object '5223efb Splash Screen etf.ri.rma.newsfeedapp.test (client)' was disposed without first being removed with the input manager!
06-06 13:00:14.846  2342  5453 D InputTransport: Input channel destroyed: '5223efb', fd=1009
06-06 13:00:14.846  7790  7790 I ViewRootImpl@a42f5f0[MainActivity]: setView = com.android.internal.policy.DecorView@b284a8f TM=true
06-06 13:00:14.846  1715  1715 I Layer   : Layer [d9e191a etf.ri.rma.newsfeedapp/etf.ri.rma.newsfeedapp.MainActivity#841] hidden!! flag(0)
06-06 13:00:14.846  1715  1715 I Layer   : Layer::reparent [Transition Root: Task=1#818] newParentHandle : null -------------------------
06-06 13:00:14.846  1715  1715 I Layer   : id=818 removeFromCurrentState Transition Root: Task=1#818 (242)
06-06 13:00:14.846  1715  1715 I Layer   : id=821 removeFromCurrentState Surface(name=Task=1)/@0x66d5a33_transition-leash#821 (242)
06-06 13:00:14.846  1715  1715 I Layer   : id=52 removeFromCurrentState Task=1#52 (242)
06-06 13:00:14.846  1715  1715 I Layer   : id=138 removeFromCurrentState Task=8#138 (242)
06-06 13:00:14.846  1715  1715 I Layer   : id=139 removeFromCurrentState ActivityRecord{4bdcf41 u0 com.sec.android.app.launcher/.activities.LauncherActivity t8}#139 (242)
06-06 13:00:14.846  1715  1715 I Layer   : id=150 removeFromCurrentState 6231c4b ActivityRecordInputSink com.sec.android.app.launcher/.Launcher#150 (242)
06-06 13:00:14.846  1715  1715 I Layer   : id=221 removeFromCurrentState da5c5e7 com.sec.android.app.launcher/com.sec.android.app.launcher.activities.LauncherActivity#221 (242)
06-06 13:00:14.846  1715  1715 I Layer   : id=812 removeFromCurrentState com.sec.android.app.launcher/com.sec.android.app.launcher.activities.LauncherActivity$_6421#812 (242)
06-06 13:00:14.846  1715  1715 I Layer   : id=17 removeFromCurrentState ImeContainer#17 (242)
06-06 13:00:14.846  1715  1715 I Layer   : id=98 removeFromCurrentState WindowToken{f7b1b09 type=2011 android.os.Binder@15b9410}#98 (242)
06-06 13:00:14.846  1715  1715 I Layer   : id=829 removeFromCurrentState Surface(name=ac5a498 InputMethod)/@0x1895ba - animation-leash of insets_animation#829 (242)
06-06 13:00:14.846  1715  1715 I Layer   : id=154 removeFromCurrentState ac5a498 InputMethod#154 (242)
06-06 13:00:14.846  1715  1715 I Layer   : id=822 removeFromCurrentState Surface(name=Task=18)/@0x93ec369_transition-leash#822 (242)
06-06 13:00:14.846  1715  1715 I Layer   : id=771 removeFromCurrentState Task=18#771 (242)
06-06 13:00:14.846  1715  1715 I Layer   : id=772 removeFromCurrentState ActivityRecord{2702c00 u0 etf.ri.rma.newsfeedapp.test/androidx.test.core.app.InstrumentationActivityInvoker$EmptyActivity t18}#772 (242)
06-06 13:00:14.846  1715  1715 I Layer   : id=781 removeFromCurrentState 6e2e532 ActivityRecordInputSink etf.ri.rma.newsfeedapp.test/androidx.test.core.app.InstrumentationActivityInvoker$EmptyActivity#781 (242)
06-06 13:00:14.846  1715  1715 I Layer   : id=825 removeFromCurrentState Surface(name=ce8b7de etf.ri.rma.newsfeedapp.test/androidx.test.core.app.InstrumentationActivityInvoker$EmptyActivity)/@0x3d74757 - animation-leash of starting_reveal#825 (242)
06-06 13:00:14.846  1715  1715 I Layer   : id=784 removeFromCurrentState ce8b7de etf.ri.rma.newsfeedapp.test/androidx.test.core.app.InstrumentationActivityInvoker$EmptyActivity#784 (242)
06-06 13:00:14.846  1715  1715 I Layer   : id=787 removeFromCurrentState etf.ri.rma.newsfeedapp.test/androidx.test.core.app.InstrumentationActivityInvoker$EmptyActivity$_7890#787 (242)
06-06 13:00:14.846  1715  1715 I Layer   : id=773 removeFromCurrentState 5223efb Splash Screen etf.ri.rma.newsfeedapp.test#773 (242)
06-06 13:00:14.846  1715  1715 I Layer   : id=774 removeFromCurrentState Splash Screen etf.ri.rma.newsfeedapp.test$_5355#774 (242)
06-06 13:00:14.846  1715  1715 I Layer   : Layer::reparent [Transition Root: Task=1#818] End -------------------------
06-06 13:00:14.846  1715  1715 I Layer   : Layer::reparent [Task=1#52] newParent : DefaultTaskDisplayArea_d0#12 , isRemovedFromCurrentState : 0 -------------------------
06-06 13:00:14.846  1715  1715 I Layer   : id=52 addToCurrentState Task=1#52 (242)
06-06 13:00:14.846  1715  1715 I Layer   : id=138 addToCurrentState Task=8#138 (242)
06-06 13:00:14.846  1715  1715 I Layer   : id=139 addToCurrentState ActivityRecord{4bdcf41 u0 com.sec.android.app.launcher/.activities.LauncherActivity t8}#139 (242)
06-06 13:00:14.846  1715  1715 I Layer   : id=150 addToCurrentState 6231c4b ActivityRecordInputSink com.sec.android.app.launcher/.Launcher#150 (242)
06-06 13:00:14.846  1715  1715 I Layer   : id=221 addToCurrentState da5c5e7 com.sec.android.app.launcher/com.sec.android.app.launcher.activities.LauncherActivity#221 (242)
06-06 13:00:14.846  1715  1715 I Layer   : id=812 addToCurrentState com.sec.android.app.launcher/com.sec.android.app.launcher.activities.LauncherActivity$_6421#812 (242)
06-06 13:00:14.846  1715  1715 I Layer   : id=17 addToCurrentState ImeContainer#17 (242)
06-06 13:00:14.846  1715  1715 I Layer   : id=98 addToCurrentState WindowToken{f7b1b09 type=2011 android.os.Binder@15b9410}#98 (242)
06-06 13:00:14.846  1715  1715 I Layer   : id=829 addToCurrentState Surface(name=ac5a498 InputMethod)/@0x1895ba - animation-leash of insets_animation#829 (242)
06-06 13:00:14.846  1715  1715 I Layer   : id=154 addToCurrentState ac5a498 InputMethod#154 (242)
06-06 13:00:14.846  1715  1715 I Layer   : Layer::reparent [Task=1#52] End -------------------------
06-06 13:00:14.846  7790  7818 D OpenGLRenderer: HWUI - treat SMPTE_170M as sRGB
06-06 13:00:14.846  1715  1715 I Layer   : Layer [Task=18#771] hidden!! flag(1)
06-06 13:00:14.846  1715  1715 I Layer   : Layer::reparent [Task=18#771] newParent : DefaultTaskDisplayArea_d0#12 , isRemovedFromCurrentState : 0 -------------------------
06-06 13:00:14.846  1715  1715 I Layer   : id=771 addToCurrentState Task=18#771 (242)
06-06 13:00:14.846  1715  1715 I Layer   : id=772 addToCurrentState ActivityRecord{2702c00 u0 etf.ri.rma.newsfeedapp.test/androidx.test.core.app.InstrumentationActivityInvoker$EmptyActivity t18}#772 (242)
06-06 13:00:14.846  1715  1715 I Layer   : id=781 addToCurrentState 6e2e532 ActivityRecordInputSink etf.ri.rma.newsfeedapp.test/androidx.test.core.app.InstrumentationActivityInvoker$EmptyActivity#781 (242)
06-06 13:00:14.846  1715  1715 I Layer   : id=825 addToCurrentState Surface(name=ce8b7de etf.ri.rma.newsfeedapp.test/androidx.test.core.app.InstrumentationActivityInvoker$EmptyActivity)/@0x3d74757 - animation-leash of starting_reveal#825 (242)
06-06 13:00:14.846  1715  1715 I Layer   : id=784 addToCurrentState ce8b7de etf.ri.rma.newsfeedapp.test/androidx.test.core.app.InstrumentationActivityInvoker$EmptyActivity#784 (242)
06-06 13:00:14.846  1715  1715 I Layer   : id=787 addToCurrentState etf.ri.rma.newsfeedapp.test/androidx.test.core.app.InstrumentationActivityInvoker$EmptyActivity$_7890#787 (242)
06-06 13:00:14.846  1715  1715 I Layer   : id=773 addToCurrentState 5223efb Splash Screen etf.ri.rma.newsfeedapp.test#773 (242)
06-06 13:00:14.846  1715  1715 I Layer   : id=774 addToCurrentState Splash Screen etf.ri.rma.newsfeedapp.test$_5355#774 (242)
06-06 13:00:14.846  1715  1715 I Layer   : Layer::reparent [Task=18#771] End -------------------------
06-06 13:00:14.847  1715  1715 I Layer   : id=820 Destroyed Transition Root: Task=1#818 (Mirror)#820
06-06 13:00:14.847  1715  1715 I Layer   : id=823 Destroyed Surface(name=Task=1)/@0x66d5a33_transition-leash#821 (Mirror)#823
06-06 13:00:14.847  1715  1715 I Layer   : id=824 Destroyed Surface(name=Task=18)/@0x93ec369_transition-leash#822 (Mirror)#824
06-06 13:00:14.847  6421  9457 I ViewRootImpl@cc9c4e9[LauncherActivity]: mWNT: t=0xb40000747f95c130 mBlastBufferQueue=0xb4000074df963770 fn= 10 mRenderHdrSdrRatio=1.0 caller= com.android.systemui.shared.launcher.ViewRootImplCompat.mergeWithNextTransaction:4 com.honeyspace.transition.utils.SurfaceTransactionApplier.scheduleApply$lambda$1:26 com.honeyspace.transition.utils.SurfaceTransactionApplier.c:0
06-06 13:00:14.848  1715  6620 I SurfaceFlinger: id=846 createSurf, flag=24000, Surface(name=87e62a6 NavigationBar0)/@0xf64c4fb - animation-leash of insets_animation#846
06-06 13:00:14.849  1715  3404 I SurfaceFlinger: id=847 createSurf, flag=24000, Surface(name=53a7541 StatusBar)/@0x3ba06c - animation-leash of insets_animation#847
06-06 13:00:14.849  7012  7043 D C2SoftVpxEnc: bytes generated 22311
06-06 13:00:14.849  1715  1715 D SurfaceFlinger: Display 4630946970390616451 HWC layers:
06-06 13:00:14.849  1715  1715 D SurfaceFlinger:      DEVICE | 0xb4000073beb13a00 | 0100 | RGBA_8888    |  670.0   86.0 1670.0 2254.0 |    0    0 1080 2340 | Wallpaper BBQ wrapper 5_system#94
06-06 13:00:14.849  1715  1715 D SurfaceFlinger:      DEVICE | 0xb4000073beb14b70 | 0100 | RGBA_8888    |    0.0    0.0 1080.0 2340.0 |    0    0 1080 2340 | com.sec.android.app.launcher/com.sec[...]ctivities.LauncherActivity$_6421#812
06-06 13:00:14.849  1715  1715 D SurfaceFlinger:      DEVICE | 0xb4000073beb0f440 | 0100 | RGBA_8888    |    0.0    0.0 1080.0   87.0 |    0    0 1080   87 | StatusBar$_5355#90
06-06 13:00:14.849  1715  1715 D SurfaceFlinger:      DEVICE | 0xb4000073beb138e0 | 0100 | RGBA_8888    |    0.0    0.0   67.0  342.0 | 1013  438 1080  780 | com.sec.android.app.launcher/com.sam[...]ce.edge.CocktailBarService$_6421#145
06-06 13:00:14.849  1715  1715 D SurfaceFlinger:      DEVICE | 0xb4000073beb0f830 | 0100 | RGBA_8888    |    0.0    0.0 1080.0  144.0 |    0 2196 1080 2340 | NavigationBar0$_5355#89
06-06 13:00:14.849  1715  1715 D SurfaceFlinger:
06-06 13:00:14.850  5355  5439 D InputTransport: Input channel destroyed: '5223efb', fd=393
06-06 13:00:14.850  5355  5439 I InsetsSourceConsumer: applyRequestedVisibilityToControl: visible=true, type=navigationBars, host=Splash Screen etf.ri.rma.newsfeedapp
06-06 13:00:14.851  5355  5439 I InsetsSourceConsumer: applyRequestedVisibilityToControl: visible=true, type=statusBars, host=Splash Screen etf.ri.rma.newsfeedapp
06-06 13:00:14.852  6421  6421 I HoneySpace.Launcher: onEnterAnimationComplete
06-06 13:00:14.852  7890  7890 I ViewRootImpl@e72b592[InstrumentationActivityInvoker$EmptyActivity]: handleAppVisibility mAppVisible = true visible = false
06-06 13:00:14.853  5355  5420 I SurfaceControl: show, t=StartTransaction_SyncId<28>, sc=Surface(name=Transition Root: Task=19)/@0xc93db96, caller=com.android.wm.shell.transition.Transitions.playTransition:80 com.android.wm.shell.transition.Transitions.processReadyQueue:185 com.android.wm.shell.transition.Transitions.onFinish:449 com.android.wm.shell.transition.Transitions$$ExternalSyntheticLambda6.onTransitionFinished:15 com.android.wm.shell.transition.RemoteTransitionHandler$1$$ExternalSyntheticLambda0.run:118 android.os.Handler.handleCallback:958
06-06 13:00:14.854  1715  1715 I Layer   : Layer::reparent [Surface(name=53a7541 StatusBar)/@0x3ba06c - animation-leash of insets_animation#814] newParentHandle : null -------------------------
06-06 13:00:14.854  1715  1715 I Layer   : id=814 removeFromCurrentState Surface(name=53a7541 StatusBar)/@0x3ba06c - animation-leash of insets_animation#814 (244)
06-06 13:00:14.854  1715  1715 I Layer   : id=85 removeFromCurrentState 53a7541 StatusBar#85 (244)
06-06 13:00:14.854  1715  1715 I Layer   : id=90 removeFromCurrentState StatusBar$_5355#90 (244)
06-06 13:00:14.854  1715  1715 I Layer   : Layer::reparent [Surface(name=53a7541 StatusBar)/@0x3ba06c - animation-leash of insets_animation#814] End -------------------------
06-06 13:00:14.854  1715  1715 I Layer   : Layer::reparent [ce8b7de etf.ri.rma.newsfeedapp.test/androidx.test.core.app.InstrumentationActivityInvoker$EmptyActivity#784] newParent : ActivityRecord{2702c00 u0 etf.ri.rma.newsfeedapp.test/androidx.test.core.app.InstrumentationActivityInvoker$EmptyActivity t18}#772 , isRemovedFromCurrentState : 0 -------------------------
06-06 13:00:14.854  1715  1715 I Layer   : Layer::reparent [ce8b7de etf.ri.rma.newsfeedapp.test/androidx.test.core.app.InstrumentationActivityInvoker$EmptyActivity#784] End -------------------------
06-06 13:00:14.854  1715  1715 I Layer   : Layer::reparent [Surface(name=ce8b7de etf.ri.rma.newsfeedapp.test/androidx.test.core.app.InstrumentationActivityInvoker$EmptyActivity)/@0x3d74757 - animation-leash of starting_reveal#825] newParentHandle : null -------------------------
06-06 13:00:14.854  1715  1715 I Layer   : id=825 removeFromCurrentState Surface(name=ce8b7de etf.ri.rma.newsfeedapp.test/androidx.test.core.app.InstrumentationActivityInvoker$EmptyActivity)/@0x3d74757 - animation-leash of starting_reveal#825 (244)
06-06 13:00:14.854  1715  1715 I Layer   : Layer::reparent [Surface(name=ce8b7de etf.ri.rma.newsfeedapp.test/androidx.test.core.app.InstrumentationActivityInvoker$EmptyActivity)/@0x3d74757 - animation-leash of starting_reveal#825] End -------------------------
06-06 13:00:14.854  1715  1715 I Layer   : Layer::reparent [87e62a6 NavigationBar0#78] newParent : Surface(name=87e62a6 NavigationBar0)/@0xf64c4fb - animation-leash of insets_animation#846 , isRemovedFromCurrentState : 0 -------------------------
06-06 13:00:14.854  1715  1715 I Layer   : Layer::reparent [87e62a6 NavigationBar0#78] End -------------------------
06-06 13:00:14.854  1715  1715 I Layer   : Layer::reparent [Surface(name=87e62a6 NavigationBar0)/@0xf64c4fb - animation-leash of insets_animation#813] newParentHandle : null -------------------------
06-06 13:00:14.854  1715  1715 I Layer   : id=813 removeFromCurrentState Surface(name=87e62a6 NavigationBar0)/@0xf64c4fb - animation-leash of insets_animation#813 (244)
06-06 13:00:14.854  1715  1715 I Layer   : Layer::reparent [Surface(name=87e62a6 NavigationBar0)/@0xf64c4fb - animation-leash of insets_animation#813] End -------------------------
06-06 13:00:14.854  1715  1715 I Layer   : Layer::reparent [53a7541 StatusBar#85] newParent : Surface(name=53a7541 StatusBar)/@0x3ba06c - animation-leash of insets_animation#847 , isRemovedFromCurrentState : 0 -------------------------
06-06 13:00:14.854  1715  1715 I Layer   : id=85 addToCurrentState 53a7541 StatusBar#85 (244)
06-06 13:00:14.854  1715  1715 I Layer   : id=90 addToCurrentState StatusBar$_5355#90 (244)
06-06 13:00:14.854  1715  1715 I Layer   : Layer::reparent [53a7541 StatusBar#85] End -------------------------
06-06 13:00:14.854  1715  1715 I Layer   : Layer::reparent [Transition Root: Task=1#818] newParentHandle : null -------------------------
06-06 13:00:14.854  1715  1715 I Layer   : id=818 removeFromCurrentState Transition Root: Task=1#818 (244)
06-06 13:00:14.854  1715  1715 I Layer   : id=821 removeFromCurrentState Surface(name=Task=1)/@0x66d5a33_transition-leash#821 (244)
06-06 13:00:14.854  1715  1715 I Layer   : id=822 removeFromCurrentState Surface(name=Task=18)/@0x93ec369_transition-leash#822 (244)
06-06 13:00:14.854  1715  1715 I Layer   : Layer::reparent [Transition Root: Task=1#818] End -------------------------
06-06 13:00:14.854  1715  1715 I Layer   : Layer::reparent [Splash Screen etf.ri.rma.newsfeedapp.test$_5355#774] newParentHandle : null -------------------------
06-06 13:00:14.854  1715  1715 I Layer   : id=774 removeFromCurrentState Splash Screen etf.ri.rma.newsfeedapp.test$_5355#774 (244)
06-06 13:00:14.854  5355  5420 I SurfaceControl: apply is called, name=StartTransaction_SyncId<28>, caller=android.view.SurfaceControl$Transaction.apply:2921 com.android.wm.shell.transition.DefaultTransitionHandler.startAnimation:3202 com.android.wm.shell.transition.Transitions.dispatchTransition:80 com.android.wm.shell.transition.Transitions.playTransition:776 com.android.wm.shell.transition.Transitions.processReadyQueue:185 com.android.wm.shell.transition.Transitions.onFinish:449
06-06 13:00:14.854  1715  1715 I Layer   : Layer::reparent [Splash Screen etf.ri.rma.newsfeedapp.test$_5355#774] End -------------------------
06-06 13:00:14.854  1715  1715 I Layer   : Layer::reparent [5223efb Splash Screen etf.ri.rma.newsfeedapp.test#773] newParentHandle : null -------------------------
06-06 13:00:14.854  1715  1715 I Layer   : id=773 removeFromCurrentState 5223efb Splash Screen etf.ri.rma.newsfeedapp.test#773 (244)
06-06 13:00:14.854  1715  1715 I Layer   : Layer::reparent [5223efb Splash Screen etf.ri.rma.newsfeedapp.test#773] End -------------------------
06-06 13:00:14.854  1715  1715 I Layer   : Layer [ActivityRecord{2702c00 u0 etf.ri.rma.newsfeedapp.test/androidx.test.core.app.InstrumentationActivityInvoker$EmptyActivity t18}#772] hidden!! flag(1)
06-06 13:00:14.854  1715  1715 I Layer   : Layer [etf.ri.rma.newsfeedapp.test/androidx.test.core.app.InstrumentationActivityInvoker$EmptyActivity$_7890#787] hidden!! flag(1)
06-06 13:00:14.855  1715  1715 I Layer   : id=817 Destroyed Surface(name=87e62a6 NavigationBar0)/@0xf64c4fb - animation-leash of insets_animation#813 (Mirror)#817
06-06 13:00:14.855  1715  1715 I Layer   : id=777 Destroyed 5223efb Splash Screen etf.ri.rma.newsfeedapp.test#773 (Mirror)#777
06-06 13:00:14.855  1715  1715 I Layer   : id=816 Destroyed Surface(name=53a7541 StatusBar)/@0x3ba06c - animation-leash of insets_animation#814 (Mirror)#816
06-06 13:00:14.855  1715  1715 I Layer   : id=828 Destroyed Surface(name=ce8b7de etf.ri.rma.newsfeedapp.test/androidx.test.core.app.InstrumentationActivityInvoker$EmptyActivity)/@0x3d74757 - animation-leash of starting_reveal#825 (Mirror)#828
06-06 13:00:14.855  1715  1715 I SurfaceFlinger: id=774 Removed Splash Screen etf.ri.rma.newsfeedapp.test$_5355#774 (242)
06-06 13:00:14.855  1715  1715 I SurfaceFlinger: id=818 Removed Transition Root: Task=1#818 (242)
06-06 13:00:14.855  1715  1715 I SurfaceFlinger: id=813 Removed Surface(name=87e62a6 NavigationBar0)/@0xf64c4fb - animation-leash of insets_animation#813 (242)
06-06 13:00:14.855  1715  1715 I SurfaceFlinger: id=814 Removed Surface(name=53a7541 StatusBar)/@0x3ba06c - animation-leash of insets_animation#814 (242)
06-06 13:00:14.855  7890  7890 I ViewRootImpl@e72b592[InstrumentationActivityInvoker$EmptyActivity]: destroyHardwareResources: Callers=android.view.ViewRootImpl.performTraversals:3937 android.view.ViewRootImpl.doTraversal:3291 android.view.ViewRootImpl$TraversalRunnable.run:11329 android.view.Choreographer$CallbackRecord.run:1689 android.view.Choreographer$CallbackRecord.run:1698 android.view.Choreographer.doCallbacks:1153 android.view.Choreographer.doFrame:1079 android.view.Choreographer$FrameDisplayEventReceiver.run:1646 android.os.Handler.handleCallback:958 android.os.Handler.dispatchMessage:99
06-06 13:00:14.855  1715  1715 I Layer   : id=778 Destroyed Splash Screen etf.ri.rma.newsfeedapp.test$_5355#774 (Mirror)#778
06-06 13:00:14.856  6421  9458 I ViewRootImpl@cc9c4e9[LauncherActivity]: mWNT: t=0xb40000747f966fd0 mBlastBufferQueue=0xb4000074df963770 fn= 11 mRenderHdrSdrRatio=1.0 caller= com.android.systemui.shared.launcher.ViewRootImplCompat.mergeWithNextTransaction:4 com.honeyspace.transition.utils.SurfaceTransactionApplier.scheduleApply$lambda$1:26 com.honeyspace.transition.utils.SurfaceTransactionApplier.c:0
06-06 13:00:14.857  7890  7917 D OpenGLRenderer: CacheManager::trimMemory(20)
06-06 13:00:14.857  5355  5355 D SamsungStatusBarGrayIconHelper: isGrayAppearance=false
06-06 13:00:14.858  5355  5355 D SamsungLightBarControlHelper: onStatusBarAppearanceChanged() -  sbModeChanged:false, statusBarMode:0, barState:MODE_TRANSPARENT, isKeyguardShowing:false, navbarColorManagedByIme:false, stackAppearanceChanged:true, (AppearanceRegion{LIGHT_STATUS_BARS bounds=[0,0][1080,2340]}, ), packageName:etf.ri.rma.newsfeedapp
