06-06 13:00:26.727  7790  7812 I TestRunner: started: testImaggaFailed(etf.ri.rma.newsfeedapp.TestS3)
06-06 13:00:26.728  6421  5991 I HoneySpace.RecentTasks: onRecentTasksChanged
06-06 13:00:26.728  6421  6488 I HoneySpace.TopTaskSource: onTaskRemoved: 23
06-06 13:00:26.728  6421  6488 I HoneySpace.TopTaskSource: onTaskRemoved: 23
06-06 13:00:26.729  7790  7812 D IdlingRegistry: Registering idling resources: [androidx.compose.ui.test.EspressoLink@77b251]
06-06 13:00:26.730  1715  1715 I Layer   : Layer::reparent [etf.ri.rma.newsfeedapp/etf.ri.rma.newsfeedapp.MainActivity$_7790#1033] newParentHandle : null -------------------------
06-06 13:00:26.730  1715  1715 I Layer   : id=1033 removeFromCurrentState etf.ri.rma.newsfeedapp/etf.ri.rma.newsfeedapp.MainActivity$_7790#1033 (245)
06-06 13:00:26.730  1715  1715 I Layer   : Layer::reparent [etf.ri.rma.newsfeedapp/etf.ri.rma.newsfeedapp.MainActivity$_7790#1033] End -------------------------
06-06 13:00:26.730  1715  1715 I Layer   : Layer::reparent [814e0ff etf.ri.rma.newsfeedapp/etf.ri.rma.newsfeedapp.MainActivity#1024] newParentHandle : null -------------------------
06-06 13:00:26.730  1715  1715 I Layer   : id=1024 removeFromCurrentState 814e0ff etf.ri.rma.newsfeedapp/etf.ri.rma.newsfeedapp.MainActivity#1024 (245)
06-06 13:00:26.730  1715  1715 I Layer   : Layer::reparent [814e0ff etf.ri.rma.newsfeedapp/etf.ri.rma.newsfeedapp.MainActivity#1024] End -------------------------
06-06 13:00:26.730  1715  1715 I Layer   : Layer::reparent [ActivityRecord{ca0835 u0 etf.ri.rma.newsfeedapp/.MainActivity t23}#1016] newParentHandle : null -------------------------
06-06 13:00:26.730  1715  1715 I Layer   : id=1016 removeFromCurrentState ActivityRecord{ca0835 u0 etf.ri.rma.newsfeedapp/.MainActivity t23}#1016 (245)
06-06 13:00:26.730  1715  1715 I Layer   : id=1025 removeFromCurrentState 95671f ActivityRecordInputSink etf.ri.rma.newsfeedapp/.MainActivity#1025 (245)
06-06 13:00:26.730  1715  1715 I Layer   : Layer::reparent [ActivityRecord{ca0835 u0 etf.ri.rma.newsfeedapp/.MainActivity t23}#1016] End -------------------------
06-06 13:00:26.730  1715  1715 I Layer   : Layer::reparent [Task=23#1015] newParentHandle : null -------------------------
06-06 13:00:26.730  1715  1715 I Layer   : id=1015 removeFromCurrentState Task=23#1015 (245)
06-06 13:00:26.730  1715  1715 I Layer   : Layer::reparent [Task=23#1015] End -------------------------
06-06 13:00:26.730  1715  1715 I Layer   : Layer::reparent [Task=23#1104] newParentHandle : null -------------------------
06-06 13:00:26.730  1715  1715 I Layer   : id=1104 removeFromCurrentState Task=23#1104 (245)
06-06 13:00:26.730  1715  1715 I Layer   : Layer::reparent [Task=23#1104] End -------------------------
06-06 13:00:26.730  1715  1715 I Layer   : id=1042 Destroyed Surface(name=ac5a498 InputMethod)/@0x1895ba - animation-leash of insets_animation#1042
06-06 13:00:26.731  5355  5446 I ViewRootImpl@f6d3d12[test]: mWNT: t=0xb40000747f99d370 mBlastBufferQueue=0xb4000074df952dd0 fn= 5 mRenderHdrSdrRatio=1.0 caller= android.view.SyncRtSurfaceTransactionApplier.applyTransaction:96 android.view.SyncRtSurfaceTransactionApplier.lambda$scheduleApply$0:69 android.view.SyncRtSurfaceTransactionApplier.$r8$lambda$SgowXC58rj3PR958kHUfRgLZmvE:0
06-06 13:00:26.731  1715  1715 I Layer   : id=1017 Destroyed Task=23#1015 (Mirror)#1017
06-06 13:00:26.731  1715  1715 I Layer   : id=1018 Destroyed ActivityRecord{ca0835 u0 etf.ri.rma.newsfeedapp/.MainActivity t23}#1016 (Mirror)#1018
06-06 13:00:26.731  1715  1715 I Layer   : id=1027 Destroyed 814e0ff etf.ri.rma.newsfeedapp/etf.ri.rma.newsfeedapp.MainActivity#1024 (Mirror)#1027
06-06 13:00:26.731  1715  1715 I Layer   : id=1026 Destroyed 95671f ActivityRecordInputSink etf.ri.rma.newsfeedapp/.MainActivity#1025 (Mirror)#1026
06-06 13:00:26.731  1715  1715 I SurfaceFlinger: id=1104 Removed Task=23#1104 (240)
06-06 13:00:26.731  1715  1715 I SurfaceFlinger: id=1016 Removed ActivityRecord{ca0835 u0 etf.ri.rma.newsfeedapp/.MainActivity t23}#1016 (240)
06-06 13:00:26.731  1715  1715 I SurfaceFlinger: id=1024 Removed 814e0ff etf.ri.rma.newsfeedapp/etf.ri.rma.newsfeedapp.MainActivity#1024 (240)
06-06 13:00:26.731  1715  1715 I SurfaceFlinger: id=1033 Removed etf.ri.rma.newsfeedapp/etf.ri.rma.newsfeedapp.MainActivity$_7790#1033 (240)
06-06 13:00:26.731  6421  9458 I ViewRootImpl@cc9c4e9[LauncherActivity]: mWNT: t=0xb40000747f971210 mBlastBufferQueue=0xb4000074df963770 fn= 6 mRenderHdrSdrRatio=1.0 caller= com.android.systemui.shared.launcher.ViewRootImplCompat.mergeWithNextTransaction:4 com.honeyspace.transition.utils.SurfaceTransactionApplier.scheduleApply$lambda$1:26 com.honeyspace.transition.utils.SurfaceTransactionApplier.c:0
06-06 13:00:26.731  1715  1715 I Layer   : id=1036 Destroyed etf.ri.rma.newsfeedapp/etf.ri.rma.newsfeedapp.MainActivity$_7790#1033 (Mirror)#1036
06-06 13:00:26.733  7790  7812 W Settings: Setting always_finish_activities has moved from android.provider.Settings.System to android.provider.Settings.Global, returning read-only value.
06-06 13:00:26.735  2342  2632 I ChimeraSystemEventListener: appLaunchIntent package name is: etf.ri.rma.newsfeedapp
06-06 13:00:26.735  7012  7043 D BufferPoolAccessor2.0: bufferpool2 0xb400007dbe05aed8 : 66(2601461 size) total buffers - 1(62578 size) used buffers - 94/521 (recycle/alloc) - 436/520 (fetch/transfer)
06-06 13:00:26.736  7012  7043 D C2SoftVpxEnc: bytes generated 62578
06-06 13:00:26.737  2342  6621 I SemDvfsHyPerManager: acquire hyper - AMS_APP_SWITCH/2342@31, type = -999
06-06 13:00:26.738  1574  1638 I HYPER-HAL: [RequestManager.cpp]acquire(): Acquired ID : 2816782  [2342 / 31]    HINT : AMS_APP_SWITCH    list :
06-06 13:00:26.738  1715  1807 I SurfaceFlinger: id=1105 createSurf, flag=24004, Task=25#1105
06-06 13:00:26.738  8184  8184 I SemDvfsHyPerManager: acquire hyper - APP_START_SHORT/8184@19, type = -999
06-06 13:00:26.739  1715  1715 I Layer   : id=1033 Destroyed etf.ri.rma.newsfeedapp/etf.ri.rma.newsfeedapp.MainActivity$_7790#1033
06-06 13:00:26.739  1715  1715 I Layer   : id=1016 Destroyed ActivityRecord{ca0835 u0 etf.ri.rma.newsfeedapp/.MainActivity t23}#1016
06-06 13:00:26.739  1715  1715 I Layer   : id=1025 Destroyed 95671f ActivityRecordInputSink etf.ri.rma.newsfeedapp/.MainActivity#1025
06-06 13:00:26.739  1715  1715 I Layer   : id=1024 Destroyed 814e0ff etf.ri.rma.newsfeedapp/etf.ri.rma.newsfeedapp.MainActivity#1024
06-06 13:00:26.739  1715  1715 I Layer   : id=1104 Destroyed Task=23#1104
06-06 13:00:26.739  5355  5447 I ViewRootImpl@f6d3d12[test]: mWNT: t=0xb40000747f96ba10 mBlastBufferQueue=0xb4000074df952dd0 fn= 6 mRenderHdrSdrRatio=1.0 caller= android.view.SyncRtSurfaceTransactionApplier.applyTransaction:96 android.view.SyncRtSurfaceTransactionApplier.lambda$scheduleApply$0:69 android.view.SyncRtSurfaceTransactionApplier.$r8$lambda$SgowXC58rj3PR958kHUfRgLZmvE:0
06-06 13:00:26.739  6421  9457 I ViewRootImpl@cc9c4e9[LauncherActivity]: mWNT: t=0xb40000747f966370 mBlastBufferQueue=0xb4000074df963770 fn= 7 mRenderHdrSdrRatio=1.0 caller= com.android.systemui.shared.launcher.ViewRootImplCompat.mergeWithNextTransaction:4 com.honeyspace.transition.utils.SurfaceTransactionApplier.scheduleApply$lambda$1:26 com.honeyspace.transition.utils.SurfaceTransactionApplier.c:0
06-06 13:00:26.740  1715  2430 I SurfaceFlinger: id=1107 createSurf, flag=84004, ActivityRecord{bd70493 u0 etf.ri.rma.newsfeedapp/.MainActivity t25}#1107
06-06 13:00:26.741  1574  1638 I HYPER-HAL: [RequestManager.cpp]acquire(): Acquired ID : 33648725  [8184 / 19]    HINT : APP_START    list : [TIMEOUT / 1500]
06-06 13:00:26.743  2342  5137 I SemDvfsHyPerManager: acquire hyper - AMS_APP_LAUNCH/2342@18, type = -999
06-06 13:00:26.744  7273  7273 E pageboostd: Received HALT command code 2
06-06 13:00:26.744  1574  1638 I HYPER-HAL: [RequestManager.cpp]acquire(): Acquired ID : 2785998  [2342 / 18]    HINT : AMS_APP_LAUNCH    list :
06-06 13:00:26.744  8184  8184 I SemDvfsHyPerManager: acquire hyper - APP_START/8184@21, type = -999
06-06 13:00:26.744  2342  5454 D SecContentProvider: query(), uri = 17 selection = isSettingsChangesAllowed
06-06 13:00:26.744  1574  1638 I HYPER-HAL: [RequestManager.cpp]acquire(): Acquired ID : 33665136  [8184 / 21]    HINT : APP_START    list :
06-06 13:00:26.745  6421  6421 I HoneySpace.Launcher: !@Boot_EBS_D: Launcher.onPause()
06-06 13:00:26.745  6421  6421 I HoneySpace.Launcher: updateLauncherShowing true -> false
06-06 13:00:26.746  6421  5991 I HoneySpace.SPayHandler: updateSpayHandler launcher activity is paused false
06-06 13:00:26.747  5355  5446 I ViewRootImpl@f6d3d12[test]: mWNT: t=0xb40000747f99d370 mBlastBufferQueue=0xb4000074df952dd0 fn= 7 mRenderHdrSdrRatio=1.0 caller= android.view.SyncRtSurfaceTransactionApplier.applyTransaction:96 android.view.SyncRtSurfaceTransactionApplier.lambda$scheduleApply$0:69 android.view.SyncRtSurfaceTransactionApplier.$r8$lambda$SgowXC58rj3PR958kHUfRgLZmvE:0
06-06 13:00:26.748  2342  2420 D InputDispatcher: Focused application(0): ActivityRecord{bd70493 u0 etf.ri.rma.newsfeedapp/.MainActivity t25}
06-06 13:00:26.748  5355  5445 D NativeCustomFrequencyManager: [NativeCFMS] BpCustomFrequencyManager::BpCustomFrequencyManager()
06-06 13:00:26.750  1574  1638 I HYPER-HAL: [RequestManager.cpp]acquire(): Acquired ID : 1753423  [1577 / 295]    HINT :      list : [TID_LOW_LATENCY / 1] [TID / 5446] [TID / 5447] [TID / 5439] [TID / 5445]
06-06 13:00:26.751  6421  5991 I HoneySpace.RecentTasks: onRecentTasksChanged
06-06 13:00:26.751  6421  4145 I HoneySpace.RecentTasks: onRecentTasksChanged
06-06 13:00:26.753  6421  6488 I HoneySpace.TopTaskSource: onTaskMovedToFront : taskId = 25
06-06 13:00:26.753  7012  7043 D C2SoftVpxEnc: bytes generated 49796
06-06 13:00:26.753  6421  9458 I ViewRootImpl@cc9c4e9[LauncherActivity]: mWNT: t=0xb40000747f954db0 mBlastBufferQueue=0xb4000074df963770 fn= 8 mRenderHdrSdrRatio=1.0 caller= com.android.systemui.shared.launcher.ViewRootImplCompat.mergeWithNextTransaction:4 com.honeyspace.transition.utils.SurfaceTransactionApplier.scheduleApply$lambda$1:26 com.honeyspace.transition.utils.SurfaceTransactionApplier.c:0
06-06 13:00:26.754  2342  3323 D InputTransport: Input channel constructed: '3cb22da', fd=927
06-06 13:00:26.754  2342  3323 D InputTransport: Input channel constructed: '3cb22da', fd=939
06-06 13:00:26.754  2342  3323 D InputTransport: Input channel constructed: '3cb22da', fd=945
06-06 13:00:26.755  6421  6490 I HoneySpace.TopTaskUseCase: topTasks 25 ComponentInfo{etf.ri.rma.newsfeedapp/etf.ri.rma.newsfeedapp.MainActivity}
06-06 13:00:26.756  1715  2430 I SurfaceFlinger: id=1109 createSurf, flag=84004, 3cb22da Splash Screen etf.ri.rma.newsfeedapp#1109
06-06 13:00:26.756  6421  9457 I ViewRootImpl@cc9c4e9[LauncherActivity]: mWNT: t=0xb40000747f962f30 mBlastBufferQueue=0xb4000074df963770 fn= 9 mRenderHdrSdrRatio=1.0 caller= com.android.systemui.shared.launcher.ViewRootImplCompat.mergeWithNextTransaction:4 com.honeyspace.transition.utils.SurfaceTransactionApplier.scheduleApply$lambda$1:26 com.honeyspace.transition.utils.SurfaceTransactionApplier.c:0
06-06 13:00:26.757  2342  3323 D InputTransport: Input channel destroyed: '3cb22da', fd=945
06-06 13:00:26.757  2342  2630 D PkgPredictorService-SecIpmManagerServiceImpl: onForegroundActivitiesChanged pid:7790 uid:10317
06-06 13:00:26.757  5355  5439 I InsetsController: onStateChanged: host=Splash Screen etf.ri.rma.newsfeedapp, from=android.view.ViewRootImpl.setView:1751, state=InsetsState: {mDisplayFrame=Rect(0, 0 - 1080, 2340), mDisplayCutout=DisplayCutout{insets=Rect(0, 87 - 0, 0) waterfall=Insets{left=0, top=0, right=0, bottom=0} boundingRect={Bounds=[Rect(0, 0 - 0, 0), Rect(512, 0 - 568, 87), Rect(0, 0 - 0, 0), Rect(0, 0 - 0, 0)]} cutoutPathParserInfo={CutoutPathParserInfo{displayWidth=1080 displayHeight=2340 physicalDisplayWidth=1080 physicalDisplayHeight=2340 density={3.0} cutoutSpec={M 0,0 H -9.333333333333333 V 29 H 9.333333333333333 V 0 H 0 Z @dp} rotation={0} scale={1.0} physicalPixelDisplaySizeRatio={1.0}}}}, mRoundedCorners=RoundedCorners{[RoundedCorner{position=TopLeft, radius=102, center=Point(102, 102)}, RoundedCorner{position=TopRight, radius=102, center=Point(978, 102)}, RoundedCorner{position=BottomRight, radius=102, center=Point(978, 2238)}, RoundedCorner{position=BottomLeft, radius=102, center=Point(102, 2238)}]}  mRoundedCornerFrame=Rect(0, 0 - 1080, 2340), mPrivacyIndicatorBounds=PrivacyIndicatorBounds {static bounds=Rect(948, 0 - 1080, 87) rotation=0}, mDisplayShape=DisplayShape{ spec=1769313948 displayWidth=1080 displayHeight=2340 physicalPixelDisplaySizeRatio=1.0 rotation=0 offsetX=0 offsetY=0 scale=1.0}, mSources= { InsetsSource: {985d0000 mType=statusBars mFrame=[0,0][1080,87] mVisible=true mFlags=[]}, InsetsSource: {985d0005 mType=mandatorySystemGestures mFrame=[0,0][1080,123] mVisible=true mFlags=[]}, InsetsSource: {985d0006 mType=tappableElement mFrame=[0,0][1080,87] mVisible=true mFlags=[]}, InsetsSource: {3 mType=ime mFrame=[0,0][0,0] mVisible=false mFlags=[]}, InsetsSource: {27 mType=displayCutout mFrame=[0,0][1080,87] mVisible=true mFlags=[]}, InsetsSource: {26df0001 mType=navigationBars mFrame=[0,2196][1080,2340] mVisible=true mFlags=[]}, InsetsSource: {26df0004 mType=systemGestures mFrame=[0,0][0,0] mVisible=true mFlags=[]}, InsetsSource: {26df0005 mType=mandatorySystemGestures mFrame=[0,2196][1080,2340] mVisible=true mFlags=[]}, InsetsSource: {26df0006 mType=tappableElement mFrame=[0,2196][1080,2340] mVisible=true mFlags=[]}, InsetsSource: {26df0024 mType=systemGestures mFrame=[0,0][0,0] mVisible=true mFlags=[]} }
06-06 13:00:26.757  5355  5439 I ViewRootImpl@d59d7a5[newsfeedapp]: synced displayState. AttachInfo displayState=2
06-06 13:00:26.757  5355  5439 I ViewRootImpl@d59d7a5[newsfeedapp]: setView = android.widget.FrameLayout@d77cb88 TM=true
06-06 13:00:26.758  5355  5445 D OpenGLRenderer: HWUI - treat SMPTE_170M as sRGB
06-06 13:00:26.759  2342  5206 D AS.MultiSoundManager: mForegroundUid = 10317
06-06 13:00:26.759  7790  7790 D LifecycleMonitor: Lifecycle status change: etf.ri.rma.newsfeedapp.MainActivity@281645 in: PRE_ON_CREATE
06-06 13:00:26.759  2342  5206 D AS.MultiSoundManager: mForegroundUid = 10317
06-06 13:00:26.759  7790  7790 V ActivityScenario: Activity lifecycle changed event received but ignored because the reported transition was not ON_CREATE while the last known transition was PRE_ON_CREATE
06-06 13:00:26.760  2342  2630 D NetworkPolicy: already checked 10317
06-06 13:00:26.760  6421  6488 I HoneySpace.TopTaskSource: onTaskFocusChanged(): taskId = 25
06-06 13:00:26.760  6421  6488 I HoneySpace.TopTaskSource: onTaskFocusChanged(): taskId = 25
06-06 13:00:26.760  1574  1638 I HYPER-HAL: [RequestManager.cpp]acquire(): Acquired ID : 1734738  [1577 / 285]    HINT :      list : [TID_LOW_LATENCY / 0] [TID / 5446] [TID / 5447] [TID / 5439] [TID / 5445]
06-06 13:00:26.760  6421  6488 I HoneySpace.TopTaskSource: onTaskMovedToFront : taskId = 25
06-06 13:00:26.760  6421  6488 I HoneySpace.TopTaskSource: onTaskMovedToFront : taskId = 25
06-06 13:00:26.761  2342  3323 V WindowManager: Relayout Window{3cb22da u0 Splash Screen etf.ri.rma.newsfeedapp}: viewVisibility=0 req=1080x2340 ty=3 d0
06-06 13:00:26.761  1574  1638 I HYPER-HAL: [RequestManager.cpp]acquire(): Acquired ID : 1736602  [1577 / 286]    HINT :      list : [UCLAMP_MIN_BOOST / 0] [TID / 5446] [TID / 5447] [TID / 5439] [TID / 5445]
06-06 13:00:26.761  1574  1638 I HYPER-HAL: [RequestManager.cpp]releaseLocked(): Released ID : 1734738
06-06 13:00:26.761  1574  1638 I HYPER-HAL: [RequestManager.cpp]releaseLocked(): Released ID : 1736602
06-06 13:00:26.761  1715  1806 I SurfaceFlinger: id=1110 createSurf, flag=44004, Splash Screen etf.ri.rma.newsfeedapp$_5355#1110
06-06 13:00:26.762 26692 27175 I Rubin   : [97] zb.a.c(Unknown Source) : Notify com.samsung.android.rubin.inferenceengine.contextanalytics.engine.loggers.AppUsageLogger's database is updated.
06-06 13:00:26.762  7790  7790 I DecorView: setWindowBackground: isPopOver=false color=fffafafa d=android.graphics.drawable.ColorDrawable@5e04d66
06-06 13:00:26.763  7790  7790 D LifecycleMonitor: Lifecycle status change: etf.ri.rma.newsfeedapp.MainActivity@281645 in: CREATED
06-06 13:00:26.763  2342  3323 V WindowManager: Relayout hash=3cb22da, pid=5355, syncId=-1: mAttrs={(0,0)(fillxfill) sim={adjust=pan} ty=APPLICATION_STARTING fmt=TRANSLUCENT wanim=0x1030303
06-06 13:00:26.763  2342  3323 V WindowManager:   fl=81030118
06-06 13:00:26.763  2342  3323 V WindowManager:   pfl=16000010
06-06 13:00:26.763  2342  3323 V WindowManager:   apr=LIGHT_STATUS_BARS LIGHT_NAVIGATION_BARS
06-06 13:00:26.763  2342  3323 V WindowManager:   bhv=DEFAULT
06-06 13:00:26.763  2342  3323 V WindowManager:   fitSides= naviIconColor=0}
06-06 13:00:26.763  7790  7790 V ActivityScenario: Update currentActivityStage to CREATED, currentActivity=etf.ri.rma.newsfeedapp.MainActivity@281645
06-06 13:00:26.764  7790  7790 D LifecycleMonitor: Lifecycle status change: etf.ri.rma.newsfeedapp.MainActivity@281645 in: STARTED
06-06 13:00:26.764  7790  7790 V ActivityScenario: Update currentActivityStage to STARTED, currentActivity=etf.ri.rma.newsfeedapp.MainActivity@281645
06-06 13:00:26.764  5355  5439 I BLASTBufferQueue_Java: new BLASTBufferQueue, mName= ViewRootImpl@d59d7a5[newsfeedapp] mNativeObject= 0xb4000074df95aad0 sc.mNativeObject= 0xb4000073af96c210 caller= android.view.ViewRootImpl.updateBlastSurfaceIfNeeded:3031 android.view.ViewRootImpl.relayoutWindow:10121 android.view.ViewRootImpl.performTraversals:4115 android.view.ViewRootImpl.doTraversal:3291 android.view.ViewRootImpl$TraversalRunnable.run:11329 android.view.Choreographer$CallbackRecord.run:1689 android.view.Choreographer$CallbackRecord.run:1698 android.view.Choreographer.doCallbacks:1153 android.view.Choreographer.doFrame:1079 android.view.Choreographer$FrameDisplayEventReceiver.run:1646
06-06 13:00:26.764  5355  5439 I BLASTBufferQueue_Java: update, w= 1080 h= 2340 mName = ViewRootImpl@d59d7a5[newsfeedapp] mNativeObject= 0xb4000074df95aad0 sc.mNativeObject= 0xb4000073af96c210 format= -3 caller= android.graphics.BLASTBufferQueue.<init>:89 android.view.ViewRootImpl.updateBlastSurfaceIfNeeded:3031 android.view.ViewRootImpl.relayoutWindow:10121 android.view.ViewRootImpl.performTraversals:4115 android.view.ViewRootImpl.doTraversal:3291 android.view.ViewRootImpl$TraversalRunnable.run:11329
06-06 13:00:26.764  5355  5439 I ViewRootImpl@d59d7a5[newsfeedapp]: Relayout returned: old=(0,0,1080,2340) new=(0,0,1080,2340) relayoutAsync=false req=(1080,2340)0 dur=4 res=0x403 s={true 0xb4000074af9dd510} ch=true seqId=0
06-06 13:00:26.764  6421  9458 I ViewRootImpl@cc9c4e9[LauncherActivity]: mWNT: t=0xb40000747f966e70 mBlastBufferQueue=0xb4000074df963770 fn= 10 mRenderHdrSdrRatio=1.0 caller= com.android.systemui.shared.launcher.ViewRootImplCompat.mergeWithNextTransaction:4 com.honeyspace.transition.utils.SurfaceTransactionApplier.scheduleApply$lambda$1:26 com.honeyspace.transition.utils.SurfaceTransactionApplier.c:0
06-06 13:00:26.765  5355  5439 I ViewRootImpl@d59d7a5[newsfeedapp]: performConfigurationChange setNightDimText nightDimLevel=0
06-06 13:00:26.765  7790  7790 D LifecycleMonitor: Lifecycle status change: etf.ri.rma.newsfeedapp.MainActivity@281645 in: RESUMED
06-06 13:00:26.765  5355  5439 D ViewRootImpl@d59d7a5[newsfeedapp]: mThreadedRenderer.initialize() mSurface={isValid=true 0xb4000074af9dd510} hwInitialized=true
06-06 13:00:26.765  7790  7790 V ActivityScenario: Update currentActivityStage to RESUMED, currentActivity=etf.ri.rma.newsfeedapp.MainActivity@281645
06-06 13:00:26.765  2342  6212 D InputDispatcher: Focus left window (0): da5c5e7 com.sec.android.app.launcher/com.sec.android.app.launcher.activities.LauncherActivity
06-06 13:00:26.765  5355  5439 D ViewRootImpl@d59d7a5[newsfeedapp]: reportNextDraw android.view.ViewRootImpl.performTraversals:4723 android.view.ViewRootImpl.doTraversal:3291 android.view.ViewRootImpl$TraversalRunnable.run:11329 android.view.Choreographer$CallbackRecord.run:1689 android.view.Choreographer$CallbackRecord.run:1698
06-06 13:00:26.766  5355  5439 I ViewRootImpl@d59d7a5[newsfeedapp]: Setup new sync=wmsSync-ViewRootImpl@d59d7a5[newsfeedapp]#72
06-06 13:00:26.766  5355  5439 I ViewRootImpl@d59d7a5[newsfeedapp]: Creating new active sync group ViewRootImpl@d59d7a5[newsfeedapp]#73
06-06 13:00:26.766  6421  6421 I ViewRootImpl@cc9c4e9[LauncherActivity]: handleWindowFocusChanged: 0 0 call from android.view.ViewRootImpl.-$$Nest$mhandleWindowFocusChanged:0
06-06 13:00:26.766  6421  6421 I ImeFocusController: onPreWindowFocus: skipped, hasWindowFocus=false mHasImeFocus=true
06-06 13:00:26.766  7790  7818 D NativeCustomFrequencyManager: [NativeCFMS] BpCustomFrequencyManager::BpCustomFrequencyManager()
06-06 13:00:26.766  6421  6421 I ImeFocusController: onPostWindowFocus: skipped, hasWindowFocus=false mHasImeFocus=true
06-06 13:00:26.767  2342  2420 D InputTransport: Input channel constructed: 'bb1e62c', fd=958
06-06 13:00:26.767  2342  2420 D InputTransport: Input channel constructed: 'bb1e62c', fd=1009
06-06 13:00:26.767  1574  1638 I HYPER-HAL: [RequestManager.cpp]acquire(): Acquired ID : 1757172  [1577 / 297]    HINT :      list : [TID_LOW_LATENCY / 1] [TID / 7828] [TID / 7829] [TID / 7790] [TID / 7818]
06-06 13:00:26.767  7012  7043 D C2SoftVpxEnc: bytes generated 39766
06-06 13:00:26.767  2342  2420 D InputTransport: Input channel constructed: 'bb1e62c', fd=1014
06-06 13:00:26.767  1715  1806 I SurfaceFlinger: id=1113 createSurf, flag=84004, bb1e62c etf.ri.rma.newsfeedapp/etf.ri.rma.newsfeedapp.MainActivity#1113
06-06 13:00:26.768  2342  2420 D InputTransport: Input channel destroyed: 'bb1e62c', fd=1014
06-06 13:00:26.769  1930  5588 I CameraService: onUidStateChanged: uid=10046, procState is changed. (1 -> 0)
06-06 13:00:26.769  5355  5439 I ViewRootImpl@d59d7a5[newsfeedapp]: registerCallbacksForSync syncBuffer=false
06-06 13:00:26.770  7790  7790 I InsetsController: onStateChanged: host=etf.ri.rma.newsfeedapp/etf.ri.rma.newsfeedapp.MainActivity, from=android.view.ViewRootImpl.setView:1751, state=InsetsState: {mDisplayFrame=Rect(0, 0 - 1080, 2340), mDisplayCutout=DisplayCutout{insets=Rect(0, 87 - 0, 0) waterfall=Insets{left=0, top=0, right=0, bottom=0} boundingRect={Bounds=[Rect(0, 0 - 0, 0), Rect(512, 0 - 568, 87), Rect(0, 0 - 0, 0), Rect(0, 0 - 0, 0)]} cutoutPathParserInfo={CutoutPathParserInfo{displayWidth=1080 displayHeight=2340 physicalDisplayWidth=1080 physicalDisplayHeight=2340 density={3.0} cutoutSpec={M 0,0 H -9.333333333333333 V 29 H 9.333333333333333 V 0 H 0 Z @dp} rotation={0} scale={1.0} physicalPixelDisplaySizeRatio={1.0}}}}, mRoundedCorners=RoundedCorners{[RoundedCorner{position=TopLeft, radius=102, center=Point(102, 102)}, RoundedCorner{position=TopRight, radius=102, center=Point(978, 102)}, RoundedCorner{position=BottomRight, radius=102, center=Point(978, 2238)}, RoundedCorner{position=BottomLeft, radius=102, center=Point(102, 2238)}]}  mRoundedCornerFrame=Rect(0, 0 - 1080, 2340), mPrivacyIndicatorBounds=PrivacyIndicatorBounds {static bounds=Rect(948, 0 - 1080, 87) rotation=0}, mDisplayShape=DisplayShape{ spec=1769313948 displayWidth=1080 displayHeight=2340 physicalPixelDisplaySizeRatio=1.0 rotation=0 offsetX=0 offsetY=0 scale=1.0}, mSources= { InsetsSource: {985d0000 mType=statusBars mFrame=[0,0][1080,87] mVisible=true mFlags=[]}, InsetsSource: {985d0005 mType=mandatorySystemGestures mFrame=[0,0][1080,123] mVisible=true mFlags=[]}, InsetsSource: {985d0006 mType=tappableElement mFrame=[0,0][1080,87] mVisible=true mFlags=[]}, InsetsSource: {3 mType=ime mFrame=[0,0][0,0] mVisible=false mFlags=[]}, InsetsSource: {27 mType=displayCutout mFrame=[0,0][1080,87] mVisible=true mFlags=[]}, InsetsSource: {26df0001 mType=navigationBars mFrame=[0,2196][1080,2340] mVisible=true mFlags=[]}, InsetsSource: {26df0004 mType=systemGestures mFrame=[0,0][0,0] mVisible=true mFlags=[]}, InsetsSource: {26df0005 mType=mandatorySystemGestures mFrame=[0,2196][1080,2340] mVisible=true mFlags=[]}, InsetsSource: {26df0006 mType=tappableElement mFrame=[0,2196][1080,2340] mVisible=true mFlags=[]}, InsetsSource: {26df0024 mType=systemGestures mFrame=[0,0][0,0] mVisible=true mFlags=[]} }
06-06 13:00:26.770  5355  5446 I ViewRootImpl@d59d7a5[newsfeedapp]: Received frameDrawingCallback syncResult=0 frameNum=1.
06-06 13:00:26.770  5355  5446 I ViewRootImpl@d59d7a5[newsfeedapp]: mWNT: t=0xb40000747f9ac570 mBlastBufferQueue=0xb4000074df95aad0 fn= 1 mRenderHdrSdrRatio=1.0 caller= android.view.ViewRootImpl$8.onFrameDraw:13826 android.view.ThreadedRenderer$1.onFrameDraw:792 <bottom of call stack>
06-06 13:00:26.770  5355  5446 I ViewRootImpl@d59d7a5[newsfeedapp]: Setting up sync and frameCommitCallback
06-06 13:00:26.770  7790  7790 I ViewRootImpl@9400ec0[MainActivity]: synced displayState. AttachInfo displayState=2
06-06 13:00:26.770  7790  7790 I ViewRootImpl@9400ec0[MainActivity]: setView = com.android.internal.policy.DecorView@fe3959f TM=true
06-06 13:00:26.770  5355  5445 I BLASTBufferQueue: [ViewRootImpl@d59d7a5[newsfeedapp]#37](f:0,a:0,s:0) onFrameAvailable the first frame is available
06-06 13:00:26.770  5355  5445 I ViewRootImpl@d59d7a5[newsfeedapp]: Received frameCommittedCallback lastAttemptedDrawFrameNum=1 didProduceBuffer=true
06-06 13:00:26.771  5355  5445 D OpenGLRenderer: CFMS:: SetUp Pid : 5355    Tid : 5445
06-06 13:00:26.771  5355  5439 I ViewRootImpl@d59d7a5[newsfeedapp]: reportDrawFinished seqId=0
06-06 13:00:26.771  2342  2420 V WindowManager: Relayout Window{6351c84 u0 Splash Screen etf.ri.rma.newsfeedapp.test}: viewVisibility=8 req=1080x2340 ty=3 d0
06-06 13:00:26.773  6421  9457 I ViewRootImpl@cc9c4e9[LauncherActivity]: mWNT: t=0xb40000747f93e410 mBlastBufferQueue=0xb4000074df963770 fn= 11 mRenderHdrSdrRatio=1.0 caller= com.android.systemui.shared.launcher.ViewRootImplCompat.mergeWithNextTransaction:4 com.honeyspace.transition.utils.SurfaceTransactionApplier.scheduleApply$lambda$1:26 com.honeyspace.transition.utils.SurfaceTransactionApplier.c:0
06-06 13:00:26.773  1715  2430 I SurfaceFlinger: id=1115 createSurf, flag=84004, Transition Root: Task=25#1115
06-06 13:00:26.774  2342  2420 I SurfaceControl: show, t=StartTransaction_SyncId<37>, sc=Surface(name=ActivityRecord{bd70493 u0 etf.ri.rma.newsfeedapp/.MainActivity t25})/@0x930f156, caller=com.android.server.wm.Transition.onTransactionReady:1962 com.android.server.wm.BLASTSyncEngine$SyncGroup.finishNow:310 com.android.server.wm.BLASTSyncEngine$SyncGroup.tryFinish:242 com.android.server.wm.BLASTSyncEngine$SyncGroup.-$$Nest$mtryFinish:0 com.android.server.wm.BLASTSyncEngine.onSurfacePlacement:670 com.android.server.wm.RootWindowContainer.performSurfacePlacementNoTrace:988
06-06 13:00:26.775  5355  5420 I SurfaceControl: hide, t=FinishTransaction_SyncId<37>, sc=Surface(name=Task=1)/@0x42974a3, caller=com.android.wm.shell.transition.Transitions.dispatchReady:681 com.android.wm.shell.transition.Transitions.onTransitionReady:118 com.android.wm.shell.transition.Transitions$TransitionPlayerImpl$$ExternalSyntheticLambda0.run:13 android.os.Handler.handleCallback:958 android.os.Handler.dispatchMessage:99 android.os.Looper.loopOnce:230
06-06 13:00:26.775  5355  5420 I SurfaceControl: show, t=StartTransaction_SyncId<37>, sc=Surface(name=Task=25)/@0x2af4bd2, caller=com.android.wm.shell.transition.Transitions.dispatchReady:686 com.android.wm.shell.transition.Transitions.onTransitionReady:118 com.android.wm.shell.transition.Transitions$TransitionPlayerImpl$$ExternalSyntheticLambda0.run:13 android.os.Handler.handleCallback:958 android.os.Handler.dispatchMessage:99 android.os.Looper.loopOnce:230
06-06 13:00:26.775  5355  5420 I SurfaceControl: show, t=FinishTransaction_SyncId<37>, sc=Surface(name=Task=25)/@0x2af4bd2, caller=com.android.wm.shell.transition.Transitions.dispatchReady:733 com.android.wm.shell.transition.Transitions.onTransitionReady:118 com.android.wm.shell.transition.Transitions$TransitionPlayerImpl$$ExternalSyntheticLambda0.run:13 android.os.Handler.handleCallback:958 android.os.Handler.dispatchMessage:99 android.os.Looper.loopOnce:230
06-06 13:00:26.776  1715  2430 I SurfaceFlinger: id=1116 createSurf, flag=24000, Surface(name=87e62a6 NavigationBar0)/@0xf64c4fb - animation-leash of insets_animation#1116
06-06 13:00:26.776  1715  1806 I SurfaceFlinger: id=1117 createSurf, flag=24000, Surface(name=53a7541 StatusBar)/@0x3ba06c - animation-leash of insets_animation#1117
06-06 13:00:26.777  6421  6458 I HoneySpace.ShellAnimationRunner: onAnimationCancelled
06-06 13:00:26.777  6421  6421 I HoneySpace.ShellAnimationRunner: finishExistingAnimation, com.honeyspace.transition.anim.AnimationResult@765759f
06-06 13:00:26.777  6421  6421 I HoneySpace.AnimationResult: finish, false
06-06 13:00:26.777  6421  6421 I HoneySpace.AppCloseAnimationDelegate: onAnimationCancelled
06-06 13:00:26.777  5355  5420 I SurfaceControl: apply is called, name=FinishTransaction_SyncId<36>, caller=android.view.SurfaceControl$Transaction.apply:2921 com.android.wm.shell.transition.Transitions.onFinish:302 com.android.wm.shell.transition.Transitions$$ExternalSyntheticLambda6.onTransitionFinished:15 com.android.wm.shell.transition.RemoteTransitionHandler$1$$ExternalSyntheticLambda0.run:118 android.os.Handler.handleCallback:958 android.os.Handler.dispatchMessage:99
06-06 13:00:26.777  6421  7949 I HoneySpace.AnimationResult: asyncFinishRunnable run
06-06 13:00:26.777  7012  7043 D C2SoftVpxEnc: bytes generated 7880
06-06 13:00:26.777  6421  6421 I HoneySpace.AnimationResult: completeCallback run
06-06 13:00:26.777  1715  1806 I SurfaceFlinger: id=1118 createSurf, flag=84000, d2208cd ActivityRecordInputSink etf.ri.rma.newsfeedapp/.MainActivity#1118
06-06 13:00:26.779  2342  2420 V WindowManager: Relayout hash=6351c84, pid=5355, syncId=-1: mAttrs={(0,0)(fillxfill) sim={adjust=pan} ty=APPLICATION_STARTING fmt=TRANSLUCENT alpha=0.0
06-06 13:00:26.779  2342  2420 V WindowManager:   fl=81030118
06-06 13:00:26.779  2342  2420 V WindowManager:   pfl=16000010
06-06 13:00:26.779  2342  2420 V WindowManager:   bhv=DEFAULT
06-06 13:00:26.779  2342  2420 V WindowManager:   fitSides= naviIconColor=0}
06-06 13:00:26.779  5355  5439 I ViewRootImpl@f6d3d12[test]: Relayout returned: old=(0,0,1080,2340) new=(0,0,1080,2340) relayoutAsync=false req=(1080,2340)8 dur=8 res=0x402 s={false 0x0} ch=true seqId=0
06-06 13:00:26.779  5355  5439 W WindowOnBackDispatcher: sendCancelIfRunning: isInProgress=falsecallback=android.view.ViewRootImpl$$ExternalSyntheticLambda19@1566a55
06-06 13:00:26.779  5355  5439 I ViewRootImpl@f6d3d12[test]: dispatchDetachedFromWindow
06-06 13:00:26.780  7890  7890 I ViewRootImpl@a674323[InstrumentationActivityInvoker$EmptyActivity]: handleAppVisibility mAppVisible = true visible = false
06-06 13:00:26.780  6421  6421 I HoneySpace.Launcher: onEnterAnimationComplete
06-06 13:00:26.780  5355  5420 I SurfaceControl: show, t=StartTransaction_SyncId<37>, sc=Surface(name=Transition Root: Task=25)/@0x4283a0, caller=com.android.wm.shell.transition.Transitions.playTransition:80 com.android.wm.shell.transition.Transitions.processReadyQueue:185 com.android.wm.shell.transition.Transitions.onFinish:449 com.android.wm.shell.transition.Transitions$$ExternalSyntheticLambda6.onTransitionFinished:15 com.android.wm.shell.transition.RemoteTransitionHandler$1$$ExternalSyntheticLambda0.run:118 android.os.Handler.handleCallback:958
06-06 13:00:26.780  1715  1715 I Layer   : Layer [Task=24#1044] hidden!! flag(1)
06-06 13:00:26.780  1715  1715 I Layer   : Layer::reparent [Task=24#1044] newParent : DefaultTaskDisplayArea_d0#12 , isRemovedFromCurrentState : 0 -------------------------
06-06 13:00:26.780  1715  1715 I Layer   : Layer::reparent [Task=24#1044] End -------------------------
06-06 13:00:26.780  1715  1715 I Layer   : Layer::reparent [Transition Root: Task=1#1091] newParentHandle : null -------------------------
06-06 13:00:26.780  1715  1715 I Layer   : id=1091 removeFromCurrentState Transition Root: Task=1#1091 (248)
06-06 13:00:26.780  1715  1715 I Layer   : id=1094 removeFromCurrentState Surface(name=Task=1)/@0xa7f4aeb_transition-leash#1094 (248)
06-06 13:00:26.780  1715  1715 I Layer   : id=52 removeFromCurrentState Task=1#52 (248)
06-06 13:00:26.780  1715  1715 I Layer   : id=138 removeFromCurrentState Task=8#138 (248)
06-06 13:00:26.780  1715  1715 I Layer   : id=139 removeFromCurrentState ActivityRecord{4bdcf41 u0 com.sec.android.app.launcher/.activities.LauncherActivity t8}#139 (248)
06-06 13:00:26.780  1715  1715 I Layer   : id=150 removeFromCurrentState 6231c4b ActivityRecordInputSink com.sec.android.app.launcher/.Launcher#150 (248)
06-06 13:00:26.780  1715  1715 I Layer   : id=221 removeFromCurrentState da5c5e7 com.sec.android.app.launcher/com.sec.android.app.launcher.activities.LauncherActivity#221 (248)
06-06 13:00:26.780  1715  1715 I Layer   : id=1085 removeFromCurrentState com.sec.android.app.launcher/com.sec.android.app.launcher.activities.LauncherActivity$_6421#1085 (248)
06-06 13:00:26.780  1715  1715 I Layer   : id=17 removeFromCurrentState ImeContainer#17 (248)
06-06 13:00:26.780  1715  1715 I Layer   : id=98 removeFromCurrentState WindowToken{f7b1b09 type=2011 android.os.Binder@15b9410}#98 (248)
06-06 13:00:26.780  1715  1715 I Layer   : id=1102 removeFromCurrentState Surface(name=ac5a498 InputMethod)/@0x1895ba - animation-leash of insets_animation#1102 (248)
06-06 13:00:26.780  1715  1715 I Layer   : id=154 removeFromCurrentState ac5a498 InputMethod#154 (248)
06-06 13:00:26.780  1715  1715 I Layer   : id=1095 removeFromCurrentState Surface(name=Task=24)/@0x3d92ee1_transition-leash#1095 (248)
06-06 13:00:26.780  1715  1715 I Layer   : Layer::reparent [Transition Root: Task=1#1091] End -------------------------
06-06 13:00:26.780  1715  1715 I Layer   : Layer::reparent [Task=1#52] newParent : DefaultTaskDisplayArea_d0#12 , isRemovedFromCurrentState : 0 -------------------------
06-06 13:00:26.780  1715  1715 I Layer   : id=52 addToCurrentState Task=1#52 (248)
06-06 13:00:26.780  1715  1715 I Layer   : id=138 addToCurrentState Task=8#138 (248)
06-06 13:00:26.780  1715  1715 I Layer   : id=139 addToCurrentState ActivityRecord{4bdcf41 u0 com.sec.android.app.launcher/.activities.LauncherActivity t8}#139 (248)
06-06 13:00:26.780  1715  1715 I Layer   : id=150 addToCurrentState 6231c4b ActivityRecordInputSink com.sec.android.app.launcher/.Launcher#150 (248)
06-06 13:00:26.780  1715  1715 I Layer   : id=221 addToCurrentState da5c5e7 com.sec.android.app.launcher/com.sec.android.app.launcher.activities.LauncherActivity#221 (248)
06-06 13:00:26.780  1715  1715 I Layer   : id=1085 addToCurrentState com.sec.android.app.launcher/com.sec.android.app.launcher.activities.LauncherActivity$_6421#1085 (248)
06-06 13:00:26.780  1715  1715 I Layer   : id=17 addToCurrentState ImeContainer#17 (248)
06-06 13:00:26.780  1715  1715 I Layer   : id=98 addToCurrentState WindowToken{f7b1b09 type=2011 android.os.Binder@15b9410}#98 (248)
06-06 13:00:26.780  1715  1715 I Layer   : id=1102 addToCurrentState Surface(name=ac5a498 InputMethod)/@0x1895ba - animation-leash of insets_animation#1102 (248)
06-06 13:00:26.780  1715  1715 I Layer   : id=154 addToCurrentState ac5a498 InputMethod#154 (248)
06-06 13:00:26.780  1715  1715 I Layer   : Layer::reparent [Task=1#52] End -------------------------
06-06 13:00:26.780  1715  1715 I Layer   : Layer::reparent [87e62a6 NavigationBar0#78] newParent : Surface(name=87e62a6 NavigationBar0)/@0xf64c4fb - animation-leash of insets_animation#1116 , isRemovedFromCurrentState : 0 -------------------------
06-06 13:00:26.780  1715  1715 I Layer   : Layer::reparent [87e62a6 NavigationBar0#78] End -------------------------
06-06 13:00:26.780  1715  1715 I Layer   : Layer::reparent [Surface(name=87e62a6 NavigationBar0)/@0xf64c4fb - animation-leash of insets_animation#1086] newParentHandle : null -------------------------
06-06 13:00:26.780  1715  1715 I Layer   : id=1086 removeFromCurrentState Surface(name=87e62a6 NavigationBar0)/@0xf64c4fb - animation-leash of insets_animation#1086 (248)
06-06 13:00:26.780  1715  1715 I Layer   : Layer::reparent [Surface(name=87e62a6 NavigationBar0)/@0xf64c4fb - animation-leash of insets_animation#1086] End -------------------------
06-06 13:00:26.780  1715  1715 I Layer   : Layer::reparent [53a7541 StatusBar#85] newParent : Surface(name=53a7541 StatusBar)/@0x3ba06c - animation-leash of insets_animation#1117 , isRemovedFromCurrentState : 0 -------------------------
06-06 13:00:26.780  1715  1715 I Layer   : Layer::reparent [53a7541 StatusBar#85] End -------------------------
06-06 13:00:26.780  1715  1715 I Layer   : Layer::reparent [Surface(name=53a7541 StatusBar)/@0x3ba06c - animation-leash of insets_animation#1087] newParentHandle : null -------------------------
06-06 13:00:26.780  1715  1715 I Layer   : id=1087 removeFromCurrentState Surface(name=53a7541 StatusBar)/@0x3ba06c - animation-leash of insets_animation#1087 (248)
06-06 13:00:26.780  1715  1715 I Layer   : Layer::reparent [Surface(name=53a7541 StatusBar)/@0x3ba06c - animation-leash of insets_animation#1087] End -------------------------
06-06 13:00:26.780  1715  1715 I Layer   : Layer::reparent [Transition Root: Task=1#1091] newParentHandle : null -------------------------
06-06 13:00:26.780  1715  1715 I Layer   : id=1091 removeFromCurrentState Transition Root: Task=1#1091 (248)
06-06 13:00:26.780  1715  1715 I Layer   : id=1094 removeFromCurrentState Surface(name=Task=1)/@0xa7f4aeb_transition-leash#1094 (248)
06-06 13:00:26.780  1715  1715 I Layer   : id=1095 removeFromCurrentState Surface(name=Task=24)/@0x3d92ee1_transition-leash#1095 (248)
06-06 13:00:26.780  1715  1715 I Layer   : Layer::reparent [Transition Root: Task=1#1091] End -------------------------
06-06 13:00:26.781  5355  5420 I SurfaceControl: apply is called, name=StartTransaction_SyncId<37>, caller=android.view.SurfaceControl$Transaction.apply:2921 com.android.wm.shell.transition.DefaultTransitionHandler.startAnimation:3202 com.android.wm.shell.transition.Transitions.dispatchTransition:80 com.android.wm.shell.transition.Transitions.playTransition:776 com.android.wm.shell.transition.Transitions.processReadyQueue:185 com.android.wm.shell.transition.Transitions.onFinish:449
06-06 13:00:26.781  1715  1715 I Layer   : id=1093 Destroyed Transition Root: Task=1#1091 (Mirror)#1093
06-06 13:00:26.781  1715  1715 I Layer   : id=1099 Destroyed Surface(name=Task=24)/@0x3d92ee1_transition-leash#1095 (Mirror)#1099
06-06 13:00:26.781  1715  1715 I Layer   : id=1090 Destroyed Surface(name=87e62a6 NavigationBar0)/@0xf64c4fb - animation-leash of insets_animation#1086 (Mirror)#1090
06-06 13:00:26.781  6421  9458 I ViewRootImpl@cc9c4e9[LauncherActivity]: mWNT: t=0xb40000747f966fd0 mBlastBufferQueue=0xb4000074df963770 fn= 12 mRenderHdrSdrRatio=1.0 caller= com.android.systemui.shared.launcher.ViewRootImplCompat.mergeWithNextTransaction:4 com.honeyspace.transition.utils.SurfaceTransactionApplier.scheduleApply$lambda$1:26 com.honeyspace.transition.utils.SurfaceTransactionApplier.c:0
06-06 13:00:26.781  1715  1715 I Layer   : id=1089 Destroyed Surface(name=53a7541 StatusBar)/@0x3ba06c - animation-leash of insets_animation#1087 (Mirror)#1089
06-06 13:00:26.781  1715  1715 I Layer   : id=1098 Destroyed Surface(name=Task=1)/@0xa7f4aeb_transition-leash#1094 (Mirror)#1098
06-06 13:00:26.781  1715  1715 I SurfaceFlinger: id=1087 Removed Surface(name=53a7541 StatusBar)/@0x3ba06c - animation-leash of insets_animation#1087 (247)
06-06 13:00:26.781  1715  1715 I SurfaceFlinger: id=1086 Removed Surface(name=87e62a6 NavigationBar0)/@0xf64c4fb - animation-leash of insets_animation#1086 (247)
06-06 13:00:26.781  1715  1715 I SurfaceFlinger: id=1091 Removed Transition Root: Task=1#1091 (247)
06-06 13:00:26.782  2342  3323 D InputTransport: Input channel destroyed: '6351c84', fd=990
06-06 13:00:26.783  2342  3323 W InputManager-JNI: Input channel object '6351c84 Splash Screen etf.ri.rma.newsfeedapp.test (client)' was disposed without first being removed with the input manager!
06-06 13:00:26.783  2342  3323 D InputTransport: Input channel destroyed: '6351c84', fd=1004
06-06 13:00:26.783  5355  5355 D SamsungStatusBarGrayIconHelper: isGrayAppearance=false
06-06 13:00:26.783  5355  5355 D SamsungLightBarControlHelper: onStatusBarAppearanceChanged() -  sbModeChanged:false, statusBarMode:0, barState:MODE_TRANSPARENT, isKeyguardShowing:false, navbarColorManagedByIme:false, stackAppearanceChanged:true, (AppearanceRegion{LIGHT_STATUS_BARS bounds=[0,0][1080,2340]}, ), packageName:etf.ri.rma.newsfeedapp
06-06 13:00:26.783  5355  5355 D NavigationBar: onSystemBarAttributesChanged() -  displayId:0, appearance:24, packageName: etf.ri.rma.newsfeedapp (APPEARANCE_LIGHT_STATUS_BARS APPEARANCE_LIGHT_NAVIGATION_BARS ), navbarColorManagedByIme:false
06-06 13:00:26.783  5355  5355 D SamsungLightBarControlHelper: updateNavigationBar (BLACK button) isLightOpaque:false, hasLightNavigationBarFlag:true, packageName:etf.ri.rma.newsfeedapp, DirectReplying:false, NavBarColorMangedByIme:false, ForceDarkForScrim:false, QsCustomizing:false, PanelHasWhiteBg:false
06-06 13:00:26.783  5355  5355 D SysUiState: SysUiState changed: old=0x10000000 new=0x10020000
06-06 13:00:26.783  5355  5439 D InputTransport: Input channel destroyed: '6351c84', fd=387
06-06 13:00:26.784  5355  5355 D SamsungLightBarControlHelper: updateStatusBar (BLACK icon) numStacks:1, StatusBarMode:MODE_TRANSPARENT, lightBarBounds:[Rect(0, 0 - 1080, 2340)], StatusBarState:SHADE, packageName:etf.ri.rma.newsfeedapp, isWhiteKeyguardStatusBar:false
06-06 13:00:26.784  5355  5439 I InsetsSourceConsumer: applyRequestedVisibilityToControl: visible=true, type=navigationBars, host=Splash Screen etf.ri.rma.newsfeedapp
06-06 13:00:26.784  5355  5439 I InsetsSourceConsumer: applyRequestedVisibilityToControl: visible=true, type=statusBars, host=Splash Screen etf.ri.rma.newsfeedapp
06-06 13:00:26.784  6421  7247 I HoneySpace.SystemUiRepository: systemUiFlags: allow_gesture|awake
06-06 13:00:26.785  1715  1715 D SurfaceFlinger: Display 4630946970390616451 HWC layers:
06-06 13:00:26.785  1715  1715 D SurfaceFlinger:      DEVICE | 0xb4000073beb13a00 | 0100 | RGBA_8888    |  669.0   85.0 1671.0 2255.0 |    0    0 1080 2340 | Wallpaper BBQ wrapper 5_system#94
06-06 13:00:26.785  1715  1715 D SurfaceFlinger:      DEVICE | 0xb4000073beb012b0 | 0100 | RGBA_8888    |    0.0    0.0 1080.0 2340.0 |    0    0 1080 2340 | com.sec.android.app.launcher/com.sec[...]tivities.LauncherActivity$_6421#1085
06-06 13:00:26.785  1715  1715 D SurfaceFlinger:      DEVICE | 0xb4000073beb044c0 | 0100 | RGBA_8888    |    0.0    0.0 1080.0   87.0 |    0    0 1080   87 | StatusBar$_5355#90
06-06 13:00:26.785  1715  1715 D SurfaceFlinger:      DEVICE | 0xb4000073beb138e0 | 0100 | RGBA_8888    |    0.0    0.0   67.0  342.0 | 1013  438 1080  780 | com.sec.android.app.launcher/com.sam[...]ce.edge.CocktailBarService$_6421#145
06-06 13:00:26.785  1715  1715 D SurfaceFlinger:      DEVICE | 0xb4000073beb07fd0 | 0100 | RGBA_8888    |    0.0    0.0 1080.0  144.0 |    0 2196 1080 2340 | NavigationBar0$_5355#89
06-06 13:00:26.785  1715  1715 D SurfaceFlinger:
06-06 13:00:26.785  6421  6421 I Edge.ActivityUtils: HomePackage : com.sec.android.app.launcher, resumePackageName : etf.ri.rma.newsfeedapp
06-06 13:00:26.785  6421  6487 I HoneySpace.TaskbarEventTracker: invokeEvent() called with: event = SystemUiStateChanged(stateFlags=268566528)
06-06 13:00:26.789  1715  1715 I Layer   : Layer::reparent [Task=1#52] newParent : Transition Root: Task=25#1115 , isRemovedFromCurrentState : 0 -------------------------
06-06 13:00:26.789  1715  1715 I Layer   : Layer::reparent [Task=1#52] End -------------------------
06-06 13:00:26.789  1715  1715 I Layer   : Layer [Task=25#1105] hidden!! flag(0)
06-06 13:00:26.789  1715  1715 I Layer   : Layer::reparent [Task=25#1105] newParent : Transition Root: Task=25#1115 , isRemovedFromCurrentState : 0 -------------------------
06-06 13:00:26.789  1715  1715 I Layer   : Layer::reparent [Task=25#1105] End -------------------------
06-06 13:00:26.789  1715  1715 I Layer   : Layer [Transition Root: Task=25#1115] hidden!! flag(0)
06-06 13:00:26.789  1715  1715 I Layer   : Layer [ActivityRecord{bd70493 u0 etf.ri.rma.newsfeedapp/.MainActivity t25}#1107] hidden!! flag(0)
06-06 13:00:26.789  1715  1715 I Layer   : Layer [3cb22da Splash Screen etf.ri.rma.newsfeedapp#1109] hidden!! flag(0)
06-06 13:00:26.789  1715  1715 I Layer   : Layer [Splash Screen etf.ri.rma.newsfeedapp$_5355#1110] hidden!! flag(0)
06-06 13:00:26.789  1715  1715 I Layer   : Layer [bb1e62c etf.ri.rma.newsfeedapp/etf.ri.rma.newsfeedapp.MainActivity#1113] hidden!! flag(0)
06-06 13:00:26.789  1715  1715 I Layer   : Layer [Splash Screen etf.ri.rma.newsfeedapp.test$_5355#1047] hidden!! flag(1)
06-06 13:00:26.789  1715  1715 I Layer   : Layer [ActivityRecord{509bb5 u0 etf.ri.rma.newsfeedapp.test/androidx.test.core.app.InstrumentationActivityInvoker$EmptyActivity t24}#1045] hidden!! flag(1)
06-06 13:00:26.789  1715  1715 I Layer   : Layer [etf.ri.rma.newsfeedapp.test/androidx.test.core.app.InstrumentationActivityInvoker$EmptyActivity$_7890#1066] hidden!! flag(1)
06-06 13:00:26.789  1715  1715 I Layer   : Layer::reparent [b03cd9b etf.ri.rma.newsfeedapp.test/androidx.test.core.app.InstrumentationActivityInvoker$EmptyActivity#1059] newParent : ActivityRecord{509bb5 u0 etf.ri.rma.newsfeedapp.test/androidx.test.core.app.InstrumentationActivityInvoker$EmptyActivity t24}#1045 , isRemovedFromCurrentState : 0 -------------------------
06-06 13:00:26.789  1715  1715 I Layer   : Layer::reparent [b03cd9b etf.ri.rma.newsfeedapp.test/androidx.test.core.app.InstrumentationActivityInvoker$EmptyActivity#1059] End -------------------------
06-06 13:00:26.789  1715  1715 I Layer   : Layer::reparent [6351c84 Splash Screen etf.ri.rma.newsfeedapp.test#1046] newParentHandle : null -------------------------
06-06 13:00:26.789  1715  1715 I Layer   : id=1046 removeFromCurrentState 6351c84 Splash Screen etf.ri.rma.newsfeedapp.test#1046 (247)
06-06 13:00:26.789  1715  1715 I Layer   : id=1047 removeFromCurrentState Splash Screen etf.ri.rma.newsfeedapp.test$_5355#1047 (247)
06-06 13:00:26.789  1715  1715 I Layer   : Layer::reparent [6351c84 Splash Screen etf.ri.rma.newsfeedapp.test#1046] End -------------------------
06-06 13:00:26.789  1715  1715 I Layer   : Layer::reparent [Surface(name=b03cd9b etf.ri.rma.newsfeedapp.test/androidx.test.core.app.InstrumentationActivityInvoker$EmptyActivity)/@0x1f25ba0 - animation-leash of starting_reveal#1100] newParentHandle : null -------------------------
06-06 13:00:26.789  1715  1715 I Layer   : id=1100 removeFromCurrentState Surface(name=b03cd9b etf.ri.rma.newsfeedapp.test/androidx.test.core.app.InstrumentationActivityInvoker$EmptyActivity)/@0x1f25ba0 - animation-leash of starting_reveal#1100 (247)
06-06 13:00:26.789  1715  1715 I Layer   : Layer::reparent [Surface(name=b03cd9b etf.ri.rma.newsfeedapp.test/androidx.test.core.app.InstrumentationActivityInvoker$EmptyActivity)/@0x1f25ba0 - animation-leash of starting_reveal#1100] End -------------------------
06-06 13:00:26.789  1715  1715 I Layer   : Layer::reparent [Splash Screen etf.ri.rma.newsfeedapp.test$_5355#1047] newParentHandle : null -------------------------
06-06 13:00:26.789  1715  1715 I Layer   : id=1047 removeFromCurrentState Splash Screen etf.ri.rma.newsfeedapp.test$_5355#1047 (247)
06-06 13:00:26.789  1715  1715 I Layer   : Layer::reparent [Splash Screen etf.ri.rma.newsfeedapp.test$_5355#1047] End -------------------------
06-06 13:00:26.789  1715  1715 I Layer   : id=1091 Destroyed Transition Root: Task=1#1091
06-06 13:00:26.789  1715  1715 I Layer   : id=1086 Destroyed Surface(name=87e62a6 NavigationBar0)/@0xf64c4fb - animation-leash of insets_animation#1086
06-06 13:00:26.789  1715  1715 I Layer   : id=1087 Destroyed Surface(name=53a7541 StatusBar)/@0x3ba06c - animation-leash of insets_animation#1087
06-06 13:00:26.789  1715  1715 I Layer   : id=1101 Destroyed Surface(name=b03cd9b etf.ri.rma.newsfeedapp.test/androidx.test.core.app.InstrumentationActivityInvoker$EmptyActivity)/@0x1f25ba0 - animation-leash of starting_reveal#1100 (Mirror)#1101
06-06 13:00:26.789  1715  1715 I Layer   : id=1050 Destroyed 6351c84 Splash Screen etf.ri.rma.newsfeedapp.test#1046 (Mirror)#1050
06-06 13:00:26.789  7890  7890 I ViewRootImpl@a674323[InstrumentationActivityInvoker$EmptyActivity]: destroyHardwareResources: Callers=android.view.ViewRootImpl.performTraversals:3937 android.view.ViewRootImpl.doTraversal:3291 android.view.ViewRootImpl$TraversalRunnable.run:11329 android.view.Choreographer$CallbackRecord.run:1689 android.view.Choreographer$CallbackRecord.run:1698 android.view.Choreographer.doCallbacks:1153 android.view.Choreographer.doFrame:1079 android.view.Choreographer$FrameDisplayEventReceiver.run:1646 android.os.Handler.handleCallback:958 android.os.Handler.dispatchMessage:99
06-06 13:00:26.789  1715  1715 I SurfaceFlinger: id=1047 Removed Splash Screen etf.ri.rma.newsfeedapp.test$_5355#1047 (242)
06-06 13:00:26.790  1715  1715 I Layer   : id=1051 Destroyed Splash Screen etf.ri.rma.newsfeedapp.test$_5355#1047 (Mirror)#1051
06-06 13:00:26.790  6421  9457 I ViewRootImpl@cc9c4e9[LauncherActivity]: mWNT: t=0xb40000747f95c130 mBlastBufferQueue=0xb4000074df963770 fn= 13 mRenderHdrSdrRatio=1.0 caller= com.android.systemui.shared.launcher.ViewRootImplCompat.mergeWithNextTransaction:4 com.honeyspace.transition.utils.SurfaceTransactionApplier.scheduleApply$lambda$1:26 com.honeyspace.transition.utils.SurfaceTransactionApplier.c:0
06-06 13:00:26.790  7890  7917 D OpenGLRenderer: CacheManager::trimMemory(20)
06-06 13:00:26.791  7012  7043 D C2SoftVpxEnc: bytes generated 28031
06-06 13:00:26.791  2342  2420 V WindowManager: Relayout Window{b03cd9b u0 etf.ri.rma.newsfeedapp.test/androidx.test.core.app.InstrumentationActivityInvoker$EmptyActivity}: viewVisibility=8 req=1080x2340 ty=1 d0
