06-06 13:00:26.148  6421  9458 I ViewRootImpl@cc9c4e9[LauncherActivity]: mWNT: t=0xb40000747f952cb0 mBlastBufferQueue=0xb4000074df963770 fn= 19 mRenderHdrSdrRatio=1.0 caller= com.android.systemui.shared.launcher.ViewRootImplCompat.mergeWithNextTransaction:4 com.honeyspace.transition.utils.SurfaceTransactionApplier.scheduleApply$lambda$1:26 com.honeyspace.transition.utils.SurfaceTransactionApplier.c:0
06-06 13:00:26.149  7012  7043 D C2SoftVpxEnc: bytes generated 11864
06-06 13:00:26.156  6421  9457 I ViewRootImpl@cc9c4e9[LauncherActivity]: mWNT: t=0xb40000747f96ca90 mBlastBufferQueue=0xb4000074df963770 fn= 20 mRenderHdrSdrRatio=1.0 caller= com.android.systemui.shared.launcher.ViewRootImplCompat.mergeWithNextTransaction:4 com.honeyspace.transition.utils.SurfaceTransactionApplier.scheduleApply$lambda$1:26 com.honeyspace.transition.utils.SurfaceTransactionApplier.c:0
06-06 13:00:26.160  7012  7043 D C2SoftVpxEnc: bytes generated 14133
06-06 13:00:26.160  7790  7790 D DEBUG_IMAGE: News Title: Velika politička odluka donijeta danas, Image URL: https://interview.ba/wp-content/uploads/2024/09/fikret-1024x652.png
06-06 13:00:26.164  6421  9458 I ViewRootImpl@cc9c4e9[LauncherActivity]: mWNT: t=0xb40000747f94d4b0 mBlastBufferQueue=0xb4000074df963770 fn= 21 mRenderHdrSdrRatio=1.0 caller= com.android.systemui.shared.launcher.ViewRootImplCompat.mergeWithNextTransaction:4 com.honeyspace.transition.utils.SurfaceTransactionApplier.scheduleApply$lambda$1:26 com.honeyspace.transition.utils.SurfaceTransactionApplier.c:0
06-06 13:00:26.171  7012  7043 D C2SoftVpxEnc: bytes generated 18981
06-06 13:00:26.173  6421  9457 I ViewRootImpl@cc9c4e9[LauncherActivity]: mWNT: t=0xb40000747f94af90 mBlastBufferQueue=0xb4000074df963770 fn= 22 mRenderHdrSdrRatio=1.0 caller= com.android.systemui.shared.launcher.ViewRootImplCompat.mergeWithNextTransaction:4 com.honeyspace.transition.utils.SurfaceTransactionApplier.scheduleApply$lambda$1:26 com.honeyspace.transition.utils.SurfaceTransactionApplier.c:0
06-06 13:00:26.175  7790  7790 D DEBUG_IMAGE: News Title: Nevjerovatan preokret na utakmici, Image URL: https://scsport.ba/wp-content/uploads/2023/02/verona566-860x464.jpg
06-06 13:00:26.181  6421  9458 I ViewRootImpl@cc9c4e9[LauncherActivity]: mWNT: t=0xb40000747f974bd0 mBlastBufferQueue=0xb4000074df963770 fn= 23 mRenderHdrSdrRatio=1.0 caller= com.android.systemui.shared.launcher.ViewRootImplCompat.mergeWithNextTransaction:4 com.honeyspace.transition.utils.SurfaceTransactionApplier.scheduleApply$lambda$1:26 com.honeyspace.transition.utils.SurfaceTransactionApplier.c:0
06-06 13:00:26.182  7012  7043 D C2SoftVpxEnc: bytes generated 17014
06-06 13:00:26.184  2342  2420 V WindowManager: Relayout Window{814e0ff u0 etf.ri.rma.newsfeedapp/etf.ri.rma.newsfeedapp.MainActivity}: viewVisibility=0 req=1080x2340 ty=1 d0
06-06 13:00:26.184  1715  1806 I SurfaceFlinger: id=1033 createSurf, flag=44004, etf.ri.rma.newsfeedapp/etf.ri.rma.newsfeedapp.MainActivity$_7790#1033
06-06 13:00:26.186 24682 24682 I A       : onPause
06-06 13:00:26.186  1715  1806 I SurfaceFlinger: id=1034 createSurf, flag=24000, Surface(name=87e62a6 NavigationBar0)/@0xf64c4fb - animation-leash of insets_animation#1034
06-06 13:00:26.186  1715  1806 I SurfaceFlinger: id=1035 createSurf, flag=24000, Surface(name=53a7541 StatusBar)/@0x3ba06c - animation-leash of insets_animation#1035
06-06 13:00:26.187  2342  2420 V WindowManager: Relayout hash=814e0ff, pid=7790, syncId=-1: mAttrs={(0,0)(fillxfill) sim={adjust=pan forwardNavigation} ty=BASE_APPLICATION wanim=0x1030303
06-06 13:00:26.187  2342  2420 V WindowManager:   fl=81810100
06-06 13:00:26.187  2342  2420 V WindowManager:   pfl=12008040
06-06 13:00:26.187  2342  2420 V WindowManager:   bhv=DEFAULT
06-06 13:00:26.187  2342  2420 V WindowManager:   fitSides= naviIconColor=0}
06-06 13:00:26.188  7790  7790 I BLASTBufferQueue_Java: new BLASTBufferQueue, mName= ViewRootImpl@7ad7a43[MainActivity] mNativeObject= 0xb4000074df969530 sc.mNativeObject= 0xb4000073af94af10 caller= android.view.ViewRootImpl.updateBlastSurfaceIfNeeded:3031 android.view.ViewRootImpl.relayoutWindow:10121 android.view.ViewRootImpl.performTraversals:4115 android.view.ViewRootImpl.doTraversal:3291 android.view.ViewRootImpl$TraversalRunnable.run:11329 android.view.Choreographer$CallbackRecord.run:1689 android.view.Choreographer$CallbackRecord.run:1698 android.view.Choreographer.doCallbacks:1153 android.view.Choreographer.doFrame:1079 android.view.Choreographer$FrameDisplayEventReceiver.run:1646
06-06 13:00:26.188  7790  7790 I BLASTBufferQueue_Java: update, w= 1080 h= 2340 mName = ViewRootImpl@7ad7a43[MainActivity] mNativeObject= 0xb4000074df969530 sc.mNativeObject= 0xb4000073af94af10 format= -1 caller= android.graphics.BLASTBufferQueue.<init>:89 android.view.ViewRootImpl.updateBlastSurfaceIfNeeded:3031 android.view.ViewRootImpl.relayoutWindow:10121 android.view.ViewRootImpl.performTraversals:4115 android.view.ViewRootImpl.doTraversal:3291 android.view.ViewRootImpl$TraversalRunnable.run:11329
06-06 13:00:26.189  7790  7790 I ViewRootImpl@7ad7a43[MainActivity]: Relayout returned: old=(0,0,1080,2340) new=(0,0,1080,2340) relayoutAsync=false req=(1080,2340)0 dur=4 res=0x403 s={true 0xb4000074af990ad0} ch=true seqId=0
06-06 13:00:26.189  7790  7790 I ViewRootImpl@7ad7a43[MainActivity]: performConfigurationChange setNightDimText nightDimLevel=0
06-06 13:00:26.189  7790  7790 D ViewRootImpl@7ad7a43[MainActivity]: mThreadedRenderer.initialize() mSurface={isValid=true 0xb4000074af990ad0} hwInitialized=true
06-06 13:00:26.190  6421  9457 I ViewRootImpl@cc9c4e9[LauncherActivity]: mWNT: t=0xb40000747f94c170 mBlastBufferQueue=0xb4000074df963770 fn= 24 mRenderHdrSdrRatio=1.0 caller= com.android.systemui.shared.launcher.ViewRootImplCompat.mergeWithNextTransaction:4 com.honeyspace.transition.utils.SurfaceTransactionApplier.scheduleApply$lambda$1:26 com.honeyspace.transition.utils.SurfaceTransactionApplier.c:0
06-06 13:00:26.191  5355  5355 D SamsungStatusBarGrayIconHelper: isGrayAppearance=false
06-06 13:00:26.191  5355  5355 D NavigationBar: onSystemBarAttributesChanged() -  displayId:0, appearance:16, packageName: etf.ri.rma.newsfeedapp (APPEARANCE_LIGHT_NAVIGATION_BARS ), navbarColorManagedByIme:false
06-06 13:00:26.192  6421  4145 I HoneySpace.RecentTasks: onRecentTasksChanged
06-06 13:00:26.192  8184  8685 I SemDvfsHyPerManager: acquire hyper - TABaseBoost/8184@26, type = 1090523139
06-06 13:00:26.193  1574  1638 I HYPER-HAL: [RequestManager.cpp]acquire(): Acquired ID : 33706181  [8184 / 26]    HINT :      list : [TABoost / 1]
06-06 13:00:26.194  7012  7043 D C2SoftVpxEnc: bytes generated 23171
06-06 13:00:26.196  7790  7790 D ViewRootImpl@7ad7a43[MainActivity]: reportNextDraw android.view.ViewRootImpl.performTraversals:4723 android.view.ViewRootImpl.doTraversal:3291 android.view.ViewRootImpl$TraversalRunnable.run:11329 android.view.Choreographer$CallbackRecord.run:1689 android.view.Choreographer$CallbackRecord.run:1698
06-06 13:00:26.196  7790  7790 I ViewRootImpl@7ad7a43[MainActivity]: Setup new sync=wmsSync-ViewRootImpl@7ad7a43[MainActivity]#12
06-06 13:00:26.196  7790  7790 I ViewRootImpl@7ad7a43[MainActivity]: Creating new active sync group ViewRootImpl@7ad7a43[MainActivity]#13
06-06 13:00:26.197  7790  7790 I ViewRootImpl@7ad7a43[MainActivity]: registerCallbacksForSync syncBuffer=false
06-06 13:00:26.197  1715  1715 I Layer   : Layer::reparent [Surface(name=53a7541 StatusBar)/@0x3ba06c - animation-leash of insets_animation#1030] newParentHandle : null -------------------------
06-06 13:00:26.197  1715  1715 I Layer   : id=1030 removeFromCurrentState Surface(name=53a7541 StatusBar)/@0x3ba06c - animation-leash of insets_animation#1030 (243)
06-06 13:00:26.197  1715  1715 I Layer   : id=85 removeFromCurrentState 53a7541 StatusBar#85 (243)
06-06 13:00:26.197  1715  1715 I Layer   : id=90 removeFromCurrentState StatusBar$_5355#90 (243)
06-06 13:00:26.197  1715  1715 I Layer   : Layer::reparent [Surface(name=53a7541 StatusBar)/@0x3ba06c - animation-leash of insets_animation#1030] End -------------------------
06-06 13:00:26.197  1715  1715 I Layer   : Layer::reparent [87e62a6 NavigationBar0#78] newParent : Surface(name=87e62a6 NavigationBar0)/@0xf64c4fb - animation-leash of insets_animation#1034 , isRemovedFromCurrentState : 0 -------------------------
06-06 13:00:26.197  1715  1715 I Layer   : Layer::reparent [87e62a6 NavigationBar0#78] End -------------------------
06-06 13:00:26.197  1715  1715 I Layer   : Layer::reparent [Surface(name=87e62a6 NavigationBar0)/@0xf64c4fb - animation-leash of insets_animation#1029] newParentHandle : null -------------------------
06-06 13:00:26.197  1715  1715 I Layer   : id=1029 removeFromCurrentState Surface(name=87e62a6 NavigationBar0)/@0xf64c4fb - animation-leash of insets_animation#1029 (243)
06-06 13:00:26.197  1715  1715 I Layer   : Layer::reparent [Surface(name=87e62a6 NavigationBar0)/@0xf64c4fb - animation-leash of insets_animation#1029] End -------------------------
06-06 13:00:26.197  1715  1715 I Layer   : Layer::reparent [53a7541 StatusBar#85] newParent : Surface(name=53a7541 StatusBar)/@0x3ba06c - animation-leash of insets_animation#1035 , isRemovedFromCurrentState : 0 -------------------------
06-06 13:00:26.197  1715  1715 I Layer   : id=85 addToCurrentState 53a7541 StatusBar#85 (243)
06-06 13:00:26.197  1715  1715 I Layer   : id=90 addToCurrentState StatusBar$_5355#90 (243)
06-06 13:00:26.197  1715  1715 I Layer   : Layer::reparent [53a7541 StatusBar#85] End -------------------------
06-06 13:00:26.197  1715  1715 I Layer   : id=1031 Destroyed Surface(name=53a7541 StatusBar)/@0x3ba06c - animation-leash of insets_animation#1030 (Mirror)#1031
06-06 13:00:26.197  1715  1715 I Layer   : id=1032 Destroyed Surface(name=87e62a6 NavigationBar0)/@0xf64c4fb - animation-leash of insets_animation#1029 (Mirror)#1032
06-06 13:00:26.198  1715  1715 I SurfaceFlinger: id=1029 Removed Surface(name=87e62a6 NavigationBar0)/@0xf64c4fb - animation-leash of insets_animation#1029 (241)
06-06 13:00:26.198  1715  1715 I SurfaceFlinger: id=1030 Removed Surface(name=53a7541 StatusBar)/@0x3ba06c - animation-leash of insets_animation#1030 (241)
06-06 13:00:26.198  6421  9458 I ViewRootImpl@cc9c4e9[LauncherActivity]: mWNT: t=0xb40000747f9756d0 mBlastBufferQueue=0xb4000074df963770 fn= 25 mRenderHdrSdrRatio=1.0 caller= com.android.systemui.shared.launcher.ViewRootImplCompat.mergeWithNextTransaction:4 com.honeyspace.transition.utils.SurfaceTransactionApplier.scheduleApply$lambda$1:26 com.honeyspace.transition.utils.SurfaceTransactionApplier.c:0
06-06 13:00:26.198  2342  2420 D InputDispatcher: Focus request (0): 814e0ff etf.ri.rma.newsfeedapp/etf.ri.rma.newsfeedapp.MainActivity but waiting because NO_WINDOW
06-06 13:00:26.202  7790  7829 I ViewRootImpl@7ad7a43[MainActivity]: Received frameDrawingCallback syncResult=0 frameNum=1.
06-06 13:00:26.202  7790  7829 I ViewRootImpl@7ad7a43[MainActivity]: mWNT: t=0xb40000747f936430 mBlastBufferQueue=0xb4000074df969530 fn= 1 mRenderHdrSdrRatio=1.0 caller= android.view.ViewRootImpl$8.onFrameDraw:13826 android.view.ThreadedRenderer$1.onFrameDraw:792 <bottom of call stack>
06-06 13:00:26.202  7790  7829 I ViewRootImpl@7ad7a43[MainActivity]: Setting up sync and frameCommitCallback
06-06 13:00:26.203  7790  7818 I BLASTBufferQueue: [ViewRootImpl@7ad7a43[MainActivity]#6](f:0,a:0,s:0) onFrameAvailable the first frame is available
06-06 13:00:26.203  7790  7818 I ViewRootImpl@7ad7a43[MainActivity]: Received frameCommittedCallback lastAttemptedDrawFrameNum=1 didProduceBuffer=true
06-06 13:00:26.204  7790  7818 D OpenGLRenderer: CFMS:: SetUp Pid : 7790    Tid : 7818
06-06 13:00:26.204  7790  7790 I ViewRootImpl@7ad7a43[MainActivity]: reportDrawFinished seqId=0
06-06 13:00:26.204  7790  7818 D OpenGLRenderer: HWUI - treat SMPTE_170M as sRGB
06-06 13:00:26.205  7790  7790 I InsetsSourceConsumer: applyRequestedVisibilityToControl: visible=true, type=navigationBars, host=etf.ri.rma.newsfeedapp/etf.ri.rma.newsfeedapp.MainActivity
06-06 13:00:26.205  7790  7790 I InsetsSourceConsumer: applyRequestedVisibilityToControl: visible=true, type=statusBars, host=etf.ri.rma.newsfeedapp/etf.ri.rma.newsfeedapp.MainActivity
06-06 13:00:26.205  1715  1715 I Layer   : id=1030 Destroyed Surface(name=53a7541 StatusBar)/@0x3ba06c - animation-leash of insets_animation#1030
06-06 13:00:26.205  1715  1715 I Layer   : id=1029 Destroyed Surface(name=87e62a6 NavigationBar0)/@0xf64c4fb - animation-leash of insets_animation#1029
06-06 13:00:26.205  1715  2430 I SurfaceFlinger: id=1039 createSurf, flag=24000, Surface(name=814e0ff etf.ri.rma.newsfeedapp/etf.ri.rma.newsfeedapp.MainActivity)/@0x308d1e2 - animation-leash of starting_reveal#1039
06-06 13:00:26.206  6421  9457 I ViewRootImpl@cc9c4e9[LauncherActivity]: mWNT: t=0xb40000747f94acd0 mBlastBufferQueue=0xb4000074df963770 fn= 26 mRenderHdrSdrRatio=1.0 caller= com.android.systemui.shared.launcher.ViewRootImplCompat.mergeWithNextTransaction:4 com.honeyspace.transition.utils.SurfaceTransactionApplier.scheduleApply$lambda$1:26 com.honeyspace.transition.utils.SurfaceTransactionApplier.c:0
06-06 13:00:26.207  2342  2629 W ziparchive: Unable to open '/data/app/~~iv0fcnx4L502rO6Suz5MAg==/etf.ri.rma.newsfeedapp-X2lKCZXV0V5p124bIc4GlA==/base.dm': No such file or directory
06-06 13:00:26.207  7012  7043 D C2SoftVpxEnc: bytes generated 29613
06-06 13:00:26.208  2342  2629 I PkgPredictorService-SecIpmManagerServiceImpl: reportToNAP uid:10317 etf.ri.rma.newsfeedapp/etf.ri.rma.newsfeedapp.MainActivity thisTime:132
06-06 13:00:26.208  2342  2629 D PkgPredictorService-SecIpmManagerServiceImpl: reportToNAP: mHeavyLaunchCounter is false
06-06 13:00:26.209  2342  5454 I SemDvfsHyPerManager: acquire hyper - AMS_RESUME_TAIL/2342@16, type = -999
06-06 13:00:26.209  2342  5454 I SemDvfsHyPerManager: acquire hyper - AMS_ACT_LAZY/2342@17, type = -999
06-06 13:00:26.209  1574  1638 I HYPER-HAL: [RequestManager.cpp]acquire(): Acquired ID : 2781277  [2342 / 16]    HINT : AMS_RESUME_TAIL    list :
06-06 13:00:26.210  7890  7890 I ViewRootImpl@177d1b5[InstrumentationActivityInvoker$EmptyActivity]: stopped(true) old = false
06-06 13:00:26.210  7890  7890 D ViewRootImpl@177d1b5[InstrumentationActivityInvoker$EmptyActivity]: WindowStopped on etf.ri.rma.newsfeedapp.test/androidx.test.core.app.InstrumentationActivityInvoker$EmptyActivity set to true
06-06 13:00:26.211  7890  7917 D OpenGLRenderer: CacheManager::trimMemory(20)
06-06 13:00:26.211  2342  2630 D PkgPredictorService-SecIpmManagerServiceImpl: bg information pid:7890 uid:10318 pkgName:etf.ri.rma.newsfeedapp.test
06-06 13:00:26.212  1574  1638 I HYPER-HAL: [RequestManager.cpp]acquire(): Acquired ID : 2783637  [2342 / 17]    HINT : AMS_ACT_LAZY    list :
06-06 13:00:26.212  7890  7890 W WindowOnBackDispatcher: sendCancelIfRunning: isInProgress=falsecallback=android.view.ViewRootImpl$$ExternalSyntheticLambda19@a0d431
06-06 13:00:26.213  7890  7917 D OpenGLRenderer: CacheManager::trimMemory(20)
06-06 13:00:26.213  2342  2629 I ActivityTaskManager: Displayed etf.ri.rma.newsfeedapp/.MainActivity for user 0: +132ms
06-06 13:00:26.213  7273  7273 E pageboostd: Received HALT command code 2
06-06 13:00:26.214  2342  5454 V WindowManager: Relayout Window{51008ed u0 Splash Screen etf.ri.rma.newsfeedapp}: viewVisibility=0 req=1080x2340 ty=3 d0
06-06 13:00:26.214  6421  9458 I ViewRootImpl@cc9c4e9[LauncherActivity]: mWNT: t=0xb40000747f9605f0 mBlastBufferQueue=0xb4000074df963770 fn= 27 mRenderHdrSdrRatio=1.0 caller= com.android.systemui.shared.launcher.ViewRootImplCompat.mergeWithNextTransaction:4 com.honeyspace.transition.utils.SurfaceTransactionApplier.scheduleApply$lambda$1:26 com.honeyspace.transition.utils.SurfaceTransactionApplier.c:0
06-06 13:00:26.215  1574  1638 I HYPER-HAL: [RequestManager.cpp]releaseLocked(): Released ID : 2816782
06-06 13:00:26.215  1574  1638 I HYPER-HAL: [RequestManager.cpp]acquire(): Acquired ID : 1727292  [1577 / 281]    HINT :      list : [TID_LOW_LATENCY / 1] [TID / 7920] [TID / 7921] [TID / 7890] [TID / 7917]
06-06 13:00:26.216  7890  7890 I ViewRootImpl@177d1b5[InstrumentationActivityInvoker$EmptyActivity]: dispatchDetachedFromWindow
06-06 13:00:26.216  1715  1715 I Layer   : Layer::reparent [814e0ff etf.ri.rma.newsfeedapp/etf.ri.rma.newsfeedapp.MainActivity#1024] newParent : Surface(name=814e0ff etf.ri.rma.newsfeedapp/etf.ri.rma.newsfeedapp.MainActivity)/@0x308d1e2 - animation-leash of starting_reveal#1039 , isRemovedFromCurrentState : 0 -------------------------
06-06 13:00:26.217  1715  1715 I Layer   : Layer::reparent [814e0ff etf.ri.rma.newsfeedapp/etf.ri.rma.newsfeedapp.MainActivity#1024] End -------------------------
06-06 13:00:26.217  1715  1715 I Layer   : Layer [etf.ri.rma.newsfeedapp/etf.ri.rma.newsfeedapp.MainActivity$_7790#1033] hidden!! flag(0)
06-06 13:00:26.217  2342  5454 V WindowManager: Relayout hash=51008ed, pid=5355, syncId=-1: mAttrs={(0,0)(fillxfill) sim={adjust=pan} ty=APPLICATION_STARTING fmt=TRANSLUCENT wanim=0x1030303
06-06 13:00:26.217  2342  5454 V WindowManager:   fl=81030118
06-06 13:00:26.217  2342  5454 V WindowManager:   pfl=16000010
06-06 13:00:26.217  2342  5454 V WindowManager:   bhv=DEFAULT
06-06 13:00:26.217  2342  5454 V WindowManager:   fitSides= naviIconColor=0}
06-06 13:00:26.217  2342  2420 D InputTransport: Input channel destroyed: '3a73a2f', fd=1087
06-06 13:00:26.217  2342  2420 W InputManager-JNI: Input channel object '3a73a2f etf.ri.rma.newsfeedapp.test/androidx.test.core.app.InstrumentationActivityInvoker$EmptyActivity (client)' was disposed without first being removed with the input manager!
06-06 13:00:26.217  2342  2420 D InputTransport: Input channel destroyed: '3a73a2f', fd=1093
06-06 13:00:26.217  5355  5439 I BLASTBufferQueue_Java: update, w= 1080 h= 2340 mName = ViewRootImpl@29d3f14[newsfeedapp] mNativeObject= 0xb4000074df95a7b0 sc.mNativeObject= 0xb4000073af963bd0 format= -3 caller= android.view.ViewRootImpl.updateBlastSurfaceIfNeeded:3020 android.view.ViewRootImpl.relayoutWindow:10121 android.view.ViewRootImpl.performTraversals:4115 android.view.ViewRootImpl.doTraversal:3291 android.view.ViewRootImpl$TraversalRunnable.run:11329 android.view.Choreographer$CallbackRecord.run:1689
06-06 13:00:26.217  2342  3323 D InputDispatcher: Focus entered window (0): 814e0ff etf.ri.rma.newsfeedapp/etf.ri.rma.newsfeedapp.MainActivity
06-06 13:00:26.217  5355  5439 I ViewRootImpl@29d3f14[newsfeedapp]: Relayout returned: old=(0,0,1080,2340) new=(0,0,1080,2340) relayoutAsync=false req=(1080,2340)0 dur=3 res=0x400 s={true 0xb4000074afa0a060} ch=false seqId=0
06-06 13:00:26.218  1574  1638 I HYPER-HAL: [RequestManager.cpp]acquire(): Acquired ID : 1727292  [1577 / 281]    HINT :      list : [TID_LOW_LATENCY / 0] [TID / 7920] [TID / 7921] [TID / 7890] [TID / 7917]
06-06 13:00:26.218  5355  5439 I ViewRootImpl@29d3f14[newsfeedapp]: registerCallbackForPendingTransactions
06-06 13:00:26.218  1574  1638 I HYPER-HAL: [RequestManager.cpp]acquire(): Acquired ID : 1727292  [1577 / 281]    HINT :      list : [TID_LOW_LATENCY / 0] [TID / 7920] [TID / 7921] [TID / 7890] [TID / 7917]
06-06 13:00:26.218  5355  5446 I ViewRootImpl@29d3f14[newsfeedapp]: mWNT: t=0xb40000747f967550 mBlastBufferQueue=0xb4000074df95a7b0 fn= 2 mRenderHdrSdrRatio=1.0 caller= android.view.SyncRtSurfaceTransactionApplier.applyTransaction:96 android.view.SyncRtSurfaceTransactionApplier.lambda$scheduleApply$0:69 android.view.SyncRtSurfaceTransactionApplier.$r8$lambda$SgowXC58rj3PR958kHUfRgLZmvE:0
06-06 13:00:26.218  1574  1638 I HYPER-HAL: [RequestManager.cpp]acquire(): Acquired ID : 1729152  [1577 / 282]    HINT :      list : [UCLAMP_MIN_BOOST / 0] [TID / 7920] [TID / 7921] [TID / 7890] [TID / 7917]
06-06 13:00:26.218  5355  5446 I ViewRootImpl@29d3f14[newsfeedapp]: mWNT: t=0xb40000747f965df0 mBlastBufferQueue=0xb4000074df95a7b0 fn= 2 mRenderHdrSdrRatio=1.0 caller= android.view.SyncRtSurfaceTransactionApplier.applyTransaction:96 android.view.SyncRtSurfaceTransactionApplier.lambda$scheduleApply$0:69 android.view.SyncRtSurfaceTransactionApplier.$r8$lambda$SgowXC58rj3PR958kHUfRgLZmvE:0
06-06 13:00:26.218  5355  5446 I ViewRootImpl@29d3f14[newsfeedapp]: mWNT: t=0xb40000747f960e30 mBlastBufferQueue=0xb4000074df95a7b0 fn= 2 mRenderHdrSdrRatio=1.0 caller= android.view.ViewRootImpl$6.onFrameDraw:5639 android.view.ViewRootImpl$2.onFrameDraw:2144 android.view.ThreadedRenderer$1.onFrameDraw:792
06-06 13:00:26.218  1574  1638 I HYPER-HAL: [RequestManager.cpp]releaseLocked(): Released ID : 1727292
06-06 13:00:26.218  1574  1638 I HYPER-HAL: [RequestManager.cpp]releaseLocked(): Released ID : 1729152
06-06 13:00:26.219  7890  7890 D InputTransport: Input channel destroyed: '3a73a2f', fd=102
06-06 13:00:26.220  1715  1715 D SurfaceFlinger: Display 4630946970390616451 HWC layers:
06-06 13:00:26.220  1715  1715 D SurfaceFlinger:      DEVICE | 0xb4000073beb13a00 | 0100 | RGBA_8888    |  637.0   15.0 1703.0 2325.0 |    0    0 1080 2340 | Wallpaper BBQ wrapper 5_system#94
06-06 13:00:26.220  1715  1715 D SurfaceFlinger:      DEVICE | 0xb4000073beb11cc0 | 0100 | RGBA_8888    |    0.0    0.0 1080.0 2340.0 |    0    0 1080 2340 | com.sec.android.app.launcher/com.sec[...]ctivities.LauncherActivity$_6421#995
06-06 13:00:26.220  1715  1715 D SurfaceFlinger:      CLIENT | 0xb4000073beb0f710 | 0102 | RGBA_8888    |    0.0    0.0 1080.0 2340.0 |   39   86 1041 2254 | etf.ri.rma.newsfeedapp/etf.ri.rma.newsfeedapp.MainActivity$_7790#1033
06-06 13:00:26.220  1715  1715 D SurfaceFlinger:      CLIENT | 0xb4000073beb07b50 | 0100 | RGBA_8888    |    0.0    0.0 1080.0 2340.0 |   39   86 1041 2254 | Splash Screen etf.ri.rma.newsfeedapp$_5355#1020
06-06 13:00:26.220  1715  1715 D SurfaceFlinger:      DEVICE | 0xb4000073beb087b0 | 0100 | RGBA_8888    |    0.0    0.0 1080.0   87.0 |    0    0 1080   87 | StatusBar$_5355#90
06-06 13:00:26.220  1715  1715 D SurfaceFlinger:      DEVICE | 0xb4000073beb138e0 | 0100 | RGBA_8888    |    0.0    0.0   67.0  342.0 | 1013  438 1080  780 | com.sec.android.app.launcher/com.sam[...]ce.edge.CocktailBarService$_6421#145
06-06 13:00:26.220  1715  1715 D SurfaceFlinger:
06-06 13:00:26.220  1715  1715 D SurfaceFlinger:    DEVICE | 0xb4000073beb0d1f0 | 0100 | RGBA_8888    |    0.0    0.0 1080.0  144.0 |    0 2196 1080 2340 | NavigationBar0$_5355#89
06-06 13:00:26.220  1715  1715 D SurfaceFlinger:
06-06 13:00:26.220  7790  7790 I ViewRootImpl@7ad7a43[MainActivity]: handleWindowFocusChanged: 1 0 call from android.view.ViewRootImpl.-$$Nest$mhandleWindowFocusChanged:0
06-06 13:00:26.220  7790  7790 D ViewRootImpl@7ad7a43[MainActivity]: mThreadedRenderer.initializeIfNeeded()#2 mSurface={isValid=true 0xb4000074af990ad0}
06-06 13:00:26.220  1715  1807 I SurfaceFlinger: id=967 Removed 16dd003 ActivityRecordInputSink etf.ri.rma.newsfeedapp.test/androidx.test.core.app.InstrumentationActivityInvoker$EmptyActivity#967 (241)
06-06 13:00:26.221  1715  1807 I SurfaceFlinger: id=1041 createSurf, flag=24004, Task=22#1041
06-06 13:00:26.221  7790  7790 D InputMethodManagerUtils: startInputInner - Id : 0
06-06 13:00:26.221  7790  7790 I InputMethodManager: startInputInner - IInputMethodManagerGlobalInvoker.startInputOrWindowGainedFocus
06-06 13:00:26.221  7012  7043 D BufferPoolAccessor2.0: bufferpool2 0xb400007dbe05aed8 : 66(1896495 size) total buffers - 1(35023 size) used buffers - 94/487 (recycle/alloc) - 402/486 (fetch/transfer)
06-06 13:00:26.222  7012  7043 D C2SoftVpxEnc: bytes generated 35023
06-06 13:00:26.222  1715  1715 I Layer   : Layer::reparent [etf.ri.rma.newsfeedapp.test/androidx.test.core.app.InstrumentationActivityInvoker$EmptyActivity$_7890#972] newParentHandle : null -------------------------
06-06 13:00:26.222  1715  1715 I Layer   : id=972 removeFromCurrentState etf.ri.rma.newsfeedapp.test/androidx.test.core.app.InstrumentationActivityInvoker$EmptyActivity$_7890#972 (242)
06-06 13:00:26.222  1715  1715 I Layer   : Layer::reparent [etf.ri.rma.newsfeedapp.test/androidx.test.core.app.InstrumentationActivityInvoker$EmptyActivity$_7890#972] End -------------------------
06-06 13:00:26.222  1715  1715 I Layer   : Layer::reparent [3a73a2f etf.ri.rma.newsfeedapp.test/androidx.test.core.app.InstrumentationActivityInvoker$EmptyActivity#969] newParentHandle : null -------------------------
06-06 13:00:26.222  1715  1715 I Layer   : id=969 removeFromCurrentState 3a73a2f etf.ri.rma.newsfeedapp.test/androidx.test.core.app.InstrumentationActivityInvoker$EmptyActivity#969 (242)
06-06 13:00:26.222  1715  1715 I Layer   : Layer::reparent [3a73a2f etf.ri.rma.newsfeedapp.test/androidx.test.core.app.InstrumentationActivityInvoker$EmptyActivity#969] End -------------------------
06-06 13:00:26.222  5355  5447 I ViewRootImpl@29d3f14[newsfeedapp]: mWNT: t=0xb40000747f983170 mBlastBufferQueue=0xb4000074df95a7b0 fn= 3 mRenderHdrSdrRatio=1.0 caller= android.view.SyncRtSurfaceTransactionApplier.applyTransaction:96 android.view.SyncRtSurfaceTransactionApplier.lambda$scheduleApply$0:69 android.view.SyncRtSurfaceTransactionApplier.$r8$lambda$SgowXC58rj3PR958kHUfRgLZmvE:0
06-06 13:00:26.222  1715  1715 I Layer   : id=976 Destroyed 3a73a2f etf.ri.rma.newsfeedapp.test/androidx.test.core.app.InstrumentationActivityInvoker$EmptyActivity#969 (Mirror)#976
06-06 13:00:26.222  1715  1715 I SurfaceFlinger: id=969 Removed 3a73a2f etf.ri.rma.newsfeedapp.test/androidx.test.core.app.InstrumentationActivityInvoker$EmptyActivity#969 (241)
06-06 13:00:26.222  7890  7917 D OpenGLRenderer: CacheManager::trimMemory(40)
06-06 13:00:26.223  1715  1715 I SurfaceFlinger: id=972 Removed etf.ri.rma.newsfeedapp.test/androidx.test.core.app.InstrumentationActivityInvoker$EmptyActivity$_7890#972 (241)
06-06 13:00:26.223  7890  7917 D OpenGLRenderer: RenderThread::destroyRenderingContext()
06-06 13:00:26.223  1715  1715 I Layer   : id=983 Destroyed etf.ri.rma.newsfeedapp.test/androidx.test.core.app.InstrumentationActivityInvoker$EmptyActivity$_7890#972 (Mirror)#983
06-06 13:00:26.224  5355  5355 D SamsungStatusBarGrayIconHelper: isGrayAppearance=false
06-06 13:00:26.224  2342  3323 I ImeTracker: etf.ri.rma.newsfeedapp:f9302b75: onRequestHide at ORIGIN_SERVER_HIDE_INPUT reason HIDE_UNSPECIFIED_WINDOW
06-06 13:00:26.224  5355  5355 D SamsungLightBarControlHelper: onStatusBarAppearanceChanged() -  sbModeChanged:false, statusBarMode:0, barState:MODE_TRANSPARENT, isKeyguardShowing:false, navbarColorManagedByIme:false, stackAppearanceChanged:true, (AppearanceRegion{ bounds=[0,0][1080,2340]}, ), packageName:etf.ri.rma.newsfeedapp
06-06 13:00:26.224  2342  3323 I ImeTracker: etf.ri.rma.newsfeedapp:f9302b75: onCancelled at PHASE_SERVER_SHOULD_HIDE
06-06 13:00:26.224  5355  5355 D NavigationBar: onSystemBarAttributesChanged() -  displayId:0, appearance:0, packageName: etf.ri.rma.newsfeedapp, navbarColorManagedByIme:false
06-06 13:00:26.224  5355  5355 D SamsungLightBarControlHelper: updateNavigationBar (WHITE button) isLightOpaque:false, hasLightNavigationBarFlag:false, packageName:etf.ri.rma.newsfeedapp, DirectReplying:false, NavBarColorMangedByIme:false, ForceDarkForScrim:false, QsCustomizing:false, PanelHasWhiteBg:false
06-06 13:00:26.224  6421  9457 I ViewRootImpl@cc9c4e9[LauncherActivity]: mWNT: t=0xb40000747f962430 mBlastBufferQueue=0xb4000074df963770 fn= 28 mRenderHdrSdrRatio=1.0 caller= com.android.systemui.shared.launcher.ViewRootImplCompat.mergeWithNextTransaction:4 com.honeyspace.transition.utils.SurfaceTransactionApplier.scheduleApply$lambda$1:26 com.honeyspace.transition.utils.SurfaceTransactionApplier.c:0
06-06 13:00:26.224  5355  5355 D SamsungLightBarControlHelper: updateStatusBar (WHITE icon) numStacks:1, StatusBarMode:MODE_TRANSPARENT, lightBarBounds:[], StatusBarState:SHADE, packageName:etf.ri.rma.newsfeedapp, isWhiteKeyguardStatusBar:false
06-06 13:00:26.226  2342  3323 D InputTransport: Input channel constructed: 'ClientS', fd=1087
06-06 13:00:26.226  2342  3323 D InputTransport: Input channel destroyed: 'ClientS', fd=1087
06-06 13:00:26.226 11275 11275 I HBD     : HoneyBoardService onFinishInput
06-06 13:00:26.227  6421  4145 I HoneySpace.RecentTasks: onRecentTasksChanged
06-06 13:00:26.227 11275 11275 I HBD     : a IC have been unbinding,  RemoteInputConnection{idHash=#f4fee5d}
06-06 13:00:26.227 11275 11275 I HBD     : HoneyBoardService [PF_CL][onFinishInput]  1 ms
06-06 13:00:26.227  6421  6488 I HoneySpace.TopTaskSource: onTaskRemoved: 22
06-06 13:00:26.227 11275 11275 I HBD     : HoneyBoardService [IMI] onStartInput - caller pid : 7790 , caller uid : 10317
06-06 13:00:26.227 11275 11275 I HBD     : j updateConfigs
06-06 13:00:26.227 11275 11275 I HBD     : j isEnabledNightMode : true
06-06 13:00:26.227 11275 11275 I HBD     : a IC have been binding, RemoteInputConnection{idHash=#89703d2}
06-06 13:00:26.227 11275 11275 I HBD     : h [EditorInputType]setPrivateImeOptionsToTable privateImeOptions ( null )
06-06 13:00:26.227 11275 11275 I HBD     : b incognitoMode : false
06-06 13:00:26.227 11275 11275 I HBD     : b needOff = true , isForceOff = false, isNullInputClass : true
06-06 13:00:26.227 11275 11275 I HBD     : h getDefaultInputRange : UNKNOWN
06-06 13:00:26.227 11275 11275 I HBD     : h getDefaultInputRange : UNKNOWN
06-06 13:00:26.227 11275 11275 I HBD     : h getDefaultInputRange : UNKNOWN
06-06 13:00:26.227  1715  3404 I SurfaceFlinger: id=1042 createSurf, flag=24004, Surface(name=ac5a498 InputMethod)/@0x1895ba - animation-leash of insets_animation#1042
06-06 13:00:26.228 11275 11275 I HBD     : b needOff = true , isForceOff = false, isNullInputClass : true
06-06 13:00:26.228 11275 11275 I HBD     : b update cached prediction status : false
06-06 13:00:26.228 11275 11275 I HBD     : h getDefaultInputRange : UNKNOWN
06-06 13:00:26.228 11275 11275 I HBD     : a currentState : 0
06-06 13:00:26.228 11275 11275 I HBD     : a [UpdatePolicy] [post] a: 0 cl: 65537 kit: [0/0] vt: 0 ir: 1
06-06 13:00:26.229  6421  6488 I HoneySpace.TopTaskSource: onTaskRemoved: 22
06-06 13:00:26.229 11275 11275 I HBD     : a [NRIC] resetNoResponseState
06-06 13:00:26.229 11275 11275 I HBD     : b needOff = true , isForceOff = false, isNullInputClass : true
06-06 13:00:26.229 11275 11275 I HBD     : b update cached prediction status : false
06-06 13:00:26.230 11275 11275 I HBD     : HoneyBoardService [PF_OP][onStartInput]  3 ms
06-06 13:00:26.230  7790  7790 I InsetsSourceConsumer: applyRequestedVisibilityToControl: visible=false, type=ime, host=etf.ri.rma.newsfeedapp/etf.ri.rma.newsfeedapp.MainActivity
06-06 13:00:26.230  1715  1715 I Layer   : Layer::reparent [ActivityRecord{ee35b9 u0 etf.ri.rma.newsfeedapp.test/androidx.test.core.app.InstrumentationActivityInvoker$EmptyActivity t22}#957] newParentHandle : null -------------------------
06-06 13:00:26.230  1715  1715 I Layer   : id=957 removeFromCurrentState ActivityRecord{ee35b9 u0 etf.ri.rma.newsfeedapp.test/androidx.test.core.app.InstrumentationActivityInvoker$EmptyActivity t22}#957 (241)
06-06 13:00:26.230  1715  1715 I Layer   : id=967 removeFromCurrentState 16dd003 ActivityRecordInputSink etf.ri.rma.newsfeedapp.test/androidx.test.core.app.InstrumentationActivityInvoker$EmptyActivity#967 (241)
06-06 13:00:26.230  1715  1715 I Layer   : Layer::reparent [ActivityRecord{ee35b9 u0 etf.ri.rma.newsfeedapp.test/androidx.test.core.app.InstrumentationActivityInvoker$EmptyActivity t22}#957] End -------------------------
06-06 13:00:26.230  1715  1715 I Layer   : Layer::reparent [Task=22#956] newParentHandle : null -------------------------
06-06 13:00:26.230  1715  1715 I Layer   : id=956 removeFromCurrentState Task=22#956 (241)
06-06 13:00:26.230  1715  1715 I Layer   : Layer::reparent [Task=22#956] End -------------------------
06-06 13:00:26.230  1715  1715 I Layer   : Layer::reparent [Task=22#1041] newParentHandle : null -------------------------
06-06 13:00:26.230  1715  1715 I Layer   : id=1041 removeFromCurrentState Task=22#1041 (241)
06-06 13:00:26.230  1715  1715 I Layer   : Layer::reparent [Task=22#1041] End -------------------------
06-06 13:00:26.230  1715  1715 I Layer   : Layer::reparent [ImeContainer#17] newParent : ActivityRecord{ca0835 u0 etf.ri.rma.newsfeedapp/.MainActivity t23}#1016 , isRemovedFromCurrentState : 0 -------------------------
06-06 13:00:26.230  1715  1715 I Layer   : Layer::reparent [ImeContainer#17] End -------------------------
06-06 13:00:26.230  1715  1715 I Layer   : Layer::reparent [ac5a498 InputMethod#154] newParent : Surface(name=ac5a498 InputMethod)/@0x1895ba - animation-leash of insets_animation#1042 , isRemovedFromCurrentState : 0 -------------------------
06-06 13:00:26.230  1715  1715 I Layer   : Layer::reparent [ac5a498 InputMethod#154] End -------------------------
06-06 13:00:26.230  1715  1715 I Layer   : Layer::reparent [Surface(name=ac5a498 InputMethod)/@0x1895ba - animation-leash of insets_animation#1012] newParentHandle : null -------------------------
06-06 13:00:26.230  1715  1715 I Layer   : id=1012 removeFromCurrentState Surface(name=ac5a498 InputMethod)/@0x1895ba - animation-leash of insets_animation#1012 (241)
06-06 13:00:26.230  1715  1715 I Layer   : Layer::reparent [Surface(name=ac5a498 InputMethod)/@0x1895ba - animation-leash of insets_animation#1012] End -------------------------
06-06 13:00:26.231  1715  1715 I Layer   : id=972 Destroyed etf.ri.rma.newsfeedapp.test/androidx.test.core.app.InstrumentationActivityInvoker$EmptyActivity$_7890#972
06-06 13:00:26.231  1715  1715 I Layer   : id=969 Destroyed 3a73a2f etf.ri.rma.newsfeedapp.test/androidx.test.core.app.InstrumentationActivityInvoker$EmptyActivity#969
06-06 13:00:26.231  5355  5446 I ViewRootImpl@29d3f14[newsfeedapp]: mWNT: t=0xb40000747f969910 mBlastBufferQueue=0xb4000074df95a7b0 fn= 4 mRenderHdrSdrRatio=1.0 caller= android.view.SyncRtSurfaceTransactionApplier.applyTransaction:96 android.view.SyncRtSurfaceTransactionApplier.lambda$scheduleApply$0:69 android.view.SyncRtSurfaceTransactionApplier.$r8$lambda$SgowXC58rj3PR958kHUfRgLZmvE:0
06-06 13:00:26.231  1715  1715 I Layer   : id=1013 Destroyed Surface(name=ac5a498 InputMethod)/@0x1895ba - animation-leash of insets_animation#1012 (Mirror)#1013
06-06 13:00:26.231  1715  1715 I Layer   : id=959 Destroyed Task=22#956 (Mirror)#959
06-06 13:00:26.231  1715  1715 I Layer   : id=960 Destroyed ActivityRecord{ee35b9 u0 etf.ri.rma.newsfeedapp.test/androidx.test.core.app.InstrumentationActivityInvoker$EmptyActivity t22}#957 (Mirror)#960
06-06 13:00:26.231  1715  1715 I Layer   : id=975 Destroyed 16dd003 ActivityRecordInputSink etf.ri.rma.newsfeedapp.test/androidx.test.core.app.InstrumentationActivityInvoker$EmptyActivity#967 (Mirror)#975
06-06 13:00:26.231  1715  1715 I SurfaceFlinger: id=1012 Removed Surface(name=ac5a498 InputMethod)/@0x1895ba - animation-leash of insets_animation#1012 (236)
06-06 13:00:26.231  1715  1715 I SurfaceFlinger: id=1041 Removed Task=22#1041 (236)
06-06 13:00:26.231  1715  1715 I SurfaceFlinger: id=957 Removed ActivityRecord{ee35b9 u0 etf.ri.rma.newsfeedapp.test/androidx.test.core.app.InstrumentationActivityInvoker$EmptyActivity t22}#957 (236)
06-06 13:00:26.233  6421  9458 I ViewRootImpl@cc9c4e9[LauncherActivity]: mWNT: t=0xb40000747f96a830 mBlastBufferQueue=0xb4000074df963770 fn= 29 mRenderHdrSdrRatio=1.0 caller= com.android.systemui.shared.launcher.ViewRootImplCompat.mergeWithNextTransaction:4 com.honeyspace.transition.utils.SurfaceTransactionApplier.scheduleApply$lambda$1:26 com.honeyspace.transition.utils.SurfaceTransactionApplier.c:0
06-06 13:00:26.233  5355  5355 D NavigationBar: setImeWindowStatus show legacy ime switcher = false
06-06 13:00:26.233  5355  5355 D NavigationBar: setImeWindowStatus displayId=0 vis=0 backDisposition=0 showImeSwitcher=false imeShown=false
06-06 13:00:26.233 11275 11275 I InputMethodService: scheduleImeSurfaceRemoval: canceled, mShowInputRequested=false, mWindowVisible=false, IsmWindowNull=false, IsmImeSurfaceRemoverRunnableNotNull=true
06-06 13:00:26.237  7012  7043 D C2SoftVpxEnc: bytes generated 27332
06-06 13:00:26.239  1715  1715 I Layer   : id=1012 Destroyed Surface(name=ac5a498 InputMethod)/@0x1895ba - animation-leash of insets_animation#1012
06-06 13:00:26.239  1715  1715 I Layer   : id=1041 Destroyed Task=22#1041
06-06 13:00:26.239  1715  1715 I Layer   : id=957 Destroyed ActivityRecord{ee35b9 u0 etf.ri.rma.newsfeedapp.test/androidx.test.core.app.InstrumentationActivityInvoker$EmptyActivity t22}#957
06-06 13:00:26.239  1715  1715 I Layer   : id=967 Destroyed 16dd003 ActivityRecordInputSink etf.ri.rma.newsfeedapp.test/androidx.test.core.app.InstrumentationActivityInvoker$EmptyActivity#967
06-06 13:00:26.240  5355  5447 I ViewRootImpl@29d3f14[newsfeedapp]: mWNT: t=0xb40000747f9412d0 mBlastBufferQueue=0xb4000074df95a7b0 fn= 5 mRenderHdrSdrRatio=1.0 caller= android.view.SyncRtSurfaceTransactionApplier.applyTransaction:96 android.view.SyncRtSurfaceTransactionApplier.lambda$scheduleApply$0:69 android.view.SyncRtSurfaceTransactionApplier.$r8$lambda$SgowXC58rj3PR958kHUfRgLZmvE:0
06-06 13:00:26.240  6421  9457 I ViewRootImpl@cc9c4e9[LauncherActivity]: mWNT: t=0xb40000747f96e1f0 mBlastBufferQueue=0xb4000074df963770 fn= 30 mRenderHdrSdrRatio=1.0 caller= com.android.systemui.shared.launcher.ViewRootImplCompat.mergeWithNextTransaction:4 com.honeyspace.transition.utils.SurfaceTransactionApplier.scheduleApply$lambda$1:26 com.honeyspace.transition.utils.SurfaceTransactionApplier.c:0
06-06 13:00:26.247  5355  5446 I ViewRootImpl@29d3f14[newsfeedapp]: mWNT: t=0xb40000747f96ba10 mBlastBufferQueue=0xb4000074df95a7b0 fn= 6 mRenderHdrSdrRatio=1.0 caller= android.view.SyncRtSurfaceTransactionApplier.applyTransaction:96 android.view.SyncRtSurfaceTransactionApplier.lambda$scheduleApply$0:69 android.view.SyncRtSurfaceTransactionApplier.$r8$lambda$SgowXC58rj3PR958kHUfRgLZmvE:0
06-06 13:00:26.248  6421  9458 I ViewRootImpl@cc9c4e9[LauncherActivity]: mWNT: t=0xb40000747f946970 mBlastBufferQueue=0xb4000074df963770 fn= 31 mRenderHdrSdrRatio=1.0 caller= com.android.systemui.shared.launcher.ViewRootImplCompat.mergeWithNextTransaction:4 com.honeyspace.transition.utils.SurfaceTransactionApplier.scheduleApply$lambda$1:26 com.honeyspace.transition.utils.SurfaceTransactionApplier.c:0
06-06 13:00:26.249  7012  7043 D C2SoftVpxEnc: bytes generated 28583
06-06 13:00:26.255  5355  5447 I ViewRootImpl@29d3f14[newsfeedapp]: mWNT: t=0xb40000747f94b0f0 mBlastBufferQueue=0xb4000074df95a7b0 fn= 7 mRenderHdrSdrRatio=1.0 caller= android.view.SyncRtSurfaceTransactionApplier.applyTransaction:96 android.view.SyncRtSurfaceTransactionApplier.lambda$scheduleApply$0:69 android.view.SyncRtSurfaceTransactionApplier.$r8$lambda$SgowXC58rj3PR958kHUfRgLZmvE:0
06-06 13:00:26.256  6421  6421 I HoneySpace.AppCloseAnimationDelegate: animatorSet end
06-06 13:00:26.257  6421  6421 I HoneySpace.AnimationResult: finish, true
06-06 13:00:26.257  6421  9457 I ViewRootImpl@cc9c4e9[LauncherActivity]: mWNT: t=0xb40000747f94f190 mBlastBufferQueue=0xb4000074df963770 fn= 32 mRenderHdrSdrRatio=1.0 caller= com.android.systemui.shared.launcher.ViewRootImplCompat.mergeWithNextTransaction:4 com.honeyspace.transition.utils.SurfaceTransactionApplier.scheduleApply$lambda$1:26 com.honeyspace.transition.utils.SurfaceTransactionApplier.c:0
06-06 13:00:26.262  7012  7043 D C2SoftVpxEnc: bytes generated 30326
06-06 13:00:26.264  5355  5446 I ViewRootImpl@29d3f14[newsfeedapp]: mWNT: t=0xb40000747f99c5b0 mBlastBufferQueue=0xb4000074df95a7b0 fn= 8 mRenderHdrSdrRatio=1.0 caller= android.view.SyncRtSurfaceTransactionApplier.applyTransaction:96 android.view.SyncRtSurfaceTransactionApplier.lambda$scheduleApply$0:69 android.view.SyncRtSurfaceTransactionApplier.$r8$lambda$SgowXC58rj3PR958kHUfRgLZmvE:0
06-06 13:00:26.267  1715  1807 I SurfaceFlinger: id=1005 Removed Surface(name=Task=22)/@0xe82a103_transition-leash#1005 (232)
06-06 13:00:26.267  1715  1807 I SurfaceFlinger: id=1004 Removed Surface(name=Task=1)/@0x1e6d3bd_transition-leash#1004 (232)
06-06 13:00:26.272  1715  1715 I Layer   : id=1004 Destroyed Surface(name=Task=1)/@0x1e6d3bd_transition-leash#1004
06-06 13:00:26.272  1715  1715 I Layer   : id=1005 Destroyed Surface(name=Task=22)/@0xe82a103_transition-leash#1005
06-06 13:00:26.273  2342  3323 V WindowManager: Relayout Window{51008ed u0 Splash Screen etf.ri.rma.newsfeedapp}: viewVisibility=8 req=1080x2340 ty=3 d0
06-06 13:00:26.273  7012  7043 D C2SoftVpxEnc: bytes generated 20042
06-06 13:00:26.274  1574  1638 I HYPER-HAL: [RequestManager.cpp]acquire(): Acquired ID : 1719862  [1577 / 277]    HINT :      list : [TID_LOW_LATENCY / 0] [TID / 5446] [TID / 5447] [TID / 5439] [TID / 5445]
06-06 13:00:26.274  1930  5588 I CameraService: onUidStateChanged: uid=10046, procState is changed. (1 -> 0)
06-06 13:00:26.275  2342  3323 V WindowManager: Relayout hash=51008ed, pid=5355, syncId=-1: mAttrs={(0,0)(fillxfill) sim={adjust=pan} ty=APPLICATION_STARTING fmt=TRANSLUCENT wanim=0x1030303 alpha=0.0
06-06 13:00:26.275  2342  3323 V WindowManager:   fl=81030118
06-06 13:00:26.275  2342  3323 V WindowManager:   pfl=16000010
06-06 13:00:26.275  2342  3323 V WindowManager:   bhv=DEFAULT
06-06 13:00:26.275  2342  3323 V WindowManager:   fitSides= naviIconColor=0}
06-06 13:00:26.275  5355  5439 I ViewRootImpl@29d3f14[newsfeedapp]: Relayout returned: old=(0,0,1080,2340) new=(0,0,1080,2340) relayoutAsync=false req=(1080,2340)8 dur=2 res=0x402 s={false 0x0} ch=true seqId=0
06-06 13:00:26.275  5355  5439 W WindowOnBackDispatcher: sendCancelIfRunning: isInProgress=falsecallback=android.view.ViewRootImpl$$ExternalSyntheticLambda19@7993880
06-06 13:00:26.275  5355  5439 I ViewRootImpl@29d3f14[newsfeedapp]: dispatchDetachedFromWindow
06-06 13:00:26.276  2342  5454 D InputTransport: Input channel destroyed: '51008ed', fd=990
06-06 13:00:26.276  2342  5454 W InputManager-JNI: Input channel object '51008ed Splash Screen etf.ri.rma.newsfeedapp (client)' was disposed without first being removed with the input manager!
06-06 13:00:26.276  2342  5454 D InputTransport: Input channel destroyed: '51008ed', fd=1004
06-06 13:00:26.276  1574  1638 I HYPER-HAL: [RequestManager.cpp]acquire(): Acquired ID : 1721718  [1577 / 278]    HINT :      list : [UCLAMP_MIN_BOOST / 0] [TID / 5446] [TID / 5447] [TID / 5439] [TID / 5445]
06-06 13:00:26.277  1574  1638 I HYPER-HAL: [RequestManager.cpp]releaseLocked(): Released ID : 1719862
06-06 13:00:26.277  1574  1638 I HYPER-HAL: [RequestManager.cpp]releaseLocked(): Released ID : 1721718
06-06 13:00:26.277  5355  5439 D InputTransport: Input channel destroyed: '51008ed', fd=497
06-06 13:00:26.280  1715  1715 I Layer   : Layer::reparent [814e0ff etf.ri.rma.newsfeedapp/etf.ri.rma.newsfeedapp.MainActivity#1024] newParent : ActivityRecord{ca0835 u0 etf.ri.rma.newsfeedapp/.MainActivity t23}#1016 , isRemovedFromCurrentState : 0 -------------------------
06-06 13:00:26.280  1715  1715 I Layer   : Layer::reparent [814e0ff etf.ri.rma.newsfeedapp/etf.ri.rma.newsfeedapp.MainActivity#1024] End -------------------------
06-06 13:00:26.280  1715  1715 I Layer   : Layer::reparent [Surface(name=814e0ff etf.ri.rma.newsfeedapp/etf.ri.rma.newsfeedapp.MainActivity)/@0x308d1e2 - animation-leash of starting_reveal#1039] newParentHandle : null -------------------------
06-06 13:00:26.280  1715  1715 I Layer   : id=1039 removeFromCurrentState Surface(name=814e0ff etf.ri.rma.newsfeedapp/etf.ri.rma.newsfeedapp.MainActivity)/@0x308d1e2 - animation-leash of starting_reveal#1039 (230)
06-06 13:00:26.280  1715  1715 I Layer   : Layer::reparent [Surface(name=814e0ff etf.ri.rma.newsfeedapp/etf.ri.rma.newsfeedapp.MainActivity)/@0x308d1e2 - animation-leash of starting_reveal#1039] End -------------------------
06-06 13:00:26.281  1715  1715 I Layer   : id=1040 Destroyed Surface(name=814e0ff etf.ri.rma.newsfeedapp/etf.ri.rma.newsfeedapp.MainActivity)/@0x308d1e2 - animation-leash of starting_reveal#1039 (Mirror)#1040
06-06 13:00:26.284  1715  1715 D SurfaceFlinger: Display 4630946970390616451 HWC layers:
06-06 13:00:26.284  1715  1715 D SurfaceFlinger:      DEVICE | 0xb4000073beb13a00 | 0100 | RGBA_8888    |  632.0    4.0 1708.0 2336.0 |    0    0 1080 2340 | Wallpaper BBQ wrapper 5_system#94
06-06 13:00:26.284  1715  1715 D SurfaceFlinger:      DEVICE | 0xb4000073beb11cc0 | 0100 | RGBA_8888    |    0.0    0.0 1080.0 2340.0 |    0    0 1080 2340 | com.sec.android.app.launcher/com.sec[...]ctivities.LauncherActivity$_6421#995
06-06 13:00:26.284  1715  1715 D SurfaceFlinger:      CLIENT | 0xb4000073beb0f710 | 0102 | RGBA_8888    |    0.0    0.0 1080.0 2340.0 |   18   38 1062 2302 | etf.ri.rma.newsfeedapp/etf.ri.rma.newsfeedapp.MainActivity$_7790#1033
06-06 13:00:26.284  1715  1715 D SurfaceFlinger:      DEVICE | 0xb4000073beb087b0 | 0100 | RGBA_8888    |    0.0    0.0 1080.0   87.0 |    0    0 1080   87 | StatusBar$_5355#90
06-06 13:00:26.284  1715  1715 D SurfaceFlinger:      DEVICE | 0xb4000073beb138e0 | 0100 | RGBA_8888    |    0.0    0.0   67.0  342.0 | 1013  438 1080  780 | com.sec.android.app.launcher/com.sam[...]ce.edge.CocktailBarService$_6421#145
06-06 13:00:26.284  1715  1715 D SurfaceFlinger:      DEVICE | 0xb4000073beb0d1f0 | 0100 | RGBA_8888    |    0.0    0.0 1080.0  144.0 |    0 2196 1080 2340 | NavigationBar0$_5355#89
06-06 13:00:26.284  1715  1715 D SurfaceFlinger:
06-06 13:00:26.285  7012  7043 D C2SoftVpxEnc: bytes generated 19046
06-06 13:00:26.298  7012  7043 D C2SoftVpxEnc: bytes generated 27890
06-06 13:00:26.311  7012  7043 D C2SoftVpxEnc: bytes generated 30351
06-06 13:00:26.324  7012  7043 D C2SoftVpxEnc: bytes generated 31800
06-06 13:00:26.336  7012  7043 D C2SoftVpxEnc: bytes generated 29044
06-06 13:00:26.348  7012  7043 D C2SoftVpxEnc: bytes generated 29355
06-06 13:00:26.350  2342  5291 D WifiConnectivityMonitor: Stop WCM Poll. cnt : 9
06-06 13:00:26.351  2342  5291 I WifiConnectivityMonitor: LinkQualityMonitorCallback was not registered yet
06-06 13:00:26.355  6421  6421 I HoneySpace.HomescreenPot: playContentAnimator end, skip alpha: false
06-06 13:00:26.356  6421  6421 I HoneySpace.HoneyScreenManagerImpl: transitionAnimator is ended, onCancel: false
06-06 13:00:26.356  6421  6421 I HoneySpace.ContentsAnimator: ContentsAnimator end
06-06 13:00:26.357  6421  6421 I HoneySpace.WallpaperAnimator: wallpaper animation end
06-06 13:00:26.361  7012  7043 D C2SoftVpxEnc: bytes generated 28277
06-06 13:00:26.372  1715  1715 I Layer   : Layer::reparent [RemoteWallpaperAnim:1:1#8] newParent : OneHanded:0:14#5 , isRemovedFromCurrentState : 0 -------------------------
06-06 13:00:26.372  1715  1715 I Layer   : Layer::reparent [RemoteWallpaperAnim:1:1#8] End -------------------------
06-06 13:00:26.372  1715  1715 I Layer   : Layer::reparent [Surface(name=RemoteWallpaperAnim:1:1)/@0xbe3243d - animation-leash of remote_wallpaper#1006] newParentHandle : null -------------------------
06-06 13:00:26.372  1715  1715 I Layer   : id=1006 removeFromCurrentState Surface(name=RemoteWallpaperAnim:1:1)/@0xbe3243d - animation-leash of remote_wallpaper#1006 (229)
06-06 13:00:26.372  1715  1715 I Layer   : Layer::reparent [Surface(name=RemoteWallpaperAnim:1:1)/@0xbe3243d - animation-leash of remote_wallpaper#1006] End -------------------------
06-06 13:00:26.372  1715  1715 I Layer   : id=1007 Destroyed Surface(name=RemoteWallpaperAnim:1:1)/@0xbe3243d - animation-leash of remote_wallpaper#1006 (Mirror)#1007
06-06 13:00:26.373  7012  7043 D C2SoftVpxEnc: bytes generated 25503
06-06 13:00:26.386  7012  7043 D C2SoftVpxEnc: bytes generated 25276
06-06 13:00:26.389  1715  1715 D SurfaceFlinger: GPIS:: requestGPISForClientComposition
06-06 13:00:26.398  7012  7043 D C2SoftVpxEnc: bytes generated 21536
06-06 13:00:26.412  7012  7043 D C2SoftVpxEnc: bytes generated 59814
06-06 13:00:26.422  6421  6421 I Edge.TrayVisibilityController: getComputedTrayVisible : keyguardState = 1
06-06 13:00:26.422  6421  6421 I Edge.TrayVisibilityController: updateTrayVisible: State=1 visible=1 mCurrentVisible=1 specificMode=0
06-06 13:00:26.422  6421  6421 I Edge.TrayStateController: onNotifyUpdateTray: state=0
06-06 13:00:26.425  7012  7043 D C2SoftVpxEnc: bytes generated 39007
06-06 13:00:26.437  7012  7043 D BufferPoolAccessor2.0: bufferpool2 0xb400007dbe05aed8 : 66(1523080 size) total buffers - 1(24262 size) used buffers - 94/504 (recycle/alloc) - 419/503 (fetch/transfer)
06-06 13:00:26.437  7012  7043 D C2SoftVpxEnc: bytes generated 24262
06-06 13:00:26.456  1652  2311 I QC2CompStore: Setting heap usage to system
06-06 13:00:26.456  7012  7043 D C2SoftVpxEnc: bytes generated 123581
06-06 13:00:26.473  5355  5420 I SurfaceControl: apply is called, name=FinishTransaction_SyncId<34>, caller=android.view.SurfaceControl$Transaction.apply:2921 com.android.wm.shell.transition.Transitions.onFinish:302 com.android.wm.shell.transition.Transitions$$ExternalSyntheticLambda6.onTransitionFinished:15 com.android.wm.shell.transition.DefaultTransitionHandler$$ExternalSyntheticLambda5.run:125 com.android.wm.shell.transition.DefaultTransitionHandler$$ExternalSyntheticLambda3.run:52 android.os.Handler.handleCallback:958
06-06 13:00:26.474  1652  2311 I QC2CompStore: Setting heap usage to system
06-06 13:00:26.474  7012  7043 D C2SoftVpxEnc: bytes generated 116353
06-06 13:00:26.475  5355  5406 I WallpaperService: dispatchAppVisibility: system, visible=false
06-06 13:00:26.475  5355  5533 I WallpaperService: reportVisibility: visibility changed. visible=false
06-06 13:00:26.475  5355  5533 I ImageWallpaper[CanvasEngine_d0_w1]:  onVisibilityChanged: visible=false , displayId=0
06-06 13:00:26.475  6421  6421 I ViewRootImpl@cc9c4e9[LauncherActivity]: handleAppVisibility mAppVisible = true visible = false
06-06 13:00:26.480  1715  1715 I Layer   : Layer::reparent [Transition Root: Task=23#1023] newParentHandle : null -------------------------
06-06 13:00:26.480  1715  1715 I Layer   : id=1023 removeFromCurrentState Transition Root: Task=23#1023 (228)
06-06 13:00:26.480  1715  1715 I Layer   : id=52 removeFromCurrentState Task=1#52 (228)
06-06 13:00:26.480  1715  1715 I Layer   : id=138 removeFromCurrentState Task=8#138 (228)
