06-06 13:00:27.230  1715  1715 I Layer   : Layer::reparent [Task=25#1105] newParent : Transition Root: Task=26#1142 , isRemovedFromCurrentState : 0 -------------------------
06-06 13:00:27.230  1715  1715 I Layer   : Layer::reparent [Task=25#1105] End -------------------------
06-06 13:00:27.230  1715  1715 I Layer   : Layer [Task=26#1134] hidden!! flag(0)
06-06 13:00:27.230  1715  1715 I Layer   : Layer::reparent [Task=26#1134] newParent : Transition Root: Task=26#1142 , isRemovedFromCurrentState : 0 -------------------------
06-06 13:00:27.230  1715  1715 I Layer   : Layer::reparent [Task=26#1134] End -------------------------
06-06 13:00:27.230  1715  1715 I Layer   : Layer [Transition Root: Task=26#1142] hidden!! flag(0)
06-06 13:00:27.230  1715  1715 I Layer   : Layer [2d87e6f Splash Screen etf.ri.rma.newsfeedapp.test#1136] hidden!! flag(0)
06-06 13:00:27.231  1715  1715 I Layer   : id=1128 Destroyed Surface(name=87e62a6 NavigationBar0)/@0xf64c4fb - animation-leash of insets_animation#1124 (Mirror)#1128
06-06 13:00:27.231  1715  1715 I Layer   : id=1127 Destroyed Surface(name=53a7541 StatusBar)/@0x3ba06c - animation-leash of insets_animation#1125 (Mirror)#1127
06-06 13:00:27.231  1715  1715 I SurfaceFlinger: id=1125 Removed Surface(name=53a7541 StatusBar)/@0x3ba06c - animation-leash of insets_animation#1125 (249)
06-06 13:00:27.231  1715  1715 I SurfaceFlinger: id=1124 Removed Surface(name=87e62a6 NavigationBar0)/@0xf64c4fb - animation-leash of insets_animation#1124 (249)
06-06 13:00:27.232  1715  6620 I SurfaceFlinger: id=1166 createSurf, flag=44404, Top Edge Extension#1166
06-06 13:00:27.232  5355  5355 D SamsungStatusBarGrayIconHelper: isGrayAppearance=false
06-06 13:00:27.232  5355  5355 D NavigationBar: onSystemBarAttributesChanged() -  displayId:0, appearance:16, packageName: etf.ri.rma.newsfeedapp.test (APPEARANCE_LIGHT_NAVIGATION_BARS ), navbarColorManagedByIme:false
06-06 13:00:27.232  7890  7890 D ViewRootImpl@561e04e[InstrumentationActivityInvoker$EmptyActivity]: reportNextDraw android.view.ViewRootImpl.performTraversals:4723 android.view.ViewRootImpl.doTraversal:3291 android.view.ViewRootImpl$TraversalRunnable.run:11329 android.view.Choreographer$CallbackRecord.run:1689 android.view.Choreographer$CallbackRecord.run:1698
06-06 13:00:27.232  7890  7890 I ViewRootImpl@561e04e[InstrumentationActivityInvoker$EmptyActivity]: Setup new sync=wmsSync-ViewRootImpl@561e04e[InstrumentationActivityInvoker$EmptyActivity]#14
06-06 13:00:27.232  7890  7890 I ViewRootImpl@561e04e[InstrumentationActivityInvoker$EmptyActivity]: Creating new active sync group ViewRootImpl@561e04e[InstrumentationActivityInvoker$EmptyActivity]#15
06-06 13:00:27.232  7890  7890 I ViewRootImpl@561e04e[InstrumentationActivityInvoker$EmptyActivity]: registerCallbacksForSync syncBuffer=false
06-06 13:00:27.233  7890  7921 I ViewRootImpl@561e04e[InstrumentationActivityInvoker$EmptyActivity]: Received frameDrawingCallback syncResult=0 frameNum=1.
06-06 13:00:27.233  7890  7921 I ViewRootImpl@561e04e[InstrumentationActivityInvoker$EmptyActivity]: mWNT: t=0xb40000747f94bbf0 mBlastBufferQueue=0xb4000074df9465d0 fn= 1 mRenderHdrSdrRatio=1.0 caller= android.view.ViewRootImpl$8.onFrameDraw:13826 android.view.ThreadedRenderer$1.onFrameDraw:792 <bottom of call stack>
06-06 13:00:27.233  7890  7921 I ViewRootImpl@561e04e[InstrumentationActivityInvoker$EmptyActivity]: Setting up sync and frameCommitCallback
06-06 13:00:27.234  1715  1715 I Layer   : id=1167 Destroyed Screenshot Parent#1167
06-06 13:00:27.235  7890  7917 I BLASTBufferQueue: [ViewRootImpl@561e04e[InstrumentationActivityInvoker$EmptyActivity]#7](f:0,a:0,s:0) onFrameAvailable the first frame is available
06-06 13:00:27.235  1715  2430 I SurfaceFlinger: id=1168 createSurf, flag=4400, bbq-wrapper#1168
06-06 13:00:27.235  7890  7917 I ViewRootImpl@561e04e[InstrumentationActivityInvoker$EmptyActivity]: Received frameCommittedCallback lastAttemptedDrawFrameNum=1 didProduceBuffer=true
06-06 13:00:27.236  5355  5445 D NativeCustomFrequencyManager: [NativeCFMS] BpCustomFrequencyManager::BpCustomFrequencyManager()
06-06 13:00:27.236  7890  7917 D OpenGLRenderer: CFMS:: SetUp Pid : 7890    Tid : 7917
06-06 13:00:27.236  7890  7890 I ViewRootImpl@561e04e[InstrumentationActivityInvoker$EmptyActivity]: reportDrawFinished seqId=0
06-06 13:00:27.236  7012  7043 D C2SoftVpxEnc: bytes generated 79722
06-06 13:00:27.237  5355  5445 I BLASTBufferQueue: [bbq-adapter#40](f:0,a:0,s:0) onFrameAvailable the first frame is available
06-06 13:00:27.237  2342  5137 D InputDispatcher: Focused application(0): ActivityRecord{4bdcf41 u0 com.sec.android.app.launcher/.activities.LauncherActivity t8}
06-06 13:00:27.237  5355  5445 D OpenGLRenderer: CFMS:: SetUp Pid : 5355    Tid : 5445
06-06 13:00:27.237  2342  5206 D AS.MultiSoundManager: mForegroundUid = 10150
06-06 13:00:27.237  1715  3404 I SurfaceFlinger: id=1169 createSurf, flag=24000, Surface(name=87e62a6 NavigationBar0)/@0xf64c4fb - animation-leash of insets_animation#1169
06-06 13:00:27.238  1715  3404 I SurfaceFlinger: id=1170 createSurf, flag=24000, Surface(name=53a7541 StatusBar)/@0x3ba06c - animation-leash of insets_animation#1170
06-06 13:00:27.238  2342  5206 D AS.MultiSoundManager: mForegroundUid = 10150
06-06 13:00:27.239  1715  1715 I Layer   : Layer::reparent [87e62a6 NavigationBar0#78] newParent : Surface(name=87e62a6 NavigationBar0)/@0xf64c4fb - animation-leash of insets_animation#1157 , isRemovedFromCurrentState : 0 -------------------------
06-06 13:00:27.239  1715  1715 I Layer   : Layer::reparent [87e62a6 NavigationBar0#78] End -------------------------
06-06 13:00:27.239  1715  1715 I Layer   : Layer::reparent [Surface(name=87e62a6 NavigationBar0)/@0xf64c4fb - animation-leash of insets_animation#1155] newParentHandle : null -------------------------
06-06 13:00:27.239  1715  1715 I Layer   : id=1155 removeFromCurrentState Surface(name=87e62a6 NavigationBar0)/@0xf64c4fb - animation-leash of insets_animation#1155 (253)
06-06 13:00:27.239  1715  1715 I Layer   : Layer::reparent [Surface(name=87e62a6 NavigationBar0)/@0xf64c4fb - animation-leash of insets_animation#1155] End -------------------------
06-06 13:00:27.239  1715  1715 I Layer   : Layer::reparent [53a7541 StatusBar#85] newParent : Surface(name=53a7541 StatusBar)/@0x3ba06c - animation-leash of insets_animation#1159 , isRemovedFromCurrentState : 0 -------------------------
06-06 13:00:27.239  1715  1715 I Layer   : Layer::reparent [53a7541 StatusBar#85] End -------------------------
06-06 13:00:27.239  1715  1715 I Layer   : Layer::reparent [Surface(name=53a7541 StatusBar)/@0x3ba06c - animation-leash of insets_animation#1156] newParentHandle : null -------------------------
06-06 13:00:27.239  1715  1715 I Layer   : id=1156 removeFromCurrentState Surface(name=53a7541 StatusBar)/@0x3ba06c - animation-leash of insets_animation#1156 (253)
06-06 13:00:27.239  1715  1715 I Layer   : Layer::reparent [Surface(name=53a7541 StatusBar)/@0x3ba06c - animation-leash of insets_animation#1156] End -------------------------
06-06 13:00:27.239  1715  1715 I Layer   : Layer [Top Edge Extension#1166] hidden!! flag(0)
06-06 13:00:27.239  1715  1715 I Layer   : id=1124 Destroyed Surface(name=87e62a6 NavigationBar0)/@0xf64c4fb - animation-leash of insets_animation#1124
06-06 13:00:27.239  1715  1715 I Layer   : id=1125 Destroyed Surface(name=53a7541 StatusBar)/@0x3ba06c - animation-leash of insets_animation#1125
06-06 13:00:27.239  1574  1638 I HYPER-HAL: [RequestManager.cpp]acquire(): Acquired ID : 1779750  [1577 / 309]    HINT :      list : [TID_LOW_LATENCY / 1] [TID / 5446] [TID / 5447] [TID / 5420] [TID / 5445]
06-06 13:00:27.239  1715  1715 I Layer   : id=1162 Destroyed Surface(name=53a7541 StatusBar)/@0x3ba06c - animation-leash of insets_animation#1156 (Mirror)#1162
06-06 13:00:27.239  1715  1715 I Layer   : id=1164 Destroyed Surface(name=87e62a6 NavigationBar0)/@0xf64c4fb - animation-leash of insets_animation#1155 (Mirror)#1164
06-06 13:00:27.239  1715  1715 I SurfaceFlinger: id=1156 Removed Surface(name=53a7541 StatusBar)/@0x3ba06c - animation-leash of insets_animation#1156 (253)
06-06 13:00:27.239  1715  1715 I SurfaceFlinger: id=1155 Removed Surface(name=87e62a6 NavigationBar0)/@0xf64c4fb - animation-leash of insets_animation#1155 (253)
06-06 13:00:27.239  2342  5137 I SemDvfsHyPerManager: acquire hyper - AMS_RESUME_TAIL/2342@16, type = -999
06-06 13:00:27.239  2342  5137 I SemDvfsHyPerManager: acquire hyper - AMS_ACT_LAZY/2342@17, type = -999
06-06 13:00:27.240  1574  1638 I HYPER-HAL: [RequestManager.cpp]acquire(): Acquired ID : 1779750  [1577 / 309]    HINT :      list : [TID_LOW_LATENCY / 0] [TID / 5446] [TID / 5447] [TID / 5420] [TID / 5445]
06-06 13:00:27.240  2342  2629 W ziparchive: Unable to open '/data/app/~~q6ihDQ-r40yk9rxY5zxFLg==/etf.ri.rma.newsfeedapp.test-m0vtkMP855jZIMp5wBuJ0A==/base.dm': No such file or directory
06-06 13:00:27.240  2342  6212 D InputDispatcher: Focus request (0): 5a1b7f3 etf.ri.rma.newsfeedapp.test/androidx.test.core.app.InstrumentationActivityInvoker$EmptyActivity but waiting because NO_WINDOW
06-06 13:00:27.240  1574  1638 I HYPER-HAL: [RequestManager.cpp]acquire(): Acquired ID : 1781638  [1577 / 310]    HINT :      list : [UCLAMP_MIN_BOOST / 0] [TID / 5446] [TID / 5447] [TID / 5420] [TID / 5445]
06-06 13:00:27.240  1574  1638 I HYPER-HAL: [RequestManager.cpp]releaseLocked(): Released ID : 1779750
06-06 13:00:27.240  2342  2420 D SecContentProvider: query(), uri = 17 selection = isSettingsChangesAllowed
06-06 13:00:27.240  1574  1638 I HYPER-HAL: [RequestManager.cpp]releaseLocked(): Released ID : 1781638
06-06 13:00:27.240  1574  1638 I HYPER-HAL: [RequestManager.cpp]acquire(): Acquired ID : 2781277  [2342 / 16]    HINT : AMS_RESUME_TAIL    list :
06-06 13:00:27.240  2342  2629 I PkgPredictorService-SecIpmManagerServiceImpl: reportToNAP uid:10318 etf.ri.rma.newsfeedapp.test/androidx.test.core.app.InstrumentationActivityInvoker$EmptyActivity thisTime:53
06-06 13:00:27.240  2342  2629 D PkgPredictorService-SecIpmManagerServiceImpl: reportToNAP: mHeavyLaunchCounter is false
06-06 13:00:27.241  5355  5439 I InsetsSourceConsumer: applyRequestedVisibilityToControl: visible=true, type=navigationBars, host=Splash Screen etf.ri.rma.newsfeedapp.test
06-06 13:00:27.241  7890  7890 I InsetsSourceConsumer: applyRequestedVisibilityToControl: visible=true, type=navigationBars, host=etf.ri.rma.newsfeedapp.test/androidx.test.core.app.InstrumentationActivityInvoker$EmptyActivity
06-06 13:00:27.241  1574  1638 I HYPER-HAL: [RequestManager.cpp]acquire(): Acquired ID : 2783637  [2342 / 17]    HINT : AMS_ACT_LAZY    list :
06-06 13:00:27.241  7890  7890 I InsetsSourceConsumer: applyRequestedVisibilityToControl: visible=true, type=statusBars, host=etf.ri.rma.newsfeedapp.test/androidx.test.core.app.InstrumentationActivityInvoker$EmptyActivity
06-06 13:00:27.241  5355  5439 I InsetsSourceConsumer: applyRequestedVisibilityToControl: visible=true, type=statusBars, host=Splash Screen etf.ri.rma.newsfeedapp.test
06-06 13:00:27.241  2342  7097 D PkgPredictorService-SecIpmManagerServiceImpl: ACTION_FOREGROUND_FINISH_EVENT sCurForegroundApp :etf.ri.rma.newsfeedapp.test
06-06 13:00:27.241  6421  6488 I HoneySpace.TopTaskSource: onTaskMovedToFront : taskId = 8
06-06 13:00:27.241  5355  5355 D SamsungStatusBarGrayIconHelper: isGrayAppearance=false
06-06 13:00:27.242  5355  5355 D NavigationBar: onSystemBarAttributesChanged() -  displayId:0, appearance:24, packageName: etf.ri.rma.newsfeedapp.test (APPEARANCE_LIGHT_STATUS_BARS APPEARANCE_LIGHT_NAVIGATION_BARS ), navbarColorManagedByIme:false
06-06 13:00:27.243  2342  5454 I SemDvfsHyPerManager: acquire hyper - AMS_APP_HOME/2342@29, type = -999
06-06 13:00:27.243  1574  1638 I HYPER-HAL: [RequestManager.cpp]releaseLocked(): Released ID : 2816782
06-06 13:00:27.243  1574  1638 I HYPER-HAL: [RequestManager.cpp]acquire(): Acquired ID : 2812035  [2342 / 29]    HINT : AMS_APP_HOME    list :
06-06 13:00:27.243  8184  8184 I SemDvfsHyPerManager: acquire hyper - APP_START_HOME/8184@20, type = -999
06-06 13:00:27.244  1574  1638 I HYPER-HAL: [RequestManager.cpp]acquire(): Acquired ID : 33656930  [8184 / 20]    HINT : APP_START    list : [KERNEL_APP_START_NOTIFY / 0] [TIMEOUT / 1500]
06-06 13:00:27.244  6421  6421 I ViewRootImpl@cc9c4e9[LauncherActivity]: stopped(false) old = true
06-06 13:00:27.244  6421  6421 I HoneySpace.Launcher: !@Boot_EBS_D: Launcher.onStart()
06-06 13:00:27.245  6421  6421 I HoneySpace.Launcher: !@Boot_EBS_D: Launcher.onResume()
06-06 13:00:27.245  6421  6421 I HoneySpace.Launcher: updateLauncherShowing false -> true
06-06 13:00:27.245  6421  6596 I HoneySpace.PredictionDataSourceImpl: requestPredictionUpdate 0 true
06-06 13:00:27.245  6421  6421 I HoneySpace.ShellTransitionManager: myHomeResumed
06-06 13:00:27.246  6421  6596 I HoneySpace.PredictionDataSourceImpl: requestPredictionUpdate 1 true
06-06 13:00:27.246 24682 24682 I A       : onStart
06-06 13:00:27.246  2342  5454 I AppWidgetServiceImpl: startListening callbacks : com.android.internal.appwidget.IAppWidgetHost$Stub$Proxy@bed8955
06-06 13:00:27.246  6421  6421 I SearchHoneyPot: onViewCreated: onResume
06-06 13:00:27.246  6421  6421 I ViewRootImpl@cc9c4e9[LauncherActivity]: handleAppVisibility mAppVisible = false visible = true
06-06 13:00:27.246  6421  6490 I HoneySpace.TopTaskUseCase: topTasks 8 ComponentInfo{com.sec.android.app.launcher/com.sec.android.app.launcher.Launcher}
06-06 13:00:27.246  6421 28031 I HoneySpace.SPayHandler: same state show=true currentDefaultPage=true
06-06 13:00:27.247  1715  1715 I Layer   : Layer::reparent [87e62a6 NavigationBar0#78] newParent : Surface(name=87e62a6 NavigationBar0)/@0xf64c4fb - animation-leash of insets_animation#1169 , isRemovedFromCurrentState : 0 -------------------------
06-06 13:00:27.247  1715  1715 I Layer   : Layer::reparent [87e62a6 NavigationBar0#78] End -------------------------
06-06 13:00:27.247  1715  1715 I Layer   : Layer::reparent [Surface(name=87e62a6 NavigationBar0)/@0xf64c4fb - animation-leash of insets_animation#1157] newParentHandle : null -------------------------
06-06 13:00:27.247  1715  1715 I Layer   : id=1157 removeFromCurrentState Surface(name=87e62a6 NavigationBar0)/@0xf64c4fb - animation-leash of insets_animation#1157 (253)
06-06 13:00:27.247  1715  1715 I Layer   : Layer::reparent [Surface(name=87e62a6 NavigationBar0)/@0xf64c4fb - animation-leash of insets_animation#1157] End -------------------------
06-06 13:00:27.247  1715  1715 I Layer   : Layer::reparent [53a7541 StatusBar#85] newParent : Surface(name=53a7541 StatusBar)/@0x3ba06c - animation-leash of insets_animation#1170 , isRemovedFromCurrentState : 0 -------------------------
06-06 13:00:27.247  1715  1715 I Layer   : Layer::reparent [53a7541 StatusBar#85] End -------------------------
06-06 13:00:27.247  1715  1715 I Layer   : Layer::reparent [Surface(name=53a7541 StatusBar)/@0x3ba06c - animation-leash of insets_animation#1159] newParentHandle : null -------------------------
06-06 13:00:27.247  1715  1715 I Layer   : id=1159 removeFromCurrentState Surface(name=53a7541 StatusBar)/@0x3ba06c - animation-leash of insets_animation#1159 (253)
06-06 13:00:27.247  1715  1715 I Layer   : Layer::reparent [Surface(name=53a7541 StatusBar)/@0x3ba06c - animation-leash of insets_animation#1159] End -------------------------
06-06 13:00:27.247 24682 24682 I A       : onResume
06-06 13:00:27.247  1715  1715 I Layer   : id=1156 Destroyed Surface(name=53a7541 StatusBar)/@0x3ba06c - animation-leash of insets_animation#1156
06-06 13:00:27.247  1715  1715 I Layer   : id=1155 Destroyed Surface(name=87e62a6 NavigationBar0)/@0xf64c4fb - animation-leash of insets_animation#1155
06-06 13:00:27.247  2342  5454 V WindowManager: Relayout Window{da5c5e7 u0 com.sec.android.app.launcher/com.sec.android.app.launcher.activities.LauncherActivity}: viewVisibility=0 req=1080x2340 ty=1 d0
06-06 13:00:27.247  1715  1715 I Layer   : id=1165 Destroyed Surface(name=87e62a6 NavigationBar0)/@0xf64c4fb - animation-leash of insets_animation#1157 (Mirror)#1165
06-06 13:00:27.247  1715  1715 I Layer   : id=1163 Destroyed Surface(name=53a7541 StatusBar)/@0x3ba06c - animation-leash of insets_animation#1159 (Mirror)#1163
06-06 13:00:27.247  1715  1715 I SurfaceFlinger: id=1159 Removed Surface(name=53a7541 StatusBar)/@0x3ba06c - animation-leash of insets_animation#1159 (249)
06-06 13:00:27.248  1715  2430 I SurfaceFlinger: id=1175 createSurf, flag=44004, com.sec.android.app.launcher/com.sec.android.app.launcher.activities.LauncherActivity$_6421#1175
06-06 13:00:27.248  1715  1715 I SurfaceFlinger: id=1157 Removed Surface(name=87e62a6 NavigationBar0)/@0xf64c4fb - animation-leash of insets_animation#1157 (250)
06-06 13:00:27.249  1715  1806 I SurfaceFlinger: id=1176 createSurf, flag=24000, Surface(name=87e62a6 NavigationBar0)/@0xf64c4fb - animation-leash of insets_animation#1176
06-06 13:00:27.250  1715  1806 I SurfaceFlinger: id=1177 createSurf, flag=24000, Surface(name=53a7541 StatusBar)/@0x3ba06c - animation-leash of insets_animation#1177
06-06 13:00:27.250  2342  2629 I ActivityTaskManager: Displayed etf.ri.rma.newsfeedapp.test/androidx.test.core.app.InstrumentationActivityInvoker$EmptyActivity for user 0: +53ms
06-06 13:00:27.251  7273  7273 E pageboostd: Received HALT command code 2
06-06 13:00:27.251  2342  5454 V WindowManager: Relayout hash=da5c5e7, pid=6421, syncId=-1: mAttrs={(0,0)(fillxfill) sim={adjust=nothing} layoutInDisplayCutoutMode=shortEdges ty=BASE_APPLICATION fmt=TRANSPARENT wanim=0x10302f2
06-06 13:00:27.251  2342  5454 V WindowManager:   fl=81910100
06-06 13:00:27.251  2342  5454 V WindowManager:   pfl=1a008040
06-06 13:00:27.251  2342  5454 V WindowManager:   bhv=SHOW_TRANSIENT_BARS_BY_SWIPE
06-06 13:00:27.251  2342  5454 V WindowManager:   fitSides= naviIconColor=0}
06-06 13:00:27.252  6421  6421 I BLASTBufferQueue_Java: new BLASTBufferQueue, mName= ViewRootImpl@cc9c4e9[LauncherActivity] mNativeObject= 0xb4000074df963770 sc.mNativeObject= 0xb4000073af93cd50 caller= android.view.ViewRootImpl.updateBlastSurfaceIfNeeded:3031 android.view.ViewRootImpl.relayoutWindow:10121 android.view.ViewRootImpl.performTraversals:4115 android.view.ViewRootImpl.doTraversal:3291 android.view.ViewRootImpl$TraversalRunnable.run:11329 android.view.Choreographer$CallbackRecord.run:1689 android.view.Choreographer$CallbackRecord.run:1698 android.view.Choreographer.doCallbacks:1153 android.view.Choreographer.doFrame:1079 android.view.Choreographer$FrameDisplayEventReceiver.run:1646
06-06 13:00:27.252  6421  6421 I BLASTBufferQueue_Java: update, w= 1080 h= 2340 mName = ViewRootImpl@cc9c4e9[LauncherActivity] mNativeObject= 0xb4000074df963770 sc.mNativeObject= 0xb4000073af93cd50 format= -2 caller= android.graphics.BLASTBufferQueue.<init>:89 android.view.ViewRootImpl.updateBlastSurfaceIfNeeded:3031 android.view.ViewRootImpl.relayoutWindow:10121 android.view.ViewRootImpl.performTraversals:4115 android.view.ViewRootImpl.doTraversal:3291 android.view.ViewRootImpl$TraversalRunnable.run:11329
06-06 13:00:27.252  6421  6421 I ViewRootImpl@cc9c4e9[LauncherActivity]: Relayout returned: old=(0,0,1080,2340) new=(0,0,1080,2340) relayoutAsync=false req=(1080,2340)0 dur=4 res=0x403 s={true 0xb4000074af997100} ch=true seqId=0
06-06 13:00:27.252  6421  6421 I ViewRootImpl@cc9c4e9[LauncherActivity]: Setup new sync=wmsSync-ViewRootImpl@cc9c4e9[LauncherActivity]#26
06-06 13:00:27.252  6421  6421 I ViewRootImpl@cc9c4e9[LauncherActivity]: Creating new active sync group ViewRootImpl@cc9c4e9[LauncherActivity]#27
06-06 13:00:27.252  6421  6421 I ViewRootImpl@cc9c4e9[LauncherActivity]: registerCallbacksForSync syncBuffer=false
06-06 13:00:27.254  6421  9458 I ViewRootImpl@cc9c4e9[LauncherActivity]: Received frameDrawingCallback syncResult=0 frameNum=1.
06-06 13:00:27.254  6421  9458 I ViewRootImpl@cc9c4e9[LauncherActivity]: mWNT: t=0xb40000747f944710 mBlastBufferQueue=0xb4000074df963770 fn= 1 mRenderHdrSdrRatio=1.0 caller= android.view.ViewRootImpl$8.onFrameDraw:13826 android.view.ThreadedRenderer$1.onFrameDraw:792 <bottom of call stack>
06-06 13:00:27.254  6421  9458 I ViewRootImpl@cc9c4e9[LauncherActivity]: Setting up sync and frameCommitCallback
06-06 13:00:27.254  6421  9453 W qdgralloc: getInterlacedFlag: getMetaData returned 3, defaulting to interlaced_flag = 0
06-06 13:00:27.255  6421  9453 I BLASTBufferQueue: [ViewRootImpl@cc9c4e9[LauncherActivity]#10](f:0,a:0,s:0) onFrameAvailable the first frame is available
06-06 13:00:27.255  6421  9453 I ViewRootImpl@cc9c4e9[LauncherActivity]: Received frameCommittedCallback lastAttemptedDrawFrameNum=1 didProduceBuffer=true
06-06 13:00:27.255  1715  1715 I Layer   : Layer::reparent [87e62a6 NavigationBar0#78] newParent : Surface(name=87e62a6 NavigationBar0)/@0xf64c4fb - animation-leash of insets_animation#1176 , isRemovedFromCurrentState : 0 -------------------------
06-06 13:00:27.255  1715  1715 I Layer   : Layer::reparent [87e62a6 NavigationBar0#78] End -------------------------
06-06 13:00:27.255  1715  1715 I Layer   : Layer::reparent [Surface(name=87e62a6 NavigationBar0)/@0xf64c4fb - animation-leash of insets_animation#1169] newParentHandle : null -------------------------
06-06 13:00:27.255  1715  1715 I Layer   : id=1169 removeFromCurrentState Surface(name=87e62a6 NavigationBar0)/@0xf64c4fb - animation-leash of insets_animation#1169 (252)
06-06 13:00:27.255  1715  1715 I Layer   : Layer::reparent [Surface(name=87e62a6 NavigationBar0)/@0xf64c4fb - animation-leash of insets_animation#1169] End -------------------------
06-06 13:00:27.255  1715  1715 I Layer   : Layer::reparent [53a7541 StatusBar#85] newParent : Surface(name=53a7541 StatusBar)/@0x3ba06c - animation-leash of insets_animation#1177 , isRemovedFromCurrentState : 0 -------------------------
06-06 13:00:27.255  1715  1715 I Layer   : Layer::reparent [53a7541 StatusBar#85] End -------------------------
06-06 13:00:27.255  1715  1715 I Layer   : Layer::reparent [Surface(name=53a7541 StatusBar)/@0x3ba06c - animation-leash of insets_animation#1170] newParentHandle : null -------------------------
06-06 13:00:27.255  1715  1715 I Layer   : id=1170 removeFromCurrentState Surface(name=53a7541 StatusBar)/@0x3ba06c - animation-leash of insets_animation#1170 (252)
06-06 13:00:27.255  1715  1715 I Layer   : Layer::reparent [Surface(name=53a7541 StatusBar)/@0x3ba06c - animation-leash of insets_animation#1170] End -------------------------
06-06 13:00:27.255  1715  1715 I Layer   : id=1157 Destroyed Surface(name=87e62a6 NavigationBar0)/@0xf64c4fb - animation-leash of insets_animation#1157
06-06 13:00:27.255  1715  1715 I Layer   : id=1159 Destroyed Surface(name=53a7541 StatusBar)/@0x3ba06c - animation-leash of insets_animation#1159
06-06 13:00:27.255  7012  7043 D C2SoftVpxEnc: bytes generated 75629
06-06 13:00:27.256  1715  1715 I Layer   : id=1173 Destroyed Surface(name=53a7541 StatusBar)/@0x3ba06c - animation-leash of insets_animation#1170 (Mirror)#1173
06-06 13:00:27.256  1715  1715 I Layer   : id=1174 Destroyed Surface(name=87e62a6 NavigationBar0)/@0xf64c4fb - animation-leash of insets_animation#1169 (Mirror)#1174
06-06 13:00:27.256  1715  1715 I SurfaceFlinger: id=1170 Removed Surface(name=53a7541 StatusBar)/@0x3ba06c - animation-leash of insets_animation#1170 (251)
06-06 13:00:27.256  1715  1715 I SurfaceFlinger: id=1169 Removed Surface(name=87e62a6 NavigationBar0)/@0xf64c4fb - animation-leash of insets_animation#1169 (251)
06-06 13:00:27.257  5355  5355 D SamsungStatusBarGrayIconHelper: isGrayAppearance=false
06-06 13:00:27.257  5355  5355 D NavigationBar: onSystemBarAttributesChanged() -  displayId:0, appearance:16, packageName: com.sec.android.app.launcher (APPEARANCE_LIGHT_NAVIGATION_BARS ), navbarColorManagedByIme:false
06-06 13:00:27.257  5355  5355 D SysUiState: SysUiState changed: old=0x10020000 new=0x10000000
06-06 13:00:27.257  6421  6421 I ViewRootImpl@cc9c4e9[LauncherActivity]: reportDrawFinished seqId=0
06-06 13:00:27.258  6421  7245 I HoneySpace.SystemUiRepository: systemUiFlags: awake
06-06 13:00:27.258  5355  5961 I WallpaperService: dispatchAppVisibility: system, visible=true
06-06 13:00:27.258  5355  5533 I WallpaperService: updateSurface system forceRelayout=false forceReport=false redrawNeeded=false myWidth=2340 myHeight=2340 fixedSize=true x = 0 y = 0 mWidth=2340 mHeight=2340
06-06 13:00:27.258  5355  5533 I WallpaperService: reportVisibility: visibility changed. visible=true
06-06 13:00:27.258  5355  5533 I ImageWallpaper[CanvasEngine_d0_w1]:  onVisibilityChanged: visible=true , displayId=0
06-06 13:00:27.258  2342  2420 D InputDispatcher: Focus request (0): da5c5e7 com.sec.android.app.launcher/com.sec.android.app.launcher.activities.LauncherActivity but waiting because NOT_VISIBLE
06-06 13:00:27.260  1715  6620 I SurfaceFlinger: id=1181 createSurf, flag=84004, Transition Root: Task=1#1181
06-06 13:00:27.260  2342  2630 D PkgPredictorService-SecIpmManagerServiceImpl: onForegroundActivitiesChanged pid:6421 uid:10150
06-06 13:00:27.261  2342  7097 V PkgPredictorService-SecIpmManagerServiceImpl: discard foreground app:com.sec.android.app.launcher 1|true
06-06 13:00:27.261  6421  6421 I InsetsSourceConsumer: applyRequestedVisibilityToControl: visible=true, type=navigationBars, host=com.sec.android.app.launcher/com.sec.android.app.launcher.activities.LauncherActivity
06-06 13:00:27.261  6421  6488 I HoneySpace.TopTaskSource: onTaskFocusChanged(): taskId = 8
06-06 13:00:27.261  6421  6488 I HoneySpace.TopTaskSource: onTaskFocusChanged(): taskId = 8
06-06 13:00:27.261  6421  6488 I HoneySpace.TopTaskSource: onTaskMovedToFront : taskId = 8
06-06 13:00:27.261  6421  6421 I InsetsSourceConsumer: applyRequestedVisibilityToControl: visible=true, type=statusBars, host=com.sec.android.app.launcher/com.sec.android.app.launcher.activities.LauncherActivity
06-06 13:00:27.261  2342  2633 I SurfaceControl: show, t=StartTransaction_SyncId<39>, sc=Surface(name=ActivityRecord{4bdcf41 u0 com.sec.android.app.launcher/.activities.LauncherActivity t8})/@0xccf162b, caller=com.android.server.wm.Transition.onTransactionReady:1962 com.android.server.wm.BLASTSyncEngine$SyncGroup.finishNow:310 com.android.server.wm.BLASTSyncEngine$SyncGroup.tryFinish:242 com.android.server.wm.BLASTSyncEngine$SyncGroup.-$$Nest$mtryFinish:0 com.android.server.wm.BLASTSyncEngine.onSurfacePlacement:670 com.android.server.wm.RootWindowContainer.performSurfacePlacementNoTrace:988
06-06 13:00:27.261  2342  2633 I SurfaceControl: show, t=StartTransaction_SyncId<39>, sc=Surface(name=Task=8)/@0xd2fba88, caller=com.android.server.wm.Transition.onTransactionReady:1979 com.android.server.wm.BLASTSyncEngine$SyncGroup.finishNow:310 com.android.server.wm.BLASTSyncEngine$SyncGroup.tryFinish:242 com.android.server.wm.BLASTSyncEngine$SyncGroup.-$$Nest$mtryFinish:0 com.android.server.wm.BLASTSyncEngine.onSurfacePlacement:670 com.android.server.wm.RootWindowContainer.performSurfacePlacementNoTrace:988
06-06 13:00:27.262  2342  2633 D ScreenCapture: [Capture_TEST] : setIsScreenShotBySystem true
06-06 13:00:27.262  6421  6487 I HoneySpace.TaskbarEventTracker: invokeEvent() called with: event = SystemUiStateChanged(stateFlags=268435456)
06-06 13:00:27.262  6421  6488 I HoneySpace.TopTaskSource: onTaskMovedToFront : taskId = 8
06-06 13:00:27.263  6421  9666 I HoneySpace.PredictionDataSourceImpl: TYPE_SUGGESTED_APPS updated: 9
06-06 13:00:27.263  1715  1715 I Layer   : Layer [com.android.systemui.wallpapers.ImageWallpaper_system$_5355#93] hidden!! flag(0)
06-06 13:00:27.264  1715  1715 I Layer   : id=1170 Destroyed Surface(name=53a7541 StatusBar)/@0x3ba06c - animation-leash of insets_animation#1170
06-06 13:00:27.264  1715  1715 I Layer   : id=1169 Destroyed Surface(name=87e62a6 NavigationBar0)/@0xf64c4fb - animation-leash of insets_animation#1169
06-06 13:00:27.267  1715  1715 D SurfaceFlinger: Display 4630946970390616451 HWC layers:
06-06 13:00:27.267  1715  1715 D SurfaceFlinger:      DEVICE | 0xb4000073beb141e0 | 0102 | RGBA_8888    |    0.0    0.0 1080.0    4.0 |    0 2336 1080 2340 | bbq-wrapper#1149
06-06 13:00:27.267  1715  1715 D SurfaceFlinger:      DEVICE | 0xb4000073beb17a20 | 0102 | RGBA_8888    |    0.0    4.0 1080.0 2340.0 |    0    0 1080 2336 | etf.ri.rma.newsfeedapp/etf.ri.rma.newsfeedapp.MainActivity$_7790#1123
06-06 13:00:27.267  1715  1715 D SurfaceFlinger:      DEVICE | 0xb4000073beb157d0 | 0102 | RGBA_8888    |    0.0   22.0 1080.0  438.0 |    0    0 1080  416 | bbq-wrapper#1168
06-06 13:00:27.267  1715  1715 D SurfaceFlinger:  SOLID_COLOR |              | 0000 |  Unknown  |    0.0    0.0    0.0    0.0 |    0    0 1080 2340 | DimTransitionLayer for Surface(name=Task=26)/@0x58e21df#1158
06-06 13:00:27.267  1715  1715 D SurfaceFlinger:      DEVICE | 0xb4000073beb0caa0 | 0100 | RGBA_8888    |    0.0    0.0 1080.0 1924.0 |    0  416 1080 2340 | Splash Screen etf.ri.rma.newsfeedapp.test$_5355#1137
06-06 13:00:27.267  1715  1715 D SurfaceFlinger:      DEVICE | 0xb4000073beb087b0 | 0100 | RGBA_8888    |    0.0    0.0 1080.0   87.0 |    0    0 1080   87 | StatusBar$_5355#90
06-06 13:00:27.267  1715  1715 D SurfaceFlinger:      DEVICE | 0xb4000073beb138e0 | 0100 | RGBA_8888    |    0.0    0.0   67.0  342.0 | 1013  438 108
06-06 13:00:27.267  1715  1715 D SurfaceFlinger: 0  780 | com.sec.android.app.launcher/com.sam[...]ce.edge.CocktailBarService$_6421#145
06-06 13:00:27.267  1715  1715 D SurfaceFlinger:      DEVICE | 0xb4000073beb0f830 | 0100 | RGBA_8888    |    0.0    0.0 1080.0  144.0 |    0 2196 1080 2340 | NavigationBar0$_5355#89
06-06 13:00:27.267  1715  1715 D SurfaceFlinger:
06-06 13:00:27.267  6421  9674 I HoneySpace.PredictionDataSourceImpl: TYPE_RECOMMENDED_WIDGETS updated: 8
06-06 13:00:27.267  1715  1715 I Layer   : id=1183 Destroyed Screenshot Parent#1183
06-06 13:00:27.269  5355  5420 I SurfaceControl: hide, t=FinishTransaction_SyncId<39>, sc=Surface(name=Task=26)/@0x7a2919, caller=com.android.wm.shell.transition.Transitions.dispatchReady:681 com.android.wm.shell.transition.Transitions.onTransitionReady:118 com.android.wm.shell.transition.Transitions$TransitionPlayerImpl$$ExternalSyntheticLambda0.run:13 android.os.Handler.handleCallback:958 android.os.Handler.dispatchMessage:99 android.os.Looper.loopOnce:230
06-06 13:00:27.270  5355  5420 I SurfaceControl: show, t=StartTransaction_SyncId<39>, sc=Surface(name=Task=1)/@0x174d060, caller=com.android.wm.shell.transition.Transitions.dispatchReady:686 com.android.wm.shell.transition.Transitions.onTransitionReady:118 com.android.wm.shell.transition.Transitions$TransitionPlayerImpl$$ExternalSyntheticLambda0.run:13 android.os.Handler.handleCallback:958 android.os.Handler.dispatchMessage:99 android.os.Looper.loopOnce:230
06-06 13:00:27.270  5355  5420 I SurfaceControl: show, t=FinishTransaction_SyncId<39>, sc=Surface(name=Task=1)/@0x174d060, caller=com.android.wm.shell.transition.Transitions.dispatchReady:733 com.android.wm.shell.transition.Transitions.onTransitionReady:118 com.android.wm.shell.transition.Transitions$TransitionPlayerImpl$$ExternalSyntheticLambda0.run:13 android.os.Handler.handleCallback:958 android.os.Handler.dispatchMessage:99 android.os.Looper.loopOnce:230
06-06 13:00:27.271  5355  5420 I SurfaceControl: apply is called, name=FinishTransaction_SyncId<38>, caller=android.view.SurfaceControl$Transaction.apply:2921 com.android.wm.shell.transition.Transitions.onFinish:302 com.android.wm.shell.transition.Transitions$$ExternalSyntheticLambda6.onTransitionFinished:15 com.android.wm.shell.transition.DefaultTransitionHandler$$ExternalSyntheticLambda5.run:125 com.android.wm.shell.transition.DefaultTransitionHandler$$ExternalSyntheticLambda3.run:52 android.os.Handler.handleCallback:958
06-06 13:00:27.271  7012  7043 D C2SoftVpxEnc: bytes generated 80070
06-06 13:00:27.271  2342  2630 D NetworkPolicy: already checked 10150
06-06 13:00:27.272  1715  1715 I Layer   : Layer::reparent [DimTransitionLayer for Surface(name=Task=26)/@0x58e21df#1158] newParentHandle : null -------------------------
06-06 13:00:27.272  1715  1715 I Layer   : id=1158 removeFromCurrentState DimTransitionLayer for Surface(name=Task=26)/@0x58e21df#1158 (251)
06-06 13:00:27.272  1715  1715 I Layer   : Layer::reparent [DimTransitionLayer for Surface(name=Task=26)/@0x58e21df#1158] End -------------------------
06-06 13:00:27.272  1715  1715 I Layer   : Layer [Task=8#138] hidden!! flag(0)
06-06 13:00:27.272  1715  1715 I Layer   : Layer [Task=1#52] hidden!! flag(0)
06-06 13:00:27.272  1715  1715 I Layer   : Layer::reparent [DimTransitionLayer for Surface(name=Task=26)/@0x58e21df#1158] newParentHandle : null -------------------------
06-06 13:00:27.272  1715  1715 I Layer   : id=1158 removeFromCurrentState DimTransitionLayer for Surface(name=Task=26)/@0x58e21df#1158 (251)
06-06 13:00:27.272  1715  1715 I Layer   : Layer::reparent [DimTransitionLayer for Surface(name=Task=26)/@0x58e21df#1158] End -------------------------
06-06 13:00:27.272  1715  1715 I Layer   : Layer::reparent [Top Edge Extension#1166] newParentHandle : null -------------------------
06-06 13:00:27.272  1715  1715 I Layer   : id=1166 removeFromCurrentState Top Edge Extension#1166 (251)
06-06 13:00:27.272  1715  1715 I Layer   : id=1168 removeFromCurrentState bbq-wrapper#1168 (251)
06-06 13:00:27.272  1715  1715 I Layer   : Layer::reparent [Top Edge Extension#1166] End -------------------------
06-06 13:00:27.272  1715  1715 I Layer   : Layer::reparent [Bottom Edge Extension#1146] newParentHandle : null -------------------------
06-06 13:00:27.272  1715  1715 I Layer   : id=1146 removeFromCurrentState Bottom Edge Extension#1146 (251)
06-06 13:00:27.272  1715  1715 I Layer   : id=1149 removeFromCurrentState bbq-wrapper#1149 (251)
06-06 13:00:27.272  1715  1715 I Layer   : Layer::reparent [Bottom Edge Extension#1146] End -------------------------
06-06 13:00:27.272  1715  1715 I Layer   : Layer::reparent [Transition Root: Task=26#1142] newParentHandle : null -------------------------
06-06 13:00:27.272  1715  1715 I Layer   : id=1142 removeFromCurrentState Transition Root: Task=26#1142 (251)
06-06 13:00:27.272  1715  1715 I Layer   : id=1105 removeFromCurrentState Task=25#1105 (251)
06-06 13:00:27.272  1715  1715 I Layer   : id=1107 removeFromCurrentState ActivityRecord{bd70493 u0 etf.ri.rma.newsfeedapp/.MainActivity t25}#1107 (251)
06-06 13:00:27.272  1715  1715 I Layer   : id=1118 removeFromCurrentState d2208cd ActivityRecordInputSink etf.ri.rma.newsfeedapp/.MainActivity#1118 (251)
06-06 13:00:27.272  1715  1715 I Layer   : id=1113 removeFromCurrentState bb1e62c etf.ri.rma.newsfeedapp/etf.ri.rma.newsfeedapp.MainActivity#1113 (251)
06-06 13:00:27.272  1715  1715 I Layer   : id=1123 removeFromCurrentState etf.ri.rma.newsfeedapp/etf.ri.rma.newsfeedapp.MainActivity$_7790#1123 (251)
06-06 13:00:27.272  1715  1715 I Layer   : id=17 removeFromCurrentState ImeContainer#17 (251)
06-06 13:00:27.272  1715  1715 I Layer   : id=98 removeFromCurrentState WindowToken{f7b1b09 type=2011 android.os.Binder@15b9410}#98 (251)
06-06 13:00:27.272  1715  1715 I Layer   : id=1131 removeFromCurrentState Surface(name=ac5a498 InputMethod)/@0x1895ba - animation-leash of insets_animation#1131 (251)
06-06 13:00:27.272  1715  1715 I Layer   : id=154 removeFromCurrentState ac5a498 InputMethod#154 (251)
06-06 13:00:27.272  1715  1715 I Layer   : id=1134 removeFromCurrentState Task=26#1134 (251)
06-06 13:00:27.272  1715  1715 I Layer   : id=1135 removeFromCurrentState ActivityRecord{f3d4c4d u0 etf.ri.rma.newsfeedapp.test/androidx.test.core.app.InstrumentationActivityInvoker$EmptyActivity t26}#1135 (251)
06-06 13:00:27.272  1715  1715 I Layer   : id=1147 removeFromCurrentState 10c1777 ActivityRecordInputSink etf.ri.rma.newsfeedapp.test/androidx.test.core.app.InstrumentationActivityInvoker$EmptyActivity#1147 (251)
06-06 13:00:27.272  1715  1715 I Layer   : id=1145 removeFromCurrentState 5a1b7f3 etf.ri.rma.newsfeedapp.test/androidx.test.core.app.InstrumentationActivityInvoker$EmptyActivity#1145 (251)
06-06 13:00:27.272  1715  1715 I Layer   : id=1154 removeFromCurrentState etf.ri.rma.newsfeedapp.test/androidx.test.core.app.InstrumentationActivityInvoker$EmptyActivity$_7890#1154 (251)
06-06 13:00:27.272  1715  1715 I Layer   : id=1136 removeFromCurrentState 2d87e6f Splash Screen etf.ri.rma.newsfeedapp.test#1136 (251)
06-06 13:00:27.272  1715  1715 I Layer   : id=1137 removeFromCurrentState Splash Screen etf.ri.rma.newsfeedapp.test$_5355#1137 (251)
06-06 13:00:27.272  1715  1715 I Layer   : Layer::reparent [Transition Root: Task=26#1142] End -------------------------
06-06 13:00:27.272  1715  1715 I Layer   : Layer::reparent [Task=26#1134] newParent : DefaultTaskDisplayArea_d0#12 , isRemovedFromCurrentState : 0 -------------------------
06-06 13:00:27.272  1715  1715 I Layer   : id=1134 addToCurrentState Task=26#1134 (251)
06-06 13:00:27.272  1715  1715 I Layer   : id=1135 addToCurrentState ActivityRecord{f3d4c4d u0 etf.ri.rma.newsfeedapp.test/androidx.test.core.app.InstrumentationActivityInvoker$EmptyActivity t26}#1135 (251)
06-06 13:00:27.272  1715  1715 I Layer   : id=1147 addToCurrentState 10c1777 ActivityRecordInputSink etf.ri.rma.newsfeedapp.test/androidx.test.core.app.InstrumentationActivityInvoker$EmptyActivity#1147 (251)
06-06 13:00:27.272  1715  1715 I Layer   : id=1145 addToCurrentState 5a1b7f3 etf.ri.rma.newsfeedapp.test/androidx.test.core.app.InstrumentationActivityInvoker$EmptyActivity#1145 (251)
06-06 13:00:27.272  1715  1715 I Layer   : id=1154 addToCurrentState etf.ri.rma.newsfeedapp.test/androidx.test.core.app.InstrumentationActivityInvoker$EmptyActivity$_7890#1154 (251)
06-06 13:00:27.272  1715  1715 I Layer   : id=1136 addToCurrentState 2d87e6f Splash Screen etf.ri.rma.newsfeedapp.test#1136 (251)
06-06 13:00:27.272  1715  1715 I Layer   : id=1137 addToCurrentState Splash Screen etf.ri.rma.newsfeedapp.test$_5355#1137 (251)
06-06 13:00:27.272  1715  1715 I Layer   : Layer::reparent [Task=26#1134] End -------------------------
06-06 13:00:27.272  1715  1715 I Layer   : Layer [Task=25#1105] hidden!! flag(1)
06-06 13:00:27.272  1715  1715 I Layer   : Layer::reparent [Task=25#1105] newParent : DefaultTaskDisplayArea_d0#12 , isRemovedFromCurrentState : 0 -------------------------
06-06 13:00:27.272  1715  1715 I Layer   : id=1105 addToCurrentState Task=25#1105 (251)
06-06 13:00:27.272  1715  1715 I Layer   : id=1107 addToCurrentState ActivityRecord{bd70493 u0 etf.ri.rma.newsfeedapp/.MainActivity t25}#1107 (251)
06-06 13:00:27.272  1715  1715 I Layer   : id=1118 addToCurrentState d2208cd ActivityRecordInputSink etf.ri.rma.newsfeedapp/.MainActivity#1118 (251)
06-06 13:00:27.272  1715  1715 I Layer   : id=1113 addToCurrentState bb1e62c etf.ri.rma.newsfeedapp/etf.ri.rma.newsfeedapp.MainActivity#1113 (251)
06-06 13:00:27.272  1715  1715 I Layer   : id=1123 addToCurrentState etf.ri.rma.newsfeedapp/etf.ri.rma.newsfeedapp.MainActivity$_7790#1123 (251)
06-06 13:00:27.272  1715  1715 I Layer   : id=17 addToCurrentState ImeContainer#17 (251)
06-06 13:00:27.272  1715  1715 I Layer   : id=98 addToCurrentState WindowToken{f7b1b09 type=2011 android.os.Binder@15b9410}#98 (251)
06-06 13:00:27.272  1715  1715 I Layer   : id=1131 addToCurrentState Surface(name=ac5a498 InputMethod)/@0x1895ba - animation-leash of insets_animation#1131 (251)
06-06 13:00:27.272  1715  1715 I Layer   : id=154 addToCurrentState ac5a498 InputMethod#154 (251)
06-06 13:00:27.272  1715  1715 I Layer   : Layer::reparent [Task=25#1105] End -------------------------
06-06 13:00:27.272  1715  1715 I Layer   : Layer::reparent [Transition Root: Task=26#1142] newParentHandle : null -------------------------
06-06 13:00:27.272  1715  1715 I Layer   : id=1142 removeFromCurrentState Transition Root: Task=26#1142 (251)
06-06 13:00:27.272  1715  1715 I Layer   : Layer::reparent [Transition Root: Task=26#1142] End -------------------------
06-06 13:00:27.272  1715  1715 I Layer   : id=1143 Destroyed Transition Root: Task=26#1142 (Mirror)#1143
06-06 13:00:27.272  1715  1715 I Layer   : id=1150 Destroyed Bottom Edge Extension#1146 (Mirror)#1150
06-06 13:00:27.272  1715  1715 I Layer   : id=1171 Destroyed Top Edge Extension#1166 (Mirror)#1171
06-06 13:00:27.273  1715  1715 I SurfaceFlinger: id=1146 Removed Bottom Edge Extension#1146 (248)
06-06 13:00:27.273  1715  1715 I SurfaceFlinger: id=1166 Removed Top Edge Extension#1166 (248)
06-06 13:00:27.273  1715  1715 I SurfaceFlinger: id=1158 Removed DimTransitionLayer for Surface(name=Task=26)/@0x58e21df#1158 (248)
06-06 13:00:27.273  1715  1715 I SurfaceFlinger: id=1149 Removed bbq-wrapper#1149 (248)
06-06 13:00:27.273  1715  1715 I SurfaceFlinger: id=1168 Removed bbq-wrapper#1168 (248)
06-06 13:00:27.273  1715  1715 I Layer   : id=1160 Destroyed DimTransitionLayer for Surface(name=Task=26)/@0x58e21df#1158 (Mirror)#1160
06-06 13:00:27.273  1715  1715 I Layer   : id=1172 Destroyed bbq-wrapper#1168 (Mirror)#1172
06-06 13:00:27.273  1715  1715 I Layer   : id=1151 Destroyed bbq-wrapper#1149 (Mirror)#1151
06-06 13:00:27.274  1715  2430 I SurfaceFlinger: id=1142 Removed Transition Root: Task=26#1142 (245)
06-06 13:00:27.274  6421  6421 I Edge.ActivityUtils: HomePackage : com.sec.android.app.launcher, resumePackageName : com.sec.android.app.launcher
06-06 13:00:27.274  7790  7790 I ViewRootImpl@9400ec0[MainActivity]: handleAppVisibility mAppVisible = true visible = false
06-06 13:00:27.274  5355  5420 I SurfaceControl: show, t=StartTransaction_SyncId<39>, sc=Surface(name=Transition Root: Task=1)/@0xedf4dde, caller=com.android.wm.shell.transition.Transitions.playTransition:80 com.android.wm.shell.transition.Transitions.processReadyQueue:185 com.android.wm.shell.transition.Transitions.onFinish:449 com.android.wm.shell.transition.Transitions$$ExternalSyntheticLambda6.onTransitionFinished:15 com.android.wm.shell.transition.DefaultTransitionHandler$$ExternalSyntheticLambda5.run:125 com.android.wm.shell.transition.DefaultTransitionHandler$$ExternalSyntheticLambda3.run:52
06-06 13:00:27.276  1715  1715 D SurfaceFlinger: Display 4630946970390616451 HWC layers:
06-06 13:00:27.276  1715  1715 D SurfaceFlinger:      DEVICE | 0xb4000073beb13a00 | 0100 | RGBA_8888    |  630.0    0.0 1710.0 2340.0 |    0    0 1080 2340 | Wallpaper BBQ wrapper 5_system#94
06-06 13:00:27.276  1715  1715 D SurfaceFlinger:      DEVICE | 0xb4000073beb0caa0 | 0100 | RGBA_8888    |    0.0    0.0 1080.0 2340.0 |    0    0 1080 2340 | Splash Screen etf.ri.rma.newsfeedapp.test$_5355#1137
06-06 13:00:27.276  1715  1715 D SurfaceFlinger:      DEVICE | 0xb4000073beb0a850 | 0100 | RGBA_8888    |    0.0    0.0 1080.0   87.0 |    0    0 1080   87 | StatusBar$_5355#90
06-06 13:00:27.276  1715  1715 D SurfaceFlinger:      DEVICE | 0xb4000073beb138e0 | 0100 | RGBA_8888    |    0.0    0.0   67.0  342.0 | 1013  438 1080  780 | com.sec.android.app.launcher/com.sam[...]ce.edge.CocktailBarService$_6421#145
06-06 13:00:27.276  1715  1715 D SurfaceFlinger:      DEVICE | 0xb4000073beb07fd0 | 0100 | RGBA_8888    |    0.0    0.0 1080.0  144.0 |    0 2196 1080 2340 | NavigationBar0$_5355#89
06-06 13:00:27.276  1715  1715 D SurfaceFlinger:
06-06 13:00:27.277  1715  1806 I SurfaceFlinger: id=1184 createSurf, flag=84000, Surface(name=Task=1)/@0x72fb609_transition-leash#1184
06-06 13:00:27.277 11224 11224 D HidDeviceService: handleMessage(): msg.what=8
06-06 13:00:27.278  6421  6494 I SurfaceControl: show, t=StartTransaction_SyncId<39>, sc=Surface(name=Task=1)/@0x72fb609, caller=com.android.wm.shell.util.TransitionUtil.createLeash:127 com.android.wm.shell.util.TransitionUtil.newTarget:2 com.android.wm.shell.util.TransitionUtil.newTarget:1 com.android.systemui.shared.system.RemoteAnimationTargetCompat.wrap:48 com.android.systemui.shared.system.RemoteAnimationTargetCompat.wrapApps:5 com.android.systemui.shared.system.RemoteAnimationRunnerCompat$1.startAnimation:19
06-06 13:00:27.278  1715  1806 I SurfaceFlinger: id=1185 createSurf, flag=84000, Surface(name=Task=26)/@0xda12a2f_transition-leash#1185
06-06 13:00:27.279  1574  1638 I HYPER-HAL: [RequestManager.cpp]acquire(): Acquired ID : 1772208  [1577 / 305]    HINT :      list : [TID_LOW_LATENCY / 0] [TID / 7920] [TID / 7921] [TID / 7890] [TID / 7917]
06-06 13:00:27.279  2342  2630 D PkgPredictorService-SecIpmManagerServiceImpl: bg information pid:7790 uid:10317 pkgName:etf.ri.rma.newsfeedapp
06-06 13:00:27.279  6421  6494 I SurfaceControl: show, t=StartTransaction_SyncId<39>, sc=Surface(name=Task=26)/@0xda12a2f, caller=com.android.wm.shell.util.TransitionUtil.createLeash:127 com.android.wm.shell.util.TransitionUtil.newTarget:2 com.android.wm.shell.util.TransitionUtil.newTarget:1 com.android.systemui.shared.system.RemoteAnimationTargetCompat.wrap:48 com.android.systemui.shared.system.RemoteAnimationTargetCompat.wrapApps:5 com.android.systemui.shared.system.RemoteAnimationRunnerCompat$1.startAnimation:19
06-06 13:00:27.279  6421  6494 I SurfaceControl: apply is called, name=StartTransaction_SyncId<39>, caller=android.view.SurfaceControl$Transaction.apply:2921 com.android.systemui.shared.system.RemoteAnimationRunnerCompat$1.startAnimation:658 android.window.IRemoteTransition$Stub.onTransact:131 android.os.Binder.execTransactInternal:1380 android.os.Binder.execTransact:1311 <bottom of call stack>
06-06 13:00:27.279  6421  6494 I HoneySpace.ShellAnimationRunner: [onAnimationStart] appTarget(0) : taskId-1, mode-0
06-06 13:00:27.279  6421  6494 I HoneySpace.ShellAnimationRunner: [onAnimationStart] appTarget(1) : taskId-26, mode-1
06-06 13:00:27.280  6421  6421 I HoneySpace.ShellAnimationRunner: finishExistingAnimation, null
06-06 13:00:27.280  6421  6421 I HoneySpace.AppCloseAnimationDelegate: onAnimationStart
06-06 13:00:27.280 26692 27175 I Rubin   : [97] zb.a.c(Unknown Source) : Notify com.samsung.android.rubin.inferenceengine.contextanalytics.engine.loggers.AppUsageLogger's database is updated.
06-06 13:00:27.280  6421  6421 I HoneySpace.AppCloseAnimationDelegate: getCurrentShellAnimator : useSpringAnim-false, target-null
06-06 13:00:27.280  1715  1715 I Layer   : Layer [ActivityRecord{bd70493 u0 etf.ri.rma.newsfeedapp/.MainActivity t25}#1107] hidden!! flag(1)
06-06 13:00:27.280  1715  1715 I Layer   : Layer [etf.ri.rma.newsfeedapp/etf.ri.rma.newsfeedapp.MainActivity$_7790#1123] hidden!! flag(1)
06-06 13:00:27.280  1715  1715 I Layer   : Layer::reparent [Task=1#52] newParent : Surface(name=Task=1)/@0x72fb609_transition-leash#1184 , isRemovedFromCurrentState : 0 -------------------------
06-06 13:00:27.280  1715  1715 I Layer   : Layer::reparent [Task=1#52] End -------------------------
06-06 13:00:27.280  1715  1715 I Layer   : Layer::reparent [Surface(name=Task=1)/@0x72fb609_transition-leash#1184] newParent : Transition Root: Task=1#1181 , isRemovedFromCurrentState : 0 -------------------------
06-06 13:00:27.280  1715  1715 I Layer   : Layer::reparent [Surface(name=Task=1)/@0x72fb609_transition-leash#1184] End -------------------------
06-06 13:00:27.280  1715  1715 I Layer   : Layer [etf.ri.rma.newsfeedapp.test/androidx.test.core.app.InstrumentationActivityInvoker$EmptyActivity$_7890#1154] hidden!! flag(0)
06-06 13:00:27.280  1715  1715 I Layer   : Layer [ActivityRecord{4bdcf41 u0 com.sec.android.app.launcher/.activities.LauncherActivity t8}#139] hidden!! flag(0)
06-06 13:00:27.280  1715  1715 I Layer   : Layer [com.sec.android.app.launcher/com.sec.android.app.launcher.activities.LauncherActivity$_6421#1175] hidden!! flag(0)
06-06 13:00:27.280  1715  1715 I Layer   : Layer [Transition Root: Task=1#1181] hidden!! flag(0)
06-06 13:00:27.280  1715  1715 I Layer   : Layer::reparent [Task=26#1134] newParent : Surface(name=Task=26)/@0xda12a2f_transition-leash#1185 , isRemovedFromCurrentState : 0 -------------------------
06-06 13:00:27.280  1715  1715 I Layer   : Layer::reparent [Task=26#1134] End -------------------------
06-06 13:00:27.280  1715  1715 I Layer   : Layer::reparent [Surface(name=Task=26)/@0xda12a2f_transition-leash#1185] newParent : Transition Root: Task=1#1181 , isRemovedFromCurrentState : 0 -------------------------
06-06 13:00:27.280  1715  1715 I Layer   : Layer::reparent [Surface(name=Task=26)/@0xda12a2f_transition-leash#1185] End -------------------------
06-06 13:00:27.280  6421  6421 I HoneySpace.ContentsAnimator: from : 0.0
06-06 13:00:27.280  6421  6421 I HoneySpace.HoneyScreenManagerImpl: Close floating task bar
06-06 13:00:27.280  1715  1715 I Layer   : id=1142 Destroyed Transition Root: Task=26#1142
06-06 13:00:27.280  1715  1715 I Layer   : id=1146 Destroyed Bottom Edge Extension#1146
06-06 13:00:27.280  1715  1715 I Layer   : id=1158 Destroyed DimTransitionLayer for Surface(name=Task=26)/@0x58e21df#1158
06-06 13:00:27.280  1715  1715 I Layer   : id=1166 Destroyed Top Edge Extension#1166
06-06 13:00:27.280  1715  1715 I Layer   : id=1168 Destroyed bbq-wrapper#1168
06-06 13:00:27.280  6421  6421 I HoneySpace.ContentsAnimator: ContentsAnimator start
06-06 13:00:27.280  1715  1715 I Layer   : id=1149 Destroyed bbq-wrapper#1149
06-06 13:00:27.281  7790  7790 I ViewRootImpl@9400ec0[MainActivity]: destroyHardwareResources: Callers=android.view.ViewRootImpl.performTraversals:3937 android.view.ViewRootImpl.doTraversal:3291 android.view.ViewRootImpl$TraversalRunnable.run:11329 android.view.Choreographer$CallbackRecord.run:1689 android.view.Choreographer$CallbackRecord.run:1698 android.view.Choreographer.doCallbacks:1153 android.view.Choreographer.doFrame:1079 android.view.Choreographer$FrameDisplayEventReceiver.run:1646 android.os.Handler.handleCallback:958 android.os.Handler.dispatchMessage:99
06-06 13:00:27.281  6421  6421 I HoneySpace.TransitionUtils: areAllTargetsTranslucent - false
06-06 13:00:27.281  6421  6421 I HoneySpace.WallpaperAnimator: isOpen: false, from: 1.2, to: 1.0
06-06 13:00:27.282  7790  7818 D OpenGLRenderer: CacheManager::trimMemory(20)
