06-06 13:00:12.807  7890  7917 I ViewRootImpl@5477d5d[InstrumentationActivityInvoker$EmptyActivity]: Received frameCommittedCallback lastAttemptedDrawFrameNum=1 didProduceBuffer=true
06-06 13:00:12.807  7890  7917 D OpenGLRenderer: CFMS:: SetUp Pid : 7890    Tid : 7917
06-06 13:00:12.807  7890  7890 I ViewRootImpl@5477d5d[InstrumentationActivityInvoker$EmptyActivity]: reportDrawFinished seqId=0
06-06 13:00:12.807  2342  5453 W ServiceManagerCppClient: Permission failure: android.permission.ROTATE_SURFACE_FLINGER from uid=10318 pid=0
06-06 13:00:12.807  2342  5453 D PermissionCache: checking android.permission.ROTATE_SURFACE_FLINGER for uid=10318 => denied (98 us)
06-06 13:00:12.807  2342  5453 W ServiceManagerCppClient: Permission failure: android.permission.INTERNAL_SYSTEM_WINDOW from uid=10318 pid=0
06-06 13:00:12.807  2342  5453 D PermissionCache: checking android.permission.INTERNAL_SYSTEM_WINDOW for uid=10318 => denied (19 us)
06-06 13:00:12.807  2342  5453 W ServiceManagerCppClient: Permission failure: android.permission.ACCESS_SURFACE_FLINGER from uid=10318 pid=0
06-06 13:00:12.807  2342  5453 D PermissionCache: checking android.permission.ACCESS_SURFACE_FLINGER for uid=10318 => denied (10 us)
06-06 13:00:12.808  2342  2633 I SemDvfsHyPerManager: acquire hyper - AMS_RESUME_TAIL/2342@16, type = -999
06-06 13:00:12.808  2342  2633 I SemDvfsHyPerManager: acquire hyper - AMS_ACT_LAZY/2342@17, type = -999
06-06 13:00:12.809  1574  1638 I HYPER-HAL: [RequestManager.cpp]acquire(): Acquired ID : 2781277  [2342 / 16]    HINT : AMS_RESUME_TAIL    list :
06-06 13:00:12.810  1574  1638 I HYPER-HAL: [RequestManager.cpp]acquire(): Acquired ID : 2783637  [2342 / 17]    HINT : AMS_ACT_LAZY    list :
06-06 13:00:12.812  1574  1638 I HYPER-HAL: [RequestManager.cpp]releaseLocked(): Released ID : 2816782
06-06 13:00:12.815  1652  2311 I QC2CompStore: Setting heap usage to system
06-06 13:00:12.815  7012  7043 D C2SoftVpxEnc: bytes generated 75200
06-06 13:00:12.819  2342  5137 I SemDvfsHyPerManager: acquire hyper - AMS_APP_HOME/2342@29, type = -999
06-06 13:00:12.819  1574  1638 I HYPER-HAL: [RequestManager.cpp]acquire(): Acquired ID : 2812035  [2342 / 29]    HINT : AMS_APP_HOME    list :
06-06 13:00:12.819  8184  8184 I SemDvfsHyPerManager: acquire hyper - APP_START_HOME/8184@20, type = -999
06-06 13:00:12.820  1574  1638 I HYPER-HAL: [RequestManager.cpp]acquire(): Acquired ID : 33656930  [8184 / 20]    HINT : APP_START    list : [KERNEL_APP_START_NOTIFY / 0] [TIMEOUT / 1500]
06-06 13:00:12.820  6421  6421 I ViewRootImpl@cc9c4e9[LauncherActivity]: handleAppVisibility mAppVisible = false visible = true
06-06 13:00:12.821  6421  6421 I ViewRootImpl@cc9c4e9[LauncherActivity]: stopped(false) old = true
06-06 13:00:12.821  6421  6421 I HoneySpace.Launcher: !@Boot_EBS_D: Launcher.onStart()
06-06 13:00:12.822  6421  6421 I HoneySpace.Launcher: !@Boot_EBS_D: Launcher.onResume()
06-06 13:00:12.822  6421  6421 I HoneySpace.Launcher: updateLauncherShowing false -> true
06-06 13:00:12.822  6421  7247 I HoneySpace.PredictionDataSourceImpl: requestPredictionUpdate 0 true
06-06 13:00:12.822  6421  6421 I HoneySpace.ShellTransitionManager: myHomeResumed
06-06 13:00:12.823  2342  5433 I AppWidgetServiceImpl: startListening callbacks : com.android.internal.appwidget.IAppWidgetHost$Stub$Proxy@6a607b8
06-06 13:00:12.823  6421  6421 I SearchHoneyPot: onViewCreated: onResume
06-06 13:00:12.823  6421  6596 I HoneySpace.SPayHandler: same state show=true currentDefaultPage=true
06-06 13:00:12.823 24682 24682 I A       : onStart
06-06 13:00:12.823  2342  5137 V WindowManager: Relayout Window{da5c5e7 u0 com.sec.android.app.launcher/com.sec.android.app.launcher.activities.LauncherActivity}: viewVisibility=0 req=1080x2340 ty=1 d0
06-06 13:00:12.824  1715  1806 I SurfaceFlinger: id=542 createSurf, flag=44004, com.sec.android.app.launcher/com.sec.android.app.launcher.activities.LauncherActivity$_6421#542
06-06 13:00:12.824 24682 24682 I A       : onResume
06-06 13:00:12.825  6421  7247 I HoneySpace.PredictionDataSourceImpl: requestPredictionUpdate 1 true
06-06 13:00:12.826  1715  1806 I SurfaceFlinger: id=543 createSurf, flag=24000, Surface(name=87e62a6 NavigationBar0)/@0xf64c4fb - animation-leash of insets_animation#543
06-06 13:00:12.826  1715  1806 I SurfaceFlinger: id=544 createSurf, flag=24000, Surface(name=53a7541 StatusBar)/@0x3ba06c - animation-leash of insets_animation#544
06-06 13:00:12.827  5355  5355 D SamsungStatusBarGrayIconHelper: isGrayAppearance=false
06-06 13:00:12.827  5355  5355 D NavigationBar: onSystemBarAttributesChanged() -  displayId:0, appearance:16, packageName: com.sec.android.app.launcher (APPEARANCE_LIGHT_NAVIGATION_BARS ), navbarColorManagedByIme:false
06-06 13:00:12.827  5355  5355 D SysUiState: SysUiState changed: old=0x10020000 new=0x10000000
06-06 13:00:12.827  2342  5137 V WindowManager: Relayout hash=da5c5e7, pid=6421, syncId=-1: mAttrs={(0,0)(fillxfill) sim={adjust=nothing} layoutInDisplayCutoutMode=shortEdges ty=BASE_APPLICATION fmt=TRANSPARENT wanim=0x10302f2
06-06 13:00:12.827  2342  5137 V WindowManager:   fl=81910100
06-06 13:00:12.827  2342  5137 V WindowManager:   pfl=1a008040
06-06 13:00:12.827  2342  5137 V WindowManager:   bhv=SHOW_TRANSIENT_BARS_BY_SWIPE
06-06 13:00:12.827  2342  5137 V WindowManager:   fitSides= naviIconColor=0}
06-06 13:00:12.828  6421  5991 I HoneySpace.SystemUiRepository: systemUiFlags: awake
06-06 13:00:12.828  6421  6421 I BLASTBufferQueue_Java: new BLASTBufferQueue, mName= ViewRootImpl@cc9c4e9[LauncherActivity] mNativeObject= 0xb4000074df963770 sc.mNativeObject= 0xb4000073af93cd50 caller= android.view.ViewRootImpl.updateBlastSurfaceIfNeeded:3031 android.view.ViewRootImpl.relayoutWindow:10121 android.view.ViewRootImpl.performTraversals:4115 android.view.ViewRootImpl.doTraversal:3291 android.view.ViewRootImpl$TraversalRunnable.run:11329 android.view.Choreographer$CallbackRecord.run:1689 android.view.Choreographer$CallbackRecord.run:1698 android.view.Choreographer.doCallbacks:1153 android.view.Choreographer.doFrame:1079 android.view.Choreographer$FrameDisplayEventReceiver.run:1646
06-06 13:00:12.828  6421  6421 I BLASTBufferQueue_Java: update, w= 1080 h= 2340 mName = ViewRootImpl@cc9c4e9[LauncherActivity] mNativeObject= 0xb4000074df963770 sc.mNativeObject= 0xb4000073af93cd50 format= -2 caller= android.graphics.BLASTBufferQueue.<init>:89 android.view.ViewRootImpl.updateBlastSurfaceIfNeeded:3031 android.view.ViewRootImpl.relayoutWindow:10121 android.view.ViewRootImpl.performTraversals:4115 android.view.ViewRootImpl.doTraversal:3291 android.view.ViewRootImpl$TraversalRunnable.run:11329
06-06 13:00:12.828  6421  6421 I ViewRootImpl@cc9c4e9[LauncherActivity]: Relayout returned: old=(0,0,1080,2340) new=(0,0,1080,2340) relayoutAsync=false req=(1080,2340)0 dur=5 res=0x403 s={true 0xb4000074af997100} ch=true seqId=0
06-06 13:00:12.828  6421  6421 I ViewRootImpl@cc9c4e9[LauncherActivity]: Setup new sync=wmsSync-ViewRootImpl@cc9c4e9[LauncherActivity]#12
06-06 13:00:12.829  6421  6421 I ViewRootImpl@cc9c4e9[LauncherActivity]: Creating new active sync group ViewRootImpl@cc9c4e9[LauncherActivity]#13
06-06 13:00:12.829  6421  6421 I ViewRootImpl@cc9c4e9[LauncherActivity]: registerCallbacksForSync syncBuffer=false
06-06 13:00:12.830  6421  9457 I ViewRootImpl@cc9c4e9[LauncherActivity]: Received frameDrawingCallback syncResult=0 frameNum=1.
06-06 13:00:12.830  6421  9457 I ViewRootImpl@cc9c4e9[LauncherActivity]: mWNT: t=0xb40000747f94a070 mBlastBufferQueue=0xb4000074df963770 fn= 1 mRenderHdrSdrRatio=1.0 caller= android.view.ViewRootImpl$8.onFrameDraw:13826 android.view.ThreadedRenderer$1.onFrameDraw:792 <bottom of call stack>
06-06 13:00:12.830  6421  9457 I ViewRootImpl@cc9c4e9[LauncherActivity]: Setting up sync and frameCommitCallback
06-06 13:00:12.830  6421  9453 W qdgralloc: getInterlacedFlag: getMetaData returned 3, defaulting to interlaced_flag = 0
06-06 13:00:12.830  7012  7043 D C2SoftVpxEnc: bytes generated 59983
06-06 13:00:12.832  6421  9453 I BLASTBufferQueue: [ViewRootImpl@cc9c4e9[LauncherActivity]#3](f:0,a:0,s:0) onFrameAvailable the first frame is available
06-06 13:00:12.832  6421  9453 I ViewRootImpl@cc9c4e9[LauncherActivity]: Received frameCommittedCallback lastAttemptedDrawFrameNum=1 didProduceBuffer=true
06-06 13:00:12.833  6421  6421 I ViewRootImpl@cc9c4e9[LauncherActivity]: reportDrawFinished seqId=0
06-06 13:00:12.833  6421  9666 I HoneySpace.PredictionDataSourceImpl: TYPE_SUGGESTED_APPS updated: 9
06-06 13:00:12.834  2342  2630 D PkgPredictorService-SecIpmManagerServiceImpl: onForegroundActivitiesChanged pid:6421 uid:10150
06-06 13:00:12.835  6421  6487 I HoneySpace.TaskbarEventTracker: invokeEvent() called with: event = SystemUiStateChanged(stateFlags=268435456)
06-06 13:00:12.835  6421  6421 I InsetsSourceConsumer: applyRequestedVisibilityToControl: visible=true, type=navigationBars, host=com.sec.android.app.launcher/com.sec.android.app.launcher.activities.LauncherActivity
06-06 13:00:12.835  2342  7097 V PkgPredictorService-SecIpmManagerServiceImpl: discard foreground app:com.sec.android.app.launcher 1|true
06-06 13:00:12.835  5355  6579 I WallpaperService: dispatchAppVisibility: system, visible=true
06-06 13:00:12.835  6421  6421 I InsetsSourceConsumer: applyRequestedVisibilityToControl: visible=true, type=statusBars, host=com.sec.android.app.launcher/com.sec.android.app.launcher.activities.LauncherActivity
06-06 13:00:12.835  5355  5533 I WallpaperService: updateSurface system forceRelayout=false forceReport=false redrawNeeded=false myWidth=2340 myHeight=2340 fixedSize=true x = 0 y = 0 mWidth=2340 mHeight=2340
06-06 13:00:12.835  5355  5533 I WallpaperService: reportVisibility: visibility changed. visible=true
06-06 13:00:12.835  5355  5533 I ImageWallpaper[CanvasEngine_d0_w1]:  onVisibilityChanged: visible=true , displayId=0
06-06 13:00:12.836  1715  1806 I SurfaceFlinger: id=548 createSurf, flag=84004, Transition Root: Task=1#548
06-06 13:00:12.837  2342  2633 I SurfaceControl: show, t=StartTransaction_SyncId<18>, sc=Surface(name=ActivityRecord{4bdcf41 u0 com.sec.android.app.launcher/.activities.LauncherActivity t8})/@0xccf162b, caller=com.android.server.wm.Transition.onTransactionReady:1962 com.android.server.wm.BLASTSyncEngine$SyncGroup.finishNow:310 com.android.server.wm.BLASTSyncEngine$SyncGroup.tryFinish:242 com.android.server.wm.BLASTSyncEngine$SyncGroup.-$$Nest$mtryFinish:0 com.android.server.wm.BLASTSyncEngine.onSurfacePlacement:670 com.android.server.wm.RootWindowContainer.performSurfacePlacementNoTrace:988
06-06 13:00:12.837  2342  2633 I SurfaceControl: show, t=StartTransaction_SyncId<18>, sc=Surface(name=Task=8)/@0xd2fba88, caller=com.android.server.wm.Transition.onTransactionReady:1979 com.android.server.wm.BLASTSyncEngine$SyncGroup.finishNow:310 com.android.server.wm.BLASTSyncEngine$SyncGroup.tryFinish:242 com.android.server.wm.BLASTSyncEngine$SyncGroup.-$$Nest$mtryFinish:0 com.android.server.wm.BLASTSyncEngine.onSurfacePlacement:670 com.android.server.wm.RootWindowContainer.performSurfacePlacementNoTrace:988
06-06 13:00:12.837  2342  2633 D ScreenCapture: [Capture_TEST] : setIsScreenShotBySystem true
06-06 13:00:12.837  6421  9674 I HoneySpace.PredictionDataSourceImpl: TYPE_RECOMMENDED_WIDGETS updated: 8
06-06 13:00:12.838  1715  1715 I Layer   : id=549 Destroyed Screenshot Parent#549
06-06 13:00:12.838  1715  1715 I Layer   : Layer::reparent [Surface(name=53a7541 StatusBar)/@0x3ba06c - animation-leash of insets_animation#523] newParentHandle : null -------------------------
06-06 13:00:12.838  1715  1715 I Layer   : id=523 removeFromCurrentState Surface(name=53a7541 StatusBar)/@0x3ba06c - animation-leash of insets_animation#523 (238)
06-06 13:00:12.838  1715  1715 I Layer   : id=85 removeFromCurrentState 53a7541 StatusBar#85 (238)
06-06 13:00:12.838  1715  1715 I Layer   : id=90 removeFromCurrentState StatusBar$_5355#90 (238)
06-06 13:00:12.838  1715  1715 I Layer   : Layer::reparent [Surface(name=53a7541 StatusBar)/@0x3ba06c - animation-leash of insets_animation#523] End -------------------------
06-06 13:00:12.838  1715  1715 I Layer   : Layer::reparent [87e62a6 NavigationBar0#78] newParent : Surface(name=87e62a6 NavigationBar0)/@0xf64c4fb - animation-leash of insets_animation#543 , isRemovedFromCurrentState : 0 -------------------------
06-06 13:00:12.838  1715  1715 I Layer   : Layer::reparent [87e62a6 NavigationBar0#78] End -------------------------
06-06 13:00:12.838  1715  1715 I Layer   : Layer::reparent [Surface(name=87e62a6 NavigationBar0)/@0xf64c4fb - animation-leash of insets_animation#521] newParentHandle : null -------------------------
06-06 13:00:12.838  1715  1715 I Layer   : id=521 removeFromCurrentState Surface(name=87e62a6 NavigationBar0)/@0xf64c4fb - animation-leash of insets_animation#521 (238)
06-06 13:00:12.838  1715  1715 I Layer   : Layer::reparent [Surface(name=87e62a6 NavigationBar0)/@0xf64c4fb - animation-leash of insets_animation#521] End -------------------------
06-06 13:00:12.838  1715  1715 I Layer   : Layer::reparent [53a7541 StatusBar#85] newParent : Surface(name=53a7541 StatusBar)/@0x3ba06c - animation-leash of insets_animation#544 , isRemovedFromCurrentState : 0 -------------------------
06-06 13:00:12.838  1715  1715 I Layer   : id=85 addToCurrentState 53a7541 StatusBar#85 (238)
06-06 13:00:12.838  1715  1715 I Layer   : id=90 addToCurrentState StatusBar$_5355#90 (238)
06-06 13:00:12.838  1715  1715 I Layer   : Layer::reparent [53a7541 StatusBar#85] End -------------------------
06-06 13:00:12.838  1715  1715 I Layer   : Layer [com.android.systemui.wallpapers.ImageWallpaper_system$_5355#93] hidden!! flag(0)
06-06 13:00:12.838  1715  1715 I Layer   : id=530 Destroyed Surface(name=53a7541 StatusBar)/@0x3ba06c - animation-leash of insets_animation#523 (Mirror)#530
06-06 13:00:12.839  1715  1715 I Layer   : id=531 Destroyed Surface(name=87e62a6 NavigationBar0)/@0xf64c4fb - animation-leash of insets_animation#521 (Mirror)#531
06-06 13:00:12.839  1715  1715 I SurfaceFlinger: id=521 Removed Surface(name=87e62a6 NavigationBar0)/@0xf64c4fb - animation-leash of insets_animation#521 (237)
06-06 13:00:12.839  1715  1715 I SurfaceFlinger: id=523 Removed Surface(name=53a7541 StatusBar)/@0x3ba06c - animation-leash of insets_animation#523 (237)
06-06 13:00:12.840  2342  5453 D InputDispatcher: Focus request (0): da5c5e7 com.sec.android.app.launcher/com.sec.android.app.launcher.activities.LauncherActivity but waiting because NOT_VISIBLE
06-06 13:00:12.842  5355  5420 I SurfaceControl: hide, t=FinishTransaction_SyncId<18>, sc=Surface(name=Task=12)/@0x6b02561, caller=com.android.wm.shell.transition.Transitions.dispatchReady:681 com.android.wm.shell.transition.Transitions.onTransitionReady:118 com.android.wm.shell.transition.Transitions$TransitionPlayerImpl$$ExternalSyntheticLambda0.run:13 android.os.Handler.handleCallback:958 android.os.Handler.dispatchMessage:99 android.os.Looper.loopOnce:230
06-06 13:00:12.842  5355  5420 I SurfaceControl: show, t=StartTransaction_SyncId<18>, sc=Surface(name=Task=1)/@0x35f70c8, caller=com.android.wm.shell.transition.Transitions.dispatchReady:686 com.android.wm.shell.transition.Transitions.onTransitionReady:118 com.android.wm.shell.transition.Transitions$TransitionPlayerImpl$$ExternalSyntheticLambda0.run:13 android.os.Handler.handleCallback:958 android.os.Handler.dispatchMessage:99 android.os.Looper.loopOnce:230
06-06 13:00:12.842  5355  5420 I SurfaceControl: show, t=FinishTransaction_SyncId<18>, sc=Surface(name=Task=1)/@0x35f70c8, caller=com.android.wm.shell.transition.Transitions.dispatchReady:733 com.android.wm.shell.transition.Transitions.onTransitionReady:118 com.android.wm.shell.transition.Transitions$TransitionPlayerImpl$$ExternalSyntheticLambda0.run:13 android.os.Handler.handleCallback:958 android.os.Handler.dispatchMessage:99 android.os.Looper.loopOnce:230
06-06 13:00:12.843  6421  6421 I Edge.ActivityUtils: HomePackage : com.sec.android.app.launcher, resumePackageName : com.sec.android.app.launcher
06-06 13:00:12.843  5355  5420 I SurfaceControl: apply is called, name=FinishTransaction_SyncId<17>, caller=android.view.SurfaceControl$Transaction.apply:2921 com.android.wm.shell.transition.Transitions.onFinish:302 com.android.wm.shell.transition.Transitions$$ExternalSyntheticLambda6.onTransitionFinished:15 com.android.wm.shell.transition.DefaultTransitionHandler$$ExternalSyntheticLambda5.run:125 com.android.wm.shell.transition.DefaultTransitionHandler$$ExternalSyntheticLambda3.run:52 android.os.Handler.handleCallback:958
06-06 13:00:12.845  1652  2311 I QC2CompStore: Setting heap usage to system
06-06 13:00:12.845  7012  7043 D C2SoftVpxEnc: bytes generated 47979
06-06 13:00:12.846  2342  2630 D NetworkPolicy: already checked 10150
06-06 13:00:12.847  1715  1715 I Layer   : Layer [Task=8#138] hidden!! flag(0)
06-06 13:00:12.847  1715  1715 I Layer   : Layer [Task=1#52] hidden!! flag(0)
06-06 13:00:12.847  1715  1715 I Layer   : Layer::reparent [DimTransitionLayer for Surface(name=Task=12)/@0x94995bd#526] newParentHandle : null -------------------------
06-06 13:00:12.847  1715  1715 I Layer   : id=526 removeFromCurrentState DimTransitionLayer for Surface(name=Task=12)/@0x94995bd#526 (237)
06-06 13:00:12.847  1715  1715 I Layer   : Layer::reparent [DimTransitionLayer for Surface(name=Task=12)/@0x94995bd#526] End -------------------------
06-06 13:00:12.847  1715  1715 I Layer   : Layer::reparent [DimTransitionLayer for Surface(name=Task=12)/@0x94995bd#526] newParentHandle : null -------------------------
06-06 13:00:12.847  1715  1715 I Layer   : id=526 removeFromCurrentState DimTransitionLayer for Surface(name=Task=12)/@0x94995bd#526 (237)
06-06 13:00:12.847  1715  1715 I Layer   : Layer::reparent [DimTransitionLayer for Surface(name=Task=12)/@0x94995bd#526] End -------------------------
06-06 13:00:12.847  1715  1715 I Layer   : Layer::reparent [Bottom Edge Extension#520] newParentHandle : null -------------------------
06-06 13:00:12.847  1715  1715 I Layer   : id=520 removeFromCurrentState Bottom Edge Extension#520 (237)
06-06 13:00:12.847  1715  1715 I Layer   : id=524 removeFromCurrentState bbq-wrapper#524 (237)
06-06 13:00:12.847  1715  1715 I Layer   : Layer::reparent [Bottom Edge Extension#520] End -------------------------
06-06 13:00:12.847  1715  1715 I Layer   : Layer::reparent [Top Edge Extension#533] newParentHandle : null -------------------------
06-06 13:00:12.847  1715  1715 I Layer   : id=533 removeFromCurrentState Top Edge Extension#533 (237)
06-06 13:00:12.847  1715  1715 I Layer   : id=535 removeFromCurrentState bbq-wrapper#535 (237)
06-06 13:00:12.847  1715  1715 I Layer   : Layer::reparent [Top Edge Extension#533] End -------------------------
06-06 13:00:12.847  1715  1715 I Layer   : Layer [Task=11#481] hidden!! flag(1)
06-06 13:00:12.847  1715  1715 I Layer   : Layer::reparent [Task=11#481] newParent : DefaultTaskDisplayArea_d0#12 , isRemovedFromCurrentState : 0 -------------------------
06-06 13:00:12.847  1715  1715 I Layer   : Layer::reparent [Task=11#481] End -------------------------
06-06 13:00:12.847  1715  1715 I Layer   : Layer::reparent [Transition Root: Task=12#517] newParentHandle : null -------------------------
06-06 13:00:12.847  1715  1715 I Layer   : id=517 removeFromCurrentState Transition Root: Task=12#517 (237)
06-06 13:00:12.847  1715  1715 I Layer   : id=509 removeFromCurrentState Task=12#509 (237)
06-06 13:00:12.847  1715  1715 I Layer   : id=510 removeFromCurrentState ActivityRecord{e3ae57f u0 etf.ri.rma.newsfeedapp.test/androidx.test.core.app.InstrumentationActivityInvoker$EmptyActivity t12}#510 (237)
06-06 13:00:12.847  1715  1715 I Layer   : id=525 removeFromCurrentState 9450cd9 ActivityRecordInputSink etf.ri.rma.newsfeedapp.test/androidx.test.core.app.InstrumentationActivityInvoker$EmptyActivity#525 (237)
06-06 13:00:12.847  1715  1715 I Layer   : id=538 removeFromCurrentState 60fd58 etf.ri.rma.newsfeedapp.test/androidx.test.core.app.InstrumentationActivityInvoker$EmptyActivity#538 (237)
06-06 13:00:12.847  1715  1715 I Layer   : id=540 removeFromCurrentState etf.ri.rma.newsfeedapp.test/androidx.test.core.app.InstrumentationActivityInvoker$EmptyActivity$_7890#540 (237)
06-06 13:00:12.847  1715  1715 I Layer   : id=511 removeFromCurrentState 975de49 Splash Screen etf.ri.rma.newsfeedapp.test#511 (237)
06-06 13:00:12.847  1715  1715 I Layer   : id=512 removeFromCurrentState Splash Screen etf.ri.rma.newsfeedapp.test$_5355#512 (237)
06-06 13:00:12.847  1715  1715 I Layer   : Layer::reparent [Transition Root: Task=12#517] End -------------------------
06-06 13:00:12.847  1715  1715 I Layer   : Layer::reparent [Task=12#509] newParent : DefaultTaskDisplayArea_d0#12 , isRemovedFromCurrentState : 0 -------------------------
06-06 13:00:12.847  1715  1715 I Layer   : id=509 addToCurrentState Task=12#509 (237)
06-06 13:00:12.847  1715  1715 I Layer   : id=510 addToCurrentState ActivityRecord{e3ae57f u0 etf.ri.rma.newsfeedapp.test/androidx.test.core.app.InstrumentationActivityInvoker$EmptyActivity t12}#510 (237)
06-06 13:00:12.847  1715  1715 I Layer   : id=525 addToCurrentState 9450cd9 ActivityRecordInputSink etf.ri.rma.newsfeedapp.test/androidx.test.core.app.InstrumentationActivityInvoker$EmptyActivity#525 (237)
06-06 13:00:12.847  1715  1715 I Layer   : id=538 addToCurrentState 60fd58 etf.ri.rma.newsfeedapp.test/androidx.test.core.app.InstrumentationActivityInvoker$EmptyActivity#538 (237)
06-06 13:00:12.847  1715  1715 I Layer   : id=540 addToCurrentState etf.ri.rma.newsfeedapp.test/androidx.test.core.app.InstrumentationActivityInvoker$EmptyActivity$_7890#540 (237)
06-06 13:00:12.847  1715  1715 I Layer   : id=511 addToCurrentState 975de49 Splash Screen etf.ri.rma.newsfeedapp.test#511 (237)
06-06 13:00:12.847  1715  1715 I Layer   : id=512 addToCurrentState Splash Screen etf.ri.rma.newsfeedapp.test$_5355#512 (237)
06-06 13:00:12.847  1715  1715 I Layer   : Layer::reparent [Task=12#509] End -------------------------
06-06 13:00:12.847  1715  1715 I Layer   : id=523 Destroyed Surface(name=53a7541 StatusBar)/@0x3ba06c - animation-leash of insets_animation#523
06-06 13:00:12.847  1715  1715 I Layer   : id=521 Destroyed Surface(name=87e62a6 NavigationBar0)/@0xf64c4fb - animation-leash of insets_animation#521
06-06 13:00:12.847  1715  1715 I Layer   : id=527 Destroyed Bottom Edge Extension#520 (Mirror)#527
06-06 13:00:12.847  1715  1715 I Layer   : id=536 Destroyed Top Edge Extension#533 (Mirror)#536
06-06 13:00:12.847  1715  1715 I Layer   : id=518 Destroyed Transition Root: Task=12#517 (Mirror)#518
06-06 13:00:12.847  1715  1715 I SurfaceFlinger: id=533 Removed Top Edge Extension#533 (232)
06-06 13:00:12.847  1715  1715 I SurfaceFlinger: id=520 Removed Bottom Edge Extension#520 (232)
06-06 13:00:12.847  1715  1715 I SurfaceFlinger: id=526 Removed DimTransitionLayer for Surface(name=Task=12)/@0x94995bd#526 (232)
06-06 13:00:12.847  1715  1715 I SurfaceFlinger: id=535 Removed bbq-wrapper#535 (232)
06-06 13:00:12.847  1715  1715 I SurfaceFlinger: id=524 Removed bbq-wrapper#524 (232)
06-06 13:00:12.848  1715  1715 I Layer   : id=532 Destroyed DimTransitionLayer for Surface(name=Task=12)/@0x94995bd#526 (Mirror)#532
06-06 13:00:12.848  1715  1715 I Layer   : id=537 Destroyed bbq-wrapper#535 (Mirror)#537
06-06 13:00:12.848  1715  1715 I Layer   : id=528 Destroyed bbq-wrapper#524 (Mirror)#528
06-06 13:00:12.848  5355  5420 I SurfaceControl: show, t=StartTransaction_SyncId<18>, sc=Surface(name=Transition Root: Task=1)/@0xe69a886, caller=com.android.wm.shell.transition.Transitions.playTransition:80 com.android.wm.shell.transition.Transitions.processReadyQueue:185 com.android.wm.shell.transition.Transitions.onFinish:449 com.android.wm.shell.transition.Transitions$$ExternalSyntheticLambda6.onTransitionFinished:15 com.android.wm.shell.transition.DefaultTransitionHandler$$ExternalSyntheticLambda5.run:125 com.android.wm.shell.transition.DefaultTransitionHandler$$ExternalSyntheticLambda3.run:52
06-06 13:00:12.848  7790  7790 I ViewRootImpl@50344d5[MainActivity]: handleAppVisibility mAppVisible = true visible = false
06-06 13:00:12.849 11224 11224 D HidDeviceService: handleMessage(): msg.what=8
06-06 13:00:12.849  2342  2630 D PkgPredictorService-SecIpmManagerServiceImpl: bg information pid:7790 uid:10317 pkgName:etf.ri.rma.newsfeedapp
06-06 13:00:12.851  5355  5355 D SamsungStatusBarGrayIconHelper: isGrayAppearance=false
06-06 13:00:12.851  5355  5355 D SamsungLightBarControlHelper: onStatusBarAppearanceChanged() -  sbModeChanged:false, statusBarMode:0, barState:MODE_TRANSPARENT, isKeyguardShowing:false, navbarColorManagedByIme:false, stackAppearanceChanged:true, (AppearanceRegion{ bounds=[0,0][1080,2340]}, ), packageName:com.sec.android.app.launcher
06-06 13:00:12.851  5355  5355 D NavigationBar: onSystemBarAttributesChanged() -  displayId:0, appearance:0, packageName: com.sec.android.app.launcher, navbarColorManagedByIme:false
06-06 13:00:12.851 26692 27175 I Rubin   : [97] zb.a.c(Unknown Source) : Notify com.samsung.android.rubin.inferenceengine.contextanalytics.engine.loggers.AppUsageLogger's database is updated.
06-06 13:00:12.851  5355  5355 D SamsungLightBarControlHelper: updateNavigationBar (WHITE button) isLightOpaque:false, hasLightNavigationBarFlag:false, packageName:com.sec.android.app.launcher, DirectReplying:false, NavBarColorMangedByIme:false, ForceDarkForScrim:false, QsCustomizing:false, PanelHasWhiteBg:false
06-06 13:00:12.851  5355  5355 D SamsungLightBarControlHelper: updateStatusBar (WHITE icon) numStacks:1, StatusBarMode:MODE_TRANSPARENT, lightBarBounds:[], StatusBarState:SHADE, packageName:com.sec.android.app.launcher, isWhiteKeyguardStatusBar:false
06-06 13:00:12.852  1574  1638 I HYPER-HAL: [RequestManager.cpp]acquire(): Acquired ID : 1422250  [1577 / 109]    HINT :      list : [TID_LOW_LATENCY / 0] [TID / 7920] [TID / 7921] [TID / 7890] [TID / 7917]
06-06 13:00:12.852  1715  1715 D SurfaceFlinger: Display 4630946970390616451 HWC layers:
06-06 13:00:12.852  1715  1715 D SurfaceFlinger:      DEVICE | 0xb4000073beb13a00 | 0100 | RGBA_8888    |  630.0    0.0 1710.0 2340.0 |    0    0 1080 2340 | Wallpaper BBQ wrapper 5_system#94
06-06 13:00:12.852  1715  1715 D SurfaceFlinger:      DEVICE | 0xb4000073beb05870 | 0100 | RGBA_8888    |    0.0    0.0 1080.0 2340.0 |    0    0 1080 2340 | Splash Screen etf.ri.rma.newsfeedapp.test$_5355#512
06-06 13:00:12.852  1715  1715 D SurfaceFlinger:      DEVICE | 0xb4000073beb087b0 | 0100 | RGBA_8888    |    0.0    0.0 1080.0   87.0 |    0    0 1080   87 | StatusBar$_5355#90
06-06 13:00:12.852  1715  1715 D SurfaceFlinger:      DEVICE | 0xb4000073beb138e0 | 0100 | RGBA_8888    |    0.0    0.0   67.0  342.0 | 1013  438 1080  780 | com.sec.android.app.launcher/com.sam[...]ce.edge.CocktailBarService$_6421#145
06-06 13:00:12.852  1715  1715 D SurfaceFlinger:      DEVICE | 0xb4000073beb0d1f0 | 0100 | RGBA_8888    |    0.0    0.0 1080.0  144.0 |    0 2196 1080 2340 | NavigationBar0$_5355#89
06-06 13:00:12.852  1715  1715 D SurfaceFlinger:
06-06 13:00:12.854  1715  6620 I SurfaceFlinger: id=551 createSurf, flag=84000, Surface(name=Task=1)/@0xc2d1d5f_transition-leash#551
06-06 13:00:12.854  6421  6494 I SurfaceControl: show, t=StartTransaction_SyncId<18>, sc=Surface(name=Task=1)/@0xc2d1d5f, caller=com.android.wm.shell.util.TransitionUtil.createLeash:127 com.android.wm.shell.util.TransitionUtil.newTarget:2 com.android.wm.shell.util.TransitionUtil.newTarget:1 com.android.systemui.shared.system.RemoteAnimationTargetCompat.wrap:48 com.android.systemui.shared.system.RemoteAnimationTargetCompat.wrapApps:5 com.android.systemui.shared.system.RemoteAnimationRunnerCompat$1.startAnimation:19
06-06 13:00:12.854  1715  6620 I SurfaceFlinger: id=552 createSurf, flag=84000, Surface(name=Task=12)/@0xa264875_transition-leash#552
06-06 13:00:12.854  6421  6494 I SurfaceControl: show, t=StartTransaction_SyncId<18>, sc=Surface(name=Task=12)/@0xa264875, caller=com.android.wm.shell.util.TransitionUtil.createLeash:127 com.android.wm.shell.util.TransitionUtil.newTarget:2 com.android.wm.shell.util.TransitionUtil.newTarget:1 com.android.systemui.shared.system.RemoteAnimationTargetCompat.wrap:48 com.android.systemui.shared.system.RemoteAnimationTargetCompat.wrapApps:5 com.android.systemui.shared.system.RemoteAnimationRunnerCompat$1.startAnimation:19
06-06 13:00:12.854  6421  6494 I SurfaceControl: apply is called, name=StartTransaction_SyncId<18>, caller=android.view.SurfaceControl$Transaction.apply:2921 com.android.systemui.shared.system.RemoteAnimationRunnerCompat$1.startAnimation:658 android.window.IRemoteTransition$Stub.onTransact:131 android.os.Binder.execTransactInternal:1380 android.os.Binder.execTransact:1311 <bottom of call stack>
06-06 13:00:12.855  1715  1715 I Layer   : Layer::reparent [Transition Root: Task=12#517] newParentHandle : null -------------------------
06-06 13:00:12.855  1715  1715 I Layer   : id=517 removeFromCurrentState Transition Root: Task=12#517 (231)
06-06 13:00:12.855  1715  1715 I Layer   : Layer::reparent [Transition Root: Task=12#517] End -------------------------
06-06 13:00:12.855  1715  1715 I Layer   : Layer [etf.ri.rma.newsfeedapp/etf.ri.rma.newsfeedapp.MainActivity$_7790#495] hidden!! flag(1)
06-06 13:00:12.855  1715  1715 I Layer   : Layer [ActivityRecord{874f817 u0 etf.ri.rma.newsfeedapp/.MainActivity t11}#482] hidden!! flag(1)
06-06 13:00:12.855  1715  1715 I Layer   : id=520 Destroyed Bottom Edge Extension#520
06-06 13:00:12.855  6421  6494 I HoneySpace.ShellAnimationRunner: [onAnimationStart] appTarget(0) : taskId-1, mode-0
06-06 13:00:12.855  6421  6494 I HoneySpace.ShellAnimationRunner: [onAnimationStart] appTarget(1) : taskId-12, mode-1
06-06 13:00:12.855  1715  1715 I Layer   : id=524 Destroyed bbq-wrapper#524
06-06 13:00:12.855  1715  1715 I Layer   : id=533 Destroyed Top Edge Extension#533
06-06 13:00:12.855  1715  1715 I Layer   : id=535 Destroyed bbq-wrapper#535
06-06 13:00:12.855  6421  6421 I HoneySpace.ShellAnimationRunner: finishExistingAnimation, null
06-06 13:00:12.855  1715  1715 I Layer   : id=526 Destroyed DimTransitionLayer for Surface(name=Task=12)/@0x94995bd#526
06-06 13:00:12.855  6421  6421 I HoneySpace.AppCloseAnimationDelegate: onAnimationStart
06-06 13:00:12.855  7790  7790 I ViewRootImpl@50344d5[MainActivity]: destroyHardwareResources: Callers=android.view.ViewRootImpl.performTraversals:3937 android.view.ViewRootImpl.doTraversal:3291 android.view.ViewRootImpl$TraversalRunnable.run:11329 android.view.Choreographer$CallbackRecord.run:1689 android.view.Choreographer$CallbackRecord.run:1698 android.view.Choreographer.doCallbacks:1153 android.view.Choreographer.doFrame:1079 android.view.Choreographer$FrameDisplayEventReceiver.run:1646 android.os.Handler.handleCallback:958 android.os.Handler.dispatchMessage:99
06-06 13:00:12.855  6421  6421 I HoneySpace.AppCloseAnimationDelegate: getCurrentShellAnimator : useSpringAnim-false, target-null
06-06 13:00:12.855  1715  1715 I SurfaceFlinger: id=517 Removed Transition Root: Task=12#517 (228)
06-06 13:00:12.856  6421  6421 I HoneySpace.ContentsAnimator: from : 0.0
06-06 13:00:12.856  6421  6421 I HoneySpace.HoneyScreenManagerImpl: Close floating task bar
06-06 13:00:12.856  6421  6421 I HoneySpace.ContentsAnimator: ContentsAnimator start
06-06 13:00:12.856  6421  6421 I HoneySpace.TransitionUtils: areAllTargetsTranslucent - false
06-06 13:00:12.856  6421  6421 I HoneySpace.WallpaperAnimator: isOpen: false, from: 1.2, to: 1.0
06-06 13:00:12.857  1715  1806 I SurfaceFlinger: id=555 createSurf, flag=24000, Surface(name=RemoteWallpaperAnim:1:1)/@0xbe3243d - animation-leash of remote_wallpaper#555
06-06 13:00:12.858  7790  7818 D OpenGLRenderer: CacheManager::trimMemory(20)
06-06 13:00:12.858  6421  6421 I HoneySpace.WallpaperAnimator: wallpaper animation start
06-06 13:00:12.858  1574  1638 I HYPER-HAL: [RequestManager.cpp]acquire(): Acquired ID : 1405425  [1577 / 99]    HINT :      list : [TID_LOW_LATENCY / 0] [TID / 7828] [TID / 7829] [TID / 7790] [TID / 7818]
06-06 13:00:12.859  2342  5453 V WindowManager: Relayout Window{d4f7c8a u0 etf.ri.rma.newsfeedapp/etf.ri.rma.newsfeedapp.MainActivity}: viewVisibility=8 req=1080x2340 ty=1 d0
06-06 13:00:12.859  6421  6421 I HoneySpace.AnimationResult: setAnimation, animation: false
06-06 13:00:12.859  1574  1638 I HYPER-HAL: [RequestManager.cpp]acquire(): Acquired ID : 1407103  [1577 / 100]    HINT :      list : [UCLAMP_MIN_BOOST / 0] [TID / 7828] [TID / 7829] [TID / 7790] [TID / 7818]
06-06 13:00:12.859  1652  2311 I QC2CompStore: Setting heap usage to system
06-06 13:00:12.859  7012  7043 D C2SoftVpxEnc: bytes generated 38533
06-06 13:00:12.859  1574  1638 I HYPER-HAL: [RequestManager.cpp]releaseLocked(): Released ID : 1405425
06-06 13:00:12.859  1574  1638 I HYPER-HAL: [RequestManager.cpp]releaseLocked(): Released ID : 1407103
06-06 13:00:12.860  2342  5453 V WindowManager: Relayout hash=d4f7c8a, pid=7790, syncId=-1: mAttrs={(0,0)(fillxfill) sim={adjust=pan forwardNavigation} ty=BASE_APPLICATION wanim=0x1030303
06-06 13:00:12.860  2342  5453 V WindowManager:   fl=81810100
06-06 13:00:12.860  2342  5453 V WindowManager:   pfl=12008040
06-06 13:00:12.860  2342  5453 V WindowManager:   bhv=DEFAULT
06-06 13:00:12.860  2342  5453 V WindowManager:   fitSides= naviIconColor=0}
06-06 13:00:12.862  7790  7790 I ViewRootImpl@50344d5[MainActivity]: Relayout returned: old=(0,0,1080,2340) new=(0,0,1080,2340) relayoutAsync=false req=(1080,2340)8 dur=3 res=0x402 s={false 0x0} ch=true seqId=0
06-06 13:00:12.863  1715  1715 I Layer   : Layer::reparent [Surface(name=Task=12)/@0xa264875_transition-leash#552] newParent : Transition Root: Task=1#548 , isRemovedFromCurrentState : 0 -------------------------
06-06 13:00:12.863  1715  1715 I Layer   : Layer::reparent [Surface(name=Task=12)/@0xa264875_transition-leash#552] End -------------------------
06-06 13:00:12.863  1715  1715 I Layer   : Layer [com.sec.android.app.launcher/com.sec.android.app.launcher.activities.LauncherActivity$_6421#542] hidden!! flag(0)
06-06 13:00:12.863  1715  1715 I Layer   : Layer::reparent [Task=12#509] newParent : Surface(name=Task=12)/@0xa264875_transition-leash#552 , isRemovedFromCurrentState : 0 -------------------------
06-06 13:00:12.863  1715  1715 I Layer   : Layer::reparent [Task=12#509] End -------------------------
06-06 13:00:12.863  1715  1715 I Layer   : Layer [etf.ri.rma.newsfeedapp.test/androidx.test.core.app.InstrumentationActivityInvoker$EmptyActivity$_7890#540] hidden!! flag(0)
06-06 13:00:12.863  1715  1715 I Layer   : Layer [ActivityRecord{4bdcf41 u0 com.sec.android.app.launcher/.activities.LauncherActivity t8}#139] hidden!! flag(0)
06-06 13:00:12.863  1715  1715 I Layer   : Layer::reparent [Task=1#52] newParent : Surface(name=Task=1)/@0xc2d1d5f_transition-leash#551 , isRemovedFromCurrentState : 0 -------------------------
06-06 13:00:12.863  1715  1715 I Layer   : Layer::reparent [Task=1#52] End -------------------------
06-06 13:00:12.863  1715  1715 I Layer   : Layer::reparent [Surface(name=Task=1)/@0xc2d1d5f_transition-leash#551] newParent : Transition Root: Task=1#548 , isRemovedFromCurrentState : 0 -------------------------
06-06 13:00:12.863  1715  1715 I Layer   : Layer::reparent [Surface(name=Task=1)/@0xc2d1d5f_transition-leash#551] End -------------------------
06-06 13:00:12.863  1715  1715 I Layer   : Layer [Transition Root: Task=1#548] hidden!! flag(0)
06-06 13:00:12.863  1715  1715 I Layer   : Layer::reparent [RemoteWallpaperAnim:1:1#8] newParent : Surface(name=RemoteWallpaperAnim:1:1)/@0xbe3243d - animation-leash of remote_wallpaper#555 , isRemovedFromCurrentState : 0 -------------------------
06-06 13:00:12.863  1715  1715 I Layer   : Layer::reparent [RemoteWallpaperAnim:1:1#8] End -------------------------
06-06 13:00:12.863  1715  1715 I Layer   : id=517 Destroyed Transition Root: Task=12#517
06-06 13:00:12.864  6421  9458 I ViewRootImpl@cc9c4e9[LauncherActivity]: mWNT: t=0xb40000747f945790 mBlastBufferQueue=0xb4000074df963770 fn= 2 mRenderHdrSdrRatio=1.0 caller= com.android.systemui.shared.launcher.ViewRootImplCompat.mergeWithNextTransaction:4 com.honeyspace.transition.utils.SurfaceTransactionApplier.scheduleApply$lambda$1:26 com.honeyspace.transition.utils.SurfaceTransactionApplier.c:0
06-06 13:00:12.864  6421  9458 I ViewRootImpl@cc9c4e9[LauncherActivity]: mWNT: t=0xb40000747f96be30 mBlastBufferQueue=0xb4000074df963770 fn= 2 mRenderHdrSdrRatio=1.0 caller= com.android.systemui.shared.launcher.ViewRootImplCompat.mergeWithNextTransaction:4 com.honeyspace.transition.utils.SurfaceTransactionApplier.scheduleApply$lambda$1:26 com.honeyspace.transition.utils.SurfaceTransactionApplier.c:0
06-06 13:00:12.864  6421  9458 I ViewRootImpl@cc9c4e9[LauncherActivity]: mWNT: t=0xb40000747f95f6d0 mBlastBufferQueue=0xb4000074df963770 fn= 2 mRenderHdrSdrRatio=1.0 caller= com.android.systemui.shared.launcher.ViewRootImplCompat.mergeWithNextTransaction:4 com.honeyspace.transition.utils.SurfaceTransactionApplier.scheduleApply$lambda$1:26 com.honeyspace.transition.utils.SurfaceTransactionApplier.c:0
06-06 13:00:12.864  6421  9453 W qdgralloc: getInterlacedFlag: getMetaData returned 3, defaulting to interlaced_flag = 0
06-06 13:00:12.865  7790  7790 I ViewRootImpl@50344d5[MainActivity]: stopped(true) old = false
06-06 13:00:12.865  7790  7790 D ViewRootImpl@50344d5[MainActivity]: WindowStopped on etf.ri.rma.newsfeedapp/etf.ri.rma.newsfeedapp.MainActivity set to true
06-06 13:00:12.865  7790  7818 D OpenGLRenderer: CacheManager::trimMemory(20)
06-06 13:00:12.866  1715  6620 I SurfaceFlinger: id=557 createSurf, flag=24000, Surface(name=60fd58 etf.ri.rma.newsfeedapp.test/androidx.test.core.app.InstrumentationActivityInvoker$EmptyActivity)/@0xe58617e - animation-leash of starting_reveal#557
06-06 13:00:12.866  7790  7790 D LifecycleMonitor: Lifecycle status change: etf.ri.rma.newsfeedapp.MainActivity@4c765a6 in: STOPPED
06-06 13:00:12.866  7790  7790 V ActivityScenario: Update currentActivityStage to STOPPED, currentActivity=etf.ri.rma.newsfeedapp.MainActivity@4c765a6
06-06 13:00:12.868  1715  1715 D SurfaceFlinger: Display 4630946970390616451 HWC layers:
06-06 13:00:12.868  1715  1715 D SurfaceFlinger:      DEVICE | 0xb4000073beb137c0 | 0102 | RGBA_8888    |    0.0    0.0 1080.0 2340.0 |    0    0 1080 2340 | etf.ri.rma.newsfeedapp.test/androidx[...]ivityInvoker$EmptyActivity$_7890#540
06-06 13:00:12.868  1715  1715 D SurfaceFlinger:      DEVICE | 0xb4000073beb05870 | 0100 | RGBA_8888    |    0.0    0.0 1080.0 2340.0 |    0    0 1080 2340 | Splash Screen etf.ri.rma.newsfeedapp.test$_5355#512
06-06 13:00:12.868  1715  1715 D SurfaceFlinger:      DEVICE | 0xb4000073beb0a850 | 0100 | RGBA_8888    |    0.0    0.0 1080.0   87.0 |    0    0 1080   87 | StatusBar$_5355#90
06-06 13:00:12.868  1715  1715 D SurfaceFlinger:      DEVICE | 0xb4000073beb138e0 | 0100 | RGBA_8888    |    0.0    0.0   67.0  342.0 | 1013  438 1080  780 | com.sec.android.app.launcher/com.sam[...]ce.edge.CocktailBarService$_6421#145
06-06 13:00:12.868  1715  1715 D SurfaceFlinger:      DEVICE | 0xb4000073beb07fd0 | 0100 | RGBA_8888    |    0.0    0.0 1080.0  144.0 |    0 2196 1080 2340 | NavigationBar0$_5355#89
06-06 13:00:12.868  1715  1715 D SurfaceFlinger:
06-06 13:00:12.868  1574  1638 I HYPER-HAL: [RequestManager.cpp]acquire(): Acquired ID : 1425627  [1577 / 111]    HINT :      list : [TID_LOW_LATENCY / 1] [TID / 7828] [TID / 7829] [TID / 7790] [TID / 7818]
06-06 13:00:12.872  2342  5455 V WindowManager: Relayout Window{975de49 u0 Splash Screen etf.ri.rma.newsfeedapp.test}: viewVisibility=0 req=1080x2340 ty=3 d0
06-06 13:00:12.872  1652  2311 I QC2CompStore: Setting heap usage to system
06-06 13:00:12.872  6421  9457 I ViewRootImpl@cc9c4e9[LauncherActivity]: mWNT: t=0xb40000747f947730 mBlastBufferQueue=0xb4000074df963770 fn= 3 mRenderHdrSdrRatio=1.0 caller= com.android.systemui.shared.launcher.ViewRootImplCompat.mergeWithNextTransaction:4 com.honeyspace.transition.utils.SurfaceTransactionApplier.scheduleApply$lambda$1:26 com.honeyspace.transition.utils.SurfaceTransactionApplier.c:0
06-06 13:00:12.872  6421  9453 W qdgralloc: getInterlacedFlag: getMetaData returned 3, defaulting to interlaced_flag = 0
06-06 13:00:12.872  7012  7043 D C2SoftVpxEnc: bytes generated 30690
06-06 13:00:12.873  2342  5453 D InputDispatcher: Focus entered window (0): da5c5e7 com.sec.android.app.launcher/com.sec.android.app.launcher.activities.LauncherActivity
06-06 13:00:12.875  2342  5455 V WindowManager: Relayout hash=975de49, pid=5355, syncId=-1: mAttrs={(0,0)(fillxfill) sim={adjust=pan} ty=APPLICATION_STARTING fmt=TRANSLUCENT
06-06 13:00:12.875  2342  5455 V WindowManager:   fl=81030118
06-06 13:00:12.875  2342  5455 V WindowManager:   pfl=16000010
06-06 13:00:12.875  2342  5455 V WindowManager:   bhv=DEFAULT
06-06 13:00:12.875  2342  5455 V WindowManager:   fitSides= naviIconColor=0}
06-06 13:00:12.875  1715  1715 D SurfaceFlinger: Display 4630946970390616451 HWC layers:
06-06 13:00:12.875  1715  1715 D SurfaceFlinger:      DEVICE | 0xb4000073beb13a00 | 0100 | RGBA_8888    |  720.0  195.0 1620.0 2145.0 |    0    0 1080 2340 | Wallpaper BBQ wrapper 5_system#94
06-06 13:00:12.875  1715  1715 D SurfaceFlinger:      DEVICE | 0xb4000073beb14300 | 0100 | RGBA_8888    |    0.0    0.0 1080.0 2340.0 |    0    0 1080 2340 | com.sec.android.app.launcher/com.sec[...]ctivities.LauncherActivity$_6421#542
06-06 13:00:12.875  1715  1715 D SurfaceFlinger:      CLIENT | 0xb4000073beb137c0 | 0102 | RGBA_8888    |    0.0    0.0 1080.0 2340.0 |    0    0 1080 2340 | etf.ri.rma.newsfeedapp.test/androidx[...]ivityInvoker$EmptyActivity$_7890#540
06-06 13:00:12.875  1715  1715 D SurfaceFlinger:      CLIENT | 0xb4000073beb05870 | 0100 | RGBA_8888    |    0.0    0.0 1080.0 2340.0 |    0    0 1080 2340 | Splash Screen etf.ri.rma.newsfeedapp.test$_5355#512
06-06 13:00:12.875  1715  1715 D SurfaceFlinger:      DEVICE | 0xb4000073beb0f440 | 0100 | RGBA_8888    |    0.0    0.0 1080.0   87.0 |    0    0 1080   87 | StatusBar$_5355#90
06-06 13:00:12.875  1715  1715 D SurfaceFlinger:      DEVICE | 0xb4000073beb138e0 | 0100 | RGBA_8888    |    0.0    0.0   67.0  342.0 | 1013  438 1080  780 | com.sec.android.app.launcher/com.sam[...]ce.edge.CocktailBarService$
06-06 13:00:12.875  1715  1715 D SurfaceFlinger: _6421#145
06-06 13:00:12.875  1715  1715 D SurfaceFlinger:      DEVICE | 0xb4000073beb0fb90 | 0100 | RGBA_8888    |    0.0    0.0 1080.0  144.0 |    0 2196 1080 2340 | NavigationBar0$_5355#89
06-06 13:00:12.875  1715  1715 D SurfaceFlinger:
06-06 13:00:12.875  5355  5439 I BLASTBufferQueue_Java: update, w= 1080 h= 2340 mName = ViewRootImpl@700d96f[test] mNativeObject= 0xb4000074df94f590 sc.mNativeObject= 0xb4000073af963150 format= -3 caller= android.view.ViewRootImpl.updateBlastSurfaceIfNeeded:3020 android.view.ViewRootImpl.relayoutWindow:10121 android.view.ViewRootImpl.performTraversals:4115 android.view.ViewRootImpl.doTraversal:3291 android.view.ViewRootImpl$TraversalRunnable.run:11329 android.view.Choreographer$CallbackRecord.run:1689
06-06 13:00:12.875  5355  5439 I ViewRootImpl@700d96f[test]: Relayout returned: old=(0,0,1080,2340) new=(0,0,1080,2340) relayoutAsync=false req=(1080,2340)0 dur=4 res=0x400 s={true 0xb4000074af9ee590} ch=false seqId=0
06-06 13:00:12.876  5355  5439 I ViewRootImpl@700d96f[test]: registerCallbackForPendingTransactions
06-06 13:00:12.876  5355  5446 I ViewRootImpl@700d96f[test]: mWNT: t=0xb40000747f97bf50 mBlastBufferQueue=0xb4000074df94f590 fn= 2 mRenderHdrSdrRatio=1.0 caller= android.view.SyncRtSurfaceTransactionApplier.applyTransaction:96 android.view.SyncRtSurfaceTransactionApplier.lambda$scheduleApply$0:69 android.view.SyncRtSurfaceTransactionApplier.$r8$lambda$SgowXC58rj3PR958kHUfRgLZmvE:0
06-06 13:00:12.876  5355  5446 I ViewRootImpl@700d96f[test]: mWNT: t=0xb40000747f946ef0 mBlastBufferQueue=0xb4000074df94f590 fn= 2 mRenderHdrSdrRatio=1.0 caller= android.view.SyncRtSurfaceTransactionApplier.applyTransaction:96 android.view.SyncRtSurfaceTransactionApplier.lambda$scheduleApply$0:69 android.view.SyncRtSurfaceTransactionApplier.$r8$lambda$SgowXC58rj3PR958kHUfRgLZmvE:0
06-06 13:00:12.876  5355  5446 I ViewRootImpl@700d96f[test]: mWNT: t=0xb40000747f94fc90 mBlastBufferQueue=0xb4000074df94f590 fn= 2 mRenderHdrSdrRatio=1.0 caller= android.view.ViewRootImpl$6.onFrameDraw:5639 android.view.ViewRootImpl$2.onFrameDraw:2144 android.view.ThreadedRenderer$1.onFrameDraw:792
06-06 13:00:12.876  6421  6421 I ViewRootImpl@cc9c4e9[LauncherActivity]: handleWindowFocusChanged: 1 0 call from android.view.ViewRootImpl.-$$Nest$mhandleWindowFocusChanged:0
06-06 13:00:12.877  6421  6421 I InputMethodManager: startInputInner - IInputMethodManagerGlobalInvoker.startInputOrWindowGainedFocus
06-06 13:00:12.877  2342  5455 I ImeTracker: com.sec.android.app.launcher:3c67beb1: onRequestHide at ORIGIN_SERVER_HIDE_INPUT reason HIDE_UNSPECIFIED_WINDOW
06-06 13:00:12.877  2342  5455 I ImeTracker: com.sec.android.app.launcher:3c67beb1: onCancelled at PHASE_SERVER_SHOULD_HIDE
06-06 13:00:12.878  2342  5455 D InputTransport: Input channel constructed: 'ClientS', fd=1142
06-06 13:00:12.879 11275 11275 I HBD     : HoneyBoardService onFinishInput
06-06 13:00:12.879 11275 11275 I HBD     : a IC have been unbinding,  RemoteInputConnection{idHash=#df62fed}
06-06 13:00:12.879 11275 11275 I HBD     : HoneyBoardService [PF_CL][onFinishInput]  0 ms
06-06 13:00:12.879 11275 11275 I HBD     : HoneyBoardService [IMI] onStartInput - caller pid : 6421 , caller uid : 10150
06-06 13:00:12.879 11275 11275 I HBD     : j updateConfigs
06-06 13:00:12.879 11275 11275 I HBD     : j isEnabledNightMode : true
06-06 13:00:12.879 11275 11275 I HBD     : a IC have been binding, RemoteInputConnection{idHash=#1dbaa6e}
06-06 13:00:12.879 11275 11275 I HBD     : h [EditorInputType]setPrivateImeOptionsToTable privateImeOptions ( null )
06-06 13:00:12.879 11275 11275 I HBD     : b incognitoMode : false
06-06 13:00:12.879 11275 11275 I HBD     : b needOff = true , isForceOff = false, isNullInputClass : true
06-06 13:00:12.879 11275 11275 I HBD     : h getDefaultInputRange : UNKNOWN
06-06 13:00:12.879 11275 11275 I HBD     : h getDefaultInputRange : UNKNOWN
06-06 13:00:12.879 11275 11275 I HBD     : h getDefaultInputRange : UNKNOWN
06-06 13:00:12.879  2342  5455 D InputTransport: Input channel destroyed: 'ClientS', fd=1142
06-06 13:00:12.879 11275 11275 I HBD     : b needOff = true , isForceOff = false, isNullInputClass : true
06-06 13:00:12.879 11275 11275 I HBD     : b update cached prediction status : false
06-06 13:00:12.879 11275 11275 I HBD     : h getDefaultInputRange : UNKNOWN
06-06 13:00:12.879 11275 11275 I HBD     : a currentState : 0
06-06 13:00:12.879 11275 11275 I HBD     : a [UpdatePolicy] [post] a: 0 cl: 65537 kit: [0/0] vt: 0 ir: 1
06-06 13:00:12.879  1715  6620 I SurfaceFlinger: id=559 createSurf, flag=24004, Surface(name=ac5a498 InputMethod)/@0x1895ba - animation-leash of insets_animation#559
06-06 13:00:12.880  1715  1715 I Layer   : Layer::reparent [60fd58 etf.ri.rma.newsfeedapp.test/androidx.test.core.app.InstrumentationActivityInvoker$EmptyActivity#538] newParent : Surface(name=60fd58 etf.ri.rma.newsfeedapp.test/androidx.test.core.app.InstrumentationActivityInvoker$EmptyActivity)/@0xe58617e - animation-leash of starting_reveal#557 , isRemovedFromCurrentState : 0 -------------------------
06-06 13:00:12.880  1715  1715 I Layer   : Layer::reparent [60fd58 etf.ri.rma.newsfeedapp.test/androidx.test.core.app.InstrumentationActivityInvoker$EmptyActivity#538] End -------------------------
06-06 13:00:12.880  5355  5447 I ViewRootImpl@700d96f[test]: mWNT: t=0xb40000747f946ef0 mBlastBufferQueue=0xb4000074df94f590 fn= 3 mRenderHdrSdrRatio=1.0 caller= android.view.SyncRtSurfaceTransactionApplier.applyTransaction:96 android.view.SyncRtSurfaceTransactionApplier.lambda$scheduleApply$0:69 android.view.SyncRtSurfaceTransactionApplier.$r8$lambda$SgowXC58rj3PR958kHUfRgLZmvE:0
06-06 13:00:12.881  6421  9453 W qdgralloc: getInterlacedFlag: getMetaData returned 3, defaulting to interlaced_flag = 0
06-06 13:00:12.881  6421  9458 I ViewRootImpl@cc9c4e9[LauncherActivity]: mWNT: t=0xb40000747f941590 mBlastBufferQueue=0xb4000074df963770 fn= 4 mRenderHdrSdrRatio=1.0 caller= com.android.systemui.shared.launcher.ViewRootImplCompat.mergeWithNextTransaction:4 com.honeyspace.transition.utils.SurfaceTransactionApplier.scheduleApply$lambda$1:26 com.honeyspace.transition.utils.SurfaceTransactionApplier.c:0
06-06 13:00:12.881 11275 11275 I HBD     : a [NRIC] resetNoResponseState
06-06 13:00:12.881 11275 11275 I HBD     : b needOff = true , isForceOff = false, isNullInputClass : true
06-06 13:00:12.881 11275 11275 I HBD     : b update cached prediction status : false
06-06 13:00:12.881 11275 11275 I HBD     : b [AiWriter] setContact : com.sec.android.app.launcher
06-06 13:00:12.881 11275 11275 I HBD     : m0 EBD si S 0
06-06 13:00:12.882 11275 11275 I HBD     : m updateContactDBLanguage : 0
06-06 13:00:12.882 11275 11275 I HBD     : a [UpdatePolicy] [post] a: 32 cl: 65537 kit: [0/0] vt: 0 ir: 1
06-06 13:00:12.882 11275 11275 I HBD     : HoneyBoardService [PF_OP][onStartInput]  3 ms
06-06 13:00:12.885  7012  7043 D C2SoftVpxEnc: bytes generated 23086
06-06 13:00:12.886  6421  6421 I InsetsSourceConsumer: applyRequestedVisibilityToControl: visible=false, type=ime, host=com.sec.android.app.launcher/com.sec.android.app.launcher.activities.LauncherActivity
06-06 13:00:12.888  5355  5470 I WallpaperService: resized: system, syncSeqId=-1
06-06 13:00:12.888  6421 10594 I ViewRootImpl@cc9c4e9[LauncherActivity]: Resizing android.view.ViewRootImpl@2c5d015: frame = [0,0][1080,2340] reportDraw = false forceLayout = false syncSeqId = -1
06-06 13:00:12.888  5355  5533 I WallpaperService: handleResized: which=5, reportDraw=false
