06-06 13:00:12.313  1715  1715 I Layer   : Layer::reparent [53a7541 StatusBar#85] newParent : Surface(name=53a7541 StatusBar)/@0x3ba06c - animation-leash of insets_animation#499 , isRemovedFromCurrentState : 0 -------------------------
06-06 13:00:12.313  1715  1715 I Layer   : Layer::reparent [53a7541 StatusBar#85] End -------------------------
06-06 13:00:12.313  1715  1715 I Layer   : Layer::reparent [Surface(name=53a7541 StatusBar)/@0x3ba06c - animation-leash of insets_animation#497] newParentHandle : null -------------------------
06-06 13:00:12.313  1715  1715 I Layer   : id=497 removeFromCurrentState Surface(name=53a7541 StatusBar)/@0x3ba06c - animation-leash of insets_animation#497 (218)
06-06 13:00:12.313  1715  1715 I Layer   : Layer::reparent [Surface(name=53a7541 StatusBar)/@0x3ba06c - animation-leash of insets_animation#497] End -------------------------
06-06 13:00:12.313  1715  1715 I Layer   : id=362 Destroyed Surface(name=53a7541 StatusBar)/@0x3ba06c - animation-leash of insets_animation#362
06-06 13:00:12.313  1715  1715 I Layer   : id=222 Destroyed Surface(name=87e62a6 NavigationBar0)/@0xf64c4fb - animation-leash of insets_animation#222
06-06 13:00:12.314  1715  1715 I Layer   : id=503 Destroyed Surface(name=87e62a6 NavigationBar0)/@0xf64c4fb - animation-leash of insets_animation#496 (Mirror)#503
06-06 13:00:12.314  1715  1715 I Layer   : id=501 Destroyed Surface(name=53a7541 StatusBar)/@0x3ba06c - animation-leash of insets_animation#497 (Mirror)#501
06-06 13:00:12.314  7012  7043 D C2SoftVpxEnc: bytes generated 5421
06-06 13:00:12.314  1715  1715 I SurfaceFlinger: id=497 Removed Surface(name=53a7541 StatusBar)/@0x3ba06c - animation-leash of insets_animation#497 (214)
06-06 13:00:12.314  1715  1715 I SurfaceFlinger: id=496 Removed Surface(name=87e62a6 NavigationBar0)/@0xf64c4fb - animation-leash of insets_animation#496 (214)
06-06 13:00:12.315  2342  5455 D InputDispatcher: Focus request (0): d4f7c8a etf.ri.rma.newsfeedapp/etf.ri.rma.newsfeedapp.MainActivity but waiting because NO_WINDOW
06-06 13:00:12.321  1715  1715 I Layer   : id=496 Destroyed Surface(name=87e62a6 NavigationBar0)/@0xf64c4fb - animation-leash of insets_animation#496
06-06 13:00:12.322  1715  1715 I Layer   : id=497 Destroyed Surface(name=53a7541 StatusBar)/@0x3ba06c - animation-leash of insets_animation#497
06-06 13:00:12.322  7790  7790 D ViewRootImpl@50344d5[MainActivity]: reportNextDraw android.view.ViewRootImpl.performTraversals:4723 android.view.ViewRootImpl.doTraversal:3291 android.view.ViewRootImpl$TraversalRunnable.run:11329 android.view.Choreographer$CallbackRecord.run:1689 android.view.Choreographer$CallbackRecord.run:1698
06-06 13:00:12.322  7790  7790 I ViewRootImpl@50344d5[MainActivity]: Setup new sync=wmsSync-ViewRootImpl@50344d5[MainActivity]#0
06-06 13:00:12.322  7790  7790 I ViewRootImpl@50344d5[MainActivity]: Creating new active sync group ViewRootImpl@50344d5[MainActivity]#1
06-06 13:00:12.322  7790  7790 I ViewRootImpl@50344d5[MainActivity]: registerCallbacksForSync syncBuffer=false
06-06 13:00:12.324  7012  7043 D C2SoftVpxEnc: bytes generated 5634
06-06 13:00:12.331  7790  7828 I ViewRootImpl@50344d5[MainActivity]: Received frameDrawingCallback syncResult=0 frameNum=1.
06-06 13:00:12.331  7790  7828 I ViewRootImpl@50344d5[MainActivity]: mWNT: t=0xb40000747f953910 mBlastBufferQueue=0xb4000074df947bb0 fn= 1 mRenderHdrSdrRatio=1.0 caller= android.view.ViewRootImpl$8.onFrameDraw:13826 android.view.ThreadedRenderer$1.onFrameDraw:792 <bottom of call stack>
06-06 13:00:12.332  7790  7828 I ViewRootImpl@50344d5[MainActivity]: Setting up sync and frameCommitCallback
06-06 13:00:12.335  7012  7043 D C2SoftVpxEnc: bytes generated 4974
06-06 13:00:12.345  2057 17345 D LOWI-9.0.1.70: [LOWI-Scan] wait_event:Wait done with Cmd 103
06-06 13:00:12.345  1569 17330 I WifiHAL : event received NL80211_CMD_VENDOR, vendor_id = 0x1374, subcmd = 0xb6
06-06 13:00:12.345  2018  2018 I cnss-daemon: nl80211 response handler invoked
06-06 13:00:12.346  7012  7043 D C2SoftVpxEnc: bytes generated 6680
06-06 13:00:12.346  2018  2018 I cnss-daemon: nl80211_response_handler: cmd 103, vendorID 4980, subcmd 182  received
06-06 13:00:12.346  2057 17345 D LOWI-9.0.1.70: [LOWI-Scan] do_listen_events: Rcvd valid Netlink Cmd 0 Err 0
06-06 13:00:12.352  1557  1593 D vendor.qti.hardware.bttpi-impl: setTpiParams: reqType:38, size:24
06-06 13:00:12.353  1557  1593 D vendor.qti.hardware.bttpi-impl: sendFragment: pendingReq(38), nextSeqNum(0), remainingLen(24)
06-06 13:00:12.353  1557  1593 D vendor.qti.hardware.bttpi-impl: sendDataToController:
06-06 13:00:12.353  1557  1593 D vendor.qti.hardware.bttpi-impl: sendDataToController: sending VS cmd, starting timer
06-06 13:00:12.353  1557  1593 D vendor.qti.hardware.bttpi-impl: BtTpiTimerStart: is_timer_created=1
06-06 13:00:12.353  1557  1593 D vendor.qti.bluetooth@1.1-data_handler: SendBtTpiData
06-06 13:00:12.353  1557  1593 D vendor.qti.bluetooth@1.1-data_handler: isProtocolInitialized:
06-06 13:00:12.354  1557  1593 I vendor.qti.bluetooth@1.1-data_handler: isProtocolInitialized: status:1
06-06 13:00:12.354  1557  1593 D vendor.qti.bluetooth@1.1-ibs_handler: SerialClockVote: vote for UART CLK ON
06-06 13:00:12.356  1557  1593 D vendor.qti.bluetooth@1.1-wake_lock: Acquire wakelock is acquired
06-06 13:00:12.356  1557  1593 I vendor.qti.bluetooth@1.1-ibs_handler: DeviceWakeUp: Writing IBS_WAKE_IND
06-06 13:00:12.356  7012  7043 D C2SoftVpxEnc: bytes generated 4453
06-06 13:00:12.361  1557 12009 I vendor.qti.bluetooth@1.1-ibs_handler: ProcessIbsCmd: Received IBS_WAKE_ACK: 0xFC
06-06 13:00:12.361  1557 12009 I vendor.qti.bluetooth@1.1-ibs_handler: ProcessIbsCmd: Signal wack_cond_
06-06 13:00:12.361  1557  1593 D vendor.qti.bluetooth@1.1-ibs_handler: DeviceWakeUp: Unblocked from waiting for FC, pthread_cond_timedwait ret = 0
06-06 13:00:12.361  7790  7818 I BLASTBufferQueue: [ViewRootImpl@50344d5[MainActivity]#0](f:0,a:0,s:0) onFrameAvailable the first frame is available
06-06 13:00:12.361  1557  1593 D vendor.qti.hardware.bttpi-impl: sendDataToController: Command is sent
06-06 13:00:12.361  7790  7818 I ViewRootImpl@50344d5[MainActivity]: Received frameCommittedCallback lastAttemptedDrawFrameNum=1 didProduceBuffer=true
06-06 13:00:12.361  1557 12009 I vendor.qti.bluetooth@1.1-ibs_handler: ProcessIbsCmd: Received IBS_WAKE_IND: 0xFD
06-06 13:00:12.362  1557 12009 I vendor.qti.bluetooth@1.1-ibs_handler: ProcessIbsCmd: Writing IBS_WAKE_ACK
06-06 13:00:12.362  7790  7818 D OpenGLRenderer: CFMS:: SetUp Pid : 7790    Tid : 7818
06-06 13:00:12.362  7790  7790 I ViewRootImpl@50344d5[MainActivity]: reportDrawFinished seqId=0
06-06 13:00:12.362  7790  7790 I Choreographer: Skipped 36 frames!  The application may be doing too much work on its main thread.
06-06 13:00:12.363  7790  7790 I InsetsSourceConsumer: applyRequestedVisibilityToControl: visible=true, type=navigationBars, host=etf.ri.rma.newsfeedapp/etf.ri.rma.newsfeedapp.MainActivity
06-06 13:00:12.362  2342  5453 W ServiceManagerCppClient: Permission failure: android.permission.ROTATE_SURFACE_FLINGER from uid=10317 pid=0
06-06 13:00:12.363  2342  5453 D PermissionCache: checking android.permission.ROTATE_SURFACE_FLINGER for uid=10317 => denied (991 us)
06-06 13:00:12.363  2342  5453 W ServiceManagerCppClient: Permission failure: android.permission.INTERNAL_SYSTEM_WINDOW from uid=10317 pid=0
06-06 13:00:12.363  2342  5453 D PermissionCache: checking android.permission.INTERNAL_SYSTEM_WINDOW for uid=10317 => denied (40 us)
06-06 13:00:12.363  2342  5453 W ServiceManagerCppClient: Permission failure: android.permission.ACCESS_SURFACE_FLINGER from uid=10317 pid=0
06-06 13:00:12.363  2342  5453 D PermissionCache: checking android.permission.ACCESS_SURFACE_FLINGER for uid=10317 => denied (12 us)
06-06 13:00:12.363  7790  7790 I InsetsSourceConsumer: applyRequestedVisibilityToControl: visible=true, type=statusBars, host=etf.ri.rma.newsfeedapp/etf.ri.rma.newsfeedapp.MainActivity
06-06 13:00:12.366  1715  1807 I SurfaceFlinger: id=505 createSurf, flag=24000, Surface(name=d4f7c8a etf.ri.rma.newsfeedapp/etf.ri.rma.newsfeedapp.MainActivity)/@0xf8eb8b6 - animation-leash of starting_reveal#505
06-06 13:00:12.366  7012  7043 D C2SoftVpxEnc: bytes generated 6205
06-06 13:00:12.367  2342  2629 W ziparchive: Unable to open '/data/app/~~iv0fcnx4L502rO6Suz5MAg==/etf.ri.rma.newsfeedapp-X2lKCZXV0V5p124bIc4GlA==/base.dm': No such file or directory
06-06 13:00:12.368  2342  5453 I SemDvfsHyPerManager: acquire hyper - AMS_RESUME_TAIL/2342@16, type = -999
06-06 13:00:12.368  2342  5453 I SemDvfsHyPerManager: acquire hyper - AMS_ACT_LAZY/2342@17, type = -999
06-06 13:00:12.369  1574  1638 I HYPER-HAL: [RequestManager.cpp]acquire(): Acquired ID : 2781277  [2342 / 16]    HINT : AMS_RESUME_TAIL    list :
06-06 13:00:12.369  1557 12009 D vendor.qti.bluetooth@1.1-data_handler: isBtTpiEvent: true
06-06 13:00:12.369  1557 12009 D vendor.qti.hardware.bttpi-impl: operator(): HCI event received. Status(0)
06-06 13:00:12.369  1557 12009 D vendor.qti.hardware.bttpi-impl: BtTpiTimerStop: is_timer_created= 1
06-06 13:00:12.369  2342  2629 I PkgPredictorService-SecIpmManagerServiceImpl: reportToNAP uid:10317 etf.ri.rma.newsfeedapp/etf.ri.rma.newsfeedapp.MainActivity thisTime:400
06-06 13:00:12.369  2342  2629 D PkgPredictorService-SecIpmManagerServiceImpl: reportToNAP: mHeavyLaunchCounter is false
06-06 13:00:12.370  1574  1638 I HYPER-HAL: [RequestManager.cpp]acquire(): Acquired ID : 2783637  [2342 / 17]    HINT : AMS_ACT_LAZY    list :
06-06 13:00:12.372  1715  1715 I Layer   : Layer::reparent [d4f7c8a etf.ri.rma.newsfeedapp/etf.ri.rma.newsfeedapp.MainActivity#492] newParent : Surface(name=d4f7c8a etf.ri.rma.newsfeedapp/etf.ri.rma.newsfeedapp.MainActivity)/@0xf8eb8b6 - animation-leash of starting_reveal#505 , isRemovedFromCurrentState : 0 -------------------------
06-06 13:00:12.372  1715  1715 I Layer   : Layer::reparent [d4f7c8a etf.ri.rma.newsfeedapp/etf.ri.rma.newsfeedapp.MainActivity#492] End -------------------------
06-06 13:00:12.372  1715  1715 I Layer   : Layer [etf.ri.rma.newsfeedapp/etf.ri.rma.newsfeedapp.MainActivity$_7790#495] hidden!! flag(0)
06-06 13:00:12.373  2342  5437 D InputDispatcher: Focus entered window (0): d4f7c8a etf.ri.rma.newsfeedapp/etf.ri.rma.newsfeedapp.MainActivity
06-06 13:00:12.373  2342  5453 V WindowManager: Relayout Window{ca87291 u0 Splash Screen etf.ri.rma.newsfeedapp}: viewVisibility=0 req=1080x2340 ty=3 d0
06-06 13:00:12.373  7790  7790 I ViewRootImpl@50344d5[MainActivity]: handleWindowFocusChanged: 1 0 call from android.view.ViewRootImpl.-$$Nest$mhandleWindowFocusChanged:0
06-06 13:00:12.374  7790  7790 D ViewRootImpl@50344d5[MainActivity]: mThreadedRenderer.initializeIfNeeded()#2 mSurface={isValid=true 0xb4000074af94c8d0}
06-06 13:00:12.374  2342  5453 V WindowManager: Relayout hash=ca87291, pid=5355, syncId=-1: mAttrs={(0,0)(fillxfill) sim={adjust=pan} ty=APPLICATION_STARTING fmt=TRANSLUCENT wanim=0x1030303
06-06 13:00:12.374  2342  5453 V WindowManager:   fl=81030118
06-06 13:00:12.374  2342  5453 V WindowManager:   pfl=16000010
06-06 13:00:12.374  2342  5453 V WindowManager:   bhv=DEFAULT
06-06 13:00:12.374  2342  5453 V WindowManager:   fitSides= naviIconColor=0}
06-06 13:00:12.374  7790  7790 D InputMethodManagerUtils: startInputInner - Id : 0
06-06 13:00:12.374  5355  5439 I BLASTBufferQueue_Java: update, w= 1080 h= 2340 mName = ViewRootImpl@4299fbb[newsfeedapp] mNativeObject= 0xb4000074df946c10 sc.mNativeObject= 0xb4000073af985350 format= -3 caller= android.view.ViewRootImpl.updateBlastSurfaceIfNeeded:3020 android.view.ViewRootImpl.relayoutWindow:10121 android.view.ViewRootImpl.performTraversals:4115 android.view.ViewRootImpl.doTraversal:3291 android.view.ViewRootImpl$TraversalRunnable.run:11329 android.view.Choreographer$CallbackRecord.run:1689
06-06 13:00:12.374  7790  7790 I InputMethodManager: startInputInner - IInputMethodManagerGlobalInvoker.startInputOrWindowGainedFocus
06-06 13:00:12.374  5355  5439 I ViewRootImpl@4299fbb[newsfeedapp]: Relayout returned: old=(0,0,1080,2340) new=(0,0,1080,2340) relayoutAsync=false req=(1080,2340)0 dur=2 res=0x400 s={true 0xb4000074af9a3d60} ch=false seqId=0
06-06 13:00:12.374  5355  5439 I ViewRootImpl@4299fbb[newsfeedapp]: registerCallbackForPendingTransactions
06-06 13:00:12.375  2342  5437 I ImeTracker: etf.ri.rma.newsfeedapp:99c79887: onRequestHide at ORIGIN_SERVER_HIDE_INPUT reason HIDE_UNSPECIFIED_WINDOW
06-06 13:00:12.375  2342  5437 I ImeTracker: etf.ri.rma.newsfeedapp:99c79887: onCancelled at PHASE_SERVER_SHOULD_HIDE
06-06 13:00:12.375  1574  1638 I HYPER-HAL: [RequestManager.cpp]releaseLocked(): Released ID : 2816782
06-06 13:00:12.376  2342  5437 D InputTransport: Input channel constructed: 'ClientS', fd=1077
06-06 13:00:12.376  2342  5437 D InputTransport: Input channel constructed: 'ClientS', fd=1117
06-06 13:00:12.376  2342  5437 D InputTransport: Input channel destroyed: 'ClientS', fd=1117
06-06 13:00:12.376  5355  5446 I ViewRootImpl@4299fbb[newsfeedapp]: mWNT: t=0xb40000747f997070 mBlastBufferQueue=0xb4000074df946c10 fn= 2 mRenderHdrSdrRatio=1.0 caller= android.view.SyncRtSurfaceTransactionApplier.applyTransaction:96 android.view.SyncRtSurfaceTransactionApplier.lambda$scheduleApply$0:69 android.view.SyncRtSurfaceTransactionApplier.$r8$lambda$SgowXC58rj3PR958kHUfRgLZmvE:0
06-06 13:00:12.376  5355  5446 I ViewRootImpl@4299fbb[newsfeedapp]: mWNT: t=0xb40000747f98a650 mBlastBufferQueue=0xb4000074df946c10 fn= 2 mRenderHdrSdrRatio=1.0 caller= android.view.SyncRtSurfaceTransactionApplier.applyTransaction:96 android.view.SyncRtSurfaceTransactionApplier.lambda$scheduleApply$0:69 android.view.SyncRtSurfaceTransactionApplier.$r8$lambda$SgowXC58rj3PR958kHUfRgLZmvE:0
06-06 13:00:12.377  5355  5446 I ViewRootImpl@4299fbb[newsfeedapp]: mWNT: t=0xb40000747f999010 mBlastBufferQueue=0xb4000074df946c10 fn= 2 mRenderHdrSdrRatio=1.0 caller= android.view.ViewRootImpl$6.onFrameDraw:5639 android.view.ViewRootImpl$2.onFrameDraw:2144 android.view.ThreadedRenderer$1.onFrameDraw:792
06-06 13:00:12.377  1652  2311 I QC2CompStore: Setting heap usage to system
06-06 13:00:12.377  7012  7043 D C2SoftVpxEnc: bytes generated 10258
06-06 13:00:12.378  1715  1715 D SurfaceFlinger: Display 4630946970390616451 HWC layers:
06-06 13:00:12.378  1715  1715 D SurfaceFlinger:      DEVICE | 0xb4000073beb13a00 | 0100 | RGBA_8888    |  630.0    0.0 1710.0 2340.0 |    0    0 1080 2340 | Wallpaper BBQ wrapper 5_system#94
06-06 13:00:12.378  1715  1715 D SurfaceFlinger:      DEVICE | 0xb4000073beb084e0 | 0100 | RGBA_8888    |    0.0    0.0 1080.0 2340.0 |    0    0 1080 2340 | com.sec.android.app.launcher/com.sec[...]ctivities.LauncherActivity$_6421#224
06-06 13:00:12.378  1715  1715 D SurfaceFlinger:      CLIENT | 0xb4000073beb102e0 | 0102 | RGBA_8888    |    0.0    0.0 1080.0 2340.0 |    0    0 1080 2340 | etf.ri.rma.newsfeedapp/etf.ri.rma.newsfeedapp.MainActivity$_7790#495
06-06 13:00:12.378  1715  1715 D SurfaceFlinger:      CLIENT | 0xb4000073beaf6210 | 0100 | RGBA_8888    |    0.0    0.0 1080.0 2340.0 |    0    0 1080 2340 | Splash Screen etf.ri.rma.newsfeedapp$_5355#487
06-06 13:00:12.378  1715  1715 D SurfaceFlinger:      DEVICE | 0xb4000073beb087b0 | 0100 | RGBA_8888    |    0.0    0.0 1080.0   87.0 |    0    0 1080   87 | StatusBar$_5355#90
06-06 13:00:12.378  1715  1715 D SurfaceFlinger:      DEVICE | 0xb4000073beb138e0 | 0100 | RGBA_8888    |    0.0    0.0   67.0  342.0 | 1013  438 1080  780 | com.sec.android.app.launcher/com.sam[...]ce.edge.CocktailBarService$_6421#145
06-06 13:00:12.378  1715  1715 D SurfaceFlinger:
06-06 13:00:12.378  1715  1715 D SurfaceFlinger:  DEVICE | 0xb4000073beb0d1f0 | 0100 | RGBA_8888    |    0.0    0.0 1080.0  144.0 |    0 2196 1080 2340 | NavigationBar0$_5355#89
06-06 13:00:12.378  1715  1715 D SurfaceFlinger:
06-06 13:00:12.379  2342  5437 D InputTransport: Input channel constructed: 'ClientS', fd=1117
06-06 13:00:12.379 11275 11275 I HBD     : HoneyBoardService onFinishInput
06-06 13:00:12.379  2342  5437 D InputTransport: Input channel destroyed: 'ClientS', fd=1117
06-06 13:00:12.379 11275 11275 I HBD     : a IC have been unbinding,  RemoteInputConnection{idHash=#79fd8ef}
06-06 13:00:12.379 11275 11275 I HBD     : HoneyBoardService [PF_CL][onFinishInput]  0 ms
06-06 13:00:12.379 11275 11275 I HBD     : HoneyBoardService [IMI] onStartInput - caller pid : 7790 , caller uid : 10317
06-06 13:00:12.379 11275 11275 I HBD     : j updateConfigs
06-06 13:00:12.379 11275 11275 I HBD     : j isEnabledNightMode : true
06-06 13:00:12.379 11275 11275 I HBD     : a IC have been binding, RemoteInputConnection{idHash=#df62fed}
06-06 13:00:12.379 11275 11275 I HBD     : h [EditorInputType]setPrivateImeOptionsToTable privateImeOptions ( null )
06-06 13:00:12.380 11275 11275 I HBD     : b incognitoMode : false
06-06 13:00:12.380 11275 11275 I HBD     : b needOff = true , isForceOff = false, isNullInputClass : true
06-06 13:00:12.380 11275 11275 I HBD     : h getDefaultInputRange : UNKNOWN
06-06 13:00:12.380 11275 11275 I HBD     : h getDefaultInputRange : UNKNOWN
06-06 13:00:12.380 11275 11275 I HBD     : h getDefaultInputRange : UNKNOWN
06-06 13:00:12.380  5355  5447 I ViewRootImpl@4299fbb[newsfeedapp]: mWNT: t=0xb40000747f98a650 mBlastBufferQueue=0xb4000074df946c10 fn= 3 mRenderHdrSdrRatio=1.0 caller= android.view.SyncRtSurfaceTransactionApplier.applyTransaction:96 android.view.SyncRtSurfaceTransactionApplier.lambda$scheduleApply$0:69 android.view.SyncRtSurfaceTransactionApplier.$r8$lambda$SgowXC58rj3PR958kHUfRgLZmvE:0
06-06 13:00:12.381 11275 11275 I HBD     : b needOff = true , isForceOff = false, isNullInputClass : true
06-06 13:00:12.381 11275 11275 I HBD     : b update cached prediction status : false
06-06 13:00:12.381 11275 11275 I HBD     : h getDefaultInputRange : UNKNOWN
06-06 13:00:12.381 11275 11275 I HBD     : a currentState : 0
06-06 13:00:12.381 11275 11275 I HBD     : a [UpdatePolicy] [post] a: 0 cl: 65537 kit: [0/0] vt: 0 ir: 1
06-06 13:00:12.383  1715  1807 I SurfaceFlinger: id=507 createSurf, flag=24004, Surface(name=ac5a498 InputMethod)/@0x1895ba - animation-leash of insets_animation#507
06-06 13:00:12.385  2342  2629 I ActivityTaskManager: Displayed etf.ri.rma.newsfeedapp/.MainActivity for user 0: +400ms
06-06 13:00:12.385  7273  7273 E pageboostd: Received HALT command code 2
06-06 13:00:12.388  7012  7043 D C2SoftVpxEnc: bytes generated 5713
06-06 13:00:12.388  1715  1715 I Layer   : Layer::reparent [ImeContainer#17] newParent : ActivityRecord{874f817 u0 etf.ri.rma.newsfeedapp/.MainActivity t11}#482 , isRemovedFromCurrentState : 0 -------------------------
06-06 13:00:12.388  1715  1715 I Layer   : Layer::reparent [ImeContainer#17] End -------------------------
06-06 13:00:12.388  1715  1715 I Layer   : Layer::reparent [ac5a498 InputMethod#154] newParent : Surface(name=ac5a498 InputMethod)/@0x1895ba - animation-leash of insets_animation#507 , isRemovedFromCurrentState : 0 -------------------------
06-06 13:00:12.388  1715  1715 I Layer   : Layer::reparent [ac5a498 InputMethod#154] End -------------------------
06-06 13:00:12.388  1715  1715 I Layer   : Layer::reparent [Surface(name=ac5a498 InputMethod)/@0x1895ba - animation-leash of insets_animation#228] newParentHandle : null -------------------------
06-06 13:00:12.388  1715  1715 I Layer   : id=228 removeFromCurrentState Surface(name=ac5a498 InputMethod)/@0x1895ba - animation-leash of insets_animation#228 (215)
06-06 13:00:12.388  1715  1715 I Layer   : Layer::reparent [Surface(name=ac5a498 InputMethod)/@0x1895ba - animation-leash of insets_animation#228] End -------------------------
06-06 13:00:12.389  1715  1715 I Layer   : id=413 Destroyed Surface(name=ac5a498 InputMethod)/@0x1895ba - animation-leash of insets_animation#228 (Mirror)#413
06-06 13:00:12.389  1715  1715 I SurfaceFlinger: id=228 Removed Surface(name=ac5a498 InputMethod)/@0x1895ba - animation-leash of insets_animation#228 (215)
06-06 13:00:12.389  5355  5420 I SurfaceControl: apply is called, name=FinishTransaction_SyncId<16>, caller=android.view.SurfaceControl$Transaction.apply:2921 com.android.wm.shell.transition.Transitions.onFinish:302 com.android.wm.shell.transition.Transitions$$ExternalSyntheticLambda6.onTransitionFinished:15 com.android.wm.shell.transition.DefaultTransitionHandler$$ExternalSyntheticLambda5.run:125 com.android.wm.shell.transition.DefaultTransitionHandler$$ExternalSyntheticLambda3.run:52 android.os.Handler.handleCallback:958
06-06 13:00:12.389  5355  5446 I ViewRootImpl@4299fbb[newsfeedapp]: mWNT: t=0xb40000747f988130 mBlastBufferQueue=0xb4000074df946c10 fn= 4 mRenderHdrSdrRatio=1.0 caller= android.view.SyncRtSurfaceTransactionApplier.applyTransaction:96 android.view.SyncRtSurfaceTransactionApplier.lambda$scheduleApply$0:69 android.view.SyncRtSurfaceTransactionApplier.$r8$lambda$SgowXC58rj3PR958kHUfRgLZmvE:0
06-06 13:00:12.390  7790  7790 D InputMethodManagerUtils: startInputInner - Id : 0
06-06 13:00:12.390  5355  5355 D SamsungStatusBarGrayIconHelper: isGrayAppearance=false
06-06 13:00:12.390  5355  5355 D SamsungLightBarControlHelper: onStatusBarAppearanceChanged() -  sbModeChanged:false, statusBarMode:0, barState:MODE_TRANSPARENT, isKeyguardShowing:false, navbarColorManagedByIme:false, stackAppearanceChanged:true, (AppearanceRegion{ bounds=[0,0][1080,2340]}, ), packageName:etf.ri.rma.newsfeedapp
06-06 13:00:12.390  5355  5355 D NavigationBar: onSystemBarAttributesChanged() -  displayId:0, appearance:0, packageName: etf.ri.rma.newsfeedapp, navbarColorManagedByIme:false
06-06 13:00:12.390 11275 11275 I HBD     : a [NRIC] resetNoResponseState
06-06 13:00:12.390 11275 11275 I HBD     : b needOff = true , isForceOff = false, isNullInputClass : true
06-06 13:00:12.390 11275 11275 I HBD     : b update cached prediction status : false
06-06 13:00:12.390 11275 11275 I HBD     : b [AiWriter] setContact : etf.ri.rma.newsfeedapp
06-06 13:00:12.390  5355  5355 D SamsungLightBarControlHelper: updateNavigationBar (WHITE button) isLightOpaque:false, hasLightNavigationBarFlag:false, packageName:etf.ri.rma.newsfeedapp, DirectReplying:false, NavBarColorMangedByIme:false, ForceDarkForScrim:false, QsCustomizing:false, PanelHasWhiteBg:false
06-06 13:00:12.390  7790  7790 I InsetsSourceConsumer: applyRequestedVisibilityToControl: visible=false, type=ime, host=etf.ri.rma.newsfeedapp/etf.ri.rma.newsfeedapp.MainActivity
06-06 13:00:12.390  6421  6421 I ViewRootImpl@cc9c4e9[LauncherActivity]: handleAppVisibility mAppVisible = true visible = false
06-06 13:00:12.391  5355 10080 I WallpaperService: dispatchAppVisibility: system, visible=false
06-06 13:00:12.391  5355  5533 I WallpaperService: reportVisibility: visibility changed. visible=false
06-06 13:00:12.391  5355  5533 I ImageWallpaper[CanvasEngine_d0_w1]:  onVisibilityChanged: visible=false , displayId=0
06-06 13:00:12.392  5355  5355 D SamsungLightBarControlHelper: updateStatusBar (WHITE icon) numStacks:1, StatusBarMode:MODE_TRANSPARENT, lightBarBounds:[], StatusBarState:SHADE, packageName:etf.ri.rma.newsfeedapp, isWhiteKeyguardStatusBar:false
06-06 13:00:12.392  5355  5355 D NavigationBar: setImeWindowStatus show legacy ime switcher = false
06-06 13:00:12.392  5355  5355 D NavigationBar: setImeWindowStatus displayId=0 vis=0 backDisposition=0 showImeSwitcher=false imeShown=false
06-06 13:00:12.394  2342  2796 E system_server: updateValue is called with a value {0, 0, 0, 0, 0, 0, 0, 0, 0, 0, 0, 0, 0, 0, 0, 0, 0, 0, 0, 0, 0, 0, 0, 0, 0, 0, 0, 0, 0, 0, 0, 0, 0, 0, 0, 0, 0, 0, 0, 0, 0, 0, 0, 0, 0, 0, 0, 0, 0, 0, 0, 0, 0, 0, 0, 0, 0, 0, 0, 0, 0, 0, 0, 0, 0, 0, 0, 0, 0, 0, 0, 0, 0, 0, 0, 0, 0, 0, 0, 0, 0, 0, 0, 0, 0, 0, 0, 0, 0, 0, 0, 0, 0, 0, 0, 0, 0, 0, 0, 0, 0, 0, 0, 0, 0, 0, 0, 0, 0, 0, 0, 0, 0, 0, 0, 0}, which is lower than the previous value {0, 0, 0, 0, 0, 0, 0, 0, 0, 0, 0, 0, 39, 0, 0, 0, 0, 0, 0, 0, 0, 0, 0, 0, 0, 0, 0, 0, 0, 0, 0, 0, 0, 1, 0, 0, 0, 0, 0, 0, 0, 0, 0, 0, 0, 0, 0, 0, 0, 27, 0, 0, 0, 0, 0, 0, 0, 0, 0, 0, 0, 0, 0, 0, 0, 0, 0, 0, 0, 0, 0, 0, 0, 0, 0, 0, 0, 0, 0, 0, 0, 0, 0, 0, 0, 0, 0, 0, 0, 0, 0, 0, 0, 0, 0, 0, 0, 0, 0, 0, 0, 0, 0, 0, 0, 0, 0, 0, 0, 0, 0, 0, 0, 0, 0, 0}
06-06 13:00:12.394 11224 11224 D HidDeviceService: handleMessage(): msg.what=8
06-06 13:00:12.397  1715  1715 I Layer   : Layer::reparent [Transition Root: Task=11#489] newParentHandle : null -------------------------
06-06 13:00:12.397 11275 11275 I HBD     : m0 EBD si S 0
06-06 13:00:12.397  1715  1715 I Layer   : id=489 removeFromCurrentState Transition Root: Task=11#489 (215)
06-06 13:00:12.397  1715  1715 I Layer   : id=52 removeFromCurrentState Task=1#52 (215)
06-06 13:00:12.397  1715  1715 I Layer   : id=138 removeFromCurrentState Task=8#138 (215)
06-06 13:00:12.397  1715  1715 I Layer   : id=139 removeFromCurrentState ActivityRecord{4bdcf41 u0 com.sec.android.app.launcher/.activities.LauncherActivity t8}#139 (215)
06-06 13:00:12.397  1715  1715 I Layer   : id=150 removeFromCurrentState 6231c4b ActivityRecordInputSink com.sec.android.app.launcher/.Launcher#150 (215)
06-06 13:00:12.397  1715  1715 I Layer   : id=221 removeFromCurrentState da5c5e7 com.sec.android.app.launcher/com.sec.android.app.launcher.activities.LauncherActivity#221 (215)
06-06 13:00:12.397  1715  1715 I Layer   : id=224 removeFromCurrentState com.sec.android.app.launcher/com.sec.android.app.launcher.activities.LauncherActivity$_6421#224 (215)
06-06 13:00:12.397  1715  1715 I Layer   : id=481 removeFromCurrentState Task=11#481 (215)
06-06 13:00:12.397  1715  1715 I Layer   : id=482 removeFromCurrentState ActivityRecord{874f817 u0 etf.ri.rma.newsfeedapp/.MainActivity t11}#482 (215)
06-06 13:00:12.397  1715  1715 I Layer   : id=491 removeFromCurrentState fe16a58 ActivityRecordInputSink etf.ri.rma.newsfeedapp/.MainActivity#491 (215)
06-06 13:00:12.397  1715  1715 I Layer   : id=505 removeFromCurrentState Surface(name=d4f7c8a etf.ri.rma.newsfeedapp/etf.ri.rma.newsfeedapp.MainActivity)/@0xf8eb8b6 - animation-leash of starting_reveal#505 (215)
06-06 13:00:12.397  1715  1715 I Layer   : id=492 removeFromCurrentState d4f7c8a etf.ri.rma.newsfeedapp/etf.ri.rma.newsfeedapp.MainActivity#492 (215)
06-06 13:00:12.397  1715  1715 I Layer   : id=495 removeFromCurrentState etf.ri.rma.newsfeedapp/etf.ri.rma.newsfeedapp.MainActivity$_7790#495 (215)
06-06 13:00:12.397  1715  1715 I Layer   : id=17 removeFromCurrentState ImeContainer#17 (215)
06-06 13:00:12.397  1715  1715 I Layer   : id=98 removeFromCurrentState WindowToken{f7b1b09 type=2011 android.os.Binder@15b9410}#98 (215)
06-06 13:00:12.397  1715  1715 I Layer   : id=507 removeFromCurrentState Surface(name=ac5a498 InputMethod)/@0x1895ba - animation-leash of insets_animation#507 (215)
06-06 13:00:12.397  1715  1715 I Layer   : id=154 removeFromCurrentState ac5a498 InputMethod#154 (215)
06-06 13:00:12.397  1715  1715 I Layer   : id=485 removeFromCurrentState ca87291 Splash Screen etf.ri.rma.newsfeedapp#485 (215)
06-06 13:00:12.397  1715  1715 I Layer   : id=487 removeFromCurrentState Splash Screen etf.ri.rma.newsfeedapp$_5355#487 (215)
06-06 13:00:12.397  1715  1715 I Layer   : Layer::reparent [Transition Root: Task=11#489] End -------------------------
06-06 13:00:12.397  1715  1715 I Layer   : Layer [Task=1#52] hidden!! flag(1)
06-06 13:00:12.397  1715  1715 I Layer   : Layer::reparent [Task=1#52] newParent : DefaultTaskDisplayArea_d0#12 , isRemovedFromCurrentState : 0 -------------------------
06-06 13:00:12.397  1715  1715 I Layer   : id=52 addToCurrentState Task=1#52 (215)
06-06 13:00:12.397  1715  1715 I Layer   : id=138 addToCurrentState Task=8#138 (215)
06-06 13:00:12.397  1715  1715 I Layer   : id=139 addToCurrentState ActivityRecord{4bdcf41 u0 com.sec.android.app.launcher/.activities.LauncherActivity t8}#139 (215)
06-06 13:00:12.397  1715  1715 I Layer   : id=150 addToCurrentState 6231c4b ActivityRecordInputSink com.sec.android.app.launcher/.Launcher#150 (215)
06-06 13:00:12.397  1715  1715 I Layer   : id=221 addToCurrentState da5c5e7 com.sec.android.app.launcher/com.sec.android.app.launcher.activities.LauncherActivity#221 (215)
06-06 13:00:12.397  1715  1715 I Layer   : id=224 addToCurrentState com.sec.android.app.launcher/com.sec.android.app.launcher.activities.LauncherActivity$_6421#224 (215)
06-06 13:00:12.397  1715  1715 I Layer   : Layer::reparent [Task=1#52] End -------------------------
06-06 13:00:12.397  1715  1715 I Layer   : Layer::reparent [Task=11#481] newParent : DefaultTaskDisplayArea_d0#12 , isRemovedFromCurrentState : 0 -------------------------
06-06 13:00:12.397  1715  1715 I Layer   : id=481 addToCurrentState Task=11#481 (215)
06-06 13:00:12.397  1715  1715 I Layer   : id=482 addToCurrentState ActivityRecord{874f817 u0 etf.ri.rma.newsfeedapp/.MainActivity t11}#482 (215)
06-06 13:00:12.397  1715  1715 I Layer   : id=491 addToCurrentState fe16a58 ActivityRecordInputSink etf.ri.rma.newsfeedapp/.MainActivity#491 (215)
06-06 13:00:12.397  1715  1715 I Layer   : id=505 addToCurrentState Surface(name=d4f7c8a etf.ri.rma.newsfeedapp/etf.ri.rma.newsfeedapp.MainActivity)/@0xf8eb8b6 - animation-leash of starting_reveal#505 (215)
06-06 13:00:12.397  1715  1715 I Layer   : id=492 addToCurrentState d4f7c8a etf.ri.rma.newsfeedapp/etf.ri.rma.newsfeedapp.MainActivity#492 (215)
06-06 13:00:12.397  1715  1715 I Layer   : id=495 addToCurrentState etf.ri.rma.newsfeedapp/etf.ri.rma.newsfeedapp.MainActivity$_7790#495 (215)
06-06 13:00:12.397  6421  6421 I ViewRootImpl@cc9c4e9[LauncherActivity]: destroyHardwareResources: Callers=android.view.ViewRootImpl.performTraversals:3937 android.view.ViewRootImpl.doTraversal:3291 android.view.ViewRootImpl$TraversalRunnable.run:11329 android.view.Choreographer$CallbackRecord.run:1689 android.view.Choreographer$CallbackRecord.run:1698 android.view.Choreographer.doCallbacks:1153 android.view.Choreographer.doFrame:1079 android.view.Choreographer$FrameDisplayEventReceiver.run:1646 android.os.Handler.handleCallback:958 android.os.Handler.dispatchMessage:99
06-06 13:00:12.397  1715  1715 I Layer   : id=17 addToCurrentState ImeContainer#17 (215)
06-06 13:00:12.397  1715  1715 I Layer   : id=98 addToCurrentState WindowToken{f7b1b09 type=2011 android.os.Binder@15b9410}#98 (215)
06-06 13:00:12.397  1715  1715 I Layer   : id=507 addToCurrentState Surface(name=ac5a498 InputMethod)/@0x1895ba - animation-leash of insets_animation#507 (215)
06-06 13:00:12.397  1715  1715 I Layer   : id=154 addToCurrentState ac5a498 InputMethod#154 (215)
06-06 13:00:12.397  1715  1715 I Layer   : id=485 addToCurrentState ca87291 Splash Screen etf.ri.rma.newsfeedapp#485 (215)
06-06 13:00:12.397  1715  1715 I Layer   : id=487 addToCurrentState Splash Screen etf.ri.rma.newsfeedapp$_5355#487 (215)
06-06 13:00:12.397  1715  1715 I Layer   : Layer::reparent [Task=11#481] End -------------------------
06-06 13:00:12.397  1715  1715 I Layer   : Layer::reparent [Transition Root: Task=11#489] newParentHandle : null -------------------------
06-06 13:00:12.397  1715  1715 I Layer   : id=489 removeFromCurrentState Transition Root: Task=11#489 (215)
06-06 13:00:12.397  1715  1715 I Layer   : Layer::reparent [Transition Root: Task=11#489] End -------------------------
06-06 13:00:12.397  1715  1715 I Layer   : Layer [com.android.systemui.wallpapers.ImageWallpaper_system$_5355#93] hidden!! flag(1)
06-06 13:00:12.397  1715  1715 I Layer   : Layer [com.sec.android.app.launcher/com.sec.android.app.launcher.activities.LauncherActivity$_6421#224] hidden!! flag(1)
06-06 13:00:12.397  1715  1715 I Layer   : Layer [ActivityRecord{4bdcf41 u0 com.sec.android.app.launcher/.activities.LauncherActivity t8}#139] hidden!! flag(1)
06-06 13:00:12.397  1715  1715 I Layer   : Layer [Task=8#138] hidden!! flag(1)
06-06 13:00:12.397 11275 11275 I HBD     : m updateContactDBLanguage : 0
06-06 13:00:12.397 11275 11275 I HBD     : a [UpdatePolicy] [post] a: 32 cl: 65537 kit: [0/0] vt: 0 ir: 1
06-06 13:00:12.397  1715  1715 I Layer   : id=228 Destroyed Surface(name=ac5a498 InputMethod)/@0x1895ba - animation-leash of insets_animation#228
06-06 13:00:12.397 11275 11275 I HBD     : HoneyBoardService [PF_OP][onStartInput]  18 ms
06-06 13:00:12.397 11275 11275 I InputMethodService: scheduleImeSurfaceRemoval: removeImeSurface is posted.
06-06 13:00:12.397  1715  1715 I Layer   : id=490 Destroyed Transition Root: Task=11#489 (Mirror)#490
06-06 13:00:12.397  1715  1715 I SurfaceFlinger: id=489 Removed Transition Root: Task=11#489 (213)
06-06 13:00:12.398  7012  7043 D C2SoftVpxEnc: bytes generated 6026
06-06 13:00:12.398  5355  5447 I ViewRootImpl@4299fbb[newsfeedapp]: mWNT: t=0xb40000747f988130 mBlastBufferQueue=0xb4000074df946c10 fn= 5 mRenderHdrSdrRatio=1.0 caller= android.view.SyncRtSurfaceTransactionApplier.applyTransaction:96 android.view.SyncRtSurfaceTransactionApplier.lambda$scheduleApply$0:69 android.view.SyncRtSurfaceTransactionApplier.$r8$lambda$SgowXC58rj3PR958kHUfRgLZmvE:0
06-06 13:00:12.400  1715  1715 D SurfaceFlinger: Display 4630946970390616451 HWC layers:
06-06 13:00:12.400  1715  1715 D SurfaceFlinger:      DEVICE | 0xb4000073beb102e0 | 0102 | RGBA_8888    |    0.0    0.0 1080.0 2340.0 |    0    0 1080 2340 | etf.ri.rma.newsfeedapp/etf.ri.rma.newsfeedapp.MainActivity$_7790#495
06-06 13:00:12.400  1715  1715 D SurfaceFlinger:      DEVICE | 0xb4000073beb090b0 | 0100 | RGBA_8888    |    0.0    0.0 1080.0 2340.0 |    0    0 1080 2340 | Splash Screen etf.ri.rma.newsfeedapp$_5355#487
06-06 13:00:12.400  1715  1715 D SurfaceFlinger:      DEVICE | 0xb4000073beb0f440 | 0100 | RGBA_8888    |    0.0    0.0 1080.0   87.0 |    0    0 1080   87 | StatusBar$_5355#90
06-06 13:00:12.400  1715  1715 D SurfaceFlinger:      DEVICE | 0xb4000073beb138e0 | 0100 | RGBA_8888    |    0.0    0.0   67.0  342.0 | 1013  438 1080  780 | com.sec.android.app.launcher/com.sam[...]ce.edge.CocktailBarService$_6421#145
06-06 13:00:12.400  1715  1715 D SurfaceFlinger:      DEVICE | 0xb4000073beb0fb90 | 0100 | RGBA_8888    |    0.0    0.0 1080.0  144.0 |    0 2196 1080 2340 | NavigationBar0$_5355#89
06-06 13:00:12.400  1715  1715 D SurfaceFlinger:
06-06 13:00:12.400  1574  1638 I HYPER-HAL: [RequestManager.cpp]acquire(): Acquired ID : 1372075  [1577 / 79]    HINT :      list : [TID_LOW_LATENCY / 0] [TID / 9457] [TID / 9458] [TID / 6421] [TID / 9453]
06-06 13:00:12.401  2342  6906 V WindowManager: Relayout Window{da5c5e7 u0 com.sec.android.app.launcher/com.sec.android.app.launcher.activities.LauncherActivity}: viewVisibility=8 req=1080x2340 ty=1 d0
06-06 13:00:12.401  1574  1638 I HYPER-HAL: [RequestManager.cpp]acquire(): Acquired ID : 1373733  [1577 / 80]    HINT :      list : [UCLAMP_MIN_BOOST / 0] [TID / 9457] [TID / 9458] [TID / 6421] [TID / 9453]
06-06 13:00:12.401  1574  1638 I HYPER-HAL: [RequestManager.cpp]releaseLocked(): Released ID : 1372075
06-06 13:00:12.401  1574  1638 I HYPER-HAL: [RequestManager.cpp]releaseLocked(): Released ID : 1373733
06-06 13:00:12.402  2342  6906 V WindowManager: Relayout hash=da5c5e7, pid=6421, syncId=-1: mAttrs={(0,0)(fillxfill) sim={adjust=nothing} layoutInDisplayCutoutMode=shortEdges ty=BASE_APPLICATION fmt=TRANSPARENT wanim=0x10302f2
06-06 13:00:12.402  2342  6906 V WindowManager:   fl=81910100
06-06 13:00:12.402  2342  6906 V WindowManager:   pfl=1a008040
06-06 13:00:12.402  2342  6906 V WindowManager:   bhv=SHOW_TRANSIENT_BARS_BY_SWIPE
06-06 13:00:12.402  2342  6906 V WindowManager:   fitSides= naviIconColor=0}
06-06 13:00:12.403  6421  6421 I ViewRootImpl@cc9c4e9[LauncherActivity]: Relayout returned: old=(0,0,1080,2340) new=(0,0,1080,2340) relayoutAsync=false req=(1080,2340)8 dur=3 res=0x402 s={false 0x0} ch=true seqId=0
06-06 13:00:12.404  2342  6906 I AppWidgetServiceImpl: stopListening callbacks : null
06-06 13:00:12.404  6421  6421 I HoneySpace.ContentsAnimator: end call
06-06 13:00:12.404  6421  6421 I ViewRootImpl@cc9c4e9[LauncherActivity]: stopped(true) old = false
06-06 13:00:12.404  6421  6421 I HoneySpace.Launcher: !@Boot_EBS_D: Launcher.onStop()
06-06 13:00:12.404 24682 24682 I A       : onStop
06-06 13:00:12.405  1715  1715 I Layer   : id=489 Destroyed Transition Root: Task=11#489
06-06 13:00:12.405  6421  6421 I HoneySpace.OneUiSpace: onSaveInstanceState honeyScreen=tb.l0@31661c4
06-06 13:00:12.406  5355  5446 I ViewRootImpl@4299fbb[newsfeedapp]: mWNT: t=0xb40000747f997070 mBlastBufferQueue=0xb4000074df946c10 fn= 6 mRenderHdrSdrRatio=1.0 caller= android.view.SyncRtSurfaceTransactionApplier.applyTransaction:96 android.view.SyncRtSurfaceTransactionApplier.lambda$scheduleApply$0:69 android.view.SyncRtSurfaceTransactionApplier.$r8$lambda$SgowXC58rj3PR958kHUfRgLZmvE:0
06-06 13:00:12.408  1574  1638 I HYPER-HAL: [RequestManager.cpp]acquire(): Acquired ID : 1408782  [1577 / 101]    HINT :      list : [TID_LOW_LATENCY / 1] [TID / 9457] [TID / 9458] [TID / 6421] [TID / 9453]
06-06 13:00:12.408  7012  7043 D C2SoftVpxEnc: bytes generated 6784
06-06 13:00:12.409  1557 12009 I vendor.qti.bluetooth@1.1-ibs_handler: ProcessIbsCmd: Received IBS_SLEEP_IND: 0xFE
06-06 13:00:12.414  5355  5447 I ViewRootImpl@4299fbb[newsfeedapp]: mWNT: t=0xb40000747f997070 mBlastBufferQueue=0xb4000074df946c10 fn= 7 mRenderHdrSdrRatio=1.0 caller= android.view.SyncRtSurfaceTransactionApplier.applyTransaction:96 android.view.SyncRtSurfaceTransactionApplier.lambda$scheduleApply$0:69 android.view.SyncRtSurfaceTransactionApplier.$r8$lambda$SgowXC58rj3PR958kHUfRgLZmvE:0
06-06 13:00:12.419  7012  7043 D C2SoftVpxEnc: bytes generated 6473
06-06 13:00:12.419  2342  2630 D PkgPredictorService-SecIpmManagerServiceImpl: bg information pid:6421 uid:10150 pkgName:com.sec.android.app.launcher
06-06 13:00:12.421  1715  1715 I Layer   : Layer::reparent [com.sec.android.app.launcher/com.sec.android.app.launcher.activities.LauncherActivity$_6421#224] newParentHandle : null -------------------------
06-06 13:00:12.422  1715  1715 I Layer   : id=224 removeFromCurrentState com.sec.android.app.launcher/com.sec.android.app.launcher.activities.LauncherActivity$_6421#224 (212)
06-06 13:00:12.422  1715  1715 I Layer   : Layer::reparent [com.sec.android.app.launcher/com.sec.android.app.launcher.activities.LauncherActivity$_6421#224] End -------------------------
06-06 13:00:12.422  1715  1715 I SurfaceFlinger: id=224 Removed com.sec.android.app.launcher/com.sec.android.app.launcher.activities.LauncherActivity$_6421#224 (212)
06-06 13:00:12.422  1715  1715 I Layer   : id=410 Destroyed com.sec.android.app.launcher/com.sec.android.app.launcher.activities.LauncherActivity$_6421#224 (Mirror)#410
06-06 13:00:12.423  2342  5437 V WindowManager: Relayout Window{ca87291 u0 Splash Screen etf.ri.rma.newsfeedapp}: viewVisibility=8 req=1080x2340 ty=3 d0
06-06 13:00:12.425  1930  5588 I CameraService: onUidStateChanged: uid=10046, procState is changed. (1 -> 0)
06-06 13:00:12.426  2342  5437 V WindowManager: Relayout hash=ca87291, pid=5355, syncId=-1: mAttrs={(0,0)(fillxfill) sim={adjust=pan} ty=APPLICATION_STARTING fmt=TRANSLUCENT wanim=0x1030303 alpha=0.0
06-06 13:00:12.426  2342  5437 V WindowManager:   fl=81030118
06-06 13:00:12.426  2342  5437 V WindowManager:   pfl=16000010
06-06 13:00:12.426  2342  5437 V WindowManager:   bhv=DEFAULT
06-06 13:00:12.426  2342  5437 V WindowManager:   fitSides= naviIconColor=0}
06-06 13:00:12.426  5355  5439 I ViewRootImpl@4299fbb[newsfeedapp]: Relayout returned: old=(0,0,1080,2340) new=(0,0,1080,2340) relayoutAsync=false req=(1080,2340)8 dur=3 res=0x402 s={false 0x0} ch=true seqId=0
06-06 13:00:12.426  5355  5439 W WindowOnBackDispatcher: sendCancelIfRunning: isInProgress=falsecallback=android.view.ViewRootImpl$$ExternalSyntheticLambda19@e1d3e84
06-06 13:00:12.426  5355  5439 I ViewRootImpl@4299fbb[newsfeedapp]: dispatchDetachedFromWindow
06-06 13:00:12.427  2342  5455 D InputTransport: Input channel destroyed: 'ca87291', fd=992
06-06 13:00:12.427  2342  5455 W InputManager-JNI: Input channel object 'ca87291 Splash Screen etf.ri.rma.newsfeedapp (client)' was disposed without first being removed with the input manager!
06-06 13:00:12.427  2342  5455 D InputTransport: Input channel destroyed: 'ca87291', fd=1009
06-06 13:00:12.428  5355  5439 D InputTransport: Input channel destroyed: 'ca87291', fd=493
06-06 13:00:12.429  1574  1638 I HYPER-HAL: [RequestManager.cpp]acquire(): Acquired ID : 1402072  [1577 / 97]    HINT :      list : [TID_LOW_LATENCY / 0] [TID / 5446] [TID / 5447] [TID / 5439] [TID / 5445]
06-06 13:00:12.429  1574  1638 I HYPER-HAL: [RequestManager.cpp]acquire(): Acquired ID : 1403748  [1577 / 98]    HINT :      list : [UCLAMP_MIN_BOOST / 0] [TID / 5446] [TID / 5447] [TID / 5439] [TID / 5445]
06-06 13:00:12.429  7012  7043 D C2SoftVpxEnc: bytes generated 5625
06-06 13:00:12.429  1574  1638 I HYPER-HAL: [RequestManager.cpp]releaseLocked(): Released ID : 1402072
06-06 13:00:12.429  1574  1638 I HYPER-HAL: [RequestManager.cpp]releaseLocked(): Released ID : 1403748
06-06 13:00:12.430  1715  1715 I Layer   : Layer [Splash Screen etf.ri.rma.newsfeedapp$_5355#487] hidden!! flag(1)
06-06 13:00:12.430  1715  1715 I Layer   : Layer::reparent [d4f7c8a etf.ri.rma.newsfeedapp/etf.ri.rma.newsfeedapp.MainActivity#492] newParent : ActivityRecord{874f817 u0 etf.ri.rma.newsfeedapp/.MainActivity t11}#482 , isRemovedFromCurrentState : 0 -------------------------
06-06 13:00:12.430  1715  1715 I Layer   : Layer::reparent [d4f7c8a etf.ri.rma.newsfeedapp/etf.ri.rma.newsfeedapp.MainActivity#492] End -------------------------
06-06 13:00:12.430  1715  1715 I Layer   : Layer::reparent [ca87291 Splash Screen etf.ri.rma.newsfeedapp#485] newParentHandle : null -------------------------
06-06 13:00:12.430  1715  1715 I Layer   : id=485 removeFromCurrentState ca87291 Splash Screen etf.ri.rma.newsfeedapp#485 (211)
06-06 13:00:12.430  1715  1715 I Layer   : id=487 removeFromCurrentState Splash Screen etf.ri.rma.newsfeedapp$_5355#487 (211)
06-06 13:00:12.430  1715  1715 I Layer   : Layer::reparent [ca87291 Splash Screen etf.ri.rma.newsfeedapp#485] End -------------------------
06-06 13:00:12.430  1715  1715 I Layer   : Layer::reparent [Surface(name=d4f7c8a etf.ri.rma.newsfeedapp/etf.ri.rma.newsfeedapp.MainActivity)/@0xf8eb8b6 - animation-leash of starting_reveal#505] newParentHandle : null -------------------------
06-06 13:00:12.430  1715  1715 I Layer   : id=505 removeFromCurrentState Surface(name=d4f7c8a etf.ri.rma.newsfeedapp/etf.ri.rma.newsfeedapp.MainActivity)/@0xf8eb8b6 - animation-leash of starting_reveal#505 (211)
06-06 13:00:12.430  1715  1715 I Layer   : Layer::reparent [Surface(name=d4f7c8a etf.ri.rma.newsfeedapp/etf.ri.rma.newsfeedapp.MainActivity)/@0xf8eb8b6 - animation-leash of starting_reveal#505] End -------------------------
06-06 13:00:12.430  1715  1715 I Layer   : Layer::reparent [Splash Screen etf.ri.rma.newsfeedapp$_5355#487] newParentHandle : null -------------------------
06-06 13:00:12.430  1715  1715 I Layer   : id=487 removeFromCurrentState Splash Screen etf.ri.rma.newsfeedapp$_5355#487 (211)
06-06 13:00:12.430  1715  1715 I Layer   : Layer::reparent [Splash Screen etf.ri.rma.newsfeedapp$_5355#487] End -------------------------
06-06 13:00:12.430  1715  1715 I Layer   : id=224 Destroyed com.sec.android.app.launcher/com.sec.android.app.launcher.activities.LauncherActivity$_6421#224
06-06 13:00:12.431  1715  1715 I Layer   : id=486 Destroyed ca87291 Splash Screen etf.ri.rma.newsfeedapp#485 (Mirror)#486
06-06 13:00:12.431  1715  1715 I Layer   : id=506 Destroyed Surface(name=d4f7c8a etf.ri.rma.newsfeedapp/etf.ri.rma.newsfeedapp.MainActivity)/@0xf8eb8b6 - animation-leash of starting_reveal#505 (Mirror)#506
06-06 13:00:12.431  1715  1715 I SurfaceFlinger: id=485 Removed ca87291 Splash Screen etf.ri.rma.newsfeedapp#485 (208)
06-06 13:00:12.431  1715  1715 I Layer   : id=488 Destroyed Splash Screen etf.ri.rma.newsfeedapp$_5355#487 (Mirror)#488
06-06 13:00:12.433  1715  1715 D SurfaceFlinger: Display 4630946970390616451 HWC layers:
06-06 13:00:12.433  1715  1715 D SurfaceFlinger:      DEVICE | 0xb4000073beb102e0 | 0102 | RGBA_8888    |    0.0    0.0 1080.0 2340.0 |    0    0 1080 2340 | etf.ri.rma.newsfeedapp/etf.ri.rma.newsfeedapp.MainActivity$_7790#495
06-06 13:00:12.433  1715  1715 D SurfaceFlinger:      DEVICE | 0xb4000073beb0f440 | 0100 | RGBA_8888    |    0.0    0.0 1080.0   87.0 |    0    0 1080   87 | StatusBar$_5355#90
06-06 13:00:12.433  1715  1715 D SurfaceFlinger:      DEVICE | 0xb4000073beb138e0 | 0100 | RGBA_8888    |    0.0    0.0   67.0  342.0 | 1013  438 1080  780 | com.sec.android.app.launcher/com.sam[...]ce.edge.CocktailBarService$_6421#145
06-06 13:00:12.433  1715  1715 D SurfaceFlinger:      DEVICE | 0xb4000073beb0fb90 | 0100 | RGBA_8888    |    0.0    0.0 1080.0  144.0 |    0 2196 1080 2340 | NavigationBar0$_5355#89
06-06 13:00:12.433  1715  1715 D SurfaceFlinger:
06-06 13:00:12.438  1715  1715 I Layer   : id=485 Destroyed ca87291 Splash Screen etf.ri.rma.newsfeedapp#485
06-06 13:00:12.439  1715  1715 I SurfaceFlinger: id=487 Removed Splash Screen etf.ri.rma.newsfeedapp$_5355#487 (206)
06-06 13:00:12.440  7012  7043 D C2SoftVpxEnc: bytes generated 9006
06-06 13:00:12.446  1715  1715 I Layer   : id=487 Destroyed Splash Screen etf.ri.rma.newsfeedapp$_5355#487
06-06 13:00:12.450  7012  7043 D C2SoftVpxEnc: bytes generated 7596
06-06 13:00:12.460  1652  2311 I QC2CompStore: Setting heap usage to system
06-06 13:00:12.461  7012  7043 D C2SoftVpxEnc: bytes generated 10152
06-06 13:00:12.465  7790  7812 D TrafficStats: tagSocket(126) with statsTag=0xffffffff, statsUid=-1
06-06 13:00:12.465  2342  5313 D NetdEventListenerService: DNS Requested by 100, 10317, 0
06-06 13:00:12.471  7012  7043 D C2SoftVpxEnc: bytes generated 6909
06-06 13:00:12.475  2342  5313 D NetdEventListenerService: DNS Requested by 100, 10317, 0
06-06 13:00:12.476  7790  7812 W rma.newsfeedapp: Accessing hidden method Ljava/lang/invoke/MethodHandles$Lookup;-><init>(Ljava/lang/Class;I)V (unsupported, reflection, allowed)
06-06 13:00:12.481  7012  7043 D C2SoftVpxEnc: bytes generated 9286
06-06 13:00:12.488  1715  1715 D SurfaceFlinger: GPIS:: requestGPISForClientComposition
06-06 13:00:12.492  7012  7043 D C2SoftVpxEnc: bytes generated 6862
06-06 13:00:12.494  7790  7873 D TrafficStats: tagSocket(129) with statsTag=0xffffffff, statsUid=-1
06-06 13:00:12.495  7790  7871 D TrafficStats: tagSocket(131) with statsTag=0xffffffff, statsUid=-1
06-06 13:00:12.502  7012  7043 D C2SoftVpxEnc: bytes generated 8403
06-06 13:00:12.510  2342  5313 D NetdEventListenerService: DNS Requested by 100, 10317, 0
06-06 13:00:12.511  1475  1482 E IPACM   : vendor/qcom/opensource/data-ipa-cfg-mgr/ipacm/src/IPACM_Netlink.cpp:1511 ipa_nl_decode_nlmsg()
06-06 13:00:12.511  1475  1482 E IPACM   : vendor/qcom/opensource/data-ipa-cfg-mgr/ipacm/src/IPACM_Netlink.cpp:1511 ipa_nl_decode_nlmsg()  IPV4 Address 10.13.192.1
06-06 13:00:12.511  1475  1482 E IPACM   : vendor/qcom/opensource/data-ipa-cfg-mgr/ipacm/src/IPACM_Netlink.cpp:1552 ipa_nl_decode_nlmsg() posting IPA_NEW_NEIGH_EVENT (wlan0):index:37 ip-family: 2
06-06 13:00:12.511  1475  1481 E IPACM   : vendor/qcom/opensource/data-ipa-cfg-mgr/ipacm/src/IPACM_Neighbor.cpp:163 event_callback() Received IPA_NEW_NEIGH_EVENT
06-06 13:00:12.511  1475  1481 E IPACM   : vendor/qcom/opensource/data-ipa-cfg-mgr/ipacm/src/IPACM_Iface.cpp:458 iface_ipa_index_query() Interface index 37
06-06 13:00:12.512  7012  7043 D C2SoftVpxEnc: bytes generated 5026
06-06 13:00:12.513  1475  1481 E IPACM   : vendor/qcom/opensource/data-ipa-cfg-mgr/ipacm/src/IPACM_Iface.cpp:468 iface_ipa_index_query() Received interface name wlan0
06-06 13:00:12.514  1475  1481 E IPACM   : vendor/qcom/opensource/data-ipa-cfg-mgr/ipacm/src/IPACM_Neighbor.cpp:175 event_callback() not supported iface id: 37
06-06 13:00:12.523  7012  7043 D C2SoftVpxEnc: bytes generated 5900
06-06 13:00:12.527  1475  1482 E IPACM   : vendor/qcom/opensource/data-ipa-cfg-mgr/ipacm/src/IPACM_Netlink.cpp:1511 ipa_nl_decode_nlmsg()
06-06 13:00:12.528  1475  1482 E IPACM   : vendor/qcom/opensource/data-ipa-cfg-mgr/ipacm/src/IPACM_Netlink.cpp:1511 ipa_nl_decode_nlmsg()  IPV4 Address 10.13.192.1
06-06 13:00:12.528  1475  1482 E IPACM   : vendor/qcom/opensource/data-ipa-cfg-mgr/ipacm/src/IPACM_Netlink.cpp:1552 ipa_nl_decode_nlmsg() posting IPA_NEW_NEIGH_EVENT (wlan0):index:37 ip-family: 2
06-06 13:00:12.529  1475  1481 E IPACM   : vendor/qcom/opensource/data-ipa-cfg-mgr/ipacm/src/IPACM_Neighbor.cpp:163 event_callback() Received IPA_NEW_NEIGH_EVENT
06-06 13:00:12.529  2342  5313 D NetdEventListenerService: DNS Requested by 100, 10317, 195
06-06 13:00:12.529  1475  1481 E IPACM   : vendor/qcom/opensource/data-ipa-cfg-mgr/ipacm/src/IPACM_Iface.cpp:458 iface_ipa_index_query() Interface index 37
06-06 13:00:12.529  7790  7842 D TrafficStats: tagSocket(122) with statsTag=0xffffffff, statsUid=-1
06-06 13:00:12.529  1475  1481 E IPACM   : vendor/qcom/opensource/data-ipa-cfg-mgr/ipacm/src/IPACM_Iface.cpp:468 iface_ipa_index_query() Received interface name wlan0
06-06 13:00:12.529  1475  1481 E IPACM   : vendor/qcom/opensource/data-ipa-cfg-mgr/ipacm/src/IPACM_Neighbor.cpp:175 event_callback() not supported iface id: 37
06-06 13:00:12.534  1652  2311 I QC2CompStore: Setting heap usage to system
06-06 13:00:12.534  7012  7043 D C2SoftVpxEnc: bytes generated 18615
06-06 13:00:12.538 22606 22695 I FontLog : (REDACTED) Received query %s, URI %s
06-06 13:00:12.539 22606 22695 I FontLog : (REDACTED) Query [%s] resolved to %s
06-06 13:00:12.539 22606 22695 I FontLog : (REDACTED) Fetch %s end status %s
06-06 13:00:12.541 22606 22695 I FontLog : (REDACTED) Pulling font file for id = %d, cache size = %d
06-06 13:00:12.544 22606 22695 I FontLog : (REDACTED) Pulling font file for id = %d, cache size = %d
06-06 13:00:12.548  1652  2311 I QC2CompStore: Setting heap usage to system
06-06 13:00:12.549  7012  7043 D C2SoftVpxEnc: bytes generated 59519
06-06 13:00:12.561  2342  5313 D NetdEventListenerService: DNS Requested by 100, 10317, 0
06-06 13:00:12.562  7012  7043 D C2SoftVpxEnc: bytes generated 55846
