06-06 13:00:13.527  7790  7812 I TestRunner: started: testIfCacheingWorks2(etf.ri.rma.newsfeedapp.TestS3)
06-06 13:00:13.528  1574  1638 I HYPER-HAL: [RequestManager.cpp]acquire(): Acquired ID : 1469892  [1577 / 137]    HINT :      list : [TID_LOW_LATENCY / 0] [TID / 5446] [TID / 5447] [TID / 5420] [TID / 5445]
06-06 13:00:13.528  1574  1638 I HYPER-HAL: [RequestManager.cpp]acquire(): Acquired ID : 1471608  [1577 / 138]    HINT :      list : [UCLAMP_MIN_BOOST / 0] [TID / 5446] [TID / 5447] [TID / 5420] [TID / 5445]
06-06 13:00:13.529  1574  1638 I HYPER-HAL: [RequestManager.cpp]releaseLocked(): Released ID : 1469892
06-06 13:00:13.529  1574  1638 I HYPER-HAL: [RequestManager.cpp]releaseLocked(): Released ID : 1471608
06-06 13:00:13.529  1574  1638 I HYPER-HAL: [RequestManager.cpp]acquire(): Acquired ID : 1473325  [1577 / 139]    HINT :      list : [TID_LOW_LATENCY / 1] [TID / 5446] [TID / 5447] [TID / 5420] [TID / 5445]
06-06 13:00:13.529  1574  1638 I HYPER-HAL: [RequestManager.cpp]acquire(): Acquired ID : 1473325  [1577 / 139]    HINT :      list : [TID_LOW_LATENCY / 0] [TID / 5446] [TID / 5447] [TID / 5420] [TID / 5445]
06-06 13:00:13.529  1574  1638 I HYPER-HAL: [RequestManager.cpp]acquire(): Acquired ID : 1475043  [1577 / 140]    HINT :      list : [UCLAMP_MIN_BOOST / 0] [TID / 5446] [TID / 5447] [TID / 5420] [TID / 5445]
06-06 13:00:13.529  1574  1638 I HYPER-HAL: [RequestManager.cpp]releaseLocked(): Released ID : 1473325
06-06 13:00:13.529  1574  1638 I HYPER-HAL: [RequestManager.cpp]releaseLocked(): Released ID : 1475043
06-06 13:00:13.530  1715  1715 I Layer   : Layer::reparent [ActivityRecord{f60bc30 u0 etf.ri.rma.newsfeedapp/.MainActivity t13}#563] newParentHandle : null -------------------------
06-06 13:00:13.530  1715  1715 I Layer   : id=563 removeFromCurrentState ActivityRecord{f60bc30 u0 etf.ri.rma.newsfeedapp/.MainActivity t13}#563 (234)
06-06 13:00:13.530  1715  1715 I Layer   : id=575 removeFromCurrentState 6f90de2 ActivityRecordInputSink etf.ri.rma.newsfeedapp/.MainActivity#575 (234)
06-06 13:00:13.530  1715  1715 I Layer   : Layer::reparent [ActivityRecord{f60bc30 u0 etf.ri.rma.newsfeedapp/.MainActivity t13}#563] End -------------------------
06-06 13:00:13.530  1715  1715 I Layer   : Layer::reparent [Task=13#562] newParentHandle : null -------------------------
06-06 13:00:13.530  1715  1715 I Layer   : id=562 removeFromCurrentState Task=13#562 (234)
06-06 13:00:13.530  1715  1715 I Layer   : Layer::reparent [Task=13#562] End -------------------------
06-06 13:00:13.530  1715  1715 I Layer   : Layer::reparent [Task=13#651] newParentHandle : null -------------------------
06-06 13:00:13.530  1715  1715 I Layer   : id=651 removeFromCurrentState Task=13#651 (234)
06-06 13:00:13.530  1715  1715 I Layer   : Layer::reparent [Task=13#651] End -------------------------
06-06 13:00:13.530  1715  1715 I Layer   : id=569 Destroyed aad9824 etf.ri.rma.newsfeedapp/etf.ri.rma.newsfeedapp.MainActivity#569
06-06 13:00:13.530  1715  1715 I Layer   : id=580 Destroyed etf.ri.rma.newsfeedapp/etf.ri.rma.newsfeedapp.MainActivity$_7790#580
06-06 13:00:13.530  1715  1715 I Layer   : id=557 Destroyed Surface(name=60fd58 etf.ri.rma.newsfeedapp.test/androidx.test.core.app.InstrumentationActivityInvoker$EmptyActivity)/@0xe58617e - animation-leash of starting_reveal#557
06-06 13:00:13.530  1715  1715 I Layer   : id=586 Destroyed Surface(name=aad9824 etf.ri.rma.newsfeedapp/etf.ri.rma.newsfeedapp.MainActivity)/@0x1148ab4 - animation-leash of starting_reveal#586
06-06 13:00:13.530  1715  1715 I Layer   : id=564 Destroyed Task=13#562 (Mirror)#564
06-06 13:00:13.530  1715  1715 I Layer   : id=565 Destroyed ActivityRecord{f60bc30 u0 etf.ri.rma.newsfeedapp/.MainActivity t13}#563 (Mirror)#565
06-06 13:00:13.530  1715  1715 I Layer   : id=576 Destroyed 6f90de2 ActivityRecordInputSink etf.ri.rma.newsfeedapp/.MainActivity#575 (Mirror)#576
06-06 13:00:13.530  5355  5446 I ViewRootImpl@fba63b1[test]: mWNT: t=0xb40000747f94a070 mBlastBufferQueue=0xb4000074df9c1050 fn= 6 mRenderHdrSdrRatio=1.0 caller= android.view.SyncRtSurfaceTransactionApplier.applyTransaction:96 android.view.SyncRtSurfaceTransactionApplier.lambda$scheduleApply$0:69 android.view.SyncRtSurfaceTransactionApplier.$r8$lambda$SgowXC58rj3PR958kHUfRgLZmvE:0
06-06 13:00:13.530  6421  9458 I ViewRootImpl@cc9c4e9[LauncherActivity]: mWNT: t=0xb40000747f96b330 mBlastBufferQueue=0xb4000074df963770 fn= 7 mRenderHdrSdrRatio=1.0 caller= com.android.systemui.shared.launcher.ViewRootImplCompat.mergeWithNextTransaction:4 com.honeyspace.transition.utils.SurfaceTransactionApplier.scheduleApply$lambda$1:26 com.honeyspace.transition.utils.SurfaceTransactionApplier.c:0
06-06 13:00:13.530  7790  7812 D IdlingRegistry: Registering idling resources: [androidx.compose.ui.test.EspressoLink@ef4397]
06-06 13:00:13.530  1715  1715 I SurfaceFlinger: id=651 Removed Task=13#651 (227)
06-06 13:00:13.531  1715  1715 I SurfaceFlinger: id=563 Removed ActivityRecord{f60bc30 u0 etf.ri.rma.newsfeedapp/.MainActivity t13}#563 (227)
06-06 13:00:13.531  1715  1806 I SurfaceFlinger: id=505 Removed Surface(name=d4f7c8a etf.ri.rma.newsfeedapp/etf.ri.rma.newsfeedapp.MainActivity)/@0xf8eb8b6 - animation-leash of starting_reveal#505 (227)
06-06 13:00:13.532  1574  1638 I HYPER-HAL: [RequestManager.cpp]acquire(): Acquired ID : 1476762  [1577 / 141]    HINT :      list : [TID_LOW_LATENCY / 1] [TID / 5446] [TID / 5447] [TID / 5439] [TID / 5445]
06-06 13:00:13.532  1574  1638 I HYPER-HAL: [RequestManager.cpp]acquire(): Acquired ID : 1476762  [1577 / 141]    HINT :      list : [TID_LOW_LATENCY / 0] [TID / 5446] [TID / 5447] [TID / 5439] [TID / 5445]
06-06 13:00:13.532  1574  1638 I HYPER-HAL: [RequestManager.cpp]acquire(): Acquired ID : 1478482  [1577 / 142]    HINT :      list : [UCLAMP_MIN_BOOST / 0] [TID / 5446] [TID / 5447] [TID / 5439] [TID / 5445]
06-06 13:00:13.533  1574  1638 I HYPER-HAL: [RequestManager.cpp]releaseLocked(): Released ID : 1476762
06-06 13:00:13.533  1574  1638 I HYPER-HAL: [RequestManager.cpp]releaseLocked(): Released ID : 1478482
06-06 13:00:13.533  1574  1638 I HYPER-HAL: [RequestManager.cpp]acquire(): Acquired ID : 1480203  [1577 / 143]    HINT :      list : [TID_LOW_LATENCY / 1] [TID / 5446] [TID / 5447] [TID / 5439] [TID / 5445]
06-06 13:00:13.535  7790  7812 W Settings: Setting always_finish_activities has moved from android.provider.Settings.System to android.provider.Settings.Global, returning read-only value.
06-06 13:00:13.535  1574  1638 I HYPER-HAL: [RequestManager.cpp]acquire(): Acquired ID : 1480203  [1577 / 143]    HINT :      list : [TID_LOW_LATENCY / 0] [TID / 5446] [TID / 5447] [TID / 5439] [TID / 5445]
06-06 13:00:13.535  1574  1638 I HYPER-HAL: [RequestManager.cpp]acquire(): Acquired ID : 1481925  [1577 / 144]    HINT :      list : [UCLAMP_MIN_BOOST / 0] [TID / 5446] [TID / 5447] [TID / 5439] [TID / 5445]
06-06 13:00:13.535  1574  1638 I HYPER-HAL: [RequestManager.cpp]releaseLocked(): Released ID : 1480203
06-06 13:00:13.535  1574  1638 I HYPER-HAL: [RequestManager.cpp]releaseLocked(): Released ID : 1481925
06-06 13:00:13.535  1574  1638 I HYPER-HAL: [RequestManager.cpp]acquire(): Acquired ID : 1483648  [1577 / 145]    HINT :      list : [TID_LOW_LATENCY / 1] [TID / 5446] [TID / 5447] [TID / 7056] [TID / 5445]
06-06 13:00:13.536  1574  1638 I HYPER-HAL: [RequestManager.cpp]acquire(): Acquired ID : 1483648  [1577 / 145]    HINT :      list : [TID_LOW_LATENCY / 0] [TID / 5446] [TID / 5447] [TID / 7056] [TID / 5445]
06-06 13:00:13.536  1574  1638 I HYPER-HAL: [RequestManager.cpp]acquire(): Acquired ID : 1485372  [1577 / 146]    HINT :      list : [UCLAMP_MIN_BOOST / 0] [TID / 5446] [TID / 5447] [TID / 7056] [TID / 5445]
06-06 13:00:13.536  1574  1638 I HYPER-HAL: [RequestManager.cpp]releaseLocked(): Released ID : 1483648
06-06 13:00:13.536  1574  1638 I HYPER-HAL: [RequestManager.cpp]releaseLocked(): Released ID : 1485372
06-06 13:00:13.536  1574  1638 I HYPER-HAL: [RequestManager.cpp]acquire(): Acquired ID : 1487097  [1577 / 147]    HINT :      list : [TID_LOW_LATENCY / 1] [TID / 5446] [TID / 5447] [TID / 7056] [TID / 5445]
06-06 13:00:13.537  1574  1638 I HYPER-HAL: [RequestManager.cpp]acquire(): Acquired ID : 1487097  [1577 / 147]    HINT :      list : [TID_LOW_LATENCY / 0] [TID / 5446] [TID / 5447] [TID / 7056] [TID / 5445]
06-06 13:00:13.537  1574  1638 I HYPER-HAL: [RequestManager.cpp]acquire(): Acquired ID : 1488823  [1577 / 148]    HINT :      list : [UCLAMP_MIN_BOOST / 0] [TID / 5446] [TID / 5447] [TID / 7056] [TID / 5445]
06-06 13:00:13.537  1574  1638 I HYPER-HAL: [RequestManager.cpp]releaseLocked(): Released ID : 1487097
06-06 13:00:13.537  2342  2632 I ChimeraSystemEventListener: appLaunchIntent package name is: etf.ri.rma.newsfeedapp
06-06 13:00:13.538  1574  1638 I HYPER-HAL: [RequestManager.cpp]releaseLocked(): Released ID : 1488823
06-06 13:00:13.538  1574  1638 I HYPER-HAL: [RequestManager.cpp]acquire(): Acquired ID : 1490550  [1577 / 149]    HINT :      list : [TID_LOW_LATENCY / 1] [TID / 5446] [TID / 5447] [TID / 5533] [TID / 5445]
06-06 13:00:13.538  1715  1715 I Layer   : id=563 Destroyed ActivityRecord{f60bc30 u0 etf.ri.rma.newsfeedapp/.MainActivity t13}#563
06-06 13:00:13.538  1715  1715 I Layer   : id=575 Destroyed 6f90de2 ActivityRecordInputSink etf.ri.rma.newsfeedapp/.MainActivity#575
06-06 13:00:13.538  1715  1715 I Layer   : id=505 Destroyed Surface(name=d4f7c8a etf.ri.rma.newsfeedapp/etf.ri.rma.newsfeedapp.MainActivity)/@0xf8eb8b6 - animation-leash of starting_reveal#505
06-06 13:00:13.538  1715  1715 I Layer   : id=651 Destroyed Task=13#651
06-06 13:00:13.538  5355  5447 I ViewRootImpl@fba63b1[test]: mWNT: t=0xb40000747f94a070 mBlastBufferQueue=0xb4000074df9c1050 fn= 7 mRenderHdrSdrRatio=1.0 caller= android.view.SyncRtSurfaceTransactionApplier.applyTransaction:96 android.view.SyncRtSurfaceTransactionApplier.lambda$scheduleApply$0:69 android.view.SyncRtSurfaceTransactionApplier.$r8$lambda$SgowXC58rj3PR958kHUfRgLZmvE:0
06-06 13:00:13.539  6421  9457 I ViewRootImpl@cc9c4e9[LauncherActivity]: mWNT: t=0xb40000747f96ea30 mBlastBufferQueue=0xb4000074df963770 fn= 8 mRenderHdrSdrRatio=1.0 caller= com.android.systemui.shared.launcher.ViewRootImplCompat.mergeWithNextTransaction:4 com.honeyspace.transition.utils.SurfaceTransactionApplier.scheduleApply$lambda$1:26 com.honeyspace.transition.utils.SurfaceTransactionApplier.c:0
06-06 13:00:13.539  6421  7245 I HoneySpace.RecentTasks: onRecentTasksChanged
06-06 13:00:13.540  1574  1638 I HYPER-HAL: [RequestManager.cpp]acquire(): Acquired ID : 1490550  [1577 / 149]    HINT :      list : [TID_LOW_LATENCY / 0] [TID / 5446] [TID / 5447] [TID / 5533] [TID / 5445]
06-06 13:00:13.541  1574  1638 I HYPER-HAL: [RequestManager.cpp]acquire(): Acquired ID : 1492278  [1577 / 150]    HINT :      list : [UCLAMP_MIN_BOOST / 0] [TID / 5446] [TID / 5447] [TID / 5533] [TID / 5445]
06-06 13:00:13.541  1574  1638 I HYPER-HAL: [RequestManager.cpp]releaseLocked(): Released ID : 1490550
06-06 13:00:13.541  1574  1638 I HYPER-HAL: [RequestManager.cpp]releaseLocked(): Released ID : 1492278
06-06 13:00:13.541  1574  1638 I HYPER-HAL: [RequestManager.cpp]acquire(): Acquired ID : 1494007  [1577 / 151]    HINT :      list : [TID_LOW_LATENCY / 1] [TID / 5446] [TID / 5447] [TID / 5533] [TID / 5445]
06-06 13:00:13.541  1574  1638 I HYPER-HAL: [RequestManager.cpp]acquire(): Acquired ID : 1494007  [1577 / 151]    HINT :      list : [TID_LOW_LATENCY / 0] [TID / 5446] [TID / 5447] [TID / 5533] [TID / 5445]
06-06 13:00:13.541  8184  8685 I SemDvfsHyPerManager: acquire hyper - TABaseBoost/8184@26, type = 1090523139
06-06 13:00:13.541  1574  1638 I HYPER-HAL: [RequestManager.cpp]acquire(): Acquired ID : 1495737  [1577 / 152]    HINT :      list : [UCLAMP_MIN_BOOST / 0] [TID / 5446] [TID / 5447] [TID / 5533] [TID / 5445]
06-06 13:00:13.542  1574  1638 I HYPER-HAL: [RequestManager.cpp]releaseLocked(): Released ID : 1494007
06-06 13:00:13.542  1574  1638 I HYPER-HAL: [RequestManager.cpp]releaseLocked(): Released ID : 1495737
06-06 13:00:13.542  1574  1638 I HYPER-HAL: [RequestManager.cpp]acquire(): Acquired ID : 33706181  [8184 / 26]    HINT :      list : [TABoost / 1]
06-06 13:00:13.542  2342  6621 I SemDvfsHyPerManager: acquire hyper - AMS_APP_SWITCH/2342@31, type = -999
06-06 13:00:13.543  1715  6620 I SurfaceFlinger: id=652 createSurf, flag=24004, Task=15#652
06-06 13:00:13.543  1574  1638 I HYPER-HAL: [RequestManager.cpp]acquire(): Acquired ID : 2816782  [2342 / 31]    HINT : AMS_APP_SWITCH    list :
06-06 13:00:13.544  5355  5389 W System  : A resource failed to call HardwareBuffer.close.
06-06 13:00:13.544  8184  8184 I SemDvfsHyPerManager: acquire hyper - APP_START_SHORT/8184@19, type = -999
06-06 13:00:13.544  5355  5389 W System  : A resource failed to call HardwareBuffer.close.
06-06 13:00:13.544  1715  6620 I SurfaceFlinger: id=653 createSurf, flag=84004, ActivityRecord{50076a8 u0 etf.ri.rma.newsfeedapp/.MainActivity t15}#653
06-06 13:00:13.544  5355  5389 W System  : A resource failed to call release.
06-06 13:00:13.544  5355  5389 W System  : A resource failed to call release.
06-06 13:00:13.544  5355  5389 W System  : A resource failed to call HardwareBuffer.close.
06-06 13:00:13.544  5355  5389 W System  : A resource failed to call release.
06-06 13:00:13.544  5355  5389 W System  : A resource failed to call HardwareBuffer.close.
06-06 13:00:13.544  5355  5389 W System  : A resource failed to call release.
06-06 13:00:13.544  5355  5389 W System  : A resource failed to call release.
06-06 13:00:13.545  5355  5389 W System  : A resource failed to call release.
06-06 13:00:13.545  5355  5389 W System  : A resource failed to call release.
06-06 13:00:13.545  5355  5389 W System  : A resource failed to call release.
06-06 13:00:13.545  7012  7043 D C2SoftVpxEnc: bytes generated 32595
06-06 13:00:13.546  1574  1638 I HYPER-HAL: [RequestManager.cpp]acquire(): Acquired ID : 33648725  [8184 / 19]    HINT : APP_START    list : [TIMEOUT / 1500]
06-06 13:00:13.547  5355  5389 W System  : A resource failed to call release.
06-06 13:00:13.547  1574  1638 I HYPER-HAL: [RequestManager.cpp]acquire(): Acquired ID : 1442572  [1577 / 121]    HINT :      list : [TID_LOW_LATENCY / 0] [TID / 5446] [TID / 5447] [TID / 5439] [TID / 5445]
06-06 13:00:13.547  1574  1638 I HYPER-HAL: [RequestManager.cpp]acquire(): Acquired ID : 1444272  [1577 / 122]    HINT :      list : [UCLAMP_MIN_BOOST / 0] [TID / 5446] [TID / 5447] [TID / 5439] [TID / 5445]
06-06 13:00:13.548  1574  1638 I HYPER-HAL: [RequestManager.cpp]releaseLocked(): Released ID : 1442572
06-06 13:00:13.548  1574  1638 I HYPER-HAL: [RequestManager.cpp]releaseLocked(): Released ID : 1444272
06-06 13:00:13.548  2342  5453 I SemDvfsHyPerManager: acquire hyper - AMS_APP_LAUNCH/2342@18, type = -999
06-06 13:00:13.549  1574  1638 I HYPER-HAL: [RequestManager.cpp]acquire(): Acquired ID : 2785998  [2342 / 18]    HINT : AMS_APP_LAUNCH    list :
06-06 13:00:13.549  7273  7273 E pageboostd: Received HALT command code 2
06-06 13:00:13.549  1930  5588 I CameraService: onUidStateChanged: uid=10046, procState is changed. (1 -> 0)
06-06 13:00:13.550  8184  8184 I SemDvfsHyPerManager: acquire hyper - APP_START/8184@21, type = -999
06-06 13:00:13.550  2342  5437 V WindowManager: Relayout Window{bd3d286 u0 Splash Screen etf.ri.rma.newsfeedapp.test}: viewVisibility=8 req=1080x2340 ty=3 d0
06-06 13:00:13.551  6421  9458 I ViewRootImpl@cc9c4e9[LauncherActivity]: mWNT: t=0xb40000747f9668f0 mBlastBufferQueue=0xb4000074df963770 fn= 9 mRenderHdrSdrRatio=1.0 caller= com.android.systemui.shared.launcher.ViewRootImplCompat.mergeWithNextTransaction:4 com.honeyspace.transition.utils.SurfaceTransactionApplier.scheduleApply$lambda$1:26 com.honeyspace.transition.utils.SurfaceTransactionApplier.c:0
06-06 13:00:13.551  6421  6421 I HoneySpace.Launcher: !@Boot_EBS_D: Launcher.onPause()
06-06 13:00:13.551  6421  4145 I HoneySpace.SPayHandler: updateSpayHandler launcher activity is paused false
06-06 13:00:13.551  6421  6421 I HoneySpace.Launcher: updateLauncherShowing true -> false
06-06 13:00:13.552  2342  5455 D SecContentProvider: query(), uri = 17 selection = isSettingsChangesAllowed
06-06 13:00:13.552  2342  5437 V WindowManager: Relayout hash=bd3d286, pid=5355, syncId=-1: mAttrs={(0,0)(fillxfill) sim={adjust=pan} ty=APPLICATION_STARTING fmt=TRANSLUCENT alpha=0.0
06-06 13:00:13.552  2342  5437 V WindowManager:   fl=81030118
06-06 13:00:13.552  2342  5437 V WindowManager:   pfl=16000010
06-06 13:00:13.552  2342  5437 V WindowManager:   bhv=DEFAULT
06-06 13:00:13.552  2342  5437 V WindowManager:   fitSides= naviIconColor=0}
06-06 13:00:13.552  5355  5439 I ViewRootImpl@fba63b1[test]: Relayout returned: old=(0,0,1080,2340) new=(0,0,1080,2340) relayoutAsync=false req=(1080,2340)8 dur=5 res=0x402 s={false 0x0} ch=true seqId=0
06-06 13:00:13.552  5355  5439 W WindowOnBackDispatcher: sendCancelIfRunning: isInProgress=falsecallback=android.view.ViewRootImpl$$ExternalSyntheticLambda19@a48b870
06-06 13:00:13.552  5355  5439 I ViewRootImpl@fba63b1[test]: dispatchDetachedFromWindow
06-06 13:00:13.552  1574  1638 I HYPER-HAL: [RequestManager.cpp]acquire(): Acquired ID : 33665136  [8184 / 21]    HINT : APP_START    list :
06-06 13:00:13.556  2342  5433 D InputDispatcher: Focused application(0): ActivityRecord{50076a8 u0 etf.ri.rma.newsfeedapp/.MainActivity t15}
06-06 13:00:13.560  6421 28031 I HoneySpace.RecentTasks: onRecentTasksChanged
06-06 13:00:13.560  6421  6488 I HoneySpace.TopTaskSource: onTaskMovedToFront : taskId = 15
06-06 13:00:13.560  6421  6596 I HoneySpace.RecentTasks: onRecentTasksChanged
06-06 13:00:13.560  2342  5137 D InputTransport: Input channel destroyed: 'bd3d286', fd=959
06-06 13:00:13.560  6421  9457 I ViewRootImpl@cc9c4e9[LauncherActivity]: mWNT: t=0xb40000747f9480d0 mBlastBufferQueue=0xb4000074df963770 fn= 10 mRenderHdrSdrRatio=1.0 caller= com.android.systemui.shared.launcher.ViewRootImplCompat.mergeWithNextTransaction:4 com.honeyspace.transition.utils.SurfaceTransactionApplier.scheduleApply$lambda$1:26 com.honeyspace.transition.utils.SurfaceTransactionApplier.c:0
06-06 13:00:13.560  1715  1715 D SurfaceFlinger: Display 4630946970390616451 HWC layers:
06-06 13:00:13.560  1715  1715 D SurfaceFlinger:      DEVICE | 0xb4000073beb13a00 | 0100 | RGBA_8888    |  681.0  110.0 1659.0 2230.0 |    0    0 1080 2340 | Wallpaper BBQ wrapper 5_system#94
06-06 13:00:13.560  1715  1715 D SurfaceFlinger:      DEVICE | 0xb4000073beb0a2b0 | 0100 | RGBA_8888    |    0.0    0.0 1080.0 2340.0 |    0    0 1080 2340 | com.sec.android.app.launcher/com.sec[...]ctivities.LauncherActivity$_6421#632
06-06 13:00:13.560  1715  1715 D SurfaceFlinger:      CLIENT | 0xb4000073beb088d0 | 0102 | RGBA_8888    |    0.0    0.0 1080.0 2340.0 |   69  150 1011 2190 | etf.ri.rma.newsfeedapp.test/androidx[...]ivityInvoker$EmptyActivity$_7890#613
06-06 13:00:13.560  1715  1715 D SurfaceFlinger:      DEVICE | 0xb4000073beb044c0 | 0100 | RGBA_8888    |    0.0    0.0 1080.0   87.0 |    0    0 1080   87 | StatusBar$_5355#90
06-06 13:00:13.560  1715  1715 D SurfaceFlinger:      DEVICE | 0xb4000073beb138e0 | 0100 | RGBA_8888    |    0.0    0.0   67.0  342.0 | 1013  438 1080  780 | com.sec.android.app.launcher/com.sam[...]ce.edge.CocktailBarService$_6421#145
06-06 13:00:13.560  1715  1715 D SurfaceFlinger:      DEVICE | 0xb4000073beb07fd0 | 0100 | RGBA_8888    |    0.0    0.0 1080.0  144.0 |    0 2196 1080 2340 | NavigationBar0$_5355#89
06-06 13:00:13.560  1715  1715 D SurfaceFlinger:
06-06 13:00:13.560  6421  6490 I HoneySpace.TopTaskUseCase: topTasks 15 ComponentInfo{etf.ri.rma.newsfeedapp/etf.ri.rma.newsfeedapp.MainActivity}
06-06 13:00:13.560  2342  5137 W InputManager-JNI: Input channel object 'bd3d286 Splash Screen etf.ri.rma.newsfeedapp.test (client)' was disposed without first being removed with the input manager!
06-06 13:00:13.561  2342  5137 D InputTransport: Input channel destroyed: 'bd3d286', fd=1093
06-06 13:00:13.562  5355  5439 D InputTransport: Input channel destroyed: 'bd3d286', fd=393
06-06 13:00:13.562  2342  5206 D AS.MultiSoundManager: mForegroundUid = 10317
06-06 13:00:13.563  2342  5206 D AS.MultiSoundManager: mForegroundUid = 10317
06-06 13:00:13.563  1715  1715 I Layer   : Layer::reparent [7e0881a etf.ri.rma.newsfeedapp.test/androidx.test.core.app.InstrumentationActivityInvoker$EmptyActivity#605] newParent : ActivityRecord{6c3fbae u0 etf.ri.rma.newsfeedapp.test/androidx.test.core.app.InstrumentationActivityInvoker$EmptyActivity t14}#592 , isRemovedFromCurrentState : 0 -------------------------
06-06 13:00:13.563  2342  5287 D SemWifiPackageInfo: isSkipCategory - skip:FAILED
06-06 13:00:13.563  2342  5287 D SemWifiTransportLayerMonitor.TcpMonitorHandler: MSG_SAVE_PACKAGE_INFO
06-06 13:00:13.563  2342  5287 D SemWifiTransportLayerFileManager: saveWifiPackageInfoToFile
06-06 13:00:13.563  2342  5287 D SemWifiTransportLayerFileManager: writeWifiPackageInfoList
06-06 13:00:13.563  1715  1715 I Layer   : Layer::reparent [7e0881a etf.ri.rma.newsfeedapp.test/androidx.test.core.app.InstrumentationActivityInvoker$EmptyActivity#605] End -------------------------
06-06 13:00:13.563  1715  1715 I Layer   : Layer::reparent [Surface(name=7e0881a etf.ri.rma.newsfeedapp.test/androidx.test.core.app.InstrumentationActivityInvoker$EmptyActivity)/@0xf92c063 - animation-leash of starting_reveal#647] newParentHandle : null -------------------------
06-06 13:00:13.563  1715  1715 I Layer   : id=647 removeFromCurrentState Surface(name=7e0881a etf.ri.rma.newsfeedapp.test/androidx.test.core.app.InstrumentationActivityInvoker$EmptyActivity)/@0xf92c063 - animation-leash of starting_reveal#647 (227)
06-06 13:00:13.563  1715  1715 I Layer   : Layer::reparent [Surface(name=7e0881a etf.ri.rma.newsfeedapp.test/androidx.test.core.app.InstrumentationActivityInvoker$EmptyActivity)/@0xf92c063 - animation-leash of starting_reveal#647] End -------------------------
06-06 13:00:13.563  1715  1715 I Layer   : id=648 Destroyed Surface(name=7e0881a etf.ri.rma.newsfeedapp.test/androidx.test.core.app.InstrumentationActivityInvoker$EmptyActivity)/@0xf92c063 - animation-leash of starting_reveal#647 (Mirror)#648
06-06 13:00:13.564  6421  9458 I ViewRootImpl@cc9c4e9[LauncherActivity]: mWNT: t=0xb40000747f9681b0 mBlastBufferQueue=0xb4000074df963770 fn= 11 mRenderHdrSdrRatio=1.0 caller= com.android.systemui.shared.launcher.ViewRootImplCompat.mergeWithNextTransaction:4 com.honeyspace.transition.utils.SurfaceTransactionApplier.scheduleApply$lambda$1:26 com.honeyspace.transition.utils.SurfaceTransactionApplier.c:0
06-06 13:00:13.566  5355  5445 D NativeCustomFrequencyManager: [NativeCFMS] BpCustomFrequencyManager::BpCustomFrequencyManager()
06-06 13:00:13.566  2342  2630 D PkgPredictorService-SecIpmManagerServiceImpl: onForegroundActivitiesChanged pid:7790 uid:10317
06-06 13:00:13.566  2342  2630 D NetworkPolicy: already checked 10317
06-06 13:00:13.567 26692 27175 I Rubin   : [97] zb.a.c(Unknown Source) : Notify com.samsung.android.rubin.inferenceengine.contextanalytics.engine.loggers.AppUsageLogger's database is updated.
06-06 13:00:13.568  1574  1638 I HYPER-HAL: [RequestManager.cpp]acquire(): Acquired ID : 1497468  [1577 / 153]    HINT :      list : [TID_LOW_LATENCY / 1] [TID / 5446] [TID / 5447] [TID / 5439] [TID / 5445]
06-06 13:00:13.569  6421  6488 I HoneySpace.TopTaskSource: onTaskFocusChanged(): taskId = 15
06-06 13:00:13.569  6421  6488 I HoneySpace.TopTaskSource: onTaskFocusChanged(): taskId = 15
06-06 13:00:13.569  6421  6488 I HoneySpace.TopTaskSource: onTaskMovedToFront : taskId = 15
06-06 13:00:13.569  6421  6488 I HoneySpace.TopTaskSource: onTaskMovedToFront : taskId = 15
06-06 13:00:13.569  7790  7790 D LifecycleMonitor: Lifecycle status change: etf.ri.rma.newsfeedapp.MainActivity@33a04ab in: PRE_ON_CREATE
06-06 13:00:13.569  7790  7790 V ActivityScenario: Activity lifecycle changed event received but ignored because the reported transition was not ON_CREATE while the last known transition was PRE_ON_CREATE
06-06 13:00:13.570  2342  5433 D InputTransport: Input channel constructed: '358eeb5', fd=1009
06-06 13:00:13.570  2342  5433 D InputTransport: Input channel constructed: '358eeb5', fd=1093
06-06 13:00:13.570  2342  5433 D InputTransport: Input channel constructed: '358eeb5', fd=1146
06-06 13:00:13.570  1930  5588 I CameraService: onUidStateChanged: uid=10046, procState is changed. (0 -> 1)
06-06 13:00:13.570  1715  1806 I SurfaceFlinger: id=656 createSurf, flag=84004, 358eeb5 Splash Screen etf.ri.rma.newsfeedapp#656
06-06 13:00:13.571  7012  7043 D C2SoftVpxEnc: bytes generated 30345
06-06 13:00:13.571  2342  5433 D InputTransport: Input channel destroyed: '358eeb5', fd=1146
06-06 13:00:13.572  7790  7790 I DecorView: setWindowBackground: isPopOver=false color=fffafafa d=android.graphics.drawable.ColorDrawable@c58cbb4
06-06 13:00:13.572  6421  9457 I ViewRootImpl@cc9c4e9[LauncherActivity]: mWNT: t=0xb40000747f973470 mBlastBufferQueue=0xb4000074df963770 fn= 12 mRenderHdrSdrRatio=1.0 caller= com.android.systemui.shared.launcher.ViewRootImplCompat.mergeWithNextTransaction:4 com.honeyspace.transition.utils.SurfaceTransactionApplier.scheduleApply$lambda$1:26 com.honeyspace.transition.utils.SurfaceTransactionApplier.c:0
06-06 13:00:13.573  5355  5439 I InsetsController: onStateChanged: host=Splash Screen etf.ri.rma.newsfeedapp, from=android.view.ViewRootImpl.setView:1751, state=InsetsState: {mDisplayFrame=Rect(0, 0 - 1080, 2340), mDisplayCutout=DisplayCutout{insets=Rect(0, 87 - 0, 0) waterfall=Insets{left=0, top=0, right=0, bottom=0} boundingRect={Bounds=[Rect(0, 0 - 0, 0), Rect(512, 0 - 568, 87), Rect(0, 0 - 0, 0), Rect(0, 0 - 0, 0)]} cutoutPathParserInfo={CutoutPathParserInfo{displayWidth=1080 displayHeight=2340 physicalDisplayWidth=1080 physicalDisplayHeight=2340 density={3.0} cutoutSpec={M 0,0 H -9.333333333333333 V 29 H 9.333333333333333 V 0 H 0 Z @dp} rotation={0} scale={1.0} physicalPixelDisplaySizeRatio={1.0}}}}, mRoundedCorners=RoundedCorners{[RoundedCorner{position=TopLeft, radius=102, center=Point(102, 102)}, RoundedCorner{position=TopRight, radius=102, center=Point(978, 102)}, RoundedCorner{position=BottomRight, radius=102, center=Point(978, 2238)}, RoundedCorner{position=BottomLeft, radius=102, center=Point(102, 2238)}]}  mRoundedCornerFrame=Rect(0, 0 - 1080, 2340), mPrivacyIndicatorBounds=PrivacyIndicatorBounds {static bounds=Rect(948, 0 - 1080, 87) rotation=0}, mDisplayShape=DisplayShape{ spec=1769313948 displayWidth=1080 displayHeight=2340 physicalPixelDisplaySizeRatio=1.0 rotation=0 offsetX=0 offsetY=0 scale=1.0}, mSources= { InsetsSource: {985d0000 mType=statusBars mFrame=[0,0][1080,87] mVisible=true mFlags=[]}, InsetsSource: {985d0005 mType=mandatorySystemGestures mFrame=[0,0][1080,123] mVisible=true mFlags=[]}, InsetsSource: {985d0006 mType=tappableElement mFrame=[0,0][1080,87] mVisible=true mFlags=[]}, InsetsSource: {3 mType=ime mFrame=[0,0][0,0] mVisible=false mFlags=[]}, InsetsSource: {27 mType=displayCutout mFrame=[0,0][1080,87] mVisible=true mFlags=[]}, InsetsSource: {26df0001 mType=navigationBars mFrame=[0,2196][1080,2340] mVisible=true mFlags=[]}, InsetsSource: {26df0004 mType=systemGestures mFrame=[0,0][0,0] mVisible=true mFlags=[]}, InsetsSource: {26df0005 mType=mandatorySystemGestures mFrame=[0,2196][1080,2340] mVisible=true mFlags=[]}, InsetsSource: {26df0006 mType=tappableElement mFrame=[0,2196][1080,2340] mVisible=true mFlags=[]}, InsetsSource: {26df0024 mType=systemGestures mFrame=[0,0][0,0] mVisible=true mFlags=[]} }
06-06 13:00:13.573  5355  5439 I ViewRootImpl@d286bad[newsfeedapp]: synced displayState. AttachInfo displayState=2
06-06 13:00:13.573  5355  5439 I ViewRootImpl@d286bad[newsfeedapp]: setView = android.widget.FrameLayout@7245530 TM=true
06-06 13:00:13.573  7790  7790 D LifecycleMonitor: Lifecycle status change: etf.ri.rma.newsfeedapp.MainActivity@33a04ab in: CREATED
06-06 13:00:13.573  7790  7790 V ActivityScenario: Update currentActivityStage to CREATED, currentActivity=etf.ri.rma.newsfeedapp.MainActivity@33a04ab
06-06 13:00:13.574  7790  7790 D LifecycleMonitor: Lifecycle status change: etf.ri.rma.newsfeedapp.MainActivity@33a04ab in: STARTED
06-06 13:00:13.574  7790  7790 V ActivityScenario: Update currentActivityStage to STARTED, currentActivity=etf.ri.rma.newsfeedapp.MainActivity@33a04ab
06-06 13:00:13.574  7790  7790 D LifecycleMonitor: Lifecycle status change: etf.ri.rma.newsfeedapp.MainActivity@33a04ab in: RESUMED
06-06 13:00:13.574  7790  7790 V ActivityScenario: Update currentActivityStage to RESUMED, currentActivity=etf.ri.rma.newsfeedapp.MainActivity@33a04ab
06-06 13:00:13.576  6421  6421 I Edge.ActivityUtils: HomePackage : com.sec.android.app.launcher, resumePackageName : etf.ri.rma.newsfeedapp
06-06 13:00:13.576  7790  7818 D NativeCustomFrequencyManager: [NativeCFMS] BpCustomFrequencyManager::BpCustomFrequencyManager()
06-06 13:00:13.577  5355  5445 D OpenGLRenderer: HWUI - treat SMPTE_170M as sRGB
06-06 13:00:13.577  1574  1638 I HYPER-HAL: [RequestManager.cpp]acquire(): Acquired ID : 1500933  [1577 / 155]    HINT :      list : [TID_LOW_LATENCY / 1] [TID / 7828] [TID / 7829] [TID / 7790] [TID / 7818]
06-06 13:00:13.577  2342  5455 D InputTransport: Input channel constructed: '90e5bee', fd=1146
06-06 13:00:13.577  2342  5455 D InputTransport: Input channel constructed: '90e5bee', fd=1151
06-06 13:00:13.577  2342  5455 D InputTransport: Input channel constructed: '90e5bee', fd=1152
06-06 13:00:13.577  1715  6620 I SurfaceFlinger: id=658 createSurf, flag=84004, 90e5bee etf.ri.rma.newsfeedapp/etf.ri.rma.newsfeedapp.MainActivity#658
06-06 13:00:13.578  2342  5455 D InputTransport: Input channel destroyed: '90e5bee', fd=1152
06-06 13:00:13.578  2342  5433 V WindowManager: Relayout Window{358eeb5 u0 Splash Screen etf.ri.rma.newsfeedapp}: viewVisibility=0 req=1080x2340 ty=3 d0
06-06 13:00:13.578  1715  6620 I SurfaceFlinger: id=659 createSurf, flag=44004, Splash Screen etf.ri.rma.newsfeedapp$_5355#659
06-06 13:00:13.580  7790  7790 I InsetsController: onStateChanged: host=etf.ri.rma.newsfeedapp/etf.ri.rma.newsfeedapp.MainActivity, from=android.view.ViewRootImpl.setView:1751, state=InsetsState: {mDisplayFrame=Rect(0, 0 - 1080, 2340), mDisplayCutout=DisplayCutout{insets=Rect(0, 87 - 0, 0) waterfall=Insets{left=0, top=0, right=0, bottom=0} boundingRect={Bounds=[Rect(0, 0 - 0, 0), Rect(512, 0 - 568, 87), Rect(0, 0 - 0, 0), Rect(0, 0 - 0, 0)]} cutoutPathParserInfo={CutoutPathParserInfo{displayWidth=1080 displayHeight=2340 physicalDisplayWidth=1080 physicalDisplayHeight=2340 density={3.0} cutoutSpec={M 0,0 H -9.333333333333333 V 29 H 9.333333333333333 V 0 H 0 Z @dp} rotation={0} scale={1.0} physicalPixelDisplaySizeRatio={1.0}}}}, mRoundedCorners=RoundedCorners{[RoundedCorner{position=TopLeft, radius=102, center=Point(102, 102)}, RoundedCorner{position=TopRight, radius=102, center=Point(978, 102)}, RoundedCorner{position=BottomRight, radius=102, center=Point(978, 2238)}, RoundedCorner{position=BottomLeft, radius=102, center=Point(102, 2238)}]}  mRoundedCornerFrame=Rect(0, 0 - 1080, 2340), mPrivacyIndicatorBounds=PrivacyIndicatorBounds {static bounds=Rect(948, 0 - 1080, 87) rotation=0}, mDisplayShape=DisplayShape{ spec=1769313948 displayWidth=1080 displayHeight=2340 physicalPixelDisplaySizeRatio=1.0 rotation=0 offsetX=0 offsetY=0 scale=1.0}, mSources= { InsetsSource: {985d0000 mType=statusBars mFrame=[0,0][1080,87] mVisible=true mFlags=[]}, InsetsSource: {985d0005 mType=mandatorySystemGestures mFrame=[0,0][1080,123] mVisible=true mFlags=[]}, InsetsSource: {985d0006 mType=tappableElement mFrame=[0,0][1080,87] mVisible=true mFlags=[]}, InsetsSource: {3 mType=ime mFrame=[0,0][0,0] mVisible=false mFlags=[]}, InsetsSource: {27 mType=displayCutout mFrame=[0,0][1080,87] mVisible=true mFlags=[]}, InsetsSource: {26df0001 mType=navigationBars mFrame=[0,2196][1080,2340] mVisible=true mFlags=[]}, InsetsSource: {26df0004 mType=systemGestures mFrame=[0,0][0,0] mVisible=true mFlags=[]}, InsetsSource: {26df0005 mType=mandatorySystemGestures mFrame=[0,2196][1080,2340] mVisible=true mFlags=[]}, InsetsSource: {26df0006 mType=tappableElement mFrame=[0,2196][1080,2340] mVisible=true mFlags=[]}, InsetsSource: {26df0024 mType=systemGestures mFrame=[0,0][0,0] mVisible=true mFlags=[]} }
06-06 13:00:13.580  2342  5433 V WindowManager: Relayout hash=358eeb5, pid=5355, syncId=-1: mAttrs={(0,0)(fillxfill) sim={adjust=pan} ty=APPLICATION_STARTING fmt=TRANSLUCENT wanim=0x1030303
06-06 13:00:13.580  2342  5433 V WindowManager:   fl=81030118
06-06 13:00:13.580  2342  5433 V WindowManager:   pfl=16000010
06-06 13:00:13.580  2342  5433 V WindowManager:   apr=LIGHT_STATUS_BARS LIGHT_NAVIGATION_BARS
06-06 13:00:13.580  2342  5433 V WindowManager:   bhv=DEFAULT
06-06 13:00:13.580  2342  5433 V WindowManager:   fitSides= naviIconColor=0}
06-06 13:00:13.580  7790  7790 I ViewRootImpl@c676a9e[MainActivity]: synced displayState. AttachInfo displayState=2
06-06 13:00:13.580  7790  7790 I ViewRootImpl@c676a9e[MainActivity]: setView = com.android.internal.policy.DecorView@d949195 TM=true
06-06 13:00:13.580  6421  9458 I ViewRootImpl@cc9c4e9[LauncherActivity]: mWNT: t=0xb40000747f970f50 mBlastBufferQueue=0xb4000074df963770 fn= 13 mRenderHdrSdrRatio=1.0 caller= com.android.systemui.shared.launcher.ViewRootImplCompat.mergeWithNextTransaction:4 com.honeyspace.transition.utils.SurfaceTransactionApplier.scheduleApply$lambda$1:26 com.honeyspace.transition.utils.SurfaceTransactionApplier.c:0
06-06 13:00:13.580  2342  5433 D InputDispatcher: Focus left window (0): da5c5e7 com.sec.android.app.launcher/com.sec.android.app.launcher.activities.LauncherActivity
06-06 13:00:13.581  7790  7818 D OpenGLRenderer: HWUI - treat SMPTE_170M as sRGB
06-06 13:00:13.581  5355  5439 I BLASTBufferQueue_Java: new BLASTBufferQueue, mName= ViewRootImpl@d286bad[newsfeedapp] mNativeObject= 0xb4000074dfa12450 sc.mNativeObject= 0xb4000073af965a90 caller= android.view.ViewRootImpl.updateBlastSurfaceIfNeeded:3031 android.view.ViewRootImpl.relayoutWindow:10121 android.view.ViewRootImpl.performTraversals:4115 android.view.ViewRootImpl.doTraversal:3291 android.view.ViewRootImpl$TraversalRunnable.run:11329 android.view.Choreographer$CallbackRecord.run:1689 android.view.Choreographer$CallbackRecord.run:1698 android.view.Choreographer.doCallbacks:1153 android.view.Choreographer.doFrame:1079 android.view.Choreographer$FrameDisplayEventReceiver.run:1646
06-06 13:00:13.581  5355  5439 I BLASTBufferQueue_Java: update, w= 1080 h= 2340 mName = ViewRootImpl@d286bad[newsfeedapp] mNativeObject= 0xb4000074dfa12450 sc.mNativeObject= 0xb4000073af965a90 format= -3 caller= android.graphics.BLASTBufferQueue.<init>:89 android.view.ViewRootImpl.updateBlastSurfaceIfNeeded:3031 android.view.ViewRootImpl.relayoutWindow:10121 android.view.ViewRootImpl.performTraversals:4115 android.view.ViewRootImpl.doTraversal:3291 android.view.ViewRootImpl$TraversalRunnable.run:11329
06-06 13:00:13.581  5355  5439 I ViewRootImpl@d286bad[newsfeedapp]: Relayout returned: old=(0,0,1080,2340) new=(0,0,1080,2340) relayoutAsync=false req=(1080,2340)0 dur=4 res=0x403 s={true 0xb4000074af99d730} ch=true seqId=0
06-06 13:00:13.581  5355  5439 I ViewRootImpl@d286bad[newsfeedapp]: performConfigurationChange setNightDimText nightDimLevel=0
06-06 13:00:13.581  5355  5439 D ViewRootImpl@d286bad[newsfeedapp]: mThreadedRenderer.initialize() mSurface={isValid=true 0xb4000074af99d730} hwInitialized=true
06-06 13:00:13.582  5355  5439 D ViewRootImpl@d286bad[newsfeedapp]: reportNextDraw android.view.ViewRootImpl.performTraversals:4723 android.view.ViewRootImpl.doTraversal:3291 android.view.ViewRootImpl$TraversalRunnable.run:11329 android.view.Choreographer$CallbackRecord.run:1689 android.view.Choreographer$CallbackRecord.run:1698
06-06 13:00:13.582  5355  5439 I ViewRootImpl@d286bad[newsfeedapp]: Setup new sync=wmsSync-ViewRootImpl@d286bad[newsfeedapp]#52
06-06 13:00:13.582  5355  5439 I ViewRootImpl@d286bad[newsfeedapp]: Creating new active sync group ViewRootImpl@d286bad[newsfeedapp]#53
06-06 13:00:13.582  5355  5439 I ViewRootImpl@d286bad[newsfeedapp]: registerCallbacksForSync syncBuffer=false
06-06 13:00:13.583  5355  5446 I ViewRootImpl@d286bad[newsfeedapp]: Received frameDrawingCallback syncResult=0 frameNum=1.
06-06 13:00:13.583  5355  5446 I ViewRootImpl@d286bad[newsfeedapp]: mWNT: t=0xb40000747f97bb30 mBlastBufferQueue=0xb4000074dfa12450 fn= 1 mRenderHdrSdrRatio=1.0 caller= android.view.ViewRootImpl$8.onFrameDraw:13826 android.view.ThreadedRenderer$1.onFrameDraw:792 <bottom of call stack>
06-06 13:00:13.583  5355  5446 I ViewRootImpl@d286bad[newsfeedapp]: Setting up sync and frameCommitCallback
06-06 13:00:13.583  5355  5445 I BLASTBufferQueue: [ViewRootImpl@d286bad[newsfeedapp]#17](f:0,a:0,s:0) onFrameAvailable the first frame is available
06-06 13:00:13.583  5355  5445 I ViewRootImpl@d286bad[newsfeedapp]: Received frameCommittedCallback lastAttemptedDrawFrameNum=1 didProduceBuffer=true
06-06 13:00:13.583  5355  5445 D OpenGLRenderer: CFMS:: SetUp Pid : 5355    Tid : 5445
06-06 13:00:13.583 11275 11275 I InputMethodService: removeImeSurface
06-06 13:00:13.583 11275 11275 I InputMethodService: cancelImeSurfaceRemoval: removeCallbacks
06-06 13:00:13.584  5355  5439 I ViewRootImpl@d286bad[newsfeedapp]: reportDrawFinished seqId=0
06-06 13:00:13.585  1715  1806 I SurfaceFlinger: id=662 createSurf, flag=84004, Transition Root: Task=15#662
06-06 13:00:13.586  2342  2633 I SurfaceControl: show, t=StartTransaction_SyncId<22>, sc=Surface(name=ActivityRecord{50076a8 u0 etf.ri.rma.newsfeedapp/.MainActivity t15})/@0xb8848fa, caller=com.android.server.wm.Transition.onTransactionReady:1962 com.android.server.wm.BLASTSyncEngine$SyncGroup.finishNow:310 com.android.server.wm.BLASTSyncEngine$SyncGroup.tryFinish:242 com.android.server.wm.BLASTSyncEngine$SyncGroup.-$$Nest$mtryFinish:0 com.android.server.wm.BLASTSyncEngine.onSurfacePlacement:670 com.android.server.wm.RootWindowContainer.performSurfacePlacementNoTrace:988
06-06 13:00:13.587  5355  5420 I SurfaceControl: hide, t=FinishTransaction_SyncId<22>, sc=Surface(name=Task=1)/@0xcf19ceb, caller=com.android.wm.shell.transition.Transitions.dispatchReady:681 com.android.wm.shell.transition.Transitions.onTransitionReady:118 com.android.wm.shell.transition.Transitions$TransitionPlayerImpl$$ExternalSyntheticLambda0.run:13 android.os.Handler.handleCallback:958 android.os.Handler.dispatchMessage:99 android.os.Looper.loopOnce:230
06-06 13:00:13.587  5355  5420 I SurfaceControl: show, t=StartTransaction_SyncId<22>, sc=Surface(name=Task=15)/@0x2a9483a, caller=com.android.wm.shell.transition.Transitions.dispatchReady:686 com.android.wm.shell.transition.Transitions.onTransitionReady:118 com.android.wm.shell.transition.Transitions$TransitionPlayerImpl$$ExternalSyntheticLambda0.run:13 android.os.Handler.handleCallback:958 android.os.Handler.dispatchMessage:99 android.os.Looper.loopOnce:230
06-06 13:00:13.587  5355  5420 I SurfaceControl: show, t=FinishTransaction_SyncId<22>, sc=Surface(name=Task=15)/@0x2a9483a, caller=com.android.wm.shell.transition.Transitions.dispatchReady:733 com.android.wm.shell.transition.Transitions.onTransitionReady:118 com.android.wm.shell.transition.Transitions$TransitionPlayerImpl$$ExternalSyntheticLambda0.run:13 android.os.Handler.handleCallback:958 android.os.Handler.dispatchMessage:99 android.os.Looper.loopOnce:230
06-06 13:00:13.587  1715  1806 I SurfaceFlinger: id=663 createSurf, flag=24000, Surface(name=87e62a6 NavigationBar0)/@0xf64c4fb - animation-leash of insets_animation#663
06-06 13:00:13.589  1715  1806 I SurfaceFlinger: id=666 createSurf, flag=24000, Surface(name=53a7541 StatusBar)/@0x3ba06c - animation-leash of insets_animation#666
06-06 13:00:13.589  6421  6458 I HoneySpace.ShellAnimationRunner: onAnimationCancelled
06-06 13:00:13.589  6421  6421 I HoneySpace.ShellAnimationRunner: finishExistingAnimation, com.honeyspace.transition.anim.AnimationResult@a01978f
06-06 13:00:13.589  6421  6421 I HoneySpace.AnimationResult: finish, false
06-06 13:00:13.589  6421  9457 I ViewRootImpl@cc9c4e9[LauncherActivity]: mWNT: t=0xb40000747f973730 mBlastBufferQueue=0xb4000074df963770 fn= 14 mRenderHdrSdrRatio=1.0 caller= com.android.systemui.shared.launcher.ViewRootImplCompat.mergeWithNextTransaction:4 com.honeyspace.transition.utils.SurfaceTransactionApplier.scheduleApply$lambda$1:26 com.honeyspace.transition.utils.SurfaceTransactionApplier.c:0
06-06 13:00:13.589  5355  5420 I SurfaceControl: apply is called, name=FinishTransaction_SyncId<21>, caller=android.view.SurfaceControl$Transaction.apply:2921 com.android.wm.shell.transition.Transitions.onFinish:302 com.android.wm.shell.transition.Transitions$$ExternalSyntheticLambda6.onTransitionFinished:15 com.android.wm.shell.transition.RemoteTransitionHandler$1$$ExternalSyntheticLambda0.run:118 android.os.Handler.handleCallback:958 android.os.Handler.dispatchMessage:99
06-06 13:00:13.589  6421  6421 I HoneySpace.AppCloseAnimationDelegate: onAnimationCancelled
06-06 13:00:13.589  6421  7949 I HoneySpace.AnimationResult: asyncFinishRunnable run
06-06 13:00:13.589  6421  6421 I HoneySpace.AnimationResult: completeCallback run
06-06 13:00:13.589  1715  6620 I SurfaceFlinger: id=667 createSurf, flag=84000, 30fea45 ActivityRecordInputSink etf.ri.rma.newsfeedapp/.MainActivity#667
06-06 13:00:13.591  5355  5439 I InsetsSourceConsumer: applyRequestedVisibilityToControl: visible=true, type=navigationBars, host=Splash Screen etf.ri.rma.newsfeedapp
06-06 13:00:13.591  5355  5439 I InsetsSourceConsumer: applyRequestedVisibilityToControl: visible=true, type=statusBars, host=Splash Screen etf.ri.rma.newsfeedapp
06-06 13:00:13.592  6421  6421 I HoneySpace.Launcher: onEnterAnimationComplete
06-06 13:00:13.593  7890  7890 I ViewRootImpl@16860e8[InstrumentationActivityInvoker$EmptyActivity]: handleAppVisibility mAppVisible = true visible = false
06-06 13:00:13.595  6421  6421 I ViewRootImpl@cc9c4e9[LauncherActivity]: handleWindowFocusChanged: 0 0 call from android.view.ViewRootImpl.-$$Nest$mhandleWindowFocusChanged:0
06-06 13:00:13.595  6421  6421 I ImeFocusController: onPreWindowFocus: skipped, hasWindowFocus=false mHasImeFocus=true
06-06 13:00:13.595  5355  5420 I SurfaceControl: show, t=StartTransaction_SyncId<22>, sc=Surface(name=Transition Root: Task=15)/@0x9719a48, caller=com.android.wm.shell.transition.Transitions.playTransition:80 com.android.wm.shell.transition.Transitions.processReadyQueue:185 com.android.wm.shell.transition.Transitions.onFinish:449 com.android.wm.shell.transition.Transitions$$ExternalSyntheticLambda6.onTransitionFinished:15 com.android.wm.shell.transition.RemoteTransitionHandler$1$$ExternalSyntheticLambda0.run:118 android.os.Handler.handleCallback:958
06-06 13:00:13.595  6421  6421 I ImeFocusController: onPostWindowFocus: skipped, hasWindowFocus=false mHasImeFocus=true
06-06 13:00:13.596  5355  5420 I SurfaceControl: apply is called, name=StartTransaction_SyncId<22>, caller=android.view.SurfaceControl$Transaction.apply:2921 com.android.wm.shell.transition.DefaultTransitionHandler.startAnimation:3202 com.android.wm.shell.transition.Transitions.dispatchTransition:80 com.android.wm.shell.transition.Transitions.playTransition:776 com.android.wm.shell.transition.Transitions.processReadyQueue:185 com.android.wm.shell.transition.Transitions.onFinish:449
06-06 13:00:13.596  1715  1715 I Layer   : Layer::reparent [Task=1#52] newParent : DefaultTaskDisplayArea_d0#12 , isRemovedFromCurrentState : 0 -------------------------
06-06 13:00:13.596  1715  1715 I Layer   : Layer::reparent [Task=1#52] End -------------------------
06-06 13:00:13.596  1715  1715 I Layer   : Layer [Task=14#591] hidden!! flag(1)
06-06 13:00:13.596  1715  1715 I Layer   : Layer::reparent [Task=14#591] newParent : DefaultTaskDisplayArea_d0#12 , isRemovedFromCurrentState : 0 -------------------------
06-06 13:00:13.596  1715  1715 I Layer   : Layer::reparent [Task=14#591] End -------------------------
06-06 13:00:13.596  1715  1715 I Layer   : Layer::reparent [Transition Root: Task=1#638] newParentHandle : null -------------------------
06-06 13:00:13.596  1715  1715 I Layer   : id=638 removeFromCurrentState Transition Root: Task=1#638 (238)
06-06 13:00:13.596  1715  1715 I Layer   : id=641 removeFromCurrentState Surface(name=Task=1)/@0x572d992_transition-leash#641 (238)
06-06 13:00:13.596  1715  1715 I Layer   : id=642 removeFromCurrentState Surface(name=Task=14)/@0x93d2760_transition-leash#642 (238)
06-06 13:00:13.596  1715  1715 I Layer   : Layer::reparent [Transition Root: Task=1#638] End -------------------------
06-06 13:00:13.596  1715  1715 I Layer   : Layer::reparent [87e62a6 NavigationBar0#78] newParent : Surface(name=87e62a6 NavigationBar0)/@0xf64c4fb - animation-leash of insets_animation#663 , isRemovedFromCurrentState : 0 -------------------------
06-06 13:00:13.596  1715  1715 I Layer   : Layer::reparent [87e62a6 NavigationBar0#78] End -------------------------
06-06 13:00:13.596  1715  1715 I Layer   : Layer::reparent [Surface(name=87e62a6 NavigationBar0)/@0xf64c4fb - animation-leash of insets_animation#633] newParentHandle : null -------------------------
06-06 13:00:13.596  1715  1715 I Layer   : id=633 removeFromCurrentState Surface(name=87e62a6 NavigationBar0)/@0xf64c4fb - animation-leash of insets_animation#633 (238)
06-06 13:00:13.596  1715  1715 I Layer   : Layer::reparent [Surface(name=87e62a6 NavigationBar0)/@0xf64c4fb - animation-leash of insets_animation#633] End -------------------------
06-06 13:00:13.596  1715  1715 I Layer   : Layer::reparent [53a7541 StatusBar#85] newParent : Surface(name=53a7541 StatusBar)/@0x3ba06c - animation-leash of insets_animation#666 , isRemovedFromCurrentState : 0 -------------------------
06-06 13:00:13.596  1715  1715 I Layer   : Layer::reparent [53a7541 StatusBar#85] End -------------------------
06-06 13:00:13.596  1715  1715 I Layer   : Layer::reparent [Surface(name=53a7541 StatusBar)/@0x3ba06c - animation-leash of insets_animation#634] newParentHandle : null -------------------------
06-06 13:00:13.596  1715  1715 I Layer   : id=634 removeFromCurrentState Surface(name=53a7541 StatusBar)/@0x3ba06c - animation-leash of insets_animation#634 (238)
06-06 13:00:13.596  1715  1715 I Layer   : Layer::reparent [Surface(name=53a7541 StatusBar)/@0x3ba06c - animation-leash of insets_animation#634] End -------------------------
06-06 13:00:13.596  1715  1715 I Layer   : Layer::reparent [Transition Root: Task=1#638] newParentHandle : null -------------------------
06-06 13:00:13.596  1715  1715 I Layer   : id=638 removeFromCurrentState Transition Root: Task=1#638 (238)
06-06 13:00:13.596  1715  1715 I Layer   : id=641 removeFromCurrentState Surface(name=Task=1)/@0x572d992_transition-leash#641 (238)
06-06 13:00:13.596  1715  1715 I Layer   : id=642 removeFromCurrentState Surface(name=Task=14)/@0x93d2760_transition-leash#642 (238)
06-06 13:00:13.596  1715  1715 I Layer   : Layer::reparent [Transition Root: Task=1#638] End -------------------------
06-06 13:00:13.596  1715  1715 I Layer   : Layer::reparent [Splash Screen etf.ri.rma.newsfeedapp.test$_5355#594] newParentHandle : null -------------------------
06-06 13:00:13.596  1715  1715 I Layer   : id=594 removeFromCurrentState Splash Screen etf.ri.rma.newsfeedapp.test$_5355#594 (238)
06-06 13:00:13.596  1715  1715 I Layer   : Layer::reparent [Splash Screen etf.ri.rma.newsfeedapp.test$_5355#594] End -------------------------
06-06 13:00:13.596  1715  1715 I Layer   : Layer::reparent [bd3d286 Splash Screen etf.ri.rma.newsfeedapp.test#593] newParentHandle : null -------------------------
06-06 13:00:13.596  1715  1715 I Layer   : id=593 removeFromCurrentState bd3d286 Splash Screen etf.ri.rma.newsfeedapp.test#593 (238)
06-06 13:00:13.596  1715  1715 I Layer   : Layer::reparent [bd3d286 Splash Screen etf.ri.rma.newsfeedapp.test#593] End -------------------------
06-06 13:00:13.596  1715  1715 I Layer   : Layer [ActivityRecord{6c3fbae u0 etf.ri.rma.newsfeedapp.test/androidx.test.core.app.InstrumentationActivityInvoker$EmptyActivity t14}#592] hidden!! flag(1)
06-06 13:00:13.596  1715  1715 I Layer   : Layer [etf.ri.rma.newsfeedapp.test/androidx.test.core.app.InstrumentationActivityInvoker$EmptyActivity$_7890#613] hidden!! flag(1)
06-06 13:00:13.596  1715  1715 I Layer   : Layer::reparent [Task=1#52] newParent : Transition Root: Task=15#662 , isRemovedFromCurrentState : 0 -------------------------
06-06 13:00:13.596  1715  1715 I Layer   : Layer::reparent [Task=1#52] End -------------------------
06-06 13:00:13.596  1715  1715 I Layer   : Layer [Task=15#652] hidden!! flag(0)
06-06 13:00:13.596  1715  1715 I Layer   : Layer::reparent [Task=15#652] newParent : Transition Root: Task=15#662 , isRemovedFromCurrentState : 0 -------------------------
06-06 13:00:13.596  1715  1715 I Layer   : Layer::reparent [Task=15#652] End -------------------------
06-06 13:00:13.596  1715  1715 I Layer   : Layer [ActivityRecord{50076a8 u0 etf.ri.rma.newsfeedapp/.MainActivity t15}#653] hidden!! flag(0)
06-06 13:00:13.596  1715  1715 I Layer   : Layer [358eeb5 Splash Screen etf.ri.rma.newsfeedapp#656] hidden!! flag(0)
06-06 13:00:13.596  1715  1715 I Layer   : Layer [Transition Root: Task=15#662] hidden!! flag(0)
06-06 13:00:13.596  1715  1715 I Layer   : Layer [90e5bee etf.ri.rma.newsfeedapp/etf.ri.rma.newsfeedapp.MainActivity#658] hidden!! flag(0)
06-06 13:00:13.597  1715  1715 I Layer   : Layer [Splash Screen etf.ri.rma.newsfeedapp$_5355#659] hidden!! flag(0)
06-06 13:00:13.597  1715  1715 I Layer   : id=597 Destroyed bd3d286 Splash Screen etf.ri.rma.newsfeedapp.test#593 (Mirror)#597
06-06 13:00:13.597  1715  1715 I Layer   : id=636 Destroyed Surface(name=53a7541 StatusBar)/@0x3ba06c - animation-leash of insets_animation#634 (Mirror)#636
06-06 13:00:13.597  1715  1715 I Layer   : id=640 Destroyed Transition Root: Task=1#638 (Mirror)#640
06-06 13:00:13.597  1715  1715 I Layer   : id=645 Destroyed Surface(name=Task=1)/@0x572d992_transition-leash#641 (Mirror)#645
