06-06 13:00:13.744  2342  5455 V WindowManager: Relayout hash=358eeb5, pid=5355, syncId=-1: mAttrs={(0,0)(fillxfill) sim={adjust=pan} ty=APPLICATION_STARTING fmt=TRANSLUCENT wanim=0x1030303 alpha=0.0
06-06 13:00:13.744  2342  5455 V WindowManager:   fl=81030118
06-06 13:00:13.744  2342  5455 V WindowManager:   pfl=16000010
06-06 13:00:13.744  2342  5455 V WindowManager:   bhv=DEFAULT
06-06 13:00:13.744  2342  5455 V WindowManager:   fitSides= naviIconColor=0}
06-06 13:00:13.744  5355  5439 I ViewRootImpl@d286bad[newsfeedapp]: Relayout returned: old=(0,0,1080,2340) new=(0,0,1080,2340) relayoutAsync=false req=(1080,2340)8 dur=2 res=0x402 s={false 0x0} ch=true seqId=0
06-06 13:00:13.744  5355  5439 W WindowOnBackDispatcher: sendCancelIfRunning: isInProgress=falsecallback=android.view.ViewRootImpl$$ExternalSyntheticLambda19@f8d15a9
06-06 13:00:13.744  5355  5439 I ViewRootImpl@d286bad[newsfeedapp]: dispatchDetachedFromWindow
06-06 13:00:13.745  2342  6212 D InputTransport: Input channel destroyed: '358eeb5', fd=1009
06-06 13:00:13.745  2342  6212 W InputManager-JNI: Input channel object '358eeb5 Splash Screen etf.ri.rma.newsfeedapp (client)' was disposed without first being removed with the input manager!
06-06 13:00:13.745  2342  6212 D InputTransport: Input channel destroyed: '358eeb5', fd=1093
06-06 13:00:13.746  5355  5439 D InputTransport: Input channel destroyed: '358eeb5', fd=427
06-06 13:00:13.746  1715  1715 I Layer   : Layer::reparent [90e5bee etf.ri.rma.newsfeedapp/etf.ri.rma.newsfeedapp.MainActivity#658] newParent : ActivityRecord{50076a8 u0 etf.ri.rma.newsfeedapp/.MainActivity t15}#653 , isRemovedFromCurrentState : 0 -------------------------
06-06 13:00:13.746  1715  1715 I Layer   : Layer::reparent [90e5bee etf.ri.rma.newsfeedapp/etf.ri.rma.newsfeedapp.MainActivity#658] End -------------------------
06-06 13:00:13.746  1715  1715 I Layer   : Layer::reparent [Surface(name=90e5bee etf.ri.rma.newsfeedapp/etf.ri.rma.newsfeedapp.MainActivity)/@0xe472d5f - animation-leash of starting_reveal#676] newParentHandle : null -------------------------
06-06 13:00:13.746  1715  1715 I Layer   : id=676 removeFromCurrentState Surface(name=90e5bee etf.ri.rma.newsfeedapp/etf.ri.rma.newsfeedapp.MainActivity)/@0xe472d5f - animation-leash of starting_reveal#676 (224)
06-06 13:00:13.746  1715  1715 I Layer   : Layer::reparent [Surface(name=90e5bee etf.ri.rma.newsfeedapp/etf.ri.rma.newsfeedapp.MainActivity)/@0xe472d5f - animation-leash of starting_reveal#676] End -------------------------
06-06 13:00:13.746  1715  1715 I Layer   : id=677 Destroyed Surface(name=90e5bee etf.ri.rma.newsfeedapp/etf.ri.rma.newsfeedapp.MainActivity)/@0xe472d5f - animation-leash of starting_reveal#676 (Mirror)#677
06-06 13:00:13.747  7012  7043 D C2SoftVpxEnc: bytes generated 9122
06-06 13:00:13.750  1715  1715 D SurfaceFlinger: Display 4630946970390616451 HWC layers:
06-06 13:00:13.750  1715  1715 D SurfaceFlinger:      DEVICE | 0xb4000073beb13a00 | 0100 | RGBA_8888    |  633.0    6.0 1707.0 2334.0 |    0    0 1080 2340 | Wallpaper BBQ wrapper 5_system#94
06-06 13:00:13.750  1715  1715 D SurfaceFlinger:      DEVICE | 0xb4000073beb15fb0 | 0100 | RGBA_8888    |    0.0    0.0 1080.0 2340.0 |    0    0 1080 2340 | com.sec.android.app.launcher/com.sec[...]ctivities.LauncherActivity$_6421#632
06-06 13:00:13.750  1715  1715 D SurfaceFlinger:      CLIENT | 0xb4000073beb11450 | 0102 | RGBA_8888    |    0.0    0.0 1080.0 2340.0 |   20   42 1060 2298 | etf.ri.rma.newsfeedapp/etf.ri.rma.newsfeedapp.MainActivity$_7790#670
06-06 13:00:13.750  1715  1715 D SurfaceFlinger:      DEVICE | 0xb4000073beb0f440 | 0100 | RGBA_8888    |    0.0    0.0 1080.0   87.0 |    0    0 1080   87 | StatusBar$_5355#90
06-06 13:00:13.750  1715  1715 D SurfaceFlinger:      DEVICE | 0xb4000073beb138e0 | 0100 | RGBA_8888    |    0.0    0.0   67.0  342.0 | 1013  438 1080  780 | com.sec.android.app.launcher/com.sam[...]ce.edge.CocktailBarService$_6421#145
06-06 13:00:13.750  1715  1715 D SurfaceFlinger:      DEVICE | 0xb4000073beb0f830 | 0100 | RGBA_8888    |    0.0    0.0 1080.0  144.0 |    0 2196 1080 2340 | NavigationBar0$_5355#89
06-06 13:00:13.750  1715  1715 D SurfaceFlinger:
06-06 13:00:13.751  1715  3404 I SurfaceFlinger: id=642 Removed Surface(name=Task=14)/@0x93d2760_transition-leash#642 (223)
06-06 13:00:13.751  1715  3404 I SurfaceFlinger: id=641 Removed Surface(name=Task=1)/@0x572d992_transition-leash#641 (223)
06-06 13:00:13.754  1715  1715 I Layer   : id=642 Destroyed Surface(name=Task=14)/@0x93d2760_transition-leash#642
06-06 13:00:13.754  1715  1715 I Layer   : id=641 Destroyed Surface(name=Task=1)/@0x572d992_transition-leash#641
06-06 13:00:13.760  1652  2311 I QC2CompStore: Setting heap usage to system
06-06 13:00:13.760  7012  7043 D C2SoftVpxEnc: bytes generated 16111
06-06 13:00:13.772  7012  7043 D C2SoftVpxEnc: bytes generated 18778
06-06 13:00:13.786  1652  2311 I QC2CompStore: Setting heap usage to system
06-06 13:00:13.787  7012  7043 D C2SoftVpxEnc: bytes generated 36346
06-06 13:00:13.803  7012  7043 D C2SoftVpxEnc: bytes generated 45110
06-06 13:00:13.819  7012  7043 D C2SoftVpxEnc: bytes generated 39749
06-06 13:00:13.836  7012  7043 D C2SoftVpxEnc: bytes generated 33303
06-06 13:00:13.838  6421  6421 I HoneySpace.HomescreenPot: playContentAnimator end, skip alpha: false
06-06 13:00:13.838  6421  6421 I HoneySpace.HoneyScreenManagerImpl: transitionAnimator is ended, onCancel: false
06-06 13:00:13.838  6421  6421 I HoneySpace.ContentsAnimator: ContentsAnimator end
06-06 13:00:13.841  6421  6421 I HoneySpace.WallpaperAnimator: wallpaper animation end
06-06 13:00:13.852  7012  7043 D BufferPoolAccessor2.0: bufferpool2 0xb400007dbe05aed8 : 66(1766824 size) total buffers - 1(36266 size) used buffers - 83/277 (recycle/alloc) - 202/276 (fetch/transfer)
06-06 13:00:13.853  7012  7043 D C2SoftVpxEnc: bytes generated 36266
06-06 13:00:13.854  1715  1715 I Layer   : Layer::reparent [RemoteWallpaperAnim:1:1#8] newParent : OneHanded:0:14#5 , isRemovedFromCurrentState : 0 -------------------------
06-06 13:00:13.854  1715  1715 I Layer   : Layer::reparent [RemoteWallpaperAnim:1:1#8] End -------------------------
06-06 13:00:13.854  1715  1715 I Layer   : Layer::reparent [Surface(name=RemoteWallpaperAnim:1:1)/@0xbe3243d - animation-leash of remote_wallpaper#643] newParentHandle : null -------------------------
06-06 13:00:13.854  1715  1715 I Layer   : id=643 removeFromCurrentState Surface(name=RemoteWallpaperAnim:1:1)/@0xbe3243d - animation-leash of remote_wallpaper#643 (221)
06-06 13:00:13.854  1715  1715 I Layer   : Layer::reparent [Surface(name=RemoteWallpaperAnim:1:1)/@0xbe3243d - animation-leash of remote_wallpaper#643] End -------------------------
06-06 13:00:13.855  1715  1715 I Layer   : id=644 Destroyed Surface(name=RemoteWallpaperAnim:1:1)/@0xbe3243d - animation-leash of remote_wallpaper#643 (Mirror)#644
06-06 13:00:13.868  7012  7043 D C2SoftVpxEnc: bytes generated 23308
06-06 13:00:13.877  6421  6421 I Edge.TrayVisibilityController: getComputedTrayVisible : keyguardState = 1
06-06 13:00:13.877  6421  6421 I Edge.TrayVisibilityController: updateTrayVisible: State=1 visible=1 mCurrentVisible=1 specificMode=0
06-06 13:00:13.877  6421  6421 I Edge.TrayStateController: onNotifyUpdateTray: state=0
06-06 13:00:13.881  7012  7043 D C2SoftVpxEnc: bytes generated 18829
06-06 13:00:13.895  1652  2311 I QC2CompStore: Setting heap usage to system
06-06 13:00:13.895  7012  7043 D C2SoftVpxEnc: bytes generated 20904
06-06 13:00:13.907  7012  7043 D C2SoftVpxEnc: bytes generated 18308
06-06 13:00:13.921  1652  2311 I QC2CompStore: Setting heap usage to system
06-06 13:00:13.921  7012  7043 D C2SoftVpxEnc: bytes generated 40782
06-06 13:00:13.934  7012  7043 D C2SoftVpxEnc: bytes generated 21977
06-06 13:00:13.947  5355  5420 I SurfaceControl: apply is called, name=FinishTransaction_SyncId<22>, caller=android.view.SurfaceControl$Transaction.apply:2921 com.android.wm.shell.transition.Transitions.onFinish:302 com.android.wm.shell.transition.Transitions$$ExternalSyntheticLambda6.onTransitionFinished:15 com.android.wm.shell.transition.DefaultTransitionHandler$$ExternalSyntheticLambda5.run:125 com.android.wm.shell.transition.DefaultTransitionHandler$$ExternalSyntheticLambda3.run:52 android.os.Handler.handleCallback:958
06-06 13:00:13.949  6421  6421 I ViewRootImpl@cc9c4e9[LauncherActivity]: handleAppVisibility mAppVisible = true visible = false
06-06 13:00:13.949  5355  5406 I WallpaperService: dispatchAppVisibility: system, visible=false
06-06 13:00:13.950  5355  5533 I WallpaperService: reportVisibility: visibility changed. visible=false
06-06 13:00:13.950  5355  5533 I ImageWallpaper[CanvasEngine_d0_w1]:  onVisibilityChanged: visible=false , displayId=0
06-06 13:00:13.951  1652  2311 I QC2CompStore: Setting heap usage to system
06-06 13:00:13.951  7012  7043 D C2SoftVpxEnc: bytes generated 65154
06-06 13:00:13.954  1715  1715 I Layer   : Layer [Task=1#52] hidden!! flag(1)
06-06 13:00:13.954  1715  1715 I Layer   : Layer::reparent [Task=1#52] newParent : DefaultTaskDisplayArea_d0#12 , isRemovedFromCurrentState : 0 -------------------------
06-06 13:00:13.954  1715  1715 I Layer   : Layer::reparent [Task=1#52] End -------------------------
06-06 13:00:13.954  1715  1715 I Layer   : Layer::reparent [Task=15#652] newParent : DefaultTaskDisplayArea_d0#12 , isRemovedFromCurrentState : 0 -------------------------
06-06 13:00:13.954  1715  1715 I Layer   : Layer::reparent [Task=15#652] End -------------------------
06-06 13:00:13.954  1715  1715 I Layer   : Layer::reparent [Transition Root: Task=15#662] newParentHandle : null -------------------------
06-06 13:00:13.954  1715  1715 I Layer   : id=662 removeFromCurrentState Transition Root: Task=15#662 (220)
06-06 13:00:13.954  1715  1715 I Layer   : Layer::reparent [Transition Root: Task=15#662] End -------------------------
06-06 13:00:13.954  1715  1715 I Layer   : Layer::reparent [Transition Root: Task=15#662] newParentHandle : null -------------------------
06-06 13:00:13.954  1715  1715 I Layer   : id=662 removeFromCurrentState Transition Root: Task=15#662 (220)
06-06 13:00:13.954  1715  1715 I Layer   : Layer::reparent [Transition Root: Task=15#662] End -------------------------
06-06 13:00:13.955  1715  1715 I Layer   : Layer::reparent [Splash Screen etf.ri.rma.newsfeedapp$_5355#659] newParentHandle : null -------------------------
06-06 13:00:13.955  1715  1715 I Layer   : id=659 removeFromCurrentState Splash Screen etf.ri.rma.newsfeedapp$_5355#659 (220)
06-06 13:00:13.955  1715  1715 I Layer   : Layer::reparent [Splash Screen etf.ri.rma.newsfeedapp$_5355#659] End -------------------------
06-06 13:00:13.955  1715  1715 I Layer   : Layer::reparent [358eeb5 Splash Screen etf.ri.rma.newsfeedapp#656] newParentHandle : null -------------------------
06-06 13:00:13.955  1715  1715 I Layer   : id=656 removeFromCurrentState 358eeb5 Splash Screen etf.ri.rma.newsfeedapp#656 (220)
06-06 13:00:13.955  1715  1715 I Layer   : Layer::reparent [358eeb5 Splash Screen etf.ri.rma.newsfeedapp#656] End -------------------------
06-06 13:00:13.955  1715  1715 I Layer   : Layer [com.sec.android.app.launcher/com.sec.android.app.launcher.activities.LauncherActivity$_6421#632] hidden!! flag(1)
06-06 13:00:13.955  1715  1715 I Layer   : Layer [com.android.systemui.wallpapers.ImageWallpaper_system$_5355#93] hidden!! flag(1)
06-06 13:00:13.955  1715  1715 I Layer   : Layer [ActivityRecord{4bdcf41 u0 com.sec.android.app.launcher/.activities.LauncherActivity t8}#139] hidden!! flag(1)
06-06 13:00:13.955  1715  1715 I Layer   : Layer [Task=8#138] hidden!! flag(1)
06-06 13:00:13.955  6421  6421 I ViewRootImpl@cc9c4e9[LauncherActivity]: destroyHardwareResources: Callers=android.view.ViewRootImpl.performTraversals:3937 android.view.ViewRootImpl.doTraversal:3291 android.view.ViewRootImpl$TraversalRunnable.run:11329 android.view.Choreographer$CallbackRecord.run:1689 android.view.Choreographer$CallbackRecord.run:1698 android.view.Choreographer.doCallbacks:1153 android.view.Choreographer.doFrame:1079 android.view.Choreographer$FrameDisplayEventReceiver.run:1646 android.os.Handler.handleCallback:958 android.os.Handler.dispatchMessage:99
06-06 13:00:13.955  1715  1715 I Layer   : id=657 Destroyed 358eeb5 Splash Screen etf.ri.rma.newsfeedapp#656 (Mirror)#657
06-06 13:00:13.955  1715  1715 I Layer   : id=664 Destroyed Transition Root: Task=15#662 (Mirror)#664
06-06 13:00:13.955  1715  1715 I SurfaceFlinger: id=659 Removed Splash Screen etf.ri.rma.newsfeedapp$_5355#659 (218)
06-06 13:00:13.955  1715  1715 I SurfaceFlinger: id=656 Removed 358eeb5 Splash Screen etf.ri.rma.newsfeedapp#656 (218)
06-06 13:00:13.955  1715  1715 I SurfaceFlinger: id=662 Removed Transition Root: Task=15#662 (218)
06-06 13:00:13.955  1715  1715 I SurfaceFlinger: id=643 Removed Surface(name=RemoteWallpaperAnim:1:1)/@0xbe3243d - animation-leash of remote_wallpaper#643 (218)
06-06 13:00:13.955  1715  1715 I SurfaceFlinger: id=593 Removed bd3d286 Splash Screen etf.ri.rma.newsfeedapp.test#593 (218)
06-06 13:00:13.955  1715  1715 I Layer   : id=661 Destroyed Splash Screen etf.ri.rma.newsfeedapp$_5355#659 (Mirror)#661
06-06 13:00:13.956  2342  5433 V WindowManager: Relayout Window{da5c5e7 u0 com.sec.android.app.launcher/com.sec.android.app.launcher.activities.LauncherActivity}: viewVisibility=8 req=1080x2340 ty=1 d0
06-06 13:00:13.957  2342  5433 V WindowManager: Relayout hash=da5c5e7, pid=6421, syncId=-1: mAttrs={(0,0)(fillxfill) sim={adjust=nothing} layoutInDisplayCutoutMode=shortEdges ty=BASE_APPLICATION fmt=TRANSPARENT wanim=0x10302f2
06-06 13:00:13.957  2342  5433 V WindowManager:   fl=81910100
06-06 13:00:13.957  2342  5433 V WindowManager:   pfl=1a008040
06-06 13:00:13.957  2342  5433 V WindowManager:   bhv=SHOW_TRANSIENT_BARS_BY_SWIPE
06-06 13:00:13.957  2342  5433 V WindowManager:   fitSides= naviIconColor=0}
06-06 13:00:13.958  6421  6421 I ViewRootImpl@cc9c4e9[LauncherActivity]: Relayout returned: old=(0,0,1080,2340) new=(0,0,1080,2340) relayoutAsync=false req=(1080,2340)8 dur=1 res=0x402 s={false 0x0} ch=true seqId=0
06-06 13:00:13.958  2342  5433 I AppWidgetServiceImpl: stopListening callbacks : null
06-06 13:00:13.958  6421  6421 I HoneySpace.ContentsAnimator: end call
06-06 13:00:13.958  6421  6421 I ViewRootImpl@cc9c4e9[LauncherActivity]: stopped(true) old = false
06-06 13:00:13.958  6421  6421 I HoneySpace.Launcher: !@Boot_EBS_D: Launcher.onStop()
06-06 13:00:13.959  6421  6421 I HoneySpace.OneUiSpace: onSaveInstanceState honeyScreen=tb.l0@31661c4
06-06 13:00:13.959 24682 24682 I A       : onStop
06-06 13:00:13.960  1715  1715 D SurfaceFlinger: Display 4630946970390616451 HWC layers:
06-06 13:00:13.960  1715  1715 D SurfaceFlinger:      DEVICE | 0xb4000073beb11450 | 0102 | RGBA_8888    |    0.0    0.0 1080.0 2340.0 |    0    0 1080 2340 | etf.ri.rma.newsfeedapp/etf.ri.rma.newsfeedapp.MainActivity$_7790#670
06-06 13:00:13.960  1715  1715 D SurfaceFlinger:      DEVICE | 0xb4000073beb0f440 | 0100 | RGBA_8888    |    0.0    0.0 1080.0   87.0 |    0    0 1080   87 | StatusBar$_5355#90
06-06 13:00:13.960  1715  1715 D SurfaceFlinger:      DEVICE | 0xb4000073beb138e0 | 0100 | RGBA_8888    |    0.0    0.0   67.0  342.0 | 1013  438 1080  780 | com.sec.android.app.launcher/com.sam[...]ce.edge.CocktailBarService$_6421#145
06-06 13:00:13.960  1715  1715 D SurfaceFlinger:      DEVICE | 0xb4000073beb0d1f0 | 0100 | RGBA_8888    |    0.0    0.0 1080.0  144.0 |    0 2196 1080 2340 | NavigationBar0$_5355#89
06-06 13:00:13.960  1715  1715 D SurfaceFlinger:
06-06 13:00:13.961  1574  1638 I HYPER-HAL: [RequestManager.cpp]acquire(): Acquired ID : 1439175  [1577 / 119]    HINT :      list : [TID_LOW_LATENCY / 0] [TID / 9457] [TID / 9458] [TID / 6421] [TID / 9453]
06-06 13:00:13.962  1574  1638 I HYPER-HAL: [RequestManager.cpp]acquire(): Acquired ID : 1440873  [1577 / 120]    HINT :      list : [UCLAMP_MIN_BOOST / 0] [TID / 9457] [TID / 9458] [TID / 6421] [TID / 9453]
06-06 13:00:13.962  1574  1638 I HYPER-HAL: [RequestManager.cpp]releaseLocked(): Released ID : 1439175
06-06 13:00:13.962  1574  1638 I HYPER-HAL: [RequestManager.cpp]releaseLocked(): Released ID : 1440873
06-06 13:00:13.962  1574  1638 I HYPER-HAL: [RequestManager.cpp]acquire(): Acquired ID : 1507875  [1577 / 159]    HINT :      list : [TID_LOW_LATENCY / 1] [TID / 9457] [TID / 9458] [TID / 6421] [TID / 9453]
06-06 13:00:13.963  1715  1715 I Layer   : id=659 Destroyed Splash Screen etf.ri.rma.newsfeedapp$_5355#659
06-06 13:00:13.963  1715  1715 I Layer   : id=656 Destroyed 358eeb5 Splash Screen etf.ri.rma.newsfeedapp#656
06-06 13:00:13.963  1715  1715 I Layer   : id=662 Destroyed Transition Root: Task=15#662
06-06 13:00:13.963  1715  1715 I Layer   : id=593 Destroyed bd3d286 Splash Screen etf.ri.rma.newsfeedapp.test#593
06-06 13:00:13.963  1715  1715 I Layer   : id=643 Destroyed Surface(name=RemoteWallpaperAnim:1:1)/@0xbe3243d - animation-leash of remote_wallpaper#643
06-06 13:00:13.967  2342  2630 D PkgPredictorService-SecIpmManagerServiceImpl: bg information pid:6421 uid:10150 pkgName:com.sec.android.app.launcher
06-06 13:00:13.971  1715  1715 I Layer   : Layer::reparent [com.sec.android.app.launcher/com.sec.android.app.launcher.activities.LauncherActivity$_6421#632] newParentHandle : null -------------------------
06-06 13:00:13.971  1715  1715 I Layer   : id=632 removeFromCurrentState com.sec.android.app.launcher/com.sec.android.app.launcher.activities.LauncherActivity$_6421#632 (212)
06-06 13:00:13.971  1715  1715 I Layer   : Layer::reparent [com.sec.android.app.launcher/com.sec.android.app.launcher.activities.LauncherActivity$_6421#632] End -------------------------
06-06 13:00:13.971  1652  2311 I QC2CompStore: Setting heap usage to system
06-06 13:00:13.971  7012  7043 D C2SoftVpxEnc: bytes generated 91322
06-06 13:00:13.971  1715  1715 I SurfaceFlinger: id=632 Removed com.sec.android.app.launcher/com.sec.android.app.launcher.activities.LauncherActivity$_6421#632 (212)
06-06 13:00:13.972  1715  1715 W SurfaceFlinger: couldn't log to binary event log: overflow.
06-06 13:00:13.972  1715  1715 I Layer   : id=635 Destroyed com.sec.android.app.launcher/com.sec.android.app.launcher.activities.LauncherActivity$_6421#632 (Mirror)#635
06-06 13:00:13.979  1715  1715 W SurfaceFlinger: couldn't log to binary event log: overflow.
06-06 13:00:13.979  1715  1715 I Layer   : id=632 Destroyed com.sec.android.app.launcher/com.sec.android.app.launcher.activities.LauncherActivity$_6421#632
06-06 13:00:13.984  7790  7812 D TrafficStats: tagSocket(130) with statsTag=0xffffffff, statsUid=-1
06-06 13:00:13.986  1574  7989 I HYPER-HAL: [RequestManager.cpp]releaseLocked(): Released ID : 2781277
06-06 13:00:13.989  2342  2632 I ChimeraSystemEventListener: appLaunchIntent package name is: etf.ri.rma.newsfeedapp.test
06-06 13:00:13.989  1652  2311 I QC2CompStore: Setting heap usage to system
06-06 13:00:13.990  7012  7043 D C2SoftVpxEnc: bytes generated 72176
06-06 13:00:13.991  2342  6621 I SemDvfsHyPerManager: acquire hyper - AMS_APP_SWITCH/2342@31, type = -999
06-06 13:00:13.991  1715  3404 I SurfaceFlinger: id=681 createSurf, flag=24004, Task=16#681
06-06 13:00:13.991  1574  1638 I HYPER-HAL: [RequestManager.cpp]acquire(): Acquired ID : 2816782  [2342 / 31]    HINT : AMS_APP_SWITCH    list :
06-06 13:00:13.991  8184  8184 I SemDvfsHyPerManager: acquire hyper - APP_START_SHORT/8184@19, type = -999
06-06 13:00:13.992  1715  3404 I SurfaceFlinger: id=682 createSurf, flag=84004, ActivityRecord{51356d4 u0 etf.ri.rma.newsfeedapp.test/androidx.test.core.app.InstrumentationActivityInvoker$EmptyActivity t16}#682
06-06 13:00:13.995  1574  1638 I HYPER-HAL: [RequestManager.cpp]acquire(): Acquired ID : 33648725  [8184 / 19]    HINT : APP_START    list : [TIMEOUT / 1500]
06-06 13:00:13.995  2342  5455 I SemDvfsHyPerManager: acquire hyper - AMS_APP_LAUNCH/2342@18, type = -999
06-06 13:00:13.995  7273  7273 E pageboostd: Received HALT command code 2
06-06 13:00:13.995  1930  5588 I CameraService: onUidStateChanged: uid=10046, procState is changed. (0 -> 1)
06-06 13:00:13.995  5355  5445 D NativeCustomFrequencyManager: [NativeCFMS] BpCustomFrequencyManager::BpCustomFrequencyManager()
06-06 13:00:13.996  1574  1638 I HYPER-HAL: [RequestManager.cpp]acquire(): Acquired ID : 2785998  [2342 / 18]    HINT : AMS_APP_LAUNCH    list :
06-06 13:00:13.996  2342  5437 D InputTransport: Input channel constructed: 'ea09cbe', fd=959
06-06 13:00:13.996  2342  5437 D InputTransport: Input channel constructed: 'ea09cbe', fd=975
06-06 13:00:13.996  2342  5437 D InputTransport: Input channel constructed: 'ea09cbe', fd=990
06-06 13:00:13.996  2342  5453 D SecContentProvider: query(), uri = 17 selection = isSettingsChangesAllowed
06-06 13:00:13.997  1715  3404 I SurfaceFlinger: id=683 createSurf, flag=84004, ea09cbe Splash Screen etf.ri.rma.newsfeedapp.test#683
06-06 13:00:13.997  8184  8184 I SemDvfsHyPerManager: acquire hyper - APP_START/8184@21, type = -999
06-06 13:00:13.997  1574  1638 I HYPER-HAL: [RequestManager.cpp]acquire(): Acquired ID : 1511352  [1577 / 161]    HINT :      list : [TID_LOW_LATENCY / 1] [TID / 5446] [TID / 5447] [TID / 5439] [TID / 5445]
06-06 13:00:13.997  2342  5437 D InputTransport: Input channel destroyed: 'ea09cbe', fd=990
06-06 13:00:13.997  1574  1638 I HYPER-HAL: [RequestManager.cpp]acquire(): Acquired ID : 33665136  [8184 / 21]    HINT : APP_START    list :
06-06 13:00:13.998  7790  7790 D LifecycleMonitor: Lifecycle status change: etf.ri.rma.newsfeedapp.MainActivity@33a04ab in: PAUSED
06-06 13:00:13.998  7790  7790 V ActivityScenario: Update currentActivityStage to PAUSED, currentActivity=etf.ri.rma.newsfeedapp.MainActivity@33a04ab
06-06 13:00:13.998  5355  5439 I InsetsController: onStateChanged: host=Splash Screen etf.ri.rma.newsfeedapp.test, from=android.view.ViewRootImpl.setView:1751, state=InsetsState: {mDisplayFrame=Rect(0, 0 - 1080, 2340), mDisplayCutout=DisplayCutout{insets=Rect(0, 87 - 0, 0) waterfall=Insets{left=0, top=0, right=0, bottom=0} boundingRect={Bounds=[Rect(0, 0 - 0, 0), Rect(512, 0 - 568, 87), Rect(0, 0 - 0, 0), Rect(0, 0 - 0, 0)]} cutoutPathParserInfo={CutoutPathParserInfo{displayWidth=1080 displayHeight=2340 physicalDisplayWidth=1080 physicalDisplayHeight=2340 density={3.0} cutoutSpec={M 0,0 H -9.333333333333333 V 29 H 9.333333333333333 V 0 H 0 Z @dp} rotation={0} scale={1.0} physicalPixelDisplaySizeRatio={1.0}}}}, mRoundedCorners=RoundedCorners{[RoundedCorner{position=TopLeft, radius=102, center=Point(102, 102)}, RoundedCorner{position=TopRight, radius=102, center=Point(978, 102)}, RoundedCorner{position=BottomRight, radius=102, center=Point(978, 2238)}, RoundedCorner{position=BottomLeft, radius=102, center=Point(102, 2238)}]}  mRoundedCornerFrame=Rect(0, 0 - 1080, 2340), mPrivacyIndicatorBounds=PrivacyIndicatorBounds {static bounds=Rect(948, 0 - 1080, 87) rotation=0}, mDisplayShape=DisplayShape{ spec=1769313948 displayWidth=1080 displayHeight=2340 physicalPixelDisplaySizeRatio=1.0 rotation=0 offsetX=0 offsetY=0 scale=1.0}, mSources= { InsetsSource: {985d0000 mType=statusBars mFrame=[0,0][1080,87] mVisible=true mFlags=[]}, InsetsSource: {985d0005 mType=mandatorySystemGestures mFrame=[0,0][1080,123] mVisible=true mFlags=[]}, InsetsSource: {985d0006 mType=tappableElement mFrame=[0,0][1080,87] mVisible=true mFlags=[]}, InsetsSource: {27 mType=displayCutout mFrame=[0,0][1080,87] mVisible=true mFlags=[]}, InsetsSource: {26df0001 mType=navigationBars mFrame=[0,2196][1080,2340] mVisible=true mFlags=[]}, InsetsSource: {26df0004 mType=systemGestures mFrame=[0,0][0,0] mVisible=true mFlags=[]}, InsetsSource: {26df0005 mType=mandatorySystemGestures mFrame=[0,2196][1080,2340] mVisible=true mFlags=[]}, InsetsSource: {26df0006 mType=tappableElement mFrame=[0,2196][1080,2340] mVisible=true mFlags=[]}, InsetsSource: {26df0024 mType=systemGestures mFrame=[0,0][0,0] mVisible=true mFlags=[]} }
06-06 13:00:13.998  5355  5439 I ViewRootImpl@c200653[test]: synced displayState. AttachInfo displayState=2
06-06 13:00:13.998  5355  5439 I ViewRootImpl@c200653[test]: setView = android.widget.FrameLayout@7bf7845 TM=true
06-06 13:00:13.998  5355  5445 D OpenGLRenderer: HWUI - treat SMPTE_170M as sRGB
06-06 13:00:13.999  6421  6488 I HoneySpace.TopTaskSource: onTaskMovedToFront : taskId = 16
06-06 13:00:13.999  6421  6490 I HoneySpace.TopTaskUseCase: topTasks 16 ComponentInfo{etf.ri.rma.newsfeedapp.test/androidx.test.core.app.InstrumentationActivityInvoker$EmptyActivity}
06-06 13:00:14.000  6421 28031 I HoneySpace.RecentTasks: onRecentTasksChanged
06-06 13:00:14.000  6421  5991 I HoneySpace.RecentTasks: onRecentTasksChanged
06-06 13:00:14.000  2342  6212 D InputDispatcher: Focused application(0): ActivityRecord{51356d4 u0 etf.ri.rma.newsfeedapp.test/androidx.test.core.app.InstrumentationActivityInvoker$EmptyActivity t16}
06-06 13:00:14.002  2342  5287 D SemWifiTransportLayerMonitor.TcpMonitorHandler: MSG_SAVE_PACKAGE_INFO
06-06 13:00:14.002  2342  5287 D SemWifiTransportLayerFileManager: saveWifiPackageInfoToFile
06-06 13:00:14.002  2342  5287 D SemWifiTransportLayerFileManager: writeWifiPackageInfoList
06-06 13:00:14.003  1636  1665 E ANDR-PERF-RESOURCEQS: ANDR-PERF-RESOURCEQS: AddAndApply() 167: Failed to apply optimization [10, 8]
06-06 13:00:14.004  2342  5206 D AS.MultiSoundManager: mForegroundUid = 10318
06-06 13:00:14.004 11224 11224 D HidDeviceService: handleMessage(): msg.what=8
06-06 13:00:14.004  2342  5206 D AS.MultiSoundManager: mForegroundUid = 10318
06-06 13:00:14.004  2342  2630 D PkgPredictorService-SecIpmManagerServiceImpl: onForegroundActivitiesChanged pid:7890 uid:10318
06-06 13:00:14.004  2342  7097 V PkgPredictorService-SecIpmManagerServiceImpl: discard foreground app:etf.ri.rma.newsfeedapp.test 1|true
06-06 13:00:14.004  7890  7917 I AdrenoGLES-0: QUALCOMM build                   : d774a8672e, I8ea610b5b4
06-06 13:00:14.004  7890  7917 I AdrenoGLES-0: Build Date                       : 01/03/24
06-06 13:00:14.004  7890  7917 I AdrenoGLES-0: OpenGL ES Shader Compiler Version: E031.42.23.12
06-06 13:00:14.004  7890  7917 I AdrenoGLES-0: Local Branch                     :
06-06 13:00:14.004  7890  7917 I AdrenoGLES-0: Remote Branch                    : refs/tags/AU_LINUX_ANDROID_LA.VENDOR.14.3.0.11.00.00.973.408
06-06 13:00:14.004  7890  7917 I AdrenoGLES-0: Remote Branch                    : NONE
06-06 13:00:14.004  7890  7917 I AdrenoGLES-0: Reconstruct Branch               : NOTHING
06-06 13:00:14.004  7890  7917 I AdrenoGLES-0: Build Config                     : S P 16.1.2 AArch64
06-06 13:00:14.005  7890  7917 I AdrenoGLES-0: Driver Path                      : /vendor/lib64/egl/libGLESv2_adreno.so
06-06 13:00:14.005  7890  7917 I AdrenoGLES-0: Driver Version                   : 0744.18
06-06 13:00:14.005  7890  7917 I AdrenoGLES-0: Process Name                     : etf.ri.rma.newsfeedapp.test
06-06 13:00:14.006  2342  2630 D NetworkPolicy: already checked 10318
06-06 13:00:14.007  2342  5433 V WindowManager: Relayout Window{ea09cbe u0 Splash Screen etf.ri.rma.newsfeedapp.test}: viewVisibility=0 req=1080x2340 ty=3 d0
06-06 13:00:14.007  1715  1806 I SurfaceFlinger: id=687 createSurf, flag=44004, Splash Screen etf.ri.rma.newsfeedapp.test$_5355#687
06-06 13:00:14.008  6421  6488 I HoneySpace.TopTaskSource: onTaskFocusChanged(): taskId = 16
06-06 13:00:14.008  6421  6488 I HoneySpace.TopTaskSource: onTaskFocusChanged(): taskId = 16
06-06 13:00:14.008  6421  6488 I HoneySpace.TopTaskSource: onTaskMovedToFront : taskId = 16
06-06 13:00:14.008  6421  6488 I HoneySpace.TopTaskSource: onTaskMovedToFront : taskId = 16
06-06 13:00:14.009  2342  5433 V WindowManager: Relayout hash=ea09cbe, pid=5355, syncId=-1: mAttrs={(0,0)(fillxfill) sim={adjust=pan} ty=APPLICATION_STARTING fmt=TRANSLUCENT
06-06 13:00:14.009  2342  5433 V WindowManager:   fl=81030118
06-06 13:00:14.009  2342  5433 V WindowManager:   pfl=16000010
06-06 13:00:14.009  2342  5433 V WindowManager:   apr=LIGHT_STATUS_BARS LIGHT_NAVIGATION_BARS
06-06 13:00:14.009  2342  5433 V WindowManager:   bhv=DEFAULT
06-06 13:00:14.009  2342  5433 V WindowManager:   fitSides= naviIconColor=0}
06-06 13:00:14.009 26692 27175 I Rubin   : [97] zb.a.c(Unknown Source) : Notify com.samsung.android.rubin.inferenceengine.contextanalytics.engine.loggers.AppUsageLogger's database is updated.
06-06 13:00:14.009  5355  5439 I InsetsController: onStateChanged: host=Splash Screen etf.ri.rma.newsfeedapp.test, from=android.view.ViewRootImpl.relayoutWindow:10062, state=InsetsState: {mDisplayFrame=Rect(0, 0 - 1080, 2340), mDisplayCutout=DisplayCutout{insets=Rect(0, 87 - 0, 0) waterfall=Insets{left=0, top=0, right=0, bottom=0} boundingRect={Bounds=[Rect(0, 0 - 0, 0), Rect(512, 0 - 568, 87), Rect(0, 0 - 0, 0), Rect(0, 0 - 0, 0)]} cutoutPathParserInfo={CutoutPathParserInfo{displayWidth=1080 displayHeight=2340 physicalDisplayWidth=1080 physicalDisplayHeight=2340 density={3.0} cutoutSpec={M 0,0 H -9.333333333333333 V 29 H 9.333333333333333 V 0 H 0 Z @dp} rotation={0} scale={1.0} physicalPixelDisplaySizeRatio={1.0}}}}, mRoundedCorners=RoundedCorners{[RoundedCorner{position=TopLeft, radius=102, center=Point(102, 102)}, RoundedCorner{position=TopRight, radius=102, center=Point(978, 102)}, RoundedCorner{position=BottomRight, radius=102, center=Point(978, 2238)}, RoundedCorner{position=BottomLeft, radius=102, center=Point(102, 2238)}]}  mRoundedCornerFrame=Rect(0, 0 - 1080, 2340), mPrivacyIndicatorBounds=PrivacyIndicatorBounds {static bounds=Rect(948, 0 - 1080, 87) rotation=0}, mDisplayShape=DisplayShape{ spec=1769313948 displayWidth=1080 displayHeight=2340 physicalPixelDisplaySizeRatio=1.0 rotation=0 offsetX=0 offsetY=0 scale=1.0}, mSources= { InsetsSource: {985d0000 mType=statusBars mFrame=[0,0][1080,87] mVisible=true mFlags=[]}, InsetsSource: {985d0005 mType=mandatorySystemGestures mFrame=[0,0][1080,123] mVisible=true mFlags=[]}, InsetsSource: {985d0006 mType=tappableElement mFrame=[0,0][1080,87] mVisible=true mFlags=[]}, InsetsSource: {3 mType=ime mFrame=[0,0][0,0] mVisible=false mFlags=[]}, InsetsSource: {27 mType=displayCutout mFrame=[0,0][1080,87] mVisible=true mFlags=[]}, InsetsSource: {26df0001 mType=navigationBars mFrame=[0,2196][1080,2340] mVisible=true mFlags=[]}, InsetsSource: {26df0004 mType=systemGestures mFrame=[0,0][0,0] mVisible=true mFlags=[]}, InsetsSource: {26df0005 mType=mandatorySystemGestures mFrame=[0,2196][1080,2340] mVisible=true mFlags=[]}, InsetsSource: {26df0006 mType=tappableElement mFrame=[0,2196][1080,2340] mVisible=true mFlags=[]}, InsetsSource: {26df0024 mType=systemGestures mFrame=[0,0][0,0] mVisible=true mFlags=[]} }
06-06 13:00:14.009  5355  5439 I BLASTBufferQueue_Java: new BLASTBufferQueue, mName= ViewRootImpl@c200653[test] mNativeObject= 0xb4000074dfa11190 sc.mNativeObject= 0xb4000073af981e10 caller= android.view.ViewRootImpl.updateBlastSurfaceIfNeeded:3031 android.view.ViewRootImpl.relayoutWindow:10121 android.view.ViewRootImpl.performTraversals:4115 android.view.ViewRootImpl.doTraversal:3291 android.view.ViewRootImpl$TraversalRunnable.run:11329 android.view.Choreographer$CallbackRecord.run:1689 android.view.Choreographer$CallbackRecord.run:1698 android.view.Choreographer.doCallbacks:1153 android.view.Choreographer.doFrame:1079 android.view.Choreographer$FrameDisplayEventReceiver.run:1646
06-06 13:00:14.009  5355  5439 I BLASTBufferQueue_Java: update, w= 1080 h= 2340 mName = ViewRootImpl@c200653[test] mNativeObject= 0xb4000074dfa11190 sc.mNativeObject= 0xb4000073af981e10 format= -3 caller= android.graphics.BLASTBufferQueue.<init>:89 android.view.ViewRootImpl.updateBlastSurfaceIfNeeded:3031 android.view.ViewRootImpl.relayoutWindow:10121 android.view.ViewRootImpl.performTraversals:4115 android.view.ViewRootImpl.doTraversal:3291 android.view.ViewRootImpl$TraversalRunnable.run:11329
06-06 13:00:14.010  5355  5439 I ViewRootImpl@c200653[test]: Relayout returned: old=(0,0,1080,2340) new=(0,0,1080,2340) relayoutAsync=false req=(1080,2340)0 dur=4 res=0x403 s={true 0xb4000074af9d4cd0} ch=true seqId=0
06-06 13:00:14.010  5355  5439 I ViewRootImpl@c200653[test]: performConfigurationChange setNightDimText nightDimLevel=0
06-06 13:00:14.010  7012  7043 D C2SoftVpxEnc: bytes generated 74425
06-06 13:00:14.010  5355  5439 D ViewRootImpl@c200653[test]: mThreadedRenderer.initialize() mSurface={isValid=true 0xb4000074af9d4cd0} hwInitialized=true
06-06 13:00:14.011  5355  5439 D ViewRootImpl@c200653[test]: reportNextDraw android.view.ViewRootImpl.performTraversals:4723 android.view.ViewRootImpl.doTraversal:3291 android.view.ViewRootImpl$TraversalRunnable.run:11329 android.view.Choreographer$CallbackRecord.run:1689 android.view.Choreographer$CallbackRecord.run:1698
06-06 13:00:14.011  5355  5439 I ViewRootImpl@c200653[test]: Setup new sync=wmsSync-ViewRootImpl@c200653[test]#54
06-06 13:00:14.011  5355  5439 I ViewRootImpl@c200653[test]: Creating new active sync group ViewRootImpl@c200653[test]#55
06-06 13:00:14.011  5355  5439 I ViewRootImpl@c200653[test]: registerCallbacksForSync syncBuffer=false
06-06 13:00:14.011  5355  5446 I ViewRootImpl@c200653[test]: Received frameDrawingCallback syncResult=0 frameNum=1.
06-06 13:00:14.011  7890  7917 I AdrenoGLES-0: PFP: 0x01520171, ME: 0x01520023
06-06 13:00:14.011  5355  5446 I ViewRootImpl@c200653[test]: mWNT: t=0xb40000747f961250 mBlastBufferQueue=0xb4000074dfa11190 fn= 1 mRenderHdrSdrRatio=1.0 caller= android.view.ViewRootImpl$8.onFrameDraw:13826 android.view.ThreadedRenderer$1.onFrameDraw:792 <bottom of call stack>
06-06 13:00:14.011  5355  5446 I ViewRootImpl@c200653[test]: Setting up sync and frameCommitCallback
06-06 13:00:14.012  6421  6421 I Edge.ActivityUtils: HomePackage : com.sec.android.app.launcher, resumePackageName : etf.ri.rma.newsfeedapp.test
06-06 13:00:14.012  5355  5445 I BLASTBufferQueue: [ViewRootImpl@c200653[test]#18](f:0,a:0,s:0) onFrameAvailable the first frame is available
06-06 13:00:14.012  7890  7890 I DecorView: setWindowBackground: isPopOver=false color=ffffffff d=android.graphics.drawable.ColorDrawable@2e9d418
06-06 13:00:14.013  5355  5445 I ViewRootImpl@c200653[test]: Received frameCommittedCallback lastAttemptedDrawFrameNum=1 didProduceBuffer=true
06-06 13:00:14.013  7890  7917 E Adreno-AppProfiles: QSPM AIDL service doesn't exist
06-06 13:00:14.013  1715  1715 I BpBinder: onLastStrongRef automatically unlinking death recipients:
06-06 13:00:14.013  5355  5445 D OpenGLRenderer: CFMS:: SetUp Pid : 5355    Tid : 5445
06-06 13:00:14.013  5355  5439 I ViewRootImpl@c200653[test]: reportDrawFinished seqId=0
06-06 13:00:14.013  1715  1715 D SurfaceFlinger: GPIS:: requestGPISForClientComposition
06-06 13:00:14.014  2342  5433 D InputDispatcher: Focus request (0): <null> but waiting because NO_WINDOW
06-06 13:00:14.014  2342  5433 D InputDispatcher: Focus left window (0): 90e5bee etf.ri.rma.newsfeedapp/etf.ri.rma.newsfeedapp.MainActivity
06-06 13:00:14.015  7790  7790 I ViewRootImpl@c676a9e[MainActivity]: handleWindowFocusChanged: 0 0 call from android.view.ViewRootImpl.-$$Nest$mhandleWindowFocusChanged:0
06-06 13:00:14.015  7790  7790 I ImeFocusController: onPreWindowFocus: skipped, hasWindowFocus=false mHasImeFocus=true
06-06 13:00:14.015  7790  7790 I ImeFocusController: onPostWindowFocus: skipped, hasWindowFocus=false mHasImeFocus=true
06-06 13:00:14.017  7890  7917 D NativeCustomFrequencyManager: [NativeCFMS] BpCustomFrequencyManager::BpCustomFrequencyManager()
06-06 13:00:14.018  1574  1638 I HYPER-HAL: [RequestManager.cpp]acquire(): Acquired ID : 1514833  [1577 / 163]    HINT :      list : [TID_LOW_LATENCY / 1] [TID / 7920] [TID / 7921] [TID / 7890] [TID / 7917]
06-06 13:00:14.018  1715  1806 I SurfaceFlinger: id=689 createSurf, flag=84004, Transition Root: Task=16#689
06-06 13:00:14.019  2342  2633 I SurfaceControl: show, t=StartTransaction_SyncId<23>, sc=Surface(name=ActivityRecord{51356d4 u0 etf.ri.rma.newsfeedapp.test/androidx.test.core.app.InstrumentationActivityInvoker$EmptyActivity t16})/@0xc5aa32, caller=com.android.server.wm.Transition.onTransactionReady:1962 com.android.server.wm.BLASTSyncEngine$SyncGroup.finishNow:310 com.android.server.wm.BLASTSyncEngine$SyncGroup.tryFinish:242 com.android.server.wm.BLASTSyncEngine$SyncGroup.-$$Nest$mtryFinish:0 com.android.server.wm.BLASTSyncEngine.onSurfacePlacement:670 com.android.server.wm.RootWindowContainer.performSurfacePlacementNoTrace:988
06-06 13:00:14.019  2342  2633 D ScreenCapture: [Capture_TEST] : setIsScreenShotBySystem true
06-06 13:00:14.020  1715  1715 I Layer   : id=690 Destroyed Screenshot Parent#690
06-06 13:00:14.023  5355  5420 I SurfaceControl: hide, t=FinishTransaction_SyncId<23>, sc=Surface(name=Task=15)/@0x6b21b54, caller=com.android.wm.shell.transition.Transitions.dispatchReady:681 com.android.wm.shell.transition.Transitions.onTransitionReady:118 com.android.wm.shell.transition.Transitions$TransitionPlayerImpl$$ExternalSyntheticLambda0.run:13 android.os.Handler.handleCallback:958 android.os.Handler.dispatchMessage:99 android.os.Looper.loopOnce:230
06-06 13:00:14.023  5355  5420 I SurfaceControl: show, t=StartTransaction_SyncId<23>, sc=Surface(name=Task=16)/@0x7868aa7, caller=com.android.wm.shell.transition.Transitions.dispatchReady:686 com.android.wm.shell.transition.Transitions.onTransitionReady:118 com.android.wm.shell.transition.Transitions$TransitionPlayerImpl$$ExternalSyntheticLambda0.run:13 android.os.Handler.handleCallback:958 android.os.Handler.dispatchMessage:99 android.os.Looper.loopOnce:230
06-06 13:00:14.023  5355  5420 I SurfaceControl: show, t=FinishTransaction_SyncId<23>, sc=Surface(name=Task=16)/@0x7868aa7, caller=com.android.wm.shell.transition.Transitions.dispatchReady:733 com.android.wm.shell.transition.Transitions.onTransitionReady:118 com.android.wm.shell.transition.Transitions$TransitionPlayerImpl$$ExternalSyntheticLambda0.run:13 android.os.Handler.handleCallback:958 android.os.Handler.dispatchMessage:99 android.os.Looper.loopOnce:230
06-06 13:00:14.023  5355  5420 I SurfaceControl: show, t=StartTransaction_SyncId<23>, sc=Surface(name=Transition Root: Task=16)/@0x5216afd, caller=com.android.wm.shell.transition.Transitions.playTransition:80 com.android.wm.shell.transition.Transitions.processReadyQueue:185 com.android.wm.shell.transition.Transitions.dispatchReady:751 com.android.wm.shell.transition.Transitions.onTransitionReady:118 com.android.wm.shell.transition.Transitions$TransitionPlayerImpl$$ExternalSyntheticLambda0.run:13 android.os.Handler.handleCallback:958
06-06 13:00:14.023  1715  1806 I SurfaceFlinger: id=692 createSurf, flag=44404, Bottom Edge Extension#692
06-06 13:00:14.025  1715  1715 I Layer   : id=693 Destroyed Screenshot Parent#693
06-06 13:00:14.025  1715  3404 I SurfaceFlinger: id=694 createSurf, flag=84000, c8f96e6 ActivityRecordInputSink etf.ri.rma.newsfeedapp.test/androidx.test.core.app.InstrumentationActivityInvoker$EmptyActivity#694
06-06 13:00:14.026  1715  2430 I SurfaceFlinger: id=695 createSurf, flag=4400, bbq-wrapper#695
06-06 13:00:14.026  2342  5455 D InputTransport: Input channel constructed: '830a52c', fd=1004
06-06 13:00:14.026  2342  5455 D InputTransport: Input channel constructed: '830a52c', fd=1009
06-06 13:00:14.026  5355  5445 D NativeCustomFrequencyManager: [NativeCFMS] BpCustomFrequencyManager::BpCustomFrequencyManager()
06-06 13:00:14.026  2342  5455 D InputTransport: Input channel constructed: '830a52c', fd=1078
06-06 13:00:14.027  1715  1807 I SurfaceFlinger: id=696 createSurf, flag=84004, 830a52c etf.ri.rma.newsfeedapp.test/androidx.test.core.app.InstrumentationActivityInvoker$EmptyActivity#696
06-06 13:00:14.027  2342  5455 D InputTransport: Input channel destroyed: '830a52c', fd=1078
06-06 13:00:14.027  1574  1638 I HYPER-HAL: [RequestManager.cpp]acquire(): Acquired ID : 1518318  [1577 / 165]    HINT :      list : [TID_LOW_LATENCY / 1] [TID / 5446] [TID / 5447] [TID / 5420] [TID / 5445]
06-06 13:00:14.027  1652  2311 I QC2CompStore: Setting heap usage to system
06-06 13:00:14.027  5355  5445 I BLASTBufferQueue: [bbq-adapter#19](f:0,a:0,s:0) onFrameAvailable the first frame is available
06-06 13:00:14.028  7012  7043 D C2SoftVpxEnc: bytes generated 53672
06-06 13:00:14.029  7890  7890 I InsetsController: onStateChanged: host=etf.ri.rma.newsfeedapp.test/androidx.test.core.app.InstrumentationActivityInvoker$EmptyActivity, from=android.view.ViewRootImpl.setView:1751, state=InsetsState: {mDisplayFrame=Rect(0, 0 - 1080, 2340), mDisplayCutout=DisplayCutout{insets=Rect(0, 87 - 0, 0) waterfall=Insets{left=0, top=0, right=0, bottom=0} boundingRect={Bounds=[Rect(0, 0 - 0, 0), Rect(512, 0 - 568, 87), Rect(0, 0 - 0, 0), Rect(0, 0 - 0, 0)]} cutoutPathParserInfo={CutoutPathParserInfo{displayWidth=1080 displayHeight=2340 physicalDisplayWidth=1080 physicalDisplayHeight=2340 density={3.0} cutoutSpec={M 0,0 H -9.333333333333333 V 29 H 9.333333333333333 V 0 H 0 Z @dp} rotation={0} scale={1.0} physicalPixelDisplaySizeRatio={1.0}}}}, mRoundedCorners=RoundedCorners{[RoundedCorner{position=TopLeft, radius=102, center=Point(102, 102)}, RoundedCorner{position=TopRight, radius=102, center=Point(978, 102)}, RoundedCorner{position=BottomRight, radius=102, center=Point(978, 2238)}, RoundedCorner{position=BottomLeft, radius=102, center=Point(102, 2238)}]}  mRoundedCornerFrame=Rect(0, 0 - 1080, 2340), mPrivacyIndicatorBounds=PrivacyIndicatorBounds {static bounds=Rect(948, 0 - 1080, 87) rotation=0}, mDisplayShape=DisplayShape{ spec=1769313948 displayWidth=1080 displayHeight=2340 physicalPixelDisplaySizeRatio=1.0 rotation=0 offsetX=0 offsetY=0 scale=1.0}, mSources= { InsetsSource: {985d0000 mType=statusBars mFrame=[0,0][1080,87] mVisible=true mFlags=[]}, InsetsSource: {985d0005 mType=mandatorySystemGestures mFrame=[0,0][1080,123] mVisible=true mFlags=[]}, InsetsSource: {985d0006 mType=tappableElement mFrame=[0,0][1080,87] mVisible=true mFlags=[]}, InsetsSource: {3 mType=ime mFrame=[0,0][0,0] mVisible=false mFlags=[]}, InsetsSource: {27 mType=displayCutout mFrame=[0,0][1080,87] mVisible=true mFlags=[]}, InsetsSource: {26df0001 mType=navigationBars mFrame=[0,2196][1080,2340] mVisible=true mFlags=[]}, InsetsSource: {26df0004 mType=systemGestures mFrame=[0,0][0,0] mVisible=true mFlags=[]}, InsetsSource: {26df0005 mType=mandatorySystemGestures mFrame=[0,2196][1080,2340] mVisible=true mFlags=[]}, InsetsSource: {26df0006 mType=tappableElement mFrame=[0,2196][1080,2340] mVisible=true mFlags=[]}, InsetsSource: {26df0024 mType=systemGestures mFrame=[0,0][0,0] mVisible=true mFlags=[]} }
06-06 13:00:14.029  5355  5445 D OpenGLRenderer: CFMS:: SetUp Pid : 5355    Tid : 5445
06-06 13:00:14.029  7890  7890 I ViewRootImpl@dd0bcd7[InstrumentationActivityInvoker$EmptyActivity]: synced displayState. AttachInfo displayState=2
06-06 13:00:14.029  5355  5420 I SurfaceControl: show, t=StartTransaction_SyncId<23>, sc=Surface(name=Bottom Edge Extension)/@0x368279f, caller=android.view.SurfaceControl$Transaction.setVisibility:3012 com.android.wm.shell.transition.TransitionAnimationHelper.createExtensionSurface:241 com.android.wm.shell.transition.TransitionAnimationHelper.edgeExtendWindow:228 com.android.wm.shell.transition.DefaultTransitionHandler.startAnimation:2379 com.android.wm.shell.transition.Transitions.dispatchTransition:80 com.android.wm.shell.transition.Transitions.playTransition:776
06-06 13:00:14.029  7890  7890 I ViewRootImpl@dd0bcd7[InstrumentationActivityInvoker$EmptyActivity]: setView = com.android.internal.policy.DecorView@b428fe2 TM=true
06-06 13:00:14.029  1574  1638 I HYPER-HAL: [RequestManager.cpp]acquire(): Acquired ID : 1518318  [1577 / 165]    HINT :      list : [TID_LOW_LATENCY / 0] [TID / 5446] [TID / 5447] [TID / 5420] [TID / 5445]
06-06 13:00:14.030  1574  1638 I HYPER-HAL: [RequestManager.cpp]acquire(): Acquired ID : 1520062  [1577 / 166]    HINT :      list : [UCLAMP_MIN_BOOST / 0] [TID / 5446] [TID / 5447] [TID / 5420] [TID / 5445]
06-06 13:00:14.030  7890  7917 D OpenGLRenderer: HWUI - treat SMPTE_170M as sRGB
06-06 13:00:14.030  1574  1638 I HYPER-HAL: [RequestManager.cpp]releaseLocked(): Released ID : 1518318
06-06 13:00:14.030  1574  1638 I HYPER-HAL: [RequestManager.cpp]releaseLocked(): Released ID : 1520062
06-06 13:00:14.031  1715  1807 I SurfaceFlinger: id=701 createSurf, flag=20004, DimTransitionLayer for Surface(name=Task=16)/@0x7868aa7#701
06-06 13:00:14.031  2342  6212 V WindowManager: Relayout Window{830a52c u0 etf.ri.rma.newsfeedapp.test/androidx.test.core.app.InstrumentationActivityInvoker$EmptyActivity}: viewVisibility=0 req=1080x2340 ty=1 d0
06-06 13:00:14.032  1715  1807 I SurfaceFlinger: id=702 createSurf, flag=44004, etf.ri.rma.newsfeedapp.test/androidx.test.core.app.InstrumentationActivityInvoker$EmptyActivity$_7890#702
06-06 13:00:14.032  5355  5420 I SurfaceControl: show, t=StartTransaction_SyncId<23>, sc=Surface(name=DimTransitionLayer for Surface(name=Task=16)/@0x7868aa7)/@0x188af31, caller=com.android.wm.shell.transition.DefaultTransitionHandler.startAnimation:2946 com.android.wm.shell.transition.Transitions.dispatchTransition:80 com.android.wm.shell.transition.Transitions.playTransition:776 com.android.wm.shell.transition.Transitions.processReadyQueue:185 com.android.wm.shell.transition.Transitions.dispatchReady:751 com.android.wm.shell.transition.Transitions.onTransitionReady:118
06-06 13:00:14.032  5355  5420 I SurfaceControl: apply is called, name=StartTransaction_SyncId<23>, caller=com.android.wm.shell.transition.DefaultTransitionHandler.startAnimation:3179 com.android.wm.shell.transition.Transitions.dispatchTransition:80 com.android.wm.shell.transition.Transitions.playTransition:776 com.android.wm.shell.transition.Transitions.processReadyQueue:185 com.android.wm.shell.transition.Transitions.dispatchReady:751 com.android.wm.shell.transition.Transitions.onTransitionReady:118
06-06 13:00:14.032  1715  1807 I SurfaceFlinger: id=703 createSurf, flag=24000, Surface(name=87e62a6 NavigationBar0)/@0xf64c4fb - animation-leash of insets_animation#703
06-06 13:00:14.033  1715  1807 I SurfaceFlinger: id=704 createSurf, flag=24000, Surface(name=53a7541 StatusBar)/@0x3ba06c - animation-leash of insets_animation#704
06-06 13:00:14.033  5355  5355 D SamsungStatusBarGrayIconHelper: isGrayAppearance=false
06-06 13:00:14.033  5355  5355 D SamsungLightBarControlHelper: onStatusBarAppearanceChanged() -  sbModeChanged:false, statusBarMode:0, barState:MODE_TRANSPARENT, isKeyguardShowing:false, navbarColorManagedByIme:false, stackAppearanceChanged:true, (AppearanceRegion{LIGHT_STATUS_BARS bounds=[0,0][1080,2340]}, ), packageName:etf.ri.rma.newsfeedapp.test
06-06 13:00:14.033  5355  5355 D NavigationBar: onSystemBarAttributesChanged() -  displayId:0, appearance:24, packageName: etf.ri.rma.newsfeedapp.test (APPEARANCE_LIGHT_STATUS_BARS APPEARANCE_LIGHT_NAVIGATION_BARS ), navbarColorManagedByIme:false
06-06 13:00:14.033  5355  5355 D SamsungLightBarControlHelper: updateNavigationBar (BLACK button) isLightOpaque:false, hasLightNavigationBarFlag:true, packageName:etf.ri.rma.newsfeedapp.test, DirectReplying:false, NavBarColorMangedByIme:false, ForceDarkForScrim:false, QsCustomizing:false, PanelHasWhiteBg:false
06-06 13:00:14.034  5355  5439 I InsetsSourceConsumer: applyRequestedVisibilityToControl: visible=true, type=navigationBars, host=Splash Screen etf.ri.rma.newsfeedapp.test
06-06 13:00:14.034  5355  5355 D SamsungLightBarControlHelper: updateStatusBar (BLACK icon) numStacks:1, StatusBarMode:MODE_TRANSPARENT, lightBarBounds:[Rect(0, 0 - 1080, 2340)], StatusBarState:SHADE, packageName:etf.ri.rma.newsfeedapp.test, isWhiteKeyguardStatusBar:false
06-06 13:00:14.034  1715  3404 I SurfaceFlinger: id=705 createSurf, flag=24000, Surface(name=87e62a6 NavigationBar0)/@0xf64c4fb - animation-leash of insets_animation#705
06-06 13:00:14.034  5355  5439 I InsetsSourceConsumer: applyRequestedVisibilityToControl: visible=true, type=statusBars, host=Splash Screen etf.ri.rma.newsfeedapp.test
06-06 13:00:14.034  1715  1807 I SurfaceFlinger: id=706 createSurf, flag=24000, Surface(name=53a7541 StatusBar)/@0x3ba06c - animation-leash of insets_animation#706
06-06 13:00:14.035  2342  6212 V WindowManager: Relayout hash=830a52c, pid=7890, syncId=-1: mAttrs={(0,0)(fillxfill) sim={adjust=pan forwardNavigation} ty=BASE_APPLICATION
06-06 13:00:14.035  2342  6212 V WindowManager:   fl=81810100
06-06 13:00:14.035  2342  6212 V WindowManager:   pfl=12008040
06-06 13:00:14.035  2342  6212 V WindowManager:   bhv=DEFAULT
06-06 13:00:14.035  2342  6212 V WindowManager:   fitSides= naviIconColor=0}
06-06 13:00:14.036  7890  7890 I BLASTBufferQueue_Java: new BLASTBufferQueue, mName= ViewRootImpl@dd0bcd7[InstrumentationActivityInvoker$EmptyActivity] mNativeObject= 0xb4000074df949e10 sc.mNativeObject= 0xb4000073af93d7d0 caller= android.view.ViewRootImpl.updateBlastSurfaceIfNeeded:3031 android.view.ViewRootImpl.relayoutWindow:10121 android.view.ViewRootImpl.performTraversals:4115 android.view.ViewRootImpl.doTraversal:3291 android.view.ViewRootImpl$TraversalRunnable.run:11329 android.view.Choreographer$CallbackRecord.run:1689 android.view.Choreographer$CallbackRecord.run:1698 android.view.Choreographer.doCallbacks:1153 android.view.Choreographer.doFrame:1079 android.view.Choreographer$FrameDisplayEventReceiver.run:1646
06-06 13:00:14.036  7890  7890 I BLASTBufferQueue_Java: update, w= 1080 h= 2340 mName = ViewRootImpl@dd0bcd7[InstrumentationActivityInvoker$EmptyActivity] mNativeObject= 0xb4000074df949e10 sc.mNativeObject= 0xb4000073af93d7d0 format= -1 caller= android.graphics.BLASTBufferQueue.<init>:89 android.view.ViewRootImpl.updateBlastSurfaceIfNeeded:3031 android.view.ViewRootImpl.relayoutWindow:10121 android.view.ViewRootImpl.performTraversals:4115 android.view.ViewRootImpl.doTraversal:3291 android.view.ViewRootImpl$TraversalRunnable.run:11329
