06-06 13:00:15.008  1715  1715 D SurfaceFlinger:      CLIENT | 0xb4000073beb05870 | 0102 | RGBA_8888    |    0.0    0.0 1080.0 2340.0 |   21   47 1059 2293 | etf.ri.rma.newsfeedapp/etf.ri.rma.newsfeedapp.MainActivity$_7790#850
06-06 13:00:15.008  1715  1715 D SurfaceFlinger:      DEVICE | 0xb4000073beb0a850 | 0100 | RGBA_8888    |    0.0    0.0 1080.0   87.0 |    0    0 1080   87 | StatusBar$_5355#90
06-06 13:00:15.008  1715  1715 D SurfaceFlinger:      DEVICE | 0xb4000073beb138e0 | 0100 | RGBA_8888    |    0.0    0.0   67.0  342.0 | 1013  438 1080  780 | com.sec.android.app.launcher/com.sam[...]ce.edge.CocktailBarService$_6421#145
06-06 13:00:15.008  1715  1715 D SurfaceFlinger:      DEVICE | 0xb4000073beb0d1f0 | 0100 | RGBA_8888    |    0.0    0.0 1080.0  144.0 |    0 2196 1080 2340 | NavigationBar0$_5355#89
06-06 13:00:15.008  1715  1715 D SurfaceFlinger:
06-06 13:00:15.013  6421  9457 I ViewRootImpl@cc9c4e9[LauncherActivity]: mWNT: t=0xb40000747f96d6f0 mBlastBufferQueue=0xb4000074df963770 fn= 30 mRenderHdrSdrRatio=1.0 caller= com.android.systemui.shared.launcher.ViewRootImplCompat.mergeWithNextTransaction:4 com.honeyspace.transition.utils.SurfaceTransactionApplier.scheduleApply$lambda$1:26 com.honeyspace.transition.utils.SurfaceTransactionApplier.c:0
06-06 13:00:15.019  7012  7043 D C2SoftVpxEnc: bytes generated 28448
06-06 13:00:15.021  6421  6421 I HoneySpace.AppCloseAnimationDelegate: animatorSet end
06-06 13:00:15.021  6421  6421 I HoneySpace.AnimationResult: finish, true
06-06 13:00:15.022  6421  9458 I ViewRootImpl@cc9c4e9[LauncherActivity]: mWNT: t=0xb40000747f959c10 mBlastBufferQueue=0xb4000074df963770 fn= 31 mRenderHdrSdrRatio=1.0 caller= com.android.systemui.shared.launcher.ViewRootImplCompat.mergeWithNextTransaction:4 com.honeyspace.transition.utils.SurfaceTransactionApplier.scheduleApply$lambda$1:26 com.honeyspace.transition.utils.SurfaceTransactionApplier.c:0
06-06 13:00:15.030  1715  1715 D SurfaceFlinger: GPIS:: requestGPISForClientComposition
06-06 13:00:15.032  1715  6620 I SurfaceFlinger: id=822 Removed Surface(name=Task=18)/@0x93ec369_transition-leash#822 (231)
06-06 13:00:15.033  1715  6620 I SurfaceFlinger: id=821 Removed Surface(name=Task=1)/@0x66d5a33_transition-leash#821 (231)
06-06 13:00:15.033  1652  2311 I QC2CompStore: Setting heap usage to system
06-06 13:00:15.033  7012  7043 D BufferPoolAccessor2.0: bufferpool2 0xb400007dbe05aed8 : 66(2371886 size) total buffers - 1(31322 size) used buffers - 83/362 (recycle/alloc) - 287/361 (fetch/transfer)
06-06 13:00:15.033  7012  7043 D C2SoftVpxEnc: bytes generated 31322
06-06 13:00:15.037  1715  1715 I Layer   : id=821 Destroyed Surface(name=Task=1)/@0x66d5a33_transition-leash#821
06-06 13:00:15.037  1715  1715 I Layer   : id=822 Destroyed Surface(name=Task=18)/@0x93ec369_transition-leash#822
06-06 13:00:15.046  7012  7043 D C2SoftVpxEnc: bytes generated 25042
06-06 13:00:15.058  7012  7043 D C2SoftVpxEnc: bytes generated 18724
06-06 13:00:15.072  7012  7043 D C2SoftVpxEnc: bytes generated 32294
06-06 13:00:15.084  7012  7043 D C2SoftVpxEnc: bytes generated 32565
06-06 13:00:15.097  7012  7043 D C2SoftVpxEnc: bytes generated 31666
06-06 13:00:15.109  7012  7043 D C2SoftVpxEnc: bytes generated 30375
06-06 13:00:15.121  6421  6421 I HoneySpace.HomescreenPot: playContentAnimator end, skip alpha: false
06-06 13:00:15.121  6421  6421 I HoneySpace.HoneyScreenManagerImpl: transitionAnimator is ended, onCancel: false
06-06 13:00:15.121  6421  6421 I HoneySpace.ContentsAnimator: ContentsAnimator end
06-06 13:00:15.121  7012  7043 D C2SoftVpxEnc: bytes generated 29484
06-06 13:00:15.122  6421  6421 I HoneySpace.WallpaperAnimator: wallpaper animation end
06-06 13:00:15.132  2342  5264 I SemWifiServiceDetector: Service det. resumed
06-06 13:00:15.134  7012  7043 D C2SoftVpxEnc: bytes generated 27439
06-06 13:00:15.138  1715  1715 I Layer   : Layer::reparent [RemoteWallpaperAnim:1:1#8] newParent : OneHanded:0:14#5 , isRemovedFromCurrentState : 0 -------------------------
06-06 13:00:15.138  1715  1715 I Layer   : Layer::reparent [RemoteWallpaperAnim:1:1#8] End -------------------------
06-06 13:00:15.138  1715  1715 I Layer   : Layer::reparent [Surface(name=RemoteWallpaperAnim:1:1)/@0xbe3243d - animation-leash of remote_wallpaper#826] newParentHandle : null -------------------------
06-06 13:00:15.138  1715  1715 I Layer   : id=826 removeFromCurrentState Surface(name=RemoteWallpaperAnim:1:1)/@0xbe3243d - animation-leash of remote_wallpaper#826 (229)
06-06 13:00:15.138  1715  1715 I Layer   : Layer::reparent [Surface(name=RemoteWallpaperAnim:1:1)/@0xbe3243d - animation-leash of remote_wallpaper#826] End -------------------------
06-06 13:00:15.138  1715  1715 I Layer   : id=827 Destroyed Surface(name=RemoteWallpaperAnim:1:1)/@0xbe3243d - animation-leash of remote_wallpaper#826 (Mirror)#827
06-06 13:00:15.138  6421  6421 I Edge.TrayVisibilityController: getComputedTrayVisible : keyguardState = 1
06-06 13:00:15.138  6421  6421 I Edge.TrayVisibilityController: updateTrayVisible: State=1 visible=1 mCurrentVisible=1 specificMode=0
06-06 13:00:15.138  6421  6421 I Edge.TrayStateController: onNotifyUpdateTray: state=0
06-06 13:00:15.147  7012  7043 D C2SoftVpxEnc: bytes generated 26442
06-06 13:00:15.162  7012  7043 D C2SoftVpxEnc: bytes generated 46746
06-06 13:00:15.174  7012  7043 D C2SoftVpxEnc: bytes generated 34312
06-06 13:00:15.186  7012  7043 D C2SoftVpxEnc: bytes generated 23557
06-06 13:00:15.202  1652  2311 I QC2CompStore: Setting heap usage to system
06-06 13:00:15.202  7012  7043 D C2SoftVpxEnc: bytes generated 88639
06-06 13:00:15.214  5355  5420 I SurfaceControl: apply is called, name=FinishTransaction_SyncId<28>, caller=android.view.SurfaceControl$Transaction.apply:2921 com.android.wm.shell.transition.Transitions.onFinish:302 com.android.wm.shell.transition.Transitions$$ExternalSyntheticLambda6.onTransitionFinished:15 com.android.wm.shell.transition.DefaultTransitionHandler$$ExternalSyntheticLambda5.run:125 com.android.wm.shell.transition.DefaultTransitionHandler$$ExternalSyntheticLambda3.run:52 android.os.Handler.handleCallback:958
06-06 13:00:15.216  6421  6421 I ViewRootImpl@cc9c4e9[LauncherActivity]: handleAppVisibility mAppVisible = true visible = false
06-06 13:00:15.216  5355 32029 I WallpaperService: dispatchAppVisibility: system, visible=false
06-06 13:00:15.216  5355  5533 I WallpaperService: reportVisibility: visibility changed. visible=false
06-06 13:00:15.216  5355  5533 I ImageWallpaper[CanvasEngine_d0_w1]:  onVisibilityChanged: visible=false , displayId=0
06-06 13:00:15.218  7012  7043 D C2SoftVpxEnc: bytes generated 92096
06-06 13:00:15.221  1715  1715 I Layer   : Layer::reparent [Transition Root: Task=19#840] newParentHandle : null -------------------------
06-06 13:00:15.221  1715  1715 I Layer   : id=840 removeFromCurrentState Transition Root: Task=19#840 (228)
06-06 13:00:15.221  1715  1715 I Layer   : id=52 removeFromCurrentState Task=1#52 (228)
06-06 13:00:15.221  1715  1715 I Layer   : id=138 removeFromCurrentState Task=8#138 (228)
06-06 13:00:15.221  1715  1715 I Layer   : id=139 removeFromCurrentState ActivityRecord{4bdcf41 u0 com.sec.android.app.launcher/.activities.LauncherActivity t8}#139 (228)
06-06 13:00:15.221  1715  1715 I Layer   : id=150 removeFromCurrentState 6231c4b ActivityRecordInputSink com.sec.android.app.launcher/.Launcher#150 (228)
06-06 13:00:15.221  1715  1715 I Layer   : id=221 removeFromCurrentState da5c5e7 com.sec.android.app.launcher/com.sec.android.app.launcher.activities.LauncherActivity#221 (228)
06-06 13:00:15.221  1715  1715 I Layer   : id=812 removeFromCurrentState com.sec.android.app.launcher/com.sec.android.app.launcher.activities.LauncherActivity$_6421#812 (228)
06-06 13:00:15.221  1715  1715 I Layer   : id=832 removeFromCurrentState Task=19#832 (228)
06-06 13:00:15.221  1715  1715 I Layer   : id=833 removeFromCurrentState ActivityRecord{9bdbc61 u0 etf.ri.rma.newsfeedapp/.MainActivity t19}#833 (228)
06-06 13:00:15.221  1715  1715 I Layer   : id=842 removeFromCurrentState 196bc6b ActivityRecordInputSink etf.ri.rma.newsfeedapp/.MainActivity#842 (228)
06-06 13:00:15.221  1715  1715 I Layer   : id=841 removeFromCurrentState d9e191a etf.ri.rma.newsfeedapp/etf.ri.rma.newsfeedapp.MainActivity#841 (228)
06-06 13:00:15.221  1715  1715 I Layer   : id=850 removeFromCurrentState etf.ri.rma.newsfeedapp/etf.ri.rma.newsfeedapp.MainActivity$_7790#850 (228)
06-06 13:00:15.221  1715  1715 I Layer   : id=17 removeFromCurrentState ImeContainer#17 (228)
06-06 13:00:15.221  1715  1715 I Layer   : id=98 removeFromCurrentState WindowToken{f7b1b09 type=2011 android.os.Binder@15b9410}#98 (228)
06-06 13:00:15.221  1715  1715 I Layer   : id=858 removeFromCurrentState Surface(name=ac5a498 InputMethod)/@0x1895ba - animation-leash of insets_animation#858 (228)
06-06 13:00:15.221  1715  1715 I Layer   : id=154 removeFromCurrentState ac5a498 InputMethod#154 (228)
06-06 13:00:15.221  1715  1715 I Layer   : id=836 removeFromCurrentState e8a83e0 Splash Screen etf.ri.rma.newsfeedapp#836 (228)
06-06 13:00:15.221  1715  1715 I Layer   : id=837 removeFromCurrentState Splash Screen etf.ri.rma.newsfeedapp$_5355#837 (228)
06-06 13:00:15.221  1715  1715 I Layer   : Layer::reparent [Transition Root: Task=19#840] End -------------------------
06-06 13:00:15.221  1715  1715 I Layer   : Layer::reparent [Task=19#832] newParent : DefaultTaskDisplayArea_d0#12 , isRemovedFromCurrentState : 0 -------------------------
06-06 13:00:15.221  1715  1715 I Layer   : id=832 addToCurrentState Task=19#832 (228)
06-06 13:00:15.221  1715  1715 I Layer   : id=833 addToCurrentState ActivityRecord{9bdbc61 u0 etf.ri.rma.newsfeedapp/.MainActivity t19}#833 (228)
06-06 13:00:15.221  1715  1715 I Layer   : id=842 addToCurrentState 196bc6b ActivityRecordInputSink etf.ri.rma.newsfeedapp/.MainActivity#842 (228)
06-06 13:00:15.221  1715  1715 I Layer   : id=841 addToCurrentState d9e191a etf.ri.rma.newsfeedapp/etf.ri.rma.newsfeedapp.MainActivity#841 (228)
06-06 13:00:15.221  1715  1715 I Layer   : id=850 addToCurrentState etf.ri.rma.newsfeedapp/etf.ri.rma.newsfeedapp.MainActivity$_7790#850 (228)
06-06 13:00:15.221  1715  1715 I Layer   : id=17 addToCurrentState ImeContainer#17 (228)
06-06 13:00:15.221  1715  1715 I Layer   : id=98 addToCurrentState WindowToken{f7b1b09 type=2011 android.os.Binder@15b9410}#98 (228)
06-06 13:00:15.221  1715  1715 I Layer   : id=858 addToCurrentState Surface(name=ac5a498 InputMethod)/@0x1895ba - animation-leash of insets_animation#858 (228)
06-06 13:00:15.221  1715  1715 I Layer   : id=154 addToCurrentState ac5a498 InputMethod#154 (228)
06-06 13:00:15.221  1715  1715 I Layer   : id=836 addToCurrentState e8a83e0 Splash Screen etf.ri.rma.newsfeedapp#836 (228)
06-06 13:00:15.221  1715  1715 I Layer   : id=837 addToCurrentState Splash Screen etf.ri.rma.newsfeedapp$_5355#837 (228)
06-06 13:00:15.221  1715  1715 I Layer   : Layer::reparent [Task=19#832] End -------------------------
06-06 13:00:15.221  1715  1715 I Layer   : Layer [Task=1#52] hidden!! flag(1)
06-06 13:00:15.221  1715  1715 I Layer   : Layer::reparent [Task=1#52] newParent : DefaultTaskDisplayArea_d0#12 , isRemovedFromCurrentState : 0 -------------------------
06-06 13:00:15.221  1715  1715 I Layer   : id=52 addToCurrentState Task=1#52 (228)
06-06 13:00:15.221  1715  1715 I Layer   : id=138 addToCurrentState Task=8#138 (228)
06-06 13:00:15.221  1715  1715 I Layer   : id=139 addToCurrentState ActivityRecord{4bdcf41 u0 com.sec.android.app.launcher/.activities.LauncherActivity t8}#139 (228)
06-06 13:00:15.221  1715  1715 I Layer   : id=150 addToCurrentState 6231c4b ActivityRecordInputSink com.sec.android.app.launcher/.Launcher#150 (228)
06-06 13:00:15.221  1715  1715 I Layer   : id=221 addToCurrentState da5c5e7 com.sec.android.app.launcher/com.sec.android.app.launcher.activities.LauncherActivity#221 (228)
06-06 13:00:15.221  1715  1715 I Layer   : id=812 addToCurrentState com.sec.android.app.launcher/com.sec.android.app.launcher.activities.LauncherActivity$_6421#812 (228)
06-06 13:00:15.221  1715  1715 I Layer   : Layer::reparent [Task=1#52] End -------------------------
06-06 13:00:15.221  1715  1715 I Layer   : Layer::reparent [Transition Root: Task=19#840] newParentHandle : null -------------------------
06-06 13:00:15.221  1715  1715 I Layer   : id=840 removeFromCurrentState Transition Root: Task=19#840 (228)
06-06 13:00:15.221  1715  1715 I Layer   : Layer::reparent [Transition Root: Task=19#840] End -------------------------
06-06 13:00:15.221  1715  1715 I Layer   : Layer::reparent [Splash Screen etf.ri.rma.newsfeedapp$_5355#837] newParentHandle : null -------------------------
06-06 13:00:15.221  1715  1715 I Layer   : id=837 removeFromCurrentState Splash Screen etf.ri.rma.newsfeedapp$_5355#837 (228)
06-06 13:00:15.221  1715  1715 I Layer   : Layer::reparent [Splash Screen etf.ri.rma.newsfeedapp$_5355#837] End -------------------------
06-06 13:00:15.221  1715  1715 I Layer   : Layer::reparent [e8a83e0 Splash Screen etf.ri.rma.newsfeedapp#836] newParentHandle : null -------------------------
06-06 13:00:15.221  1715  1715 I Layer   : id=836 removeFromCurrentState e8a83e0 Splash Screen etf.ri.rma.newsfeedapp#836 (228)
06-06 13:00:15.221  1715  1715 I Layer   : Layer::reparent [e8a83e0 Splash Screen etf.ri.rma.newsfeedapp#836] End -------------------------
06-06 13:00:15.221  6421  6421 I ViewRootImpl@cc9c4e9[LauncherActivity]: destroyHardwareResources: Callers=android.view.ViewRootImpl.performTraversals:3937 android.view.ViewRootImpl.doTraversal:3291 android.view.ViewRootImpl$TraversalRunnable.run:11329 android.view.Choreographer$CallbackRecord.run:1689 android.view.Choreographer$CallbackRecord.run:1698 android.view.Choreographer.doCallbacks:1153 android.view.Choreographer.doFrame:1079 android.view.Choreographer$FrameDisplayEventReceiver.run:1646 android.os.Handler.handleCallback:958 android.os.Handler.dispatchMessage:99
06-06 13:00:15.221  1715  1715 I Layer   : Layer [com.android.systemui.wallpapers.ImageWallpaper_system$_5355#93] hidden!! flag(1)
06-06 13:00:15.221  1715  1715 I Layer   : Layer [ActivityRecord{4bdcf41 u0 com.sec.android.app.launcher/.activities.LauncherActivity t8}#139] hidden!! flag(1)
06-06 13:00:15.221  1715  1715 I Layer   : Layer [com.sec.android.app.launcher/com.sec.android.app.launcher.activities.LauncherActivity$_6421#812] hidden!! flag(1)
06-06 13:00:15.221  1715  1715 I Layer   : Layer [Task=8#138] hidden!! flag(1)
06-06 13:00:15.221  1715  1715 I Layer   : id=838 Destroyed e8a83e0 Splash Screen etf.ri.rma.newsfeedapp#836 (Mirror)#838
06-06 13:00:15.221  1715  1715 I Layer   : id=845 Destroyed Transition Root: Task=19#840 (Mirror)#845
06-06 13:00:15.221  1715  1715 I SurfaceFlinger: id=837 Removed Splash Screen etf.ri.rma.newsfeedapp$_5355#837 (226)
06-06 13:00:15.221  1715  1715 I SurfaceFlinger: id=826 Removed Surface(name=RemoteWallpaperAnim:1:1)/@0xbe3243d - animation-leash of remote_wallpaper#826 (226)
06-06 13:00:15.221  1715  1715 I SurfaceFlinger: id=840 Removed Transition Root: Task=19#840 (226)
06-06 13:00:15.221  1715  1715 I SurfaceFlinger: id=836 Removed e8a83e0 Splash Screen etf.ri.rma.newsfeedapp#836 (226)
06-06 13:00:15.221  1715  1715 I SurfaceFlinger: id=773 Removed 5223efb Splash Screen etf.ri.rma.newsfeedapp.test#773 (226)
06-06 13:00:15.222  1715  1715 I Layer   : id=839 Destroyed Splash Screen etf.ri.rma.newsfeedapp$_5355#837 (Mirror)#839
06-06 13:00:15.224  2342  6212 V WindowManager: Relayout Window{da5c5e7 u0 com.sec.android.app.launcher/com.sec.android.app.launcher.activities.LauncherActivity}: viewVisibility=8 req=1080x2340 ty=1 d0
06-06 13:00:15.226  2342  6212 V WindowManager: Relayout hash=da5c5e7, pid=6421, syncId=-1: mAttrs={(0,0)(fillxfill) sim={adjust=nothing} layoutInDisplayCutoutMode=shortEdges ty=BASE_APPLICATION fmt=TRANSPARENT wanim=0x10302f2
06-06 13:00:15.226  2342  6212 V WindowManager:   fl=81910100
06-06 13:00:15.226  2342  6212 V WindowManager:   pfl=1a008040
06-06 13:00:15.226  2342  6212 V WindowManager:   bhv=SHOW_TRANSIENT_BARS_BY_SWIPE
06-06 13:00:15.226  2342  6212 V WindowManager:   fitSides= naviIconColor=0}
06-06 13:00:15.227  1715  1715 D SurfaceFlinger: Display 4630946970390616451 HWC layers:
06-06 13:00:15.227  1715  1715 D SurfaceFlinger:      DEVICE | 0xb4000073beb05870 | 0102 | RGBA_8888    |    0.0    0.0 1080.0 2340.0 |    0    0 1080 2340 | etf.ri.rma.newsfeedapp/etf.ri.rma.newsfeedapp.MainActivity$_7790#850
06-06 13:00:15.227  1715  1715 D SurfaceFlinger:      DEVICE | 0xb4000073beb087b0 | 0100 | RGBA_8888    |    0.0    0.0 1080.0   87.0 |    0    0 1080   87 | StatusBar$_5355#90
06-06 13:00:15.227  1715  1715 D SurfaceFlinger:      DEVICE | 0xb4000073beb138e0 | 0100 | RGBA_8888    |    0.0    0.0   67.0  342.0 | 1013  438 1080  780 | com.sec.android.app.launcher/com.sam[...]ce.edge.CocktailBarService$_6421#145
06-06 13:00:15.227  1715  1715 D SurfaceFlinger:      DEVICE | 0xb4000073beb0fb90 | 0100 | RGBA_8888    |    0.0    0.0 1080.0  144.0 |    0 2196 1080 2340 | NavigationBar0$_5355#89
06-06 13:00:15.227  1715  1715 D SurfaceFlinger:
06-06 13:00:15.227  1574  1638 I HYPER-HAL: [RequestManager.cpp]acquire(): Acquired ID : 1542825  [1577 / 179]    HINT :      list : [TID_LOW_LATENCY / 0] [TID / 9457] [TID / 9458] [TID / 6421] [TID / 9453]
06-06 13:00:15.227  6421  6421 I ViewRootImpl@cc9c4e9[LauncherActivity]: Relayout returned: old=(0,0,1080,2340) new=(0,0,1080,2340) relayoutAsync=false req=(1080,2340)8 dur=2 res=0x402 s={false 0x0} ch=true seqId=0
06-06 13:00:15.228  1574  1638 I HYPER-HAL: [RequestManager.cpp]acquire(): Acquired ID : 1544583  [1577 / 180]    HINT :      list : [UCLAMP_MIN_BOOST / 0] [TID / 9457] [TID / 9458] [TID / 6421] [TID / 9453]
06-06 13:00:15.228 24682 24682 I A       : onStop
06-06 13:00:15.228  2342  6212 I AppWidgetServiceImpl: stopListening callbacks : null
06-06 13:00:15.228  1574  1638 I HYPER-HAL: [RequestManager.cpp]releaseLocked(): Released ID : 1542825
06-06 13:00:15.228  1574  1638 I HYPER-HAL: [RequestManager.cpp]releaseLocked(): Released ID : 1544583
06-06 13:00:15.228  6421  6421 I HoneySpace.ContentsAnimator: end call
06-06 13:00:15.228  6421  6421 I ViewRootImpl@cc9c4e9[LauncherActivity]: stopped(true) old = false
06-06 13:00:15.228  6421  6421 I HoneySpace.Launcher: !@Boot_EBS_D: Launcher.onStop()
06-06 13:00:15.229  6421  6421 I HoneySpace.OneUiSpace: onSaveInstanceState honeyScreen=tb.l0@31661c4
06-06 13:00:15.229  1715  1715 I Layer   : id=836 Destroyed e8a83e0 Splash Screen etf.ri.rma.newsfeedapp#836
06-06 13:00:15.229  1715  1715 I Layer   : id=837 Destroyed Splash Screen etf.ri.rma.newsfeedapp$_5355#837
06-06 13:00:15.229  1715  1715 I Layer   : id=840 Destroyed Transition Root: Task=19#840
06-06 13:00:15.229  1715  1715 I Layer   : id=773 Destroyed 5223efb Splash Screen etf.ri.rma.newsfeedapp.test#773
06-06 13:00:15.229  1715  1715 I Layer   : id=826 Destroyed Surface(name=RemoteWallpaperAnim:1:1)/@0xbe3243d - animation-leash of remote_wallpaper#826
06-06 13:00:15.231  1574  1638 I HYPER-HAL: [RequestManager.cpp]acquire(): Acquired ID : 1574622  [1577 / 197]    HINT :      list : [TID_LOW_LATENCY / 1] [TID / 9457] [TID / 9458] [TID / 6421] [TID / 9453]
06-06 13:00:15.233  2342  2630 D PkgPredictorService-SecIpmManagerServiceImpl: bg information pid:6421 uid:10150 pkgName:com.sec.android.app.launcher
06-06 13:00:15.236  1652  2311 I QC2CompStore: Setting heap usage to system
06-06 13:00:15.236  7012  7043 D C2SoftVpxEnc: bytes generated 105083
06-06 13:00:15.237  1715  1715 I Layer   : Layer::reparent [com.sec.android.app.launcher/com.sec.android.app.launcher.activities.LauncherActivity$_6421#812] newParentHandle : null -------------------------
06-06 13:00:15.237  1715  1715 I Layer   : id=812 removeFromCurrentState com.sec.android.app.launcher/com.sec.android.app.launcher.activities.LauncherActivity$_6421#812 (220)
06-06 13:00:15.237  1715  1715 I Layer   : Layer::reparent [com.sec.android.app.launcher/com.sec.android.app.launcher.activities.LauncherActivity$_6421#812] End -------------------------
06-06 13:00:15.238  1715  1715 I SurfaceFlinger: id=812 Removed com.sec.android.app.launcher/com.sec.android.app.launcher.activities.LauncherActivity$_6421#812 (220)
06-06 13:00:15.238  1715  1715 W SurfaceFlinger: couldn't log to binary event log: overflow.
06-06 13:00:15.238  1715  1715 I Layer   : id=815 Destroyed com.sec.android.app.launcher/com.sec.android.app.launcher.activities.LauncherActivity$_6421#812 (Mirror)#815
06-06 13:00:15.246  1715  1715 W SurfaceFlinger: couldn't log to binary event log: overflow.
06-06 13:00:15.246  1715  1715 I Layer   : id=812 Destroyed com.sec.android.app.launcher/com.sec.android.app.launcher.activities.LauncherActivity$_6421#812
06-06 13:00:15.249  1574  8147 I HYPER-HAL: [RequestManager.cpp]releaseLocked(): Released ID : 2781277
06-06 13:00:15.251  7012  7043 D C2SoftVpxEnc: bytes generated 67961
06-06 13:00:15.254  7790  7812 D TrafficStats: tagSocket(142) with statsTag=0xffffffff, statsUid=-1
06-06 13:00:15.257  2342 18669 D SemWifiUsabilityStatsMonitor: onWifiUsabilityStats - seqNum 3061, isSameBssidAndFreq true
06-06 13:00:15.257  2342  5265 I SemWifiLinkQualityMonitor: Link stat: 2552 / 1646 / 1.31 (190) / 206 / -56.0 || 100.0 : 206.00 / 0.5 : 0.76 / 0.55 : 0.64 / RT QoS: false (false) || QoS: 0.24 ms / 33.11 Mbps (N) / 0 (0)
06-06 13:00:15.257  2342  5296 D WifiConnectivityMonitor: called startWcmPoll but already Ongoing
06-06 13:00:15.257  2342  5296 D SemWifiRssiBasePoller: RSSI_BASE_STOP
06-06 13:00:15.258  5355  5355 D StatusBarIconController: ignoring old pipeline callback because the new wifi icon is enabled
06-06 13:00:15.258  2342  2632 I ChimeraSystemEventListener: appLaunchIntent package name is: etf.ri.rma.newsfeedapp.test
06-06 13:00:15.260  2342  6621 I SemDvfsHyPerManager: acquire hyper - AMS_APP_SWITCH/2342@31, type = -999
06-06 13:00:15.261  1574  1638 I HYPER-HAL: [RequestManager.cpp]acquire(): Acquired ID : 2816782  [2342 / 31]    HINT : AMS_APP_SWITCH    list :
06-06 13:00:15.261  1715  6620 I SurfaceFlinger: id=861 createSurf, flag=24004, Task=20#861
06-06 13:00:15.261  8184  8184 I SemDvfsHyPerManager: acquire hyper - APP_START_SHORT/8184@19, type = -999
06-06 13:00:15.262  1715  6620 I SurfaceFlinger: id=862 createSurf, flag=84004, ActivityRecord{f9fd5f4 u0 etf.ri.rma.newsfeedapp.test/androidx.test.core.app.InstrumentationActivityInvoker$EmptyActivity t20}#862
06-06 13:00:15.263  1574  1638 I HYPER-HAL: [RequestManager.cpp]acquire(): Acquired ID : 33648725  [8184 / 19]    HINT : APP_START    list : [TIMEOUT / 1500]
06-06 13:00:15.265  2342  6212 I SemDvfsHyPerManager: acquire hyper - AMS_APP_LAUNCH/2342@18, type = -999
06-06 13:00:15.265  7012  7043 D BufferPoolAccessor2.0: bufferpool2 0xb400007dbe05aed8 : 66(2750253 size) total buffers - 1(70900 size) used buffers - 83/379 (recycle/alloc) - 304/378 (fetch/transfer)
06-06 13:00:15.265  7012  7043 D C2SoftVpxEnc: bytes generated 70900
06-06 13:00:15.267  7273  7273 E pageboostd: Received HALT command code 2
06-06 13:00:15.267  1930  5588 I CameraService: onUidStateChanged: uid=10046, procState is changed. (0 -> 1)
06-06 13:00:15.267  8184  8184 I SemDvfsHyPerManager: acquire hyper - APP_START/8184@21, type = -999
06-06 13:00:15.267  1574  1638 I HYPER-HAL: [RequestManager.cpp]acquire(): Acquired ID : 2785998  [2342 / 18]    HINT : AMS_APP_LAUNCH    list :
06-06 13:00:15.267  2342  5137 D SecContentProvider: query(), uri = 17 selection = isSettingsChangesAllowed
06-06 13:00:15.267  7790  7790 D LifecycleMonitor: Lifecycle status change: etf.ri.rma.newsfeedapp.MainActivity@91b30b5 in: PAUSED
06-06 13:00:15.267  1574  1638 I HYPER-HAL: [RequestManager.cpp]acquire(): Acquired ID : 33665136  [8184 / 21]    HINT : APP_START    list :
06-06 13:00:15.267  7790  7790 V ActivityScenario: Update currentActivityStage to PAUSED, currentActivity=etf.ri.rma.newsfeedapp.MainActivity@91b30b5
06-06 13:00:15.268  5355  5445 D NativeCustomFrequencyManager: [NativeCFMS] BpCustomFrequencyManager::BpCustomFrequencyManager()
06-06 13:00:15.268  6421  6488 I HoneySpace.TopTaskSource: onTaskMovedToFront : taskId = 20
06-06 13:00:15.269  6421  6490 I HoneySpace.TopTaskUseCase: topTasks 20 ComponentInfo{etf.ri.rma.newsfeedapp.test/androidx.test.core.app.InstrumentationActivityInvoker$EmptyActivity}
06-06 13:00:15.269  2342  6212 D InputDispatcher: Focused application(0): ActivityRecord{f9fd5f4 u0 etf.ri.rma.newsfeedapp.test/androidx.test.core.app.InstrumentationActivityInvoker$EmptyActivity t20}
06-06 13:00:15.271  1574  1638 I HYPER-HAL: [RequestManager.cpp]acquire(): Acquired ID : 1578175  [1577 / 199]    HINT :      list : [TID_LOW_LATENCY / 1] [TID / 5446] [TID / 5447] [TID / 5439] [TID / 5445]
06-06 13:00:15.271  2342  5455 D InputTransport: Input channel constructed: '6aeacbf', fd=959
06-06 13:00:15.271  2342  5455 D InputTransport: Input channel constructed: '6aeacbf', fd=975
06-06 13:00:15.271  6421  4145 I HoneySpace.RecentTasks: onRecentTasksChanged
06-06 13:00:15.271  2342  5455 D InputTransport: Input channel constructed: '6aeacbf', fd=1004
06-06 13:00:15.271  6421  7247 I HoneySpace.RecentTasks: onRecentTasksChanged
06-06 13:00:15.271  1715  1806 I SurfaceFlinger: id=865 createSurf, flag=84004, 6aeacbf Splash Screen etf.ri.rma.newsfeedapp.test#865
06-06 13:00:15.272  2342  5455 D InputTransport: Input channel destroyed: '6aeacbf', fd=1004
06-06 13:00:15.272  2342  5206 D AS.MultiSoundManager: mForegroundUid = 10318
06-06 13:00:15.272  2342  5206 D AS.MultiSoundManager: mForegroundUid = 10318
06-06 13:00:15.274  1636  1665 E ANDR-PERF-RESOURCEQS: ANDR-PERF-RESOURCEQS: AddAndApply() 167: Failed to apply optimization [10, 8]
06-06 13:00:15.274  5355  5439 I InsetsController: onStateChanged: host=Splash Screen etf.ri.rma.newsfeedapp.test, from=android.view.ViewRootImpl.setView:1751, state=InsetsState: {mDisplayFrame=Rect(0, 0 - 1080, 2340), mDisplayCutout=DisplayCutout{insets=Rect(0, 87 - 0, 0) waterfall=Insets{left=0, top=0, right=0, bottom=0} boundingRect={Bounds=[Rect(0, 0 - 0, 0), Rect(512, 0 - 568, 87), Rect(0, 0 - 0, 0), Rect(0, 0 - 0, 0)]} cutoutPathParserInfo={CutoutPathParserInfo{displayWidth=1080 displayHeight=2340 physicalDisplayWidth=1080 physicalDisplayHeight=2340 density={3.0} cutoutSpec={M 0,0 H -9.333333333333333 V 29 H 9.333333333333333 V 0 H 0 Z @dp} rotation={0} scale={1.0} physicalPixelDisplaySizeRatio={1.0}}}}, mRoundedCorners=RoundedCorners{[RoundedCorner{position=TopLeft, radius=102, center=Point(102, 102)}, RoundedCorner{position=TopRight, radius=102, center=Point(978, 102)}, RoundedCorner{position=BottomRight, radius=102, center=Point(978, 2238)}, RoundedCorner{position=BottomLeft, radius=102, center=Point(102, 2238)}]}  mRoundedCornerFrame=Rect(0, 0 - 1080, 2340), mPrivacyIndicatorBounds=PrivacyIndicatorBounds {static bounds=Rect(948, 0 - 1080, 87) rotation=0}, mDisplayShape=DisplayShape{ spec=1769313948 displayWidth=1080 displayHeight=2340 physicalPixelDisplaySizeRatio=1.0 rotation=0 offsetX=0 offsetY=0 scale=1.0}, mSources= { InsetsSource: {985d0000 mType=statusBars mFrame=[0,0][1080,87] mVisible=true mFlags=[]}, InsetsSource: {985d0005 mType=mandatorySystemGestures mFrame=[0,0][1080,123] mVisible=true mFlags=[]}, InsetsSource: {985d0006 mType=tappableElement mFrame=[0,0][1080,87] mVisible=true mFlags=[]}, InsetsSource: {3 mType=ime mFrame=[0,0][0,0] mVisible=false mFlags=[]}, InsetsSource: {27 mType=displayCutout mFrame=[0,0][1080,87] mVisible=true mFlags=[]}, InsetsSource: {26df0001 mType=navigationBars mFrame=[0,2196][1080,2340] mVisible=true mFlags=[]}, InsetsSource: {26df0004 mType=systemGestures mFrame=[0,0][0,0] mVisible=true mFlags=[]}, InsetsSource: {26df0005 mType=mandatorySystemGestures mFrame=[0,2196][1080,2340] mVisible=true mFlags=[]}, InsetsSource: {26df0006 mType=tappableElement mFrame=[0,2196][1080,2340] mVisible=true mFlags=[]}, InsetsSource: {26df0024 mType=systemGestures mFrame=[0,0][0,0] mVisible=true mFlags=[]} }
06-06 13:00:15.274  5355  5439 I ViewRootImpl@dd5e81e[test]: synced displayState. AttachInfo displayState=2
06-06 13:00:15.274  5355  5439 I ViewRootImpl@dd5e81e[test]: setView = android.widget.FrameLayout@cd813b8 TM=true
06-06 13:00:15.274  5355  5445 D OpenGLRenderer: HWUI - treat SMPTE_170M as sRGB
06-06 13:00:15.274  7890  7917 I AdrenoGLES-0: QUALCOMM build                   : d774a8672e, I8ea610b5b4
06-06 13:00:15.274  7890  7917 I AdrenoGLES-0: Build Date                       : 01/03/24
06-06 13:00:15.274  7890  7917 I AdrenoGLES-0: OpenGL ES Shader Compiler Version: E031.42.23.12
06-06 13:00:15.274  7890  7917 I AdrenoGLES-0: Local Branch                     :
06-06 13:00:15.274  7890  7917 I AdrenoGLES-0: Remote Branch                    : refs/tags/AU_LINUX_ANDROID_LA.VENDOR.14.3.0.11.00.00.973.408
06-06 13:00:15.274  7890  7917 I AdrenoGLES-0: Remote Branch                    : NONE
06-06 13:00:15.274  7890  7917 I AdrenoGLES-0: Reconstruct Branch               : NOTHING
06-06 13:00:15.274  7890  7917 I AdrenoGLES-0: Build Config                     : S P 16.1.2 AArch64
06-06 13:00:15.274  7890  7917 I AdrenoGLES-0: Driver Path                      : /vendor/lib64/egl/libGLESv2_adreno.so
06-06 13:00:15.274  7890  7917 I AdrenoGLES-0: Driver Version                   : 0744.18
06-06 13:00:15.274  7890  7917 I AdrenoGLES-0: Process Name                     : etf.ri.rma.newsfeedapp.test
06-06 13:00:15.275  6421  6488 I HoneySpace.TopTaskSource: onTaskFocusChanged(): taskId = 20
06-06 13:00:15.275  6421  6488 I HoneySpace.TopTaskSource: onTaskFocusChanged(): taskId = 20
06-06 13:00:15.275  6421  6488 I HoneySpace.TopTaskSource: onTaskMovedToFront : taskId = 20
06-06 13:00:15.275  6421  6488 I HoneySpace.TopTaskSource: onTaskMovedToFront : taskId = 20
06-06 13:00:15.276 11224 11224 D HidDeviceService: handleMessage(): msg.what=8
06-06 13:00:15.276  2342  2630 D PkgPredictorService-SecIpmManagerServiceImpl: onForegroundActivitiesChanged pid:7890 uid:10318
06-06 13:00:15.277  2342  7097 V PkgPredictorService-SecIpmManagerServiceImpl: discard foreground app:etf.ri.rma.newsfeedapp.test 1|true
06-06 13:00:15.279  1715  1715 I BpBinder: onLastStrongRef automatically unlinking death recipients:
06-06 13:00:15.280  2342  3323 V WindowManager: Relayout Window{6aeacbf u0 Splash Screen etf.ri.rma.newsfeedapp.test}: viewVisibility=0 req=1080x2340 ty=3 d0
06-06 13:00:15.280  2342  5137 D InputDispatcher: Focus left window (0): d9e191a etf.ri.rma.newsfeedapp/etf.ri.rma.newsfeedapp.MainActivity
06-06 13:00:15.280  1715  1806 I SurfaceFlinger: id=867 createSurf, flag=44004, Splash Screen etf.ri.rma.newsfeedapp.test$_5355#867
06-06 13:00:15.280  7790  7790 I ViewRootImpl@a42f5f0[MainActivity]: handleWindowFocusChanged: 0 0 call from android.view.ViewRootImpl.-$$Nest$mhandleWindowFocusChanged:0
06-06 13:00:15.281  7790  7790 I ImeFocusController: onPreWindowFocus: skipped, hasWindowFocus=false mHasImeFocus=true
06-06 13:00:15.281  7012  7043 D C2SoftVpxEnc: bytes generated 72281
06-06 13:00:15.281  7790  7790 I ImeFocusController: onPostWindowFocus: skipped, hasWindowFocus=false mHasImeFocus=true
06-06 13:00:15.282  2342  3323 V WindowManager: Relayout hash=6aeacbf, pid=5355, syncId=-1: mAttrs={(0,0)(fillxfill) sim={adjust=pan} ty=APPLICATION_STARTING fmt=TRANSLUCENT
06-06 13:00:15.282  2342  3323 V WindowManager:   fl=81030118
06-06 13:00:15.282  2342  3323 V WindowManager:   pfl=16000010
06-06 13:00:15.282  2342  3323 V WindowManager:   apr=LIGHT_STATUS_BARS LIGHT_NAVIGATION_BARS
06-06 13:00:15.282  2342  3323 V WindowManager:   bhv=DEFAULT
06-06 13:00:15.282  2342  3323 V WindowManager:   fitSides= naviIconColor=0}
06-06 13:00:15.282  7890  7917 I AdrenoGLES-0: PFP: 0x01520171, ME: 0x01520023
06-06 13:00:15.282  2342  2630 D NetworkPolicy: already checked 10318
06-06 13:00:15.282  5355  5439 I BLASTBufferQueue_Java: new BLASTBufferQueue, mName= ViewRootImpl@dd5e81e[test] mNativeObject= 0xb4000074df990630 sc.mNativeObject= 0xb4000073af95ffd0 caller= android.view.ViewRootImpl.updateBlastSurfaceIfNeeded:3031 android.view.ViewRootImpl.relayoutWindow:10121 android.view.ViewRootImpl.performTraversals:4115 android.view.ViewRootImpl.doTraversal:3291 android.view.ViewRootImpl$TraversalRunnable.run:11329 android.view.Choreographer$CallbackRecord.run:1689 android.view.Choreographer$CallbackRecord.run:1698 android.view.Choreographer.doCallbacks:1153 android.view.Choreographer.doFrame:1079 android.view.Choreographer$FrameDisplayEventReceiver.run:1646
06-06 13:00:15.283  5355  5439 I BLASTBufferQueue_Java: update, w= 1080 h= 2340 mName = ViewRootImpl@dd5e81e[test] mNativeObject= 0xb4000074df990630 sc.mNativeObject= 0xb4000073af95ffd0 format= -3 caller= android.graphics.BLASTBufferQueue.<init>:89 android.view.ViewRootImpl.updateBlastSurfaceIfNeeded:3031 android.view.ViewRootImpl.relayoutWindow:10121 android.view.ViewRootImpl.performTraversals:4115 android.view.ViewRootImpl.doTraversal:3291 android.view.ViewRootImpl$TraversalRunnable.run:11329
06-06 13:00:15.283  5355  5439 I ViewRootImpl@dd5e81e[test]: Relayout returned: old=(0,0,1080,2340) new=(0,0,1080,2340) relayoutAsync=false req=(1080,2340)0 dur=7 res=0x403 s={true 0xb4000074af97b630} ch=true seqId=0
06-06 13:00:15.283  5355  5439 I ViewRootImpl@dd5e81e[test]: performConfigurationChange setNightDimText nightDimLevel=0
06-06 13:00:15.283  5355  5439 D ViewRootImpl@dd5e81e[test]: mThreadedRenderer.initialize() mSurface={isValid=true 0xb4000074af97b630} hwInitialized=true
06-06 13:00:15.283  5355  5439 D ViewRootImpl@dd5e81e[test]: reportNextDraw android.view.ViewRootImpl.performTraversals:4723 android.view.ViewRootImpl.doTraversal:3291 android.view.ViewRootImpl$TraversalRunnable.run:11329 android.view.Choreographer$CallbackRecord.run:1689 android.view.Choreographer$CallbackRecord.run:1698
06-06 13:00:15.283  5355  5439 I ViewRootImpl@dd5e81e[test]: Setup new sync=wmsSync-ViewRootImpl@dd5e81e[test]#62
06-06 13:00:15.283  5355  5439 I ViewRootImpl@dd5e81e[test]: Creating new active sync group ViewRootImpl@dd5e81e[test]#63
06-06 13:00:15.284  5355  5439 I ViewRootImpl@dd5e81e[test]: registerCallbacksForSync syncBuffer=false
06-06 13:00:15.284  5355  5446 I ViewRootImpl@dd5e81e[test]: Received frameDrawingCallback syncResult=0 frameNum=1.
06-06 13:00:15.284  5355  5446 I ViewRootImpl@dd5e81e[test]: mWNT: t=0xb40000747f95a030 mBlastBufferQueue=0xb4000074df990630 fn= 1 mRenderHdrSdrRatio=1.0 caller= android.view.ViewRootImpl$8.onFrameDraw:13826 android.view.ThreadedRenderer$1.onFrameDraw:792 <bottom of call stack>
06-06 13:00:15.284  5355  5446 I ViewRootImpl@dd5e81e[test]: Setting up sync and frameCommitCallback
06-06 13:00:15.284  5355  5445 I BLASTBufferQueue: [ViewRootImpl@dd5e81e[test]#26](f:0,a:0,s:0) onFrameAvailable the first frame is available
06-06 13:00:15.284  5355  5445 I ViewRootImpl@dd5e81e[test]: Received frameCommittedCallback lastAttemptedDrawFrameNum=1 didProduceBuffer=true
06-06 13:00:15.285  6421  6421 I Edge.ActivityUtils: HomePackage : com.sec.android.app.launcher, resumePackageName : etf.ri.rma.newsfeedapp.test
06-06 13:00:15.285  5355  5445 D OpenGLRenderer: CFMS:: SetUp Pid : 5355    Tid : 5445
06-06 13:00:15.285  5355  5439 I ViewRootImpl@dd5e81e[test]: reportDrawFinished seqId=0
06-06 13:00:15.286 26692 27175 I Rubin   : [97] zb.a.c(Unknown Source) : Notify com.samsung.android.rubin.inferenceengine.contextanalytics.engine.loggers.AppUsageLogger's database is updated.
06-06 13:00:15.286  7890  7890 I DecorView: setWindowBackground: isPopOver=false color=ffffffff d=android.graphics.drawable.ColorDrawable@48fa742
06-06 13:00:15.287  1715  6620 I SurfaceFlinger: id=868 createSurf, flag=84004, Transition Root: Task=20#868
06-06 13:00:15.287  7890  7917 E Adreno-AppProfiles: QSPM AIDL service doesn't exist
06-06 13:00:15.288  2342  2633 I SurfaceControl: show, t=StartTransaction_SyncId<29>, sc=Surface(name=ActivityRecord{f9fd5f4 u0 etf.ri.rma.newsfeedapp.test/androidx.test.core.app.InstrumentationActivityInvoker$EmptyActivity t20})/@0x535869a, caller=com.android.server.wm.Transition.onTransactionReady:1962 com.android.server.wm.BLASTSyncEngine$SyncGroup.finishNow:310 com.android.server.wm.BLASTSyncEngine$SyncGroup.tryFinish:242 com.android.server.wm.BLASTSyncEngine$SyncGroup.-$$Nest$mtryFinish:0 com.android.server.wm.BLASTSyncEngine.onSurfacePlacement:670 com.android.server.wm.RootWindowContainer.performSurfacePlacementNoTrace:988
06-06 13:00:15.288  2342  2633 D ScreenCapture: [Capture_TEST] : setIsScreenShotBySystem true
06-06 13:00:15.290  1715  1715 I Layer   : id=871 Destroyed Screenshot Parent#871
06-06 13:00:15.292  7890  7917 D NativeCustomFrequencyManager: [NativeCFMS] BpCustomFrequencyManager::BpCustomFrequencyManager()
06-06 13:00:15.293  5355  5420 I SurfaceControl: hide, t=FinishTransaction_SyncId<29>, sc=Surface(name=Task=19)/@0xa626d93, caller=com.android.wm.shell.transition.Transitions.dispatchReady:681 com.android.wm.shell.transition.Transitions.onTransitionReady:118 com.android.wm.shell.transition.Transitions$TransitionPlayerImpl$$ExternalSyntheticLambda0.run:13 android.os.Handler.handleCallback:958 android.os.Handler.dispatchMessage:99 android.os.Looper.loopOnce:230
06-06 13:00:15.293  5355  5420 I SurfaceControl: show, t=StartTransaction_SyncId<29>, sc=Surface(name=Task=20)/@0x91dd282, caller=com.android.wm.shell.transition.Transitions.dispatchReady:686 com.android.wm.shell.transition.Transitions.onTransitionReady:118 com.android.wm.shell.transition.Transitions$TransitionPlayerImpl$$ExternalSyntheticLambda0.run:13 android.os.Handler.handleCallback:958 android.os.Handler.dispatchMessage:99 android.os.Looper.loopOnce:230
06-06 13:00:15.293  5355  5420 I SurfaceControl: show, t=FinishTransaction_SyncId<29>, sc=Surface(name=Task=20)/@0x91dd282, caller=com.android.wm.shell.transition.Transitions.dispatchReady:733 com.android.wm.shell.transition.Transitions.onTransitionReady:118 com.android.wm.shell.transition.Transitions$TransitionPlayerImpl$$ExternalSyntheticLambda0.run:13 android.os.Handler.handleCallback:958 android.os.Handler.dispatchMessage:99 android.os.Looper.loopOnce:230
06-06 13:00:15.293  5355  5420 I SurfaceControl: show, t=StartTransaction_SyncId<29>, sc=Surface(name=Transition Root: Task=20)/@0xbfda1d0, caller=com.android.wm.shell.transition.Transitions.playTransition:80 com.android.wm.shell.transition.Transitions.processReadyQueue:185 com.android.wm.shell.transition.Transitions.dispatchReady:751 com.android.wm.shell.transition.Transitions.onTransitionReady:118 com.android.wm.shell.transition.Transitions$TransitionPlayerImpl$$ExternalSyntheticLambda0.run:13 android.os.Handler.handleCallback:958
06-06 13:00:15.293  1574  1638 I HYPER-HAL: [RequestManager.cpp]acquire(): Acquired ID : 1581732  [1577 / 201]    HINT :      list : [TID_LOW_LATENCY / 1] [TID / 7920] [TID / 7921] [TID / 7890] [TID / 7917]
06-06 13:00:15.293  2342  6212 D InputTransport: Input channel constructed: 'f3ef1fd', fd=1009
06-06 13:00:15.293  2342  6212 D InputTransport: Input channel constructed: 'f3ef1fd', fd=1118
06-06 13:00:15.293  2342  6212 D InputTransport: Input channel constructed: 'f3ef1fd', fd=1127
06-06 13:00:15.294  1715  1806 I SurfaceFlinger: id=872 createSurf, flag=84004, f3ef1fd etf.ri.rma.newsfeedapp.test/androidx.test.core.app.InstrumentationActivityInvoker$EmptyActivity#872
06-06 13:00:15.294  1715  6620 I SurfaceFlinger: id=873 createSurf, flag=44404, Bottom Edge Extension#873
06-06 13:00:15.294  2342  6212 D InputTransport: Input channel destroyed: 'f3ef1fd', fd=1127
06-06 13:00:15.294  1715  1715 I Layer   : id=874 Destroyed Screenshot Parent#874
06-06 13:00:15.295  1715  6620 I SurfaceFlinger: id=875 createSurf, flag=84000, 524f906 ActivityRecordInputSink etf.ri.rma.newsfeedapp.test/androidx.test.core.app.InstrumentationActivityInvoker$EmptyActivity#875
06-06 13:00:15.296  7890  7890 I InsetsController: onStateChanged: host=etf.ri.rma.newsfeedapp.test/androidx.test.core.app.InstrumentationActivityInvoker$EmptyActivity, from=android.view.ViewRootImpl.setView:1751, state=InsetsState: {mDisplayFrame=Rect(0, 0 - 1080, 2340), mDisplayCutout=DisplayCutout{insets=Rect(0, 87 - 0, 0) waterfall=Insets{left=0, top=0, right=0, bottom=0} boundingRect={Bounds=[Rect(0, 0 - 0, 0), Rect(512, 0 - 568, 87), Rect(0, 0 - 0, 0), Rect(0, 0 - 0, 0)]} cutoutPathParserInfo={CutoutPathParserInfo{displayWidth=1080 displayHeight=2340 physicalDisplayWidth=1080 physicalDisplayHeight=2340 density={3.0} cutoutSpec={M 0,0 H -9.333333333333333 V 29 H 9.333333333333333 V 0 H 0 Z @dp} rotation={0} scale={1.0} physicalPixelDisplaySizeRatio={1.0}}}}, mRoundedCorners=RoundedCorners{[RoundedCorner{position=TopLeft, radius=102, center=Point(102, 102)}, RoundedCorner{position=TopRight, radius=102, center=Point(978, 102)}, RoundedCorner{position=BottomRight, radius=102, center=Point(978, 2238)}, RoundedCorner{position=BottomLeft, radius=102, center=Point(102, 2238)}]}  mRoundedCornerFrame=Rect(0, 0 - 1080, 2340), mPrivacyIndicatorBounds=PrivacyIndicatorBounds {static bounds=Rect(948, 0 - 1080, 87) rotation=0}, mDisplayShape=DisplayShape{ spec=1769313948 displayWidth=1080 displayHeight=2340 physicalPixelDisplaySizeRatio=1.0 rotation=0 offsetX=0 offsetY=0 scale=1.0}, mSources= { InsetsSource: {985d0000 mType=statusBars mFrame=[0,0][1080,87] mVisible=true mFlags=[]}, InsetsSource: {985d0005 mType=mandatorySystemGestures mFrame=[0,0][1080,123] mVisible=true mFlags=[]}, InsetsSource: {985d0006 mType=tappableElement mFrame=[0,0][1080,87] mVisible=true mFlags=[]}, InsetsSource: {3 mType=ime mFrame=[0,0][0,0] mVisible=false mFlags=[]}, InsetsSource: {27 mType=displayCutout mFrame=[0,0][1080,87] mVisible=true mFlags=[]}, InsetsSource: {26df0001 mType=navigationBars mFrame=[0,2196][1080,2340] mVisible=true mFlags=[]}, InsetsSource: {26df0004 mType=systemGestures mFrame=[0,0][0,0] mVisible=true mFlags=[]}, InsetsSource: {26df0005 mType=mandatorySystemGestures mFrame=[0,2196][1080,2340] mVisible=true mFlags=[]}, InsetsSource: {26df0006 mType=tappableElement mFrame=[0,2196][1080,2340] mVisible=true mFlags=[]}, InsetsSource: {26df0024 mType=systemGestures mFrame=[0,0][0,0] mVisible=true mFlags=[]} }
06-06 13:00:15.296  1715  1715 I Layer   : Layer [f3ef1fd etf.ri.rma.newsfeedapp.test/androidx.test.core.app.InstrumentationActivityInvoker$EmptyActivity#872] hidden!! flag(0)
06-06 13:00:15.296  7012  7043 D C2SoftVpxEnc: bytes generated 61129
06-06 13:00:15.296  7890  7890 I ViewRootImpl@aa3e189[InstrumentationActivityInvoker$EmptyActivity]: synced displayState. AttachInfo displayState=2
06-06 13:00:15.296  7890  7890 I ViewRootImpl@aa3e189[InstrumentationActivityInvoker$EmptyActivity]: setView = com.android.internal.policy.DecorView@66839bc TM=true
06-06 13:00:15.296  7890  7917 D OpenGLRenderer: HWUI - treat SMPTE_170M as sRGB
06-06 13:00:15.297  1715  3404 I SurfaceFlinger: id=876 createSurf, flag=4400, bbq-wrapper#876
06-06 13:00:15.298  2342  5455 V WindowManager: Relayout Window{f3ef1fd u0 etf.ri.rma.newsfeedapp.test/androidx.test.core.app.InstrumentationActivityInvoker$EmptyActivity}: viewVisibility=0 req=1080x2340 ty=1 d0
06-06 13:00:15.299  1715  3404 I SurfaceFlinger: id=880 createSurf, flag=44004, etf.ri.rma.newsfeedapp.test/androidx.test.core.app.InstrumentationActivityInvoker$EmptyActivity$_7890#880
06-06 13:00:15.299  1715  6620 I SurfaceFlinger: id=881 createSurf, flag=24000, Surface(name=87e62a6 NavigationBar0)/@0xf64c4fb - animation-leash of insets_animation#881
06-06 13:00:15.299  5355  5445 D NativeCustomFrequencyManager: [NativeCFMS] BpCustomFrequencyManager::BpCustomFrequencyManager()
06-06 13:00:15.300  1715  1806 I SurfaceFlinger: id=882 createSurf, flag=24000, Surface(name=53a7541 StatusBar)/@0x3ba06c - animation-leash of insets_animation#882
06-06 13:00:15.300  5355  5445 I BLASTBufferQueue: [bbq-adapter#27](f:0,a:0,s:0) onFrameAvailable the first frame is available
06-06 13:00:15.301  1715  1807 I SurfaceFlinger: id=883 createSurf, flag=24000, Surface(name=87e62a6 NavigationBar0)/@0xf64c4fb - animation-leash of insets_animation#883
06-06 13:00:15.301  1715  6620 I SurfaceFlinger: id=884 createSurf, flag=24000, Surface(name=53a7541 StatusBar)/@0x3ba06c - animation-leash of insets_animation#884
06-06 13:00:15.301  5355  5439 I InsetsSourceConsumer: applyRequestedVisibilityToControl: visible=true, type=navigationBars, host=Splash Screen etf.ri.rma.newsfeedapp.test
06-06 13:00:15.301  5355  5439 I InsetsSourceConsumer: applyRequestedVisibilityToControl: visible=true, type=statusBars, host=Splash Screen etf.ri.rma.newsfeedapp.test
06-06 13:00:15.302  2342  5455 V WindowManager: Relayout hash=f3ef1fd, pid=7890, syncId=-1: mAttrs={(0,0)(fillxfill) sim={adjust=pan forwardNavigation} ty=BASE_APPLICATION
06-06 13:00:15.302  2342  5455 V WindowManager:   fl=81810100
06-06 13:00:15.302  2342  5455 V WindowManager:   pfl=12008040
06-06 13:00:15.302  2342  5455 V WindowManager:   bhv=DEFAULT
06-06 13:00:15.302  2342  5455 V WindowManager:   fitSides= naviIconColor=0}
06-06 13:00:15.302  5355  5445 D OpenGLRenderer: CFMS:: SetUp Pid : 5355    Tid : 5445
06-06 13:00:15.302  1574  1638 I HYPER-HAL: [RequestManager.cpp]acquire(): Acquired ID : 1585293  [1577 / 203]    HINT :      list : [TID_LOW_LATENCY / 1] [TID / 5446] [TID / 5447] [TID / 5420] [TID / 5445]
06-06 13:00:15.302  5355  5355 D SamsungStatusBarGrayIconHelper: isGrayAppearance=false
06-06 13:00:15.302  5355  5420 I SurfaceControl: show, t=StartTransaction_SyncId<29>, sc=Surface(name=Bottom Edge Extension)/@0xc8f2fda, caller=android.view.SurfaceControl$Transaction.setVisibility:3012 com.android.wm.shell.transition.TransitionAnimationHelper.createExtensionSurface:241 com.android.wm.shell.transition.TransitionAnimationHelper.edgeExtendWindow:228 com.android.wm.shell.transition.DefaultTransitionHandler.startAnimation:2379 com.android.wm.shell.transition.Transitions.dispatchTransition:80 com.android.wm.shell.transition.Transitions.playTransition:776
06-06 13:00:15.302  5355  5355 D SamsungLightBarControlHelper: onStatusBarAppearanceChanged() -  sbModeChanged:false, statusBarMode:0, barState:MODE_TRANSPARENT, isKeyguardShowing:false, navbarColorManagedByIme:false, stackAppearanceChanged:true, (AppearanceRegion{LIGHT_STATUS_BARS bounds=[0,0][1080,2340]}, ), packageName:etf.ri.rma.newsfeedapp.test
06-06 13:00:15.302  5355  5355 D NavigationBar: onSystemBarAttributesChanged() -  displayId:0, appearance:24, packageName: etf.ri.rma.newsfeedapp.test (APPEARANCE_LIGHT_STATUS_BARS APPEARANCE_LIGHT_NAVIGATION_BARS ), navbarColorManagedByIme:false
06-06 13:00:15.302  5355  5355 D SamsungLightBarControlHelper: updateNavigationBar (BLACK button) isLightOpaque:false, hasLightNavigationBarFlag:true, packageName:etf.ri.rma.newsfeedapp.test, DirectReplying:false, NavBarColorMangedByIme:false, ForceDarkForScrim:false, QsCustomizing:false, PanelHasWhiteBg:false
06-06 13:00:15.303  5355  5355 D SamsungStatusBarGrayIconHelper: isGrayAppearance=false
06-06 13:00:15.303  5355  5355 D NavigationBar: onSystemBarAttributesChanged() -  displayId:0, appearance:16, packageName: etf.ri.rma.newsfeedapp.test (APPEARANCE_LIGHT_NAVIGATION_BARS ), navbarColorManagedByIme:false
06-06 13:00:15.303  1715  1807 I SurfaceFlinger: id=885 createSurf, flag=20004, DimTransitionLayer for Surface(name=Task=20)/@0x91dd282#885
06-06 13:00:15.303  5355  5355 D SamsungLightBarControlHelper: updateStatusBar (BLACK icon) numStacks:1, StatusBarMode:MODE_TRANSPARENT, lightBarBounds:[Rect(0, 0 - 1080, 2340)], StatusBarState:SHADE, packageName:etf.ri.rma.newsfeedapp.test, isWhiteKeyguardStatusBar:false
06-06 13:00:15.303  5355  5420 I SurfaceControl: show, t=StartTransaction_SyncId<29>, sc=Surface(name=DimTransitionLayer for Surface(name=Task=20)/@0x91dd282)/@0xb73e032, caller=com.android.wm.shell.transition.DefaultTransitionHandler.startAnimation:2946 com.android.wm.shell.transition.Transitions.dispatchTransition:80 com.android.wm.shell.transition.Transitions.playTransition:776 com.android.wm.shell.transition.Transitions.processReadyQueue:185 com.android.wm.shell.transition.Transitions.dispatchReady:751 com.android.wm.shell.transition.Transitions.onTransitionReady:118
06-06 13:00:15.303  7890  7890 I BLASTBufferQueue_Java: new BLASTBufferQueue, mName= ViewRootImpl@aa3e189[InstrumentationActivityInvoker$EmptyActivity] mNativeObject= 0xb4000074df9481f0 sc.mNativeObject= 0xb4000073af93d7d0 caller= android.view.ViewRootImpl.updateBlastSurfaceIfNeeded:3031 android.view.ViewRootImpl.relayoutWindow:10121 android.view.ViewRootImpl.performTraversals:4115 android.view.ViewRootImpl.doTraversal:3291 android.view.ViewRootImpl$TraversalRunnable.run:11329 android.view.Choreographer$CallbackRecord.run:1689 android.view.Choreographer$CallbackRecord.run:1698 android.view.Choreographer.doCallbacks:1153 android.view.Choreographer.doFrame:1079 android.view.Choreographer$FrameDisplayEventReceiver.run:1646
06-06 13:00:15.303  5355  5420 I SurfaceControl: apply is called, name=StartTransaction_SyncId<29>, caller=com.android.wm.shell.transition.DefaultTransitionHandler.startAnimation:3179 com.android.wm.shell.transition.Transitions.dispatchTransition:80 com.android.wm.shell.transition.Transitions.playTransition:776 com.android.wm.shell.transition.Transitions.processReadyQueue:185 com.android.wm.shell.transition.Transitions.dispatchReady:751 com.android.wm.shell.transition.Transitions.onTransitionReady:118
06-06 13:00:15.303  7890  7890 I BLASTBufferQueue_Java: update, w= 1080 h= 2340 mName = ViewRootImpl@aa3e189[InstrumentationActivityInvoker$EmptyActivity] mNativeObject= 0xb4000074df9481f0 sc.mNativeObject= 0xb4000073af93d7d0 format= -1 caller= android.graphics.BLASTBufferQueue.<init>:89 android.view.ViewRootImpl.updateBlastSurfaceIfNeeded:3031 android.view.ViewRootImpl.relayoutWindow:10121 android.view.ViewRootImpl.performTraversals:4115 android.view.ViewRootImpl.doTraversal:3291 android.view.ViewRootImpl$TraversalRunnable.run:11329
