06-06 13:00:14.480  1715  1715 I Layer   : Layer::reparent [Surface(name=RemoteWallpaperAnim:1:1)/@0xbe3243d - animation-leash of remote_wallpaper#736] End -------------------------
06-06 13:00:14.480  1715  1715 I Layer   : id=737 Destroyed Surface(name=RemoteWallpaperAnim:1:1)/@0xbe3243d - animation-leash of remote_wallpaper#736 (Mirror)#737
06-06 13:00:14.495  7012  7043 D C2SoftVpxEnc: bytes generated 45793
06-06 13:00:14.497  6421  6421 I Edge.TrayVisibilityController: getComputedTrayVisible : keyguardState = 1
06-06 13:00:14.497  6421  6421 I Edge.TrayVisibilityController: updateTrayVisible: State=1 visible=1 mCurrentVisible=1 specificMode=0
06-06 13:00:14.497  6421  6421 I Edge.TrayStateController: onNotifyUpdateTray: state=0
06-06 13:00:14.508  1652  2311 I QC2CompStore: Setting heap usage to system
06-06 13:00:14.508  7012  7043 D C2SoftVpxEnc: bytes generated 24695
06-06 13:00:14.521  1715  1715 D SurfaceFlinger: GPIS:: requestGPISForClientComposition
06-06 13:00:14.523  7012  7043 D C2SoftVpxEnc: bytes generated 27405
06-06 13:00:14.537  1652  2311 I QC2CompStore: Setting heap usage to system
06-06 13:00:14.537  7012  7043 D C2SoftVpxEnc: bytes generated 50826
06-06 13:00:14.552  7012  7043 D C2SoftVpxEnc: bytes generated 38196
06-06 13:00:14.565  7012  7043 D BufferPoolAccessor2.0: bufferpool2 0xb400007dbe05aed8 : 66(2175515 size) total buffers - 1(49103 size) used buffers - 83/328 (recycle/alloc) - 253/327 (fetch/transfer)
06-06 13:00:14.565  7012  7043 D C2SoftVpxEnc: bytes generated 49103
06-06 13:00:14.580  5355  5420 I SurfaceControl: apply is called, name=FinishTransaction_SyncId<25>, caller=android.view.SurfaceControl$Transaction.apply:2921 com.android.wm.shell.transition.Transitions.onFinish:302 com.android.wm.shell.transition.Transitions$$ExternalSyntheticLambda6.onTransitionFinished:15 com.android.wm.shell.transition.DefaultTransitionHandler$$ExternalSyntheticLambda5.run:125 com.android.wm.shell.transition.DefaultTransitionHandler$$ExternalSyntheticLambda3.run:52 android.os.Handler.handleCallback:958
06-06 13:00:14.582  5355 17213 I WallpaperService: dispatchAppVisibility: system, visible=false
06-06 13:00:14.582  1652  2311 I QC2CompStore: Setting heap usage to system
06-06 13:00:14.583  7012  7043 D C2SoftVpxEnc: bytes generated 105833
06-06 13:00:14.583  5355  5533 I WallpaperService: reportVisibility: visibility changed. visible=false
06-06 13:00:14.583  5355  5533 I ImageWallpaper[CanvasEngine_d0_w1]:  onVisibilityChanged: visible=false , displayId=0
06-06 13:00:14.583  6421  6421 I ViewRootImpl@cc9c4e9[LauncherActivity]: handleAppVisibility mAppVisible = true visible = false
06-06 13:00:14.588  1715  1715 I Layer   : Layer::reparent [Transition Root: Task=17#752] newParentHandle : null -------------------------
06-06 13:00:14.588  1715  1715 I Layer   : id=752 removeFromCurrentState Transition Root: Task=17#752 (224)
06-06 13:00:14.588  1715  1715 I Layer   : id=52 removeFromCurrentState Task=1#52 (224)
06-06 13:00:14.588  1715  1715 I Layer   : id=138 removeFromCurrentState Task=8#138 (224)
06-06 13:00:14.588  1715  1715 I Layer   : id=139 removeFromCurrentState ActivityRecord{4bdcf41 u0 com.sec.android.app.launcher/.activities.LauncherActivity t8}#139 (224)
06-06 13:00:14.588  1715  1715 I Layer   : id=150 removeFromCurrentState 6231c4b ActivityRecordInputSink com.sec.android.app.launcher/.Launcher#150 (224)
06-06 13:00:14.588  1715  1715 I Layer   : id=221 removeFromCurrentState da5c5e7 com.sec.android.app.launcher/com.sec.android.app.launcher.activities.LauncherActivity#221 (224)
06-06 13:00:14.588  1715  1715 I Layer   : id=722 removeFromCurrentState com.sec.android.app.launcher/com.sec.android.app.launcher.activities.LauncherActivity$_6421#722 (224)
06-06 13:00:14.588  1715  1715 I Layer   : id=742 removeFromCurrentState Task=17#742 (224)
06-06 13:00:14.588  1715  1715 I Layer   : id=743 removeFromCurrentState ActivityRecord{d177914 u0 etf.ri.rma.newsfeedapp/.MainActivity t17}#743 (224)
06-06 13:00:14.588  1715  1715 I Layer   : id=755 removeFromCurrentState 2ffdf26 ActivityRecordInputSink etf.ri.rma.newsfeedapp/.MainActivity#755 (224)
06-06 13:00:14.588  1715  1715 I Layer   : id=748 removeFromCurrentState ba9b0c8 etf.ri.rma.newsfeedapp/etf.ri.rma.newsfeedapp.MainActivity#748 (224)
06-06 13:00:14.588  1715  1715 I Layer   : id=760 removeFromCurrentState etf.ri.rma.newsfeedapp/etf.ri.rma.newsfeedapp.MainActivity$_7790#760 (224)
06-06 13:00:14.588  1715  1715 I Layer   : id=17 removeFromCurrentState ImeContainer#17 (224)
06-06 13:00:14.588  1715  1715 I Layer   : id=98 removeFromCurrentState WindowToken{f7b1b09 type=2011 android.os.Binder@15b9410}#98 (224)
06-06 13:00:14.588  1715  1715 I Layer   : id=768 removeFromCurrentState Surface(name=ac5a498 InputMethod)/@0x1895ba - animation-leash of insets_animation#768 (224)
06-06 13:00:14.588  1715  1715 I Layer   : id=154 removeFromCurrentState ac5a498 InputMethod#154 (224)
06-06 13:00:14.588  1715  1715 I Layer   : id=746 removeFromCurrentState 14d9a29 Splash Screen etf.ri.rma.newsfeedapp#746 (224)
06-06 13:00:14.588  1715  1715 I Layer   : id=749 removeFromCurrentState Splash Screen etf.ri.rma.newsfeedapp$_5355#749 (224)
06-06 13:00:14.588  1715  1715 I Layer   : Layer::reparent [Transition Root: Task=17#752] End -------------------------
06-06 13:00:14.588  1715  1715 I Layer   : Layer [Task=1#52] hidden!! flag(1)
06-06 13:00:14.588  1715  1715 I Layer   : Layer::reparent [Task=1#52] newParent : DefaultTaskDisplayArea_d0#12 , isRemovedFromCurrentState : 0 -------------------------
06-06 13:00:14.588  1715  1715 I Layer   : id=52 addToCurrentState Task=1#52 (224)
06-06 13:00:14.588  1715  1715 I Layer   : id=138 addToCurrentState Task=8#138 (224)
06-06 13:00:14.588  1715  1715 I Layer   : id=139 addToCurrentState ActivityRecord{4bdcf41 u0 com.sec.android.app.launcher/.activities.LauncherActivity t8}#139 (224)
06-06 13:00:14.588  1715  1715 I Layer   : id=150 addToCurrentState 6231c4b ActivityRecordInputSink com.sec.android.app.launcher/.Launcher#150 (224)
06-06 13:00:14.588  1715  1715 I Layer   : id=221 addToCurrentState da5c5e7 com.sec.android.app.launcher/com.sec.android.app.launcher.activities.LauncherActivity#221 (224)
06-06 13:00:14.588  1715  1715 I Layer   : id=722 addToCurrentState com.sec.android.app.launcher/com.sec.android.app.launcher.activities.LauncherActivity$_6421#722 (224)
06-06 13:00:14.588  1715  1715 I Layer   : Layer::reparent [Task=1#52] End -------------------------
06-06 13:00:14.588  1715  1715 I Layer   : Layer::reparent [Task=17#742] newParent : DefaultTaskDisplayArea_d0#12 , isRemovedFromCurrentState : 0 -------------------------
06-06 13:00:14.588  1715  1715 I Layer   : id=742 addToCurrentState Task=17#742 (224)
06-06 13:00:14.588  1715  1715 I Layer   : id=743 addToCurrentState ActivityRecord{d177914 u0 etf.ri.rma.newsfeedapp/.MainActivity t17}#743 (224)
06-06 13:00:14.588  1715  1715 I Layer   : id=755 addToCurrentState 2ffdf26 ActivityRecordInputSink etf.ri.rma.newsfeedapp/.MainActivity#755 (224)
06-06 13:00:14.588  1715  1715 I Layer   : id=748 addToCurrentState ba9b0c8 etf.ri.rma.newsfeedapp/etf.ri.rma.newsfeedapp.MainActivity#748 (224)
06-06 13:00:14.588  1715  1715 I Layer   : id=760 addToCurrentState etf.ri.rma.newsfeedapp/etf.ri.rma.newsfeedapp.MainActivity$_7790#760 (224)
06-06 13:00:14.588  1715  1715 I Layer   : id=17 addToCurrentState ImeContainer#17 (224)
06-06 13:00:14.588  1715  1715 I Layer   : id=98 addToCurrentState WindowToken{f7b1b09 type=2011 android.os.Binder@15b9410}#98 (224)
06-06 13:00:14.588  1715  1715 I Layer   : id=768 addToCurrentState Surface(name=ac5a498 InputMethod)/@0x1895ba - animation-leash of insets_animation#768 (224)
06-06 13:00:14.588  1715  1715 I Layer   : id=154 addToCurrentState ac5a498 InputMethod#154 (224)
06-06 13:00:14.588  1715  1715 I Layer   : id=746 addToCurrentState 14d9a29 Splash Screen etf.ri.rma.newsfeedapp#746 (224)
06-06 13:00:14.588  1715  1715 I Layer   : id=749 addToCurrentState Splash Screen etf.ri.rma.newsfeedapp$_5355#749 (224)
06-06 13:00:14.588  1715  1715 I Layer   : Layer::reparent [Task=17#742] End -------------------------
06-06 13:00:14.588  1715  1715 I Layer   : Layer::reparent [Transition Root: Task=17#752] newParentHandle : null -------------------------
06-06 13:00:14.588  1715  1715 I Layer   : id=752 removeFromCurrentState Transition Root: Task=17#752 (224)
06-06 13:00:14.588  1715  1715 I Layer   : Layer::reparent [Transition Root: Task=17#752] End -------------------------
06-06 13:00:14.588  1715  1715 I Layer   : Layer::reparent [Splash Screen etf.ri.rma.newsfeedapp$_5355#749] newParentHandle : null -------------------------
06-06 13:00:14.588  1715  1715 I Layer   : id=749 removeFromCurrentState Splash Screen etf.ri.rma.newsfeedapp$_5355#749 (224)
06-06 13:00:14.588  1715  1715 I Layer   : Layer::reparent [Splash Screen etf.ri.rma.newsfeedapp$_5355#749] End -------------------------
06-06 13:00:14.588  1715  1715 I Layer   : Layer::reparent [14d9a29 Splash Screen etf.ri.rma.newsfeedapp#746] newParentHandle : null -------------------------
06-06 13:00:14.588  1715  1715 I Layer   : id=746 removeFromCurrentState 14d9a29 Splash Screen etf.ri.rma.newsfeedapp#746 (224)
06-06 13:00:14.588  1715  1715 I Layer   : Layer::reparent [14d9a29 Splash Screen etf.ri.rma.newsfeedapp#746] End -------------------------
06-06 13:00:14.588  1715  1715 I Layer   : Layer [com.sec.android.app.launcher/com.sec.android.app.launcher.activities.LauncherActivity$_6421#722] hidden!! flag(1)
06-06 13:00:14.588  1715  1715 I Layer   : Layer [com.android.systemui.wallpapers.ImageWallpaper_system$_5355#93] hidden!! flag(1)
06-06 13:00:14.588  1715  1715 I Layer   : Layer [ActivityRecord{4bdcf41 u0 com.sec.android.app.launcher/.activities.LauncherActivity t8}#139] hidden!! flag(1)
06-06 13:00:14.588  1715  1715 I Layer   : Layer [Task=8#138] hidden!! flag(1)
06-06 13:00:14.588  6421  6421 I ViewRootImpl@cc9c4e9[LauncherActivity]: destroyHardwareResources: Callers=android.view.ViewRootImpl.performTraversals:3937 android.view.ViewRootImpl.doTraversal:3291 android.view.ViewRootImpl$TraversalRunnable.run:11329 android.view.Choreographer$CallbackRecord.run:1689 android.view.Choreographer$CallbackRecord.run:1698 android.view.Choreographer.doCallbacks:1153 android.view.Choreographer.doFrame:1079 android.view.Choreographer$FrameDisplayEventReceiver.run:1646 android.os.Handler.handleCallback:958 android.os.Handler.dispatchMessage:99
06-06 13:00:14.588  1715  1715 I Layer   : id=757 Destroyed Transition Root: Task=17#752 (Mirror)#757
06-06 13:00:14.588  1715  1715 I Layer   : id=747 Destroyed 14d9a29 Splash Screen etf.ri.rma.newsfeedapp#746 (Mirror)#747
06-06 13:00:14.588  1715  1715 I SurfaceFlinger: id=749 Removed Splash Screen etf.ri.rma.newsfeedapp$_5355#749 (222)
06-06 13:00:14.588  1715  1715 I SurfaceFlinger: id=736 Removed Surface(name=RemoteWallpaperAnim:1:1)/@0xbe3243d - animation-leash of remote_wallpaper#736 (222)
06-06 13:00:14.588  1715  1715 I SurfaceFlinger: id=683 Removed ea09cbe Splash Screen etf.ri.rma.newsfeedapp.test#683 (222)
06-06 13:00:14.588  1715  1715 I SurfaceFlinger: id=746 Removed 14d9a29 Splash Screen etf.ri.rma.newsfeedapp#746 (222)
06-06 13:00:14.588  1715  1715 I SurfaceFlinger: id=752 Removed Transition Root: Task=17#752 (222)
06-06 13:00:14.589  1715  1715 I Layer   : id=751 Destroyed Splash Screen etf.ri.rma.newsfeedapp$_5355#749 (Mirror)#751
06-06 13:00:14.592  1574  1638 I HYPER-HAL: [RequestManager.cpp]acquire(): Acquired ID : 1525300  [1577 / 169]    HINT :      list : [TID_LOW_LATENCY / 0] [TID / 9457] [TID / 9458] [TID / 6421] [TID / 9453]
06-06 13:00:14.592  1574  1638 I HYPER-HAL: [RequestManager.cpp]acquire(): Acquired ID : 1527048  [1577 / 170]    HINT :      list : [UCLAMP_MIN_BOOST / 0] [TID / 9457] [TID / 9458] [TID / 6421] [TID / 9453]
06-06 13:00:14.593  2342  5455 V WindowManager: Relayout Window{da5c5e7 u0 com.sec.android.app.launcher/com.sec.android.app.launcher.activities.LauncherActivity}: viewVisibility=8 req=1080x2340 ty=1 d0
06-06 13:00:14.593  1574  1638 I HYPER-HAL: [RequestManager.cpp]releaseLocked(): Released ID : 1525300
06-06 13:00:14.593  1574  1638 I HYPER-HAL: [RequestManager.cpp]releaseLocked(): Released ID : 1527048
06-06 13:00:14.594  1715  1715 D SurfaceFlinger: Display 4630946970390616451 HWC layers:
06-06 13:00:14.594  1715  1715 D SurfaceFlinger:      DEVICE | 0xb4000073beb13850 | 0102 | RGBA_8888    |    0.0    0.0 1080.0 2340.0 |    0    0 1080 2340 | etf.ri.rma.newsfeedapp/etf.ri.rma.newsfeedapp.MainActivity$_7790#760
06-06 13:00:14.594  1715  1715 D SurfaceFlinger:      DEVICE | 0xb4000073beb0a850 | 0100 | RGBA_8888    |    0.0    0.0 1080.0   87.0 |    0    0 1080   87 | StatusBar$_5355#90
06-06 13:00:14.594  1715  1715 D SurfaceFlinger:      DEVICE | 0xb4000073beb138e0 | 0100 | RGBA_8888    |    0.0    0.0   67.0  342.0 | 1013  438 1080  780 | com.sec.android.app.launcher/com.sam[...]ce.edge.CocktailBarService$_6421#145
06-06 13:00:14.594  1715  1715 D SurfaceFlinger:      DEVICE | 0xb4000073beb07fd0 | 0100 | RGBA_8888    |    0.0    0.0 1080.0  144.0 |    0 2196 1080 2340 | NavigationBar0$_5355#89
06-06 13:00:14.594  1715  1715 D SurfaceFlinger:
06-06 13:00:14.594  2342  5455 V WindowManager: Relayout hash=da5c5e7, pid=6421, syncId=-1: mAttrs={(0,0)(fillxfill) sim={adjust=nothing} layoutInDisplayCutoutMode=shortEdges ty=BASE_APPLICATION fmt=TRANSPARENT wanim=0x10302f2
06-06 13:00:14.594  2342  5455 V WindowManager:   fl=81910100
06-06 13:00:14.594  2342  5455 V WindowManager:   pfl=1a008040
06-06 13:00:14.594  2342  5455 V WindowManager:   bhv=SHOW_TRANSIENT_BARS_BY_SWIPE
06-06 13:00:14.594  2342  5455 V WindowManager:   fitSides= naviIconColor=0}
06-06 13:00:14.595  6421  6421 I ViewRootImpl@cc9c4e9[LauncherActivity]: Relayout returned: old=(0,0,1080,2340) new=(0,0,1080,2340) relayoutAsync=false req=(1080,2340)8 dur=4 res=0x402 s={false 0x0} ch=true seqId=0
06-06 13:00:14.595  2342  5455 I AppWidgetServiceImpl: stopListening callbacks : null
06-06 13:00:14.596  6421  6421 I HoneySpace.ContentsAnimator: end call
06-06 13:00:14.596  6421  6421 I ViewRootImpl@cc9c4e9[LauncherActivity]: stopped(true) old = false
06-06 13:00:14.596  1715  1715 I Layer   : id=746 Destroyed 14d9a29 Splash Screen etf.ri.rma.newsfeedapp#746
06-06 13:00:14.596  1715  1715 I Layer   : id=752 Destroyed Transition Root: Task=17#752
06-06 13:00:14.596  6421  6421 I HoneySpace.Launcher: !@Boot_EBS_D: Launcher.onStop()
06-06 13:00:14.596  1715  1715 I Layer   : id=749 Destroyed Splash Screen etf.ri.rma.newsfeedapp$_5355#749
06-06 13:00:14.596 24682 24682 I A       : onStop
06-06 13:00:14.596  1715  1715 I Layer   : id=683 Destroyed ea09cbe Splash Screen etf.ri.rma.newsfeedapp.test#683
06-06 13:00:14.596  1715  1715 I Layer   : id=736 Destroyed Surface(name=RemoteWallpaperAnim:1:1)/@0xbe3243d - animation-leash of remote_wallpaper#736
06-06 13:00:14.596  6421  6421 I HoneySpace.OneUiSpace: onSaveInstanceState honeyScreen=tb.l0@31661c4
06-06 13:00:14.598  1574  1638 I HYPER-HAL: [RequestManager.cpp]acquire(): Acquired ID : 1542825  [1577 / 179]    HINT :      list : [TID_LOW_LATENCY / 1] [TID / 9457] [TID / 9458] [TID / 6421] [TID / 9453]
06-06 13:00:14.599  1652  2311 I QC2CompStore: Setting heap usage to system
06-06 13:00:14.599  7012  7043 D C2SoftVpxEnc: bytes generated 87555
06-06 13:00:14.606  2342  2630 D PkgPredictorService-SecIpmManagerServiceImpl: bg information pid:6421 uid:10150 pkgName:com.sec.android.app.launcher
06-06 13:00:14.613  1715  1715 I Layer   : Layer::reparent [com.sec.android.app.launcher/com.sec.android.app.launcher.activities.LauncherActivity$_6421#722] newParentHandle : null -------------------------
06-06 13:00:14.613  1715  1715 I Layer   : id=722 removeFromCurrentState com.sec.android.app.launcher/com.sec.android.app.launcher.activities.LauncherActivity$_6421#722 (216)
06-06 13:00:14.613  1715  1715 I Layer   : Layer::reparent [com.sec.android.app.launcher/com.sec.android.app.launcher.activities.LauncherActivity$_6421#722] End -------------------------
06-06 13:00:14.613  1715  1715 I SurfaceFlinger: id=722 Removed com.sec.android.app.launcher/com.sec.android.app.launcher.activities.LauncherActivity$_6421#722 (216)
06-06 13:00:14.613  1715  1715 W SurfaceFlinger: couldn't log to binary event log: overflow.
06-06 13:00:14.613  1715  1715 I Layer   : id=725 Destroyed com.sec.android.app.launcher/com.sec.android.app.launcher.activities.LauncherActivity$_6421#722 (Mirror)#725
06-06 13:00:14.615  1652  2311 I QC2CompStore: Setting heap usage to system
06-06 13:00:14.616  7012  7043 D C2SoftVpxEnc: bytes generated 94347
06-06 13:00:14.620  1574  8092 I HYPER-HAL: [RequestManager.cpp]releaseLocked(): Released ID : 2781277
06-06 13:00:14.621  1715  1715 W SurfaceFlinger: couldn't log to binary event log: overflow.
06-06 13:00:14.621  1715  1715 I Layer   : id=722 Destroyed com.sec.android.app.launcher/com.sec.android.app.launcher.activities.LauncherActivity$_6421#722
06-06 13:00:14.628  7790  7812 D TrafficStats: tagSocket(142) with statsTag=0xffffffff, statsUid=-1
06-06 13:00:14.628  2342  5313 D NetdEventListenerService: DNS Requested by 100, 10317, 0
06-06 13:00:14.629  2342  5313 D NetdEventListenerService: DNS Requested by 100, 10317, 0
06-06 13:00:14.630  7012  7043 D C2SoftVpxEnc: bytes generated 66836
06-06 13:00:14.636  7790  8129 D TrafficStats: tagSocket(144) with statsTag=0xffffffff, statsUid=-1
06-06 13:00:14.637  7790  8127 D TrafficStats: tagSocket(149) with statsTag=0xffffffff, statsUid=-1
06-06 13:00:14.645  2342  5313 D NetdEventListenerService: DNS Requested by 100, 10317, 0
06-06 13:00:14.646  7012  7043 D C2SoftVpxEnc: bytes generated 67213
06-06 13:00:14.649  2342  5313 D NetdEventListenerService: DNS Requested by 100, 10317, 0
06-06 13:00:14.656  2342  2632 I ChimeraSystemEventListener: appLaunchIntent package name is: etf.ri.rma.newsfeedapp.test
06-06 13:00:14.658  2342  6621 I SemDvfsHyPerManager: acquire hyper - AMS_APP_SWITCH/2342@31, type = -999
06-06 13:00:14.658  1574  1638 I HYPER-HAL: [RequestManager.cpp]acquire(): Acquired ID : 2816782  [2342 / 31]    HINT : AMS_APP_SWITCH    list :
06-06 13:00:14.658  1715  6620 I SurfaceFlinger: id=771 createSurf, flag=24004, Task=18#771
06-06 13:00:14.658  8184  8184 I SemDvfsHyPerManager: acquire hyper - APP_START_SHORT/8184@19, type = -999
06-06 13:00:14.659  1715  1806 I SurfaceFlinger: id=772 createSurf, flag=84004, ActivityRecord{2702c00 u0 etf.ri.rma.newsfeedapp.test/androidx.test.core.app.InstrumentationActivityInvoker$EmptyActivity t18}#772
06-06 13:00:14.660  1574  1638 I HYPER-HAL: [RequestManager.cpp]acquire(): Acquired ID : 33648725  [8184 / 19]    HINT : APP_START    list : [TIMEOUT / 1500]
06-06 13:00:14.661  5355  5445 D NativeCustomFrequencyManager: [NativeCFMS] BpCustomFrequencyManager::BpCustomFrequencyManager()
06-06 13:00:14.662  2342  5455 I SemDvfsHyPerManager: acquire hyper - AMS_APP_LAUNCH/2342@18, type = -999
06-06 13:00:14.662  1652  2311 I QC2CompStore: Setting heap usage to system
06-06 13:00:14.662  7273  7273 E pageboostd: Received HALT command code 2
06-06 13:00:14.662  1930  5588 I CameraService: onUidStateChanged: uid=10046, procState is changed. (0 -> 1)
06-06 13:00:14.662  7012  7043 D C2SoftVpxEnc: bytes generated 66247
06-06 13:00:14.664  2342  5453 D SecContentProvider: query(), uri = 17 selection = isSettingsChangesAllowed
06-06 13:00:14.664  7790  7790 D LifecycleMonitor: Lifecycle status change: etf.ri.rma.newsfeedapp.MainActivity@63c5dd8 in: PAUSED
06-06 13:00:14.664  2342  5437 D InputTransport: Input channel constructed: '5223efb', fd=1004
06-06 13:00:14.664  2342  5437 D InputTransport: Input channel constructed: '5223efb', fd=1009
06-06 13:00:14.664  2342  5437 D InputTransport: Input channel constructed: '5223efb', fd=1087
06-06 13:00:14.664  7790  7790 V ActivityScenario: Update currentActivityStage to PAUSED, currentActivity=etf.ri.rma.newsfeedapp.MainActivity@63c5dd8
06-06 13:00:14.664  1574  1638 I HYPER-HAL: [RequestManager.cpp]acquire(): Acquired ID : 2785998  [2342 / 18]    HINT : AMS_APP_LAUNCH    list :
06-06 13:00:14.664  1574  1638 I HYPER-HAL: [RequestManager.cpp]acquire(): Acquired ID : 1546342  [1577 / 181]    HINT :      list : [TID_LOW_LATENCY / 1] [TID / 5446] [TID / 5447] [TID / 5439] [TID / 5445]
06-06 13:00:14.664  8184  8184 I SemDvfsHyPerManager: acquire hyper - APP_START/8184@21, type = -999
06-06 13:00:14.664  1715  1806 I SurfaceFlinger: id=773 createSurf, flag=84004, 5223efb Splash Screen etf.ri.rma.newsfeedapp.test#773
06-06 13:00:14.665  1574  1638 I HYPER-HAL: [RequestManager.cpp]acquire(): Acquired ID : 33665136  [8184 / 21]    HINT : APP_START    list :
06-06 13:00:14.665  2342  5437 D InputTransport: Input channel destroyed: '5223efb', fd=1087
06-06 13:00:14.665  5355  5439 I InsetsController: onStateChanged: host=Splash Screen etf.ri.rma.newsfeedapp.test, from=android.view.ViewRootImpl.setView:1751, state=InsetsState: {mDisplayFrame=Rect(0, 0 - 1080, 2340), mDisplayCutout=DisplayCutout{insets=Rect(0, 87 - 0, 0) waterfall=Insets{left=0, top=0, right=0, bottom=0} boundingRect={Bounds=[Rect(0, 0 - 0, 0), Rect(512, 0 - 568, 87), Rect(0, 0 - 0, 0), Rect(0, 0 - 0, 0)]} cutoutPathParserInfo={CutoutPathParserInfo{displayWidth=1080 displayHeight=2340 physicalDisplayWidth=1080 physicalDisplayHeight=2340 density={3.0} cutoutSpec={M 0,0 H -9.333333333333333 V 29 H 9.333333333333333 V 0 H 0 Z @dp} rotation={0} scale={1.0} physicalPixelDisplaySizeRatio={1.0}}}}, mRoundedCorners=RoundedCorners{[RoundedCorner{position=TopLeft, radius=102, center=Point(102, 102)}, RoundedCorner{position=TopRight, radius=102, center=Point(978, 102)}, RoundedCorner{position=BottomRight, radius=102, center=Point(978, 2238)}, RoundedCorner{position=BottomLeft, radius=102, center=Point(102, 2238)}]}  mRoundedCornerFrame=Rect(0, 0 - 1080, 2340), mPrivacyIndicatorBounds=PrivacyIndicatorBounds {static bounds=Rect(948, 0 - 1080, 87) rotation=0}, mDisplayShape=DisplayShape{ spec=1769313948 displayWidth=1080 displayHeight=2340 physicalPixelDisplaySizeRatio=1.0 rotation=0 offsetX=0 offsetY=0 scale=1.0}, mSources= { InsetsSource: {985d0000 mType=statusBars mFrame=[0,0][1080,87] mVisible=true mFlags=[]}, InsetsSource: {985d0005 mType=mandatorySystemGestures mFrame=[0,0][1080,123] mVisible=true mFlags=[]}, InsetsSource: {985d0006 mType=tappableElement mFrame=[0,0][1080,87] mVisible=true mFlags=[]}, InsetsSource: {27 mType=displayCutout mFrame=[0,0][1080,87] mVisible=true mFlags=[]}, InsetsSource: {26df0001 mType=navigationBars mFrame=[0,2196][1080,2340] mVisible=true mFlags=[]}, InsetsSource: {26df0004 mType=systemGestures mFrame=[0,0][0,0] mVisible=true mFlags=[]}, InsetsSource: {26df0005 mType=mandatorySystemGestures mFrame=[0,2196][1080,2340] mVisible=true mFlags=[]}, InsetsSource: {26df0006 mType=tappableElement mFrame=[0,2196][1080,2340] mVisible=true mFlags=[]}, InsetsSource: {26df0024 mType=systemGestures mFrame=[0,0][0,0] mVisible=true mFlags=[]} }
06-06 13:00:14.665  5355  5439 I ViewRootImpl@7850498[test]: synced displayState. AttachInfo displayState=2
06-06 13:00:14.665  5355  5439 I ViewRootImpl@7850498[test]: setView = android.widget.FrameLayout@1b03c62 TM=true
06-06 13:00:14.666  5355  5445 D OpenGLRenderer: HWUI - treat SMPTE_170M as sRGB
06-06 13:00:14.666  6421  6488 I HoneySpace.TopTaskSource: onTaskMovedToFront : taskId = 18
06-06 13:00:14.666  6421  6490 I HoneySpace.TopTaskUseCase: topTasks 18 ComponentInfo{etf.ri.rma.newsfeedapp.test/androidx.test.core.app.InstrumentationActivityInvoker$EmptyActivity}
06-06 13:00:14.667  2342  5137 D InputDispatcher: Focused application(0): ActivityRecord{2702c00 u0 etf.ri.rma.newsfeedapp.test/androidx.test.core.app.InstrumentationActivityInvoker$EmptyActivity t18}
06-06 13:00:14.669  2342  5455 V WindowManager: Relayout Window{5223efb u0 Splash Screen etf.ri.rma.newsfeedapp.test}: viewVisibility=0 req=1080x2340 ty=3 d0
06-06 13:00:14.669  7890  7917 I AdrenoGLES-0: QUALCOMM build                   : d774a8672e, I8ea610b5b4
06-06 13:00:14.669  7890  7917 I AdrenoGLES-0: Build Date                       : 01/03/24
06-06 13:00:14.669  7890  7917 I AdrenoGLES-0: OpenGL ES Shader Compiler Version: E031.42.23.12
06-06 13:00:14.669  7890  7917 I AdrenoGLES-0: Local Branch                     :
06-06 13:00:14.669  7890  7917 I AdrenoGLES-0: Remote Branch                    : refs/tags/AU_LINUX_ANDROID_LA.VENDOR.14.3.0.11.00.00.973.408
06-06 13:00:14.669  7890  7917 I AdrenoGLES-0: Remote Branch                    : NONE
06-06 13:00:14.669  7890  7917 I AdrenoGLES-0: Reconstruct Branch               : NOTHING
06-06 13:00:14.669  7890  7917 I AdrenoGLES-0: Build Config                     : S P 16.1.2 AArch64
06-06 13:00:14.669  7890  7917 I AdrenoGLES-0: Driver Path                      : /vendor/lib64/egl/libGLESv2_adreno.so
06-06 13:00:14.669  7890  7917 I AdrenoGLES-0: Driver Version                   : 0744.18
06-06 13:00:14.669  7890  7917 I AdrenoGLES-0: Process Name                     : etf.ri.rma.newsfeedapp.test
06-06 13:00:14.669  6421 28031 I HoneySpace.RecentTasks: onRecentTasksChanged
06-06 13:00:14.669  1715  1806 I SurfaceFlinger: id=774 createSurf, flag=44004, Splash Screen etf.ri.rma.newsfeedapp.test$_5355#774
06-06 13:00:14.669  6421  6596 I HoneySpace.RecentTasks: onRecentTasksChanged
06-06 13:00:14.670  2342  5455 V WindowManager: Relayout hash=5223efb, pid=5355, syncId=-1: mAttrs={(0,0)(fillxfill) sim={adjust=pan} ty=APPLICATION_STARTING fmt=TRANSLUCENT
06-06 13:00:14.670  2342  5455 V WindowManager:   fl=81030118
06-06 13:00:14.670  2342  5455 V WindowManager:   pfl=16000010
06-06 13:00:14.670  2342  5455 V WindowManager:   apr=LIGHT_STATUS_BARS LIGHT_NAVIGATION_BARS
06-06 13:00:14.670  2342  5455 V WindowManager:   bhv=DEFAULT
06-06 13:00:14.670  2342  5455 V WindowManager:   fitSides= naviIconColor=0}
06-06 13:00:14.671  2342  5206 D AS.MultiSoundManager: mForegroundUid = 10318
06-06 13:00:14.671  2342  5206 D AS.MultiSoundManager: mForegroundUid = 10318
06-06 13:00:14.671  1715  1715 I BpBinder: onLastStrongRef automatically unlinking death recipients:
06-06 13:00:14.671  5355  5439 I InsetsController: onStateChanged: host=Splash Screen etf.ri.rma.newsfeedapp.test, from=android.view.ViewRootImpl.relayoutWindow:10062, state=InsetsState: {mDisplayFrame=Rect(0, 0 - 1080, 2340), mDisplayCutout=DisplayCutout{insets=Rect(0, 87 - 0, 0) waterfall=Insets{left=0, top=0, right=0, bottom=0} boundingRect={Bounds=[Rect(0, 0 - 0, 0), Rect(512, 0 - 568, 87), Rect(0, 0 - 0, 0), Rect(0, 0 - 0, 0)]} cutoutPathParserInfo={CutoutPathParserInfo{displayWidth=1080 displayHeight=2340 physicalDisplayWidth=1080 physicalDisplayHeight=2340 density={3.0} cutoutSpec={M 0,0 H -9.333333333333333 V 29 H 9.333333333333333 V 0 H 0 Z @dp} rotation={0} scale={1.0} physicalPixelDisplaySizeRatio={1.0}}}}, mRoundedCorners=RoundedCorners{[RoundedCorner{position=TopLeft, radius=102, center=Point(102, 102)}, RoundedCorner{position=TopRight, radius=102, center=Point(978, 102)}, RoundedCorner{position=BottomRight, radius=102, center=Point(978, 2238)}, RoundedCorner{position=BottomLeft, radius=102, center=Point(102, 2238)}]}  mRoundedCornerFrame=Rect(0, 0 - 1080, 2340), mPrivacyIndicatorBounds=PrivacyIndicatorBounds {static bounds=Rect(948, 0 - 1080, 87) rotation=0}, mDisplayShape=DisplayShape{ spec=1769313948 displayWidth=1080 displayHeight=2340 physicalPixelDisplaySizeRatio=1.0 rotation=0 offsetX=0 offsetY=0 scale=1.0}, mSources= { InsetsSource: {985d0000 mType=statusBars mFrame=[0,0][1080,87] mVisible=true mFlags=[]}, InsetsSource: {985d0005 mType=mandatorySystemGestures mFrame=[0,0][1080,123] mVisible=true mFlags=[]}, InsetsSource: {985d0006 mType=tappableElement mFrame=[0,0][1080,87] mVisible=true mFlags=[]}, InsetsSource: {3 mType=ime mFrame=[0,0][0,0] mVisible=false mFlags=[]}, InsetsSource: {27 mType=displayCutout mFrame=[0,0][1080,87] mVisible=true mFlags=[]}, InsetsSource: {26df0001 mType=navigationBars mFrame=[0,2196][1080,2340] mVisible=true mFlags=[]}, InsetsSource: {26df0004 mType=systemGestures mFrame=[0,0][0,0] mVisible=true mFlags=[]}, InsetsSource: {26df0005 mType=mandatorySystemGestures mFrame=[0,2196][1080,2340] mVisible=true mFlags=[]}, InsetsSource: {26df0006 mType=tappableElement mFrame=[0,2196][1080,2340] mVisible=true mFlags=[]}, InsetsSource: {26df0024 mType=systemGestures mFrame=[0,0][0,0] mVisible=true mFlags=[]} }
06-06 13:00:14.672  2342  5453 D InputDispatcher: Focus request (0): <null> but waiting because NO_WINDOW
06-06 13:00:14.672  2342  5453 D InputDispatcher: Focus left window (0): ba9b0c8 etf.ri.rma.newsfeedapp/etf.ri.rma.newsfeedapp.MainActivity
06-06 13:00:14.672  1636  1665 E ANDR-PERF-RESOURCEQS: ANDR-PERF-RESOURCEQS: AddAndApply() 167: Failed to apply optimization [10, 8]
06-06 13:00:14.672  5355  5439 I BLASTBufferQueue_Java: new BLASTBufferQueue, mName= ViewRootImpl@7850498[test] mNativeObject= 0xb4000074df9be7b0 sc.mNativeObject= 0xb4000073af942a50 caller= android.view.ViewRootImpl.updateBlastSurfaceIfNeeded:3031 android.view.ViewRootImpl.relayoutWindow:10121 android.view.ViewRootImpl.performTraversals:4115 android.view.ViewRootImpl.doTraversal:3291 android.view.ViewRootImpl$TraversalRunnable.run:11329 android.view.Choreographer$CallbackRecord.run:1689 android.view.Choreographer$CallbackRecord.run:1698 android.view.Choreographer.doCallbacks:1153 android.view.Choreographer.doFrame:1079 android.view.Choreographer$FrameDisplayEventReceiver.run:1646
06-06 13:00:14.672  5355  5439 I BLASTBufferQueue_Java: update, w= 1080 h= 2340 mName = ViewRootImpl@7850498[test] mNativeObject= 0xb4000074df9be7b0 sc.mNativeObject= 0xb4000073af942a50 format= -3 caller= android.graphics.BLASTBufferQueue.<init>:89 android.view.ViewRootImpl.updateBlastSurfaceIfNeeded:3031 android.view.ViewRootImpl.relayoutWindow:10121 android.view.ViewRootImpl.performTraversals:4115 android.view.ViewRootImpl.doTraversal:3291 android.view.ViewRootImpl$TraversalRunnable.run:11329
06-06 13:00:14.672  7790  7790 I ViewRootImpl@774ac8f[MainActivity]: handleWindowFocusChanged: 0 0 call from android.view.ViewRootImpl.-$$Nest$mhandleWindowFocusChanged:0
06-06 13:00:14.672  7790  7790 I ImeFocusController: onPreWindowFocus: skipped, hasWindowFocus=false mHasImeFocus=true
06-06 13:00:14.672  5355  5439 I ViewRootImpl@7850498[test]: Relayout returned: old=(0,0,1080,2340) new=(0,0,1080,2340) relayoutAsync=false req=(1080,2340)0 dur=6 res=0x403 s={true 0xb4000074af97b630} ch=true seqId=0
06-06 13:00:14.672  5355  5439 I ViewRootImpl@7850498[test]: performConfigurationChange setNightDimText nightDimLevel=0
06-06 13:00:14.673  7790  7790 I ImeFocusController: onPostWindowFocus: skipped, hasWindowFocus=false mHasImeFocus=true
06-06 13:00:14.673  5355  5439 D ViewRootImpl@7850498[test]: mThreadedRenderer.initialize() mSurface={isValid=true 0xb4000074af97b630} hwInitialized=true
06-06 13:00:14.673 11224 11224 D HidDeviceService: handleMessage(): msg.what=8
06-06 13:00:14.675  5355  5439 D ViewRootImpl@7850498[test]: reportNextDraw android.view.ViewRootImpl.performTraversals:4723 android.view.ViewRootImpl.doTraversal:3291 android.view.ViewRootImpl$TraversalRunnable.run:11329 android.view.Choreographer$CallbackRecord.run:1689 android.view.Choreographer$CallbackRecord.run:1698
06-06 13:00:14.675  5355  5439 I ViewRootImpl@7850498[test]: Setup new sync=wmsSync-ViewRootImpl@7850498[test]#58
06-06 13:00:14.675  5355  5439 I ViewRootImpl@7850498[test]: Creating new active sync group ViewRootImpl@7850498[test]#59
06-06 13:00:14.675  5355  5439 I ViewRootImpl@7850498[test]: registerCallbacksForSync syncBuffer=false
06-06 13:00:14.675  5355  5446 I ViewRootImpl@7850498[test]: Received frameDrawingCallback syncResult=0 frameNum=1.
06-06 13:00:14.675  5355  5446 I ViewRootImpl@7850498[test]: mWNT: t=0xb40000747f958cf0 mBlastBufferQueue=0xb4000074df9be7b0 fn= 1 mRenderHdrSdrRatio=1.0 caller= android.view.ViewRootImpl$8.onFrameDraw:13826 android.view.ThreadedRenderer$1.onFrameDraw:792 <bottom of call stack>
06-06 13:00:14.675  5355  5446 I ViewRootImpl@7850498[test]: Setting up sync and frameCommitCallback
06-06 13:00:14.675  6421  6488 I HoneySpace.TopTaskSource: onTaskFocusChanged(): taskId = 18
06-06 13:00:14.676  6421  6488 I HoneySpace.TopTaskSource: onTaskMovedToFront : taskId = 18
06-06 13:00:14.676  5355  5445 I BLASTBufferQueue: [ViewRootImpl@7850498[test]#22](f:0,a:0,s:0) onFrameAvailable the first frame is available
06-06 13:00:14.676  5355  5445 I ViewRootImpl@7850498[test]: Received frameCommittedCallback lastAttemptedDrawFrameNum=1 didProduceBuffer=true
06-06 13:00:14.676  6421  6488 I HoneySpace.TopTaskSource: onTaskFocusChanged(): taskId = 18
06-06 13:00:14.676  6421  6488 I HoneySpace.TopTaskSource: onTaskMovedToFront : taskId = 18
06-06 13:00:14.676  5355  5445 D OpenGLRenderer: CFMS:: SetUp Pid : 5355    Tid : 5445
06-06 13:00:14.677  5355  5439 I ViewRootImpl@7850498[test]: reportDrawFinished seqId=0
06-06 13:00:14.677  7890  7917 I AdrenoGLES-0: PFP: 0x01520171, ME: 0x01520023
06-06 13:00:14.677  2342  2630 D PkgPredictorService-SecIpmManagerServiceImpl: onForegroundActivitiesChanged pid:7890 uid:10318
06-06 13:00:14.677  2342  7097 V PkgPredictorService-SecIpmManagerServiceImpl: discard foreground app:etf.ri.rma.newsfeedapp.test 1|true
06-06 13:00:14.678  2342  2630 D NetworkPolicy: already checked 10318
06-06 13:00:14.679  7890  7917 E Adreno-AppProfiles: QSPM AIDL service doesn't exist
06-06 13:00:14.679 26692 27175 I Rubin   : [97] zb.a.c(Unknown Source) : Notify com.samsung.android.rubin.inferenceengine.contextanalytics.engine.loggers.AppUsageLogger's database is updated.
06-06 13:00:14.679  7012  7043 D C2SoftVpxEnc: bytes generated 60060
06-06 13:00:14.680  7890  7890 I DecorView: setWindowBackground: isPopOver=false color=ffffffff d=android.graphics.drawable.ColorDrawable@16489c7
06-06 13:00:14.681  1715  3404 I SurfaceFlinger: id=779 createSurf, flag=84004, Transition Root: Task=18#779
06-06 13:00:14.681  2342  2633 I SurfaceControl: show, t=StartTransaction_SyncId<26>, sc=Surface(name=ActivityRecord{2702c00 u0 etf.ri.rma.newsfeedapp.test/androidx.test.core.app.InstrumentationActivityInvoker$EmptyActivity t18})/@0x947ee06, caller=com.android.server.wm.Transition.onTransactionReady:1962 com.android.server.wm.BLASTSyncEngine$SyncGroup.finishNow:310 com.android.server.wm.BLASTSyncEngine$SyncGroup.tryFinish:242 com.android.server.wm.BLASTSyncEngine$SyncGroup.-$$Nest$mtryFinish:0 com.android.server.wm.BLASTSyncEngine.onSurfacePlacement:670 com.android.server.wm.RootWindowContainer.performSurfacePlacementNoTrace:988
06-06 13:00:14.682  2342  2633 D ScreenCapture: [Capture_TEST] : setIsScreenShotBySystem true
06-06 13:00:14.684  1715  1715 I Layer   : id=780 Destroyed Screenshot Parent#780
06-06 13:00:14.685  7890  7917 D NativeCustomFrequencyManager: [NativeCFMS] BpCustomFrequencyManager::BpCustomFrequencyManager()
06-06 13:00:14.686  1574  1638 I HYPER-HAL: [RequestManager.cpp]acquire(): Acquired ID : 1549863  [1577 / 183]    HINT :      list : [TID_LOW_LATENCY / 1] [TID / 7920] [TID / 7921] [TID / 7890] [TID / 7917]
06-06 13:00:14.687  5355  5420 I SurfaceControl: hide, t=FinishTransaction_SyncId<26>, sc=Surface(name=Task=17)/@0xfc56e5, caller=com.android.wm.shell.transition.Transitions.dispatchReady:681 com.android.wm.shell.transition.Transitions.onTransitionReady:118 com.android.wm.shell.transition.Transitions$TransitionPlayerImpl$$ExternalSyntheticLambda0.run:13 android.os.Handler.handleCallback:958 android.os.Handler.dispatchMessage:99 android.os.Looper.loopOnce:230
06-06 13:00:14.688  5355  5420 I SurfaceControl: show, t=StartTransaction_SyncId<26>, sc=Surface(name=Task=18)/@0x54725dc, caller=com.android.wm.shell.transition.Transitions.dispatchReady:686 com.android.wm.shell.transition.Transitions.onTransitionReady:118 com.android.wm.shell.transition.Transitions$TransitionPlayerImpl$$ExternalSyntheticLambda0.run:13 android.os.Handler.handleCallback:958 android.os.Handler.dispatchMessage:99 android.os.Looper.loopOnce:230
06-06 13:00:14.688  5355  5420 I SurfaceControl: show, t=FinishTransaction_SyncId<26>, sc=Surface(name=Task=18)/@0x54725dc, caller=com.android.wm.shell.transition.Transitions.dispatchReady:733 com.android.wm.shell.transition.Transitions.onTransitionReady:118 com.android.wm.shell.transition.Transitions$TransitionPlayerImpl$$ExternalSyntheticLambda0.run:13 android.os.Handler.handleCallback:958 android.os.Handler.dispatchMessage:99 android.os.Looper.loopOnce:230
06-06 13:00:14.688  5355  5420 I SurfaceControl: show, t=StartTransaction_SyncId<26>, sc=Surface(name=Transition Root: Task=18)/@0x808f5ba, caller=com.android.wm.shell.transition.Transitions.playTransition:80 com.android.wm.shell.transition.Transitions.processReadyQueue:185 com.android.wm.shell.transition.Transitions.dispatchReady:751 com.android.wm.shell.transition.Transitions.onTransitionReady:118 com.android.wm.shell.transition.Transitions$TransitionPlayerImpl$$ExternalSyntheticLambda0.run:13 android.os.Handler.handleCallback:958
06-06 13:00:14.688  1715  1807 I SurfaceFlinger: id=781 createSurf, flag=84000, 6e2e532 ActivityRecordInputSink etf.ri.rma.newsfeedapp.test/androidx.test.core.app.InstrumentationActivityInvoker$EmptyActivity#781
06-06 13:00:14.688  1715  2430 I SurfaceFlinger: id=782 createSurf, flag=44404, Bottom Edge Extension#782
06-06 13:00:14.689  2342  3323 D InputTransport: Input channel constructed: 'ce8b7de', fd=1115
06-06 13:00:14.689  2342  3323 D InputTransport: Input channel constructed: 'ce8b7de', fd=1118
06-06 13:00:14.689  1715  1715 I Layer   : id=783 Destroyed Screenshot Parent#783
06-06 13:00:14.690  2342  3323 D InputTransport: Input channel constructed: 'ce8b7de', fd=1119
06-06 13:00:14.690  1715  2430 I SurfaceFlinger: id=784 createSurf, flag=84004, ce8b7de etf.ri.rma.newsfeedapp.test/androidx.test.core.app.InstrumentationActivityInvoker$EmptyActivity#784
06-06 13:00:14.690  2342  3323 D InputTransport: Input channel destroyed: 'ce8b7de', fd=1119
06-06 13:00:14.691  1715  1807 I SurfaceFlinger: id=785 createSurf, flag=4400, bbq-wrapper#785
06-06 13:00:14.691  5355  5445 D NativeCustomFrequencyManager: [NativeCFMS] BpCustomFrequencyManager::BpCustomFrequencyManager()
06-06 13:00:14.692  6421  6421 I Edge.ActivityUtils: HomePackage : com.sec.android.app.launcher, resumePackageName : etf.ri.rma.newsfeedapp.test
06-06 13:00:14.692  7890  7890 I InsetsController: onStateChanged: host=etf.ri.rma.newsfeedapp.test/androidx.test.core.app.InstrumentationActivityInvoker$EmptyActivity, from=android.view.ViewRootImpl.setView:1751, state=InsetsState: {mDisplayFrame=Rect(0, 0 - 1080, 2340), mDisplayCutout=DisplayCutout{insets=Rect(0, 87 - 0, 0) waterfall=Insets{left=0, top=0, right=0, bottom=0} boundingRect={Bounds=[Rect(0, 0 - 0, 0), Rect(512, 0 - 568, 87), Rect(0, 0 - 0, 0), Rect(0, 0 - 0, 0)]} cutoutPathParserInfo={CutoutPathParserInfo{displayWidth=1080 displayHeight=2340 physicalDisplayWidth=1080 physicalDisplayHeight=2340 density={3.0} cutoutSpec={M 0,0 H -9.333333333333333 V 29 H 9.333333333333333 V 0 H 0 Z @dp} rotation={0} scale={1.0} physicalPixelDisplaySizeRatio={1.0}}}}, mRoundedCorners=RoundedCorners{[RoundedCorner{position=TopLeft, radius=102, center=Point(102, 102)}, RoundedCorner{position=TopRight, radius=102, center=Point(978, 102)}, RoundedCorner{position=BottomRight, radius=102, center=Point(978, 2238)}, RoundedCorner{position=BottomLeft, radius=102, center=Point(102, 2238)}]}  mRoundedCornerFrame=Rect(0, 0 - 1080, 2340), mPrivacyIndicatorBounds=PrivacyIndicatorBounds {static bounds=Rect(948, 0 - 1080, 87) rotation=0}, mDisplayShape=DisplayShape{ spec=1769313948 displayWidth=1080 displayHeight=2340 physicalPixelDisplaySizeRatio=1.0 rotation=0 offsetX=0 offsetY=0 scale=1.0}, mSources= { InsetsSource: {985d0000 mType=statusBars mFrame=[0,0][1080,87] mVisible=true mFlags=[]}, InsetsSource: {985d0005 mType=mandatorySystemGestures mFrame=[0,0][1080,123] mVisible=true mFlags=[]}, InsetsSource: {985d0006 mType=tappableElement mFrame=[0,0][1080,87] mVisible=true mFlags=[]}, InsetsSource: {3 mType=ime mFrame=[0,0][0,0] mVisible=false mFlags=[]}, InsetsSource: {27 mType=displayCutout mFrame=[0,0][1080,87] mVisible=true mFlags=[]}, InsetsSource: {26df0001 mType=navigationBars mFrame=[0,2196][1080,2340] mVisible=true mFlags=[]}, InsetsSource: {26df0004 mType=systemGestures mFrame=[0,0][0,0] mVisible=true mFlags=[]}, InsetsSource: {26df0005 mType=mandatorySystemGestures mFrame=[0,2196][1080,2340] mVisible=true mFlags=[]}, InsetsSource: {26df0006 mType=tappableElement mFrame=[0,2196][1080,2340] mVisible=true mFlags=[]}, InsetsSource: {26df0024 mType=systemGestures mFrame=[0,0][0,0] mVisible=true mFlags=[]} }
06-06 13:00:14.692  5355  5445 I BLASTBufferQueue: [bbq-adapter#23](f:0,a:0,s:0) onFrameAvailable the first frame is available
06-06 13:00:14.692  7890  7890 I ViewRootImpl@e72b592[InstrumentationActivityInvoker$EmptyActivity]: synced displayState. AttachInfo displayState=2
06-06 13:00:14.692  1574  1638 I HYPER-HAL: [RequestManager.cpp]acquire(): Acquired ID : 1553388  [1577 / 185]    HINT :      list : [TID_LOW_LATENCY / 1] [TID / 5446] [TID / 5447] [TID / 5420] [TID / 5445]
06-06 13:00:14.692  7890  7890 I ViewRootImpl@e72b592[InstrumentationActivityInvoker$EmptyActivity]: setView = com.android.internal.policy.DecorView@3bfc019 TM=true
06-06 13:00:14.692  5355  5445 D OpenGLRenderer: CFMS:: SetUp Pid : 5355    Tid : 5445
06-06 13:00:14.693  7890  7917 D OpenGLRenderer: HWUI - treat SMPTE_170M as sRGB
06-06 13:00:14.693  5355  5420 I SurfaceControl: show, t=StartTransaction_SyncId<26>, sc=Surface(name=Bottom Edge Extension)/@0x8305474, caller=android.view.SurfaceControl$Transaction.setVisibility:3012 com.android.wm.shell.transition.TransitionAnimationHelper.createExtensionSurface:241 com.android.wm.shell.transition.TransitionAnimationHelper.edgeExtendWindow:228 com.android.wm.shell.transition.DefaultTransitionHandler.startAnimation:2379 com.android.wm.shell.transition.Transitions.dispatchTransition:80 com.android.wm.shell.transition.Transitions.playTransition:776
06-06 13:00:14.693  1574  1638 I HYPER-HAL: [RequestManager.cpp]acquire(): Acquired ID : 1553388  [1577 / 185]    HINT :      list : [TID_LOW_LATENCY / 0] [TID / 5446] [TID / 5447] [TID / 5420] [TID / 5445]
06-06 13:00:14.693  1715  2430 I SurfaceFlinger: id=786 createSurf, flag=20004, DimTransitionLayer for Surface(name=Task=18)/@0x54725dc#786
06-06 13:00:14.694  5355  5420 I SurfaceControl: show, t=StartTransaction_SyncId<26>, sc=Surface(name=DimTransitionLayer for Surface(name=Task=18)/@0x54725dc)/@0x584ad5e, caller=com.android.wm.shell.transition.DefaultTransitionHandler.startAnimation:2946 com.android.wm.shell.transition.Transitions.dispatchTransition:80 com.android.wm.shell.transition.Transitions.playTransition:776 com.android.wm.shell.transition.Transitions.processReadyQueue:185 com.android.wm.shell.transition.Transitions.dispatchReady:751 com.android.wm.shell.transition.Transitions.onTransitionReady:118
06-06 13:00:14.694  5355  5420 I SurfaceControl: apply is called, name=StartTransaction_SyncId<26>, caller=com.android.wm.shell.transition.DefaultTransitionHandler.startAnimation:3179 com.android.wm.shell.transition.Transitions.dispatchTransition:80 com.android.wm.shell.transition.Transitions.playTransition:776 com.android.wm.shell.transition.Transitions.processReadyQueue:185 com.android.wm.shell.transition.Transitions.dispatchReady:751 com.android.wm.shell.transition.Transitions.onTransitionReady:118
06-06 13:00:14.694  1574  1638 I HYPER-HAL: [RequestManager.cpp]acquire(): Acquired ID : 1555152  [1577 / 186]    HINT :      list : [UCLAMP_MIN_BOOST / 0] [TID / 5446] [TID / 5447] [TID / 5420] [TID / 5445]
06-06 13:00:14.694  1574  1638 I HYPER-HAL: [RequestManager.cpp]releaseLocked(): Released ID : 1553388
06-06 13:00:14.694  1574  1638 I HYPER-HAL: [RequestManager.cpp]releaseLocked(): Released ID : 1555152
06-06 13:00:14.694  2342  5137 V WindowManager: Relayout Window{ce8b7de u0 etf.ri.rma.newsfeedapp.test/androidx.test.core.app.InstrumentationActivityInvoker$EmptyActivity}: viewVisibility=0 req=1080x2340 ty=1 d0
06-06 13:00:14.694  1652  2311 I QC2CompStore: Setting heap usage to system
06-06 13:00:14.695  1715  2430 I SurfaceFlinger: id=787 createSurf, flag=44004, etf.ri.rma.newsfeedapp.test/androidx.test.core.app.InstrumentationActivityInvoker$EmptyActivity$_7890#787
06-06 13:00:14.695  7012  7043 D C2SoftVpxEnc: bytes generated 67917
06-06 13:00:14.695  1715  1807 I SurfaceFlinger: id=788 createSurf, flag=24000, Surface(name=87e62a6 NavigationBar0)/@0xf64c4fb - animation-leash of insets_animation#788
06-06 13:00:14.696  1715  1715 I Layer   : Layer [Bottom Edge Extension#782] hidden!! flag(0)
06-06 13:00:14.696  1715  1715 I Layer   : Layer [ActivityRecord{2702c00 u0 etf.ri.rma.newsfeedapp.test/androidx.test.core.app.InstrumentationActivityInvoker$EmptyActivity t18}#772] hidden!! flag(0)
06-06 13:00:14.696  1715  1715 I Layer   : Layer [Task=18#771] hidden!! flag(0)
06-06 13:00:14.696  1715  1715 I Layer   : Layer::reparent [Task=18#771] newParent : Transition Root: Task=18#779 , isRemovedFromCurrentState : 0 -------------------------
06-06 13:00:14.696  1715  1715 I Layer   : Layer::reparent [Task=18#771] End -------------------------
06-06 13:00:14.696  1715  1715 I Layer   : Layer [DimTransitionLayer for Surface(name=Task=18)/@0x54725dc#786] hidden!! flag(0)
06-06 13:00:14.696  1715  1715 I Layer   : Layer [Transition Root: Task=18#779] hidden!! flag(0)
06-06 13:00:14.696  1715  1715 I Layer   : Layer [Splash Screen etf.ri.rma.newsfeedapp.test$_5355#774] hidden!! flag(0)
06-06 13:00:14.696  1715  1715 I Layer   : Layer::reparent [Task=17#742] newParent : Transition Root: Task=18#779 , isRemovedFromCurrentState : 0 -------------------------
06-06 13:00:14.696  1715  1715 I Layer   : Layer::reparent [Task=17#742] End -------------------------
06-06 13:00:14.696  1715  1715 I Layer   : Layer [5223efb Splash Screen etf.ri.rma.newsfeedapp.test#773] hidden!! flag(0)
06-06 13:00:14.697  1715  2430 I SurfaceFlinger: id=799 createSurf, flag=44404, Top Edge Extension#799
06-06 13:00:14.697  1715  1807 I SurfaceFlinger: id=789 createSurf, flag=24000, Surface(name=53a7541 StatusBar)/@0x3ba06c - animation-leash of insets_animation#789
06-06 13:00:14.698  5355  5355 D SamsungStatusBarGrayIconHelper: isGrayAppearance=false
06-06 13:00:14.698  5355  5355 D SamsungLightBarControlHelper: onStatusBarAppearanceChanged() -  sbModeChanged:false, statusBarMode:0, barState:MODE_TRANSPARENT, isKeyguardShowing:false, navbarColorManagedByIme:false, stackAppearanceChanged:true, (AppearanceRegion{LIGHT_STATUS_BARS bounds=[0,0][1080,2340]}, ), packageName:etf.ri.rma.newsfeedapp.test
06-06 13:00:14.698  5355  5355 D NavigationBar: onSystemBarAttributesChanged() -  displayId:0, appearance:24, packageName: etf.ri.rma.newsfeedapp.test (APPEARANCE_LIGHT_STATUS_BARS APPEARANCE_LIGHT_NAVIGATION_BARS ), navbarColorManagedByIme:false
06-06 13:00:14.698  5355  5355 D SamsungLightBarControlHelper: updateNavigationBar (BLACK button) isLightOpaque:false, hasLightNavigationBarFlag:true, packageName:etf.ri.rma.newsfeedapp.test, DirectReplying:false, NavBarColorMangedByIme:false, ForceDarkForScrim:false, QsCustomizing:false, PanelHasWhiteBg:false
06-06 13:00:14.698  5355  5355 D SamsungLightBarControlHelper: updateStatusBar (BLACK icon) numStacks:1, StatusBarMode:MODE_TRANSPARENT, lightBarBounds:[Rect(0, 0 - 1080, 2340)], StatusBarState:SHADE, packageName:etf.ri.rma.newsfeedapp.test, isWhiteKeyguardStatusBar:false
06-06 13:00:14.698  1715  3404 I SurfaceFlinger: id=800 createSurf, flag=24000, Surface(name=87e62a6 NavigationBar0)/@0xf64c4fb - animation-leash of insets_animation#800
06-06 13:00:14.698  5355  5439 I InsetsSourceConsumer: applyRequestedVisibilityToControl: visible=true, type=navigationBars, host=Splash Screen etf.ri.rma.newsfeedapp.test
06-06 13:00:14.699  5355  5439 I InsetsSourceConsumer: applyRequestedVisibilityToControl: visible=true, type=statusBars, host=Splash Screen etf.ri.rma.newsfeedapp.test
06-06 13:00:14.699  1715  1806 I SurfaceFlinger: id=801 createSurf, flag=24000, Surface(name=53a7541 StatusBar)/@0x3ba06c - animation-leash of insets_animation#801
06-06 13:00:14.699  2342  5137 V WindowManager: Relayout hash=ce8b7de, pid=7890, syncId=-1: mAttrs={(0,0)(fillxfill) sim={adjust=pan forwardNavigation} ty=BASE_APPLICATION
06-06 13:00:14.699  2342  5137 V WindowManager:   fl=81810100
06-06 13:00:14.699  2342  5137 V WindowManager:   pfl=12008040
06-06 13:00:14.699  2342  5137 V WindowManager:   bhv=DEFAULT
06-06 13:00:14.699  2342  5137 V WindowManager:   fitSides= naviIconColor=0}
06-06 13:00:14.701  7890  7890 I BLASTBufferQueue_Java: new BLASTBufferQueue, mName= ViewRootImpl@e72b592[InstrumentationActivityInvoker$EmptyActivity] mNativeObject= 0xb4000074df947250 sc.mNativeObject= 0xb4000073af939750 caller= android.view.ViewRootImpl.updateBlastSurfaceIfNeeded:3031 android.view.ViewRootImpl.relayoutWindow:10121 android.view.ViewRootImpl.performTraversals:4115 android.view.ViewRootImpl.doTraversal:3291 android.view.ViewRootImpl$TraversalRunnable.run:11329 android.view.Choreographer$CallbackRecord.run:1689 android.view.Choreographer$CallbackRecord.run:1698 android.view.Choreographer.doCallbacks:1153 android.view.Choreographer.doFrame:1079 android.view.Choreographer$FrameDisplayEventReceiver.run:1646
06-06 13:00:14.701  7890  7890 I BLASTBufferQueue_Java: update, w= 1080 h= 2340 mName = ViewRootImpl@e72b592[InstrumentationActivityInvoker$EmptyActivity] mNativeObject= 0xb4000074df947250 sc.mNativeObject= 0xb4000073af939750 format= -1 caller= android.graphics.BLASTBufferQueue.<init>:89 android.view.ViewRootImpl.updateBlastSurfaceIfNeeded:3031 android.view.ViewRootImpl.relayoutWindow:10121 android.view.ViewRootImpl.performTraversals:4115 android.view.ViewRootImpl.doTraversal:3291 android.view.ViewRootImpl$TraversalRunnable.run:11329
