06-06 13:00:14.151  7790  7812 I TestRunner: started: testSimilarStories(etf.ri.rma.newsfeedapp.TestS3)
06-06 13:00:14.154  7790  7812 D IdlingRegistry: Registering idling resources: [androidx.compose.ui.test.EspressoLink@3f1954]
06-06 13:00:14.154  1715  1715 I Layer   : id=678 Destroyed Surface(name=ac5a498 InputMethod)/@0x1895ba - animation-leash of insets_animation#678
06-06 13:00:14.155  1715  1715 I Layer   : id=741 Destroyed Task=15#741
06-06 13:00:14.155  1715  1715 I Layer   : id=670 Destroyed etf.ri.rma.newsfeedapp/etf.ri.rma.newsfeedapp.MainActivity$_7790#670
06-06 13:00:14.155  1715  1715 I Layer   : id=658 Destroyed 90e5bee etf.ri.rma.newsfeedapp/etf.ri.rma.newsfeedapp.MainActivity#658
06-06 13:00:14.155  1715  1715 I Layer   : id=653 Destroyed ActivityRecord{50076a8 u0 etf.ri.rma.newsfeedapp/.MainActivity t15}#653
06-06 13:00:14.155  1715  1715 I Layer   : id=667 Destroyed 30fea45 ActivityRecordInputSink etf.ri.rma.newsfeedapp/.MainActivity#667
06-06 13:00:14.155  5355  5447 I ViewRootImpl@c200653[test]: mWNT: t=0xb40000747f997070 mBlastBufferQueue=0xb4000074dfa11190 fn= 6 mRenderHdrSdrRatio=1.0 caller= android.view.SyncRtSurfaceTransactionApplier.applyTransaction:96 android.view.SyncRtSurfaceTransactionApplier.lambda$scheduleApply$0:69 android.view.SyncRtSurfaceTransactionApplier.$r8$lambda$SgowXC58rj3PR958kHUfRgLZmvE:0
06-06 13:00:14.155  6421  9458 I ViewRootImpl@cc9c4e9[LauncherActivity]: mWNT: t=0xb40000747f975830 mBlastBufferQueue=0xb4000074df963770 fn= 7 mRenderHdrSdrRatio=1.0 caller= com.android.systemui.shared.launcher.ViewRootImplCompat.mergeWithNextTransaction:4 com.honeyspace.transition.utils.SurfaceTransactionApplier.scheduleApply$lambda$1:26 com.honeyspace.transition.utils.SurfaceTransactionApplier.c:0
06-06 13:00:14.159  8184  8685 I SemDvfsHyPerManager: acquire hyper - TABaseBoost/8184@26, type = 1090523139
06-06 13:00:14.159  1574  1638 I HYPER-HAL: [RequestManager.cpp]acquire(): Acquired ID : 33706181  [8184 / 26]    HINT :      list : [TABoost / 1]
06-06 13:00:14.159  6421  7245 I HoneySpace.RecentTasks: onRecentTasksChanged
06-06 13:00:14.160  7790  7812 W Settings: Setting always_finish_activities has moved from android.provider.Settings.System to android.provider.Settings.Global, returning read-only value.
06-06 13:00:14.162  2342  2632 I ChimeraSystemEventListener: appLaunchIntent package name is: etf.ri.rma.newsfeedapp
06-06 13:00:14.163  5355  5446 I ViewRootImpl@c200653[test]: mWNT: t=0xb40000747f95c130 mBlastBufferQueue=0xb4000074dfa11190 fn= 7 mRenderHdrSdrRatio=1.0 caller= android.view.SyncRtSurfaceTransactionApplier.applyTransaction:96 android.view.SyncRtSurfaceTransactionApplier.lambda$scheduleApply$0:69 android.view.SyncRtSurfaceTransactionApplier.$r8$lambda$SgowXC58rj3PR958kHUfRgLZmvE:0
06-06 13:00:14.164  6421  9457 I ViewRootImpl@cc9c4e9[LauncherActivity]: mWNT: t=0xb40000747f974e90 mBlastBufferQueue=0xb4000074df963770 fn= 8 mRenderHdrSdrRatio=1.0 caller= com.android.systemui.shared.launcher.ViewRootImplCompat.mergeWithNextTransaction:4 com.honeyspace.transition.utils.SurfaceTransactionApplier.scheduleApply$lambda$1:26 com.honeyspace.transition.utils.SurfaceTransactionApplier.c:0
06-06 13:00:14.165  1652  2311 I QC2CompStore: Setting heap usage to system
06-06 13:00:14.166  7012  7043 D C2SoftVpxEnc: bytes generated 58062
06-06 13:00:14.166  2342  6621 I SemDvfsHyPerManager: acquire hyper - AMS_APP_SWITCH/2342@31, type = -999
06-06 13:00:14.167  1715  2430 I SurfaceFlinger: id=742 createSurf, flag=24004, Task=17#742
06-06 13:00:14.167  1574  1638 I HYPER-HAL: [RequestManager.cpp]acquire(): Acquired ID : 2816782  [2342 / 31]    HINT : AMS_APP_SWITCH    list :
06-06 13:00:14.167  8184  8184 I SemDvfsHyPerManager: acquire hyper - APP_START_SHORT/8184@19, type = -999
06-06 13:00:14.168  1715  2430 I SurfaceFlinger: id=743 createSurf, flag=84004, ActivityRecord{d177914 u0 etf.ri.rma.newsfeedapp/.MainActivity t17}#743
06-06 13:00:14.171  2342  3323 I SemDvfsHyPerManager: acquire hyper - AMS_APP_LAUNCH/2342@18, type = -999
06-06 13:00:14.171  1574  1638 I HYPER-HAL: [RequestManager.cpp]acquire(): Acquired ID : 33648725  [8184 / 19]    HINT : APP_START    list : [TIMEOUT / 1500]
06-06 13:00:14.171  7273  7273 E pageboostd: Received HALT command code 2
06-06 13:00:14.171  1574  1638 I HYPER-HAL: [RequestManager.cpp]acquire(): Acquired ID : 2785998  [2342 / 18]    HINT : AMS_APP_LAUNCH    list :
06-06 13:00:14.172  2342  5454 D SecContentProvider: query(), uri = 17 selection = isSettingsChangesAllowed
06-06 13:00:14.172  8184  8184 I SemDvfsHyPerManager: acquire hyper - APP_START/8184@21, type = -999
06-06 13:00:14.172  1574  1638 I HYPER-HAL: [RequestManager.cpp]acquire(): Acquired ID : 33665136  [8184 / 21]    HINT : APP_START    list :
06-06 13:00:14.173  6421  6421 I HoneySpace.Launcher: !@Boot_EBS_D: Launcher.onPause()
06-06 13:00:14.173  6421  7245 I HoneySpace.SPayHandler: updateSpayHandler launcher activity is paused false
06-06 13:00:14.173  6421  6421 I HoneySpace.Launcher: updateLauncherShowing true -> false
06-06 13:00:14.176  1574  1638 I HYPER-HAL: [RequestManager.cpp]acquire(): Acquired ID : 1511352  [1577 / 161]    HINT :      list : [TID_LOW_LATENCY / 0] [TID / 5446] [TID / 5447] [TID / 5439] [TID / 5445]
06-06 13:00:14.176  1574  1638 I HYPER-HAL: [RequestManager.cpp]acquire(): Acquired ID : 1513092  [1577 / 162]    HINT :      list : [UCLAMP_MIN_BOOST / 0] [TID / 5446] [TID / 5447] [TID / 5439] [TID / 5445]
06-06 13:00:14.176  1930  5588 I CameraService: onUidStateChanged: uid=10046, procState is changed. (1 -> 0)
06-06 13:00:14.177  6421 28031 I HoneySpace.RecentTasks: onRecentTasksChanged
06-06 13:00:14.177  6421  4145 I HoneySpace.RecentTasks: onRecentTasksChanged
06-06 13:00:14.177  1574  1638 I HYPER-HAL: [RequestManager.cpp]releaseLocked(): Released ID : 1511352
06-06 13:00:14.177  1574  1638 I HYPER-HAL: [RequestManager.cpp]releaseLocked(): Released ID : 1513092
06-06 13:00:14.178  7012  7043 D C2SoftVpxEnc: bytes generated 37880
06-06 13:00:14.179  2342  5453 D InputDispatcher: Focused application(0): ActivityRecord{d177914 u0 etf.ri.rma.newsfeedapp/.MainActivity t17}
06-06 13:00:14.184  2342  5454 V WindowManager: Relayout Window{ea09cbe u0 Splash Screen etf.ri.rma.newsfeedapp.test}: viewVisibility=8 req=1080x2340 ty=3 d0
06-06 13:00:14.185  6421  9458 I ViewRootImpl@cc9c4e9[LauncherActivity]: mWNT: t=0xb40000747f975410 mBlastBufferQueue=0xb4000074df963770 fn= 9 mRenderHdrSdrRatio=1.0 caller= com.android.systemui.shared.launcher.ViewRootImplCompat.mergeWithNextTransaction:4 com.honeyspace.transition.utils.SurfaceTransactionApplier.scheduleApply$lambda$1:26 com.honeyspace.transition.utils.SurfaceTransactionApplier.c:0
06-06 13:00:14.185  6421  6488 I HoneySpace.TopTaskSource: onTaskMovedToFront : taskId = 17
06-06 13:00:14.185  2342  5454 V WindowManager: Relayout hash=ea09cbe, pid=5355, syncId=-1: mAttrs={(0,0)(fillxfill) sim={adjust=pan} ty=APPLICATION_STARTING fmt=TRANSLUCENT alpha=0.0
06-06 13:00:14.185  2342  5454 V WindowManager:   fl=81030118
06-06 13:00:14.185  2342  5454 V WindowManager:   pfl=16000010
06-06 13:00:14.185  2342  5454 V WindowManager:   bhv=DEFAULT
06-06 13:00:14.185  2342  5454 V WindowManager:   fitSides= naviIconColor=0}
06-06 13:00:14.185  6421  6490 I HoneySpace.TopTaskUseCase: topTasks 17 ComponentInfo{etf.ri.rma.newsfeedapp/etf.ri.rma.newsfeedapp.MainActivity}
06-06 13:00:14.185  2342  5206 D AS.MultiSoundManager: mForegroundUid = 10317
06-06 13:00:14.185  2342  5206 D AS.MultiSoundManager: mForegroundUid = 10317
06-06 13:00:14.186  5355  5439 I ViewRootImpl@c200653[test]: Relayout returned: old=(0,0,1080,2340) new=(0,0,1080,2340) relayoutAsync=false req=(1080,2340)8 dur=10 res=0x402 s={false 0x0} ch=true seqId=0
06-06 13:00:14.187  2342  2630 D PkgPredictorService-SecIpmManagerServiceImpl: onForegroundActivitiesChanged pid:7790 uid:10317
06-06 13:00:14.188  2342  2630 D NetworkPolicy: already checked 10317
06-06 13:00:14.189  6421  9457 I ViewRootImpl@cc9c4e9[LauncherActivity]: mWNT: t=0xb40000747f974d30 mBlastBufferQueue=0xb4000074df963770 fn= 10 mRenderHdrSdrRatio=1.0 caller= com.android.systemui.shared.launcher.ViewRootImplCompat.mergeWithNextTransaction:4 com.honeyspace.transition.utils.SurfaceTransactionApplier.scheduleApply$lambda$1:26 com.honeyspace.transition.utils.SurfaceTransactionApplier.c:0
06-06 13:00:14.189  7790  7790 D LifecycleMonitor: Lifecycle status change: etf.ri.rma.newsfeedapp.MainActivity@63c5dd8 in: PRE_ON_CREATE
06-06 13:00:14.189  7790  7790 V ActivityScenario: Activity lifecycle changed event received but ignored because the reported transition was not ON_CREATE while the last known transition was PRE_ON_CREATE
06-06 13:00:14.189  6421  6488 I HoneySpace.TopTaskSource: onTaskFocusChanged(): taskId = 17
06-06 13:00:14.189  6421  6488 I HoneySpace.TopTaskSource: onTaskFocusChanged(): taskId = 17
06-06 13:00:14.189  6421  6488 I HoneySpace.TopTaskSource: onTaskMovedToFront : taskId = 17
06-06 13:00:14.189  6421  6488 I HoneySpace.TopTaskSource: onTaskMovedToFront : taskId = 17
06-06 13:00:14.189 26692 27175 I Rubin   : [97] zb.a.c(Unknown Source) : Notify com.samsung.android.rubin.inferenceengine.contextanalytics.engine.loggers.AppUsageLogger's database is updated.
06-06 13:00:14.191  1715  1715 D SurfaceFlinger: Display 4630946970390616451 HWC layers:
06-06 13:00:14.191  1715  1715 D SurfaceFlinger:      DEVICE | 0xb4000073beb13a00 | 0100 | RGBA_8888    |  675.0   98.0 1665.0 2242.0 |    0    0 1080 2340 | Wallpaper BBQ wrapper 5_system#94
06-06 13:00:14.191  1715  1715 D SurfaceFlinger:      DEVICE | 0xb4000073beb0f4d0 | 0100 | RGBA_8888    |    0.0    0.0 1080.0 2340.0 |    0    0 1080 2340 | com.sec.android.app.launcher/com.sec[...]ctivities.LauncherActivity$_6421#722
06-06 13:00:14.191  1715  1715 D SurfaceFlinger:      CLIENT | 0xb4000073beb075b0 | 0102 | RGBA_8888    |    0.0    0.0 1080.0 2340.0 |  103  224  977 2116 | etf.ri.rma.newsfeedapp.test/androidx[...]ivityInvoker$EmptyActivity$_7890#702
06-06 13:00:14.191  1715  1715 D SurfaceFlinger:      DEVICE | 0xb4000073beb087b0 | 0100 | RGBA_8888    |    0.0    0.0 1080.0   87.0 |    0    0 1080   87 | StatusBar$_5355#90
06-06 13:00:14.191  1715  1715 D SurfaceFlinger:      DEVICE | 0xb4000073beb138e0 | 0100 | RGBA_8888    |    0.0    0.0   67.0  342.0 | 1013  438 1080  780 | com.sec.android.app.launcher/com.sam[...]ce.edge.CocktailBarService$_6421#145
06-06 13:00:14.191  1715  1715 D SurfaceFlinger:      DEVICE | 0xb4000073beb0f830 | 0100 | RGBA_8888    |    0.0    0.0 1080.0  144.0 |    0 2196 1080 2340 | NavigationBar0$_5355#89
06-06 13:00:14.191  1715  1715 D SurfaceFlinger:
06-06 13:00:14.192  7012  7043 D C2SoftVpxEnc: bytes generated 47551
06-06 13:00:14.192  7790  7790 I DecorView: setWindowBackground: isPopOver=false color=fffafafa d=android.graphics.drawable.ColorDrawable@149b36d
06-06 13:00:14.193  5355  5445 D NativeCustomFrequencyManager: [NativeCFMS] BpCustomFrequencyManager::BpCustomFrequencyManager()
06-06 13:00:14.193  7790  7790 D LifecycleMonitor: Lifecycle status change: etf.ri.rma.newsfeedapp.MainActivity@63c5dd8 in: CREATED
06-06 13:00:14.193  7790  7790 V ActivityScenario: Update currentActivityStage to CREATED, currentActivity=etf.ri.rma.newsfeedapp.MainActivity@63c5dd8
06-06 13:00:14.194  7790  7790 D LifecycleMonitor: Lifecycle status change: etf.ri.rma.newsfeedapp.MainActivity@63c5dd8 in: STARTED
06-06 13:00:14.194  7790  7790 V ActivityScenario: Update currentActivityStage to STARTED, currentActivity=etf.ri.rma.newsfeedapp.MainActivity@63c5dd8
06-06 13:00:14.195  7790  7790 D LifecycleMonitor: Lifecycle status change: etf.ri.rma.newsfeedapp.MainActivity@63c5dd8 in: RESUMED
06-06 13:00:14.195  2342  5137 D InputTransport: Input channel constructed: '14d9a29', fd=1118
06-06 13:00:14.195  2342  5137 D InputTransport: Input channel constructed: '14d9a29', fd=1119
06-06 13:00:14.195  7790  7790 V ActivityScenario: Update currentActivityStage to RESUMED, currentActivity=etf.ri.rma.newsfeedapp.MainActivity@63c5dd8
06-06 13:00:14.195  2342  5137 D InputTransport: Input channel constructed: '14d9a29', fd=1120
06-06 13:00:14.195  6421  6421 I Edge.ActivityUtils: HomePackage : com.sec.android.app.launcher, resumePackageName : etf.ri.rma.newsfeedapp
06-06 13:00:14.195  1715  1807 I SurfaceFlinger: id=746 createSurf, flag=84004, 14d9a29 Splash Screen etf.ri.rma.newsfeedapp#746
06-06 13:00:14.196  1574  1638 I HYPER-HAL: [RequestManager.cpp]acquire(): Acquired ID : 1532298  [1577 / 173]    HINT :      list : [TID_LOW_LATENCY / 1] [TID / 5446] [TID / 5447] [TID / 5439] [TID / 5445]
06-06 13:00:14.197  2342  5137 D InputTransport: Input channel destroyed: '14d9a29', fd=1120
06-06 13:00:14.197  2342  5455 D InputDispatcher: Focus request (0): <null> but waiting because NO_WINDOW
06-06 13:00:14.197  2342  5455 D InputDispatcher: Focus left window (0): da5c5e7 com.sec.android.app.launcher/com.sec.android.app.launcher.activities.LauncherActivity
06-06 13:00:14.197  6421  9458 I ViewRootImpl@cc9c4e9[LauncherActivity]: mWNT: t=0xb40000747f9756d0 mBlastBufferQueue=0xb4000074df963770 fn= 11 mRenderHdrSdrRatio=1.0 caller= com.android.systemui.shared.launcher.ViewRootImplCompat.mergeWithNextTransaction:4 com.honeyspace.transition.utils.SurfaceTransactionApplier.scheduleApply$lambda$1:26 com.honeyspace.transition.utils.SurfaceTransactionApplier.c:0
06-06 13:00:14.197  5355  5439 I InsetsController: onStateChanged: host=Splash Screen etf.ri.rma.newsfeedapp, from=android.view.ViewRootImpl.setView:1751, state=InsetsState: {mDisplayFrame=Rect(0, 0 - 1080, 2340), mDisplayCutout=DisplayCutout{insets=Rect(0, 87 - 0, 0) waterfall=Insets{left=0, top=0, right=0, bottom=0} boundingRect={Bounds=[Rect(0, 0 - 0, 0), Rect(512, 0 - 568, 87), Rect(0, 0 - 0, 0), Rect(0, 0 - 0, 0)]} cutoutPathParserInfo={CutoutPathParserInfo{displayWidth=1080 displayHeight=2340 physicalDisplayWidth=1080 physicalDisplayHeight=2340 density={3.0} cutoutSpec={M 0,0 H -9.333333333333333 V 29 H 9.333333333333333 V 0 H 0 Z @dp} rotation={0} scale={1.0} physicalPixelDisplaySizeRatio={1.0}}}}, mRoundedCorners=RoundedCorners{[RoundedCorner{position=TopLeft, radius=102, center=Point(102, 102)}, RoundedCorner{position=TopRight, radius=102, center=Point(978, 102)}, RoundedCorner{position=BottomRight, radius=102, center=Point(978, 2238)}, RoundedCorner{position=BottomLeft, radius=102, center=Point(102, 2238)}]}  mRoundedCornerFrame=Rect(0, 0 - 1080, 2340), mPrivacyIndicatorBounds=PrivacyIndicatorBounds {static bounds=Rect(948, 0 - 1080, 87) rotation=0}, mDisplayShape=DisplayShape{ spec=1769313948 displayWidth=1080 displayHeight=2340 physicalPixelDisplaySizeRatio=1.0 rotation=0 offsetX=0 offsetY=0 scale=1.0}, mSources= { InsetsSource: {985d0000 mType=statusBars mFrame=[0,0][1080,87] mVisible=true mFlags=[]}, InsetsSource: {985d0005 mType=mandatorySystemGestures mFrame=[0,0][1080,123] mVisible=true mFlags=[]}, InsetsSource: {985d0006 mType=tappableElement mFrame=[0,0][1080,87] mVisible=true mFlags=[]}, InsetsSource: {3 mType=ime mFrame=[0,0][0,0] mVisible=false mFlags=[]}, InsetsSource: {27 mType=displayCutout mFrame=[0,0][1080,87] mVisible=true mFlags=[]}, InsetsSource: {26df0001 mType=navigationBars mFrame=[0,2196][1080,2340] mVisible=true mFlags=[]}, InsetsSource: {26df0004 mType=systemGestures mFrame=[0,0][0,0] mVisible=true mFlags=[]}, InsetsSource: {26df0005 mType=mandatorySystemGestures mFrame=[0,2196][1080,2340] mVisible=true mFlags=[]}, InsetsSource: {26df0006 mType=tappableElement mFrame=[0,2196][1080,2340] mVisible=true mFlags=[]}, InsetsSource: {26df0024 mType=systemGestures mFrame=[0,0][0,0] mVisible=true mFlags=[]} }
06-06 13:00:14.197  5355  5439 I ViewRootImpl@784daaa[newsfeedapp]: synced displayState. AttachInfo displayState=2
06-06 13:00:14.197  5355  5439 I ViewRootImpl@784daaa[newsfeedapp]: setView = android.widget.FrameLayout@d899a11 TM=true
06-06 13:00:14.197  5355  5439 W WindowOnBackDispatcher: sendCancelIfRunning: isInProgress=falsecallback=android.view.ViewRootImpl$$ExternalSyntheticLambda19@d896b9a
06-06 13:00:14.197  1930  5588 I CameraService: onUidStateChanged: uid=10046, procState is changed. (0 -> 1)
06-06 13:00:14.198  5355  5439 I ViewRootImpl@c200653[test]: dispatchDetachedFromWindow
06-06 13:00:14.199  7790  7818 D NativeCustomFrequencyManager: [NativeCFMS] BpCustomFrequencyManager::BpCustomFrequencyManager()
06-06 13:00:14.199  2342  5437 D InputTransport: Input channel destroyed: 'ea09cbe', fd=959
06-06 13:00:14.199  2342  5437 W InputManager-JNI: Input channel object 'ea09cbe Splash Screen etf.ri.rma.newsfeedapp.test (client)' was disposed without first being removed with the input manager!
06-06 13:00:14.199  2342  5437 D InputTransport: Input channel destroyed: 'ea09cbe', fd=975
06-06 13:00:14.200  6421  6421 I ViewRootImpl@cc9c4e9[LauncherActivity]: handleWindowFocusChanged: 0 0 call from android.view.ViewRootImpl.-$$Nest$mhandleWindowFocusChanged:0
06-06 13:00:14.200  6421  6421 I ImeFocusController: onPreWindowFocus: skipped, hasWindowFocus=false mHasImeFocus=true
06-06 13:00:14.200  6421  6421 I ImeFocusController: onPostWindowFocus: skipped, hasWindowFocus=false mHasImeFocus=true
06-06 13:00:14.201  1574  1638 I HYPER-HAL: [RequestManager.cpp]acquire(): Acquired ID : 1535803  [1577 / 175]    HINT :      list : [TID_LOW_LATENCY / 1] [TID / 7828] [TID / 7829] [TID / 7790] [TID / 7818]
06-06 13:00:14.202  5355  5439 D InputTransport: Input channel destroyed: 'ea09cbe', fd=505
06-06 13:00:14.203  2342  5455 D InputTransport: Input channel constructed: 'ba9b0c8', fd=959
06-06 13:00:14.203  2342  5455 D InputTransport: Input channel constructed: 'ba9b0c8', fd=975
06-06 13:00:14.203  2342  5455 D InputTransport: Input channel constructed: 'ba9b0c8', fd=1087
06-06 13:00:14.203  5355  5445 D OpenGLRenderer: HWUI - treat SMPTE_170M as sRGB
06-06 13:00:14.203  1715  1807 I SurfaceFlinger: id=748 createSurf, flag=84004, ba9b0c8 etf.ri.rma.newsfeedapp/etf.ri.rma.newsfeedapp.MainActivity#748
06-06 13:00:14.203 11275 11275 I InputMethodService: removeImeSurface
06-06 13:00:14.203 11275 11275 I InputMethodService: cancelImeSurfaceRemoval: removeCallbacks
06-06 13:00:14.203  2342  5455 D InputTransport: Input channel destroyed: 'ba9b0c8', fd=1087
06-06 13:00:14.203  2342  6212 V WindowManager: Relayout Window{14d9a29 u0 Splash Screen etf.ri.rma.newsfeedapp}: viewVisibility=0 req=1080x2340 ty=3 d0
06-06 13:00:14.204  1715  1807 I SurfaceFlinger: id=749 createSurf, flag=44004, Splash Screen etf.ri.rma.newsfeedapp$_5355#749
06-06 13:00:14.204  1715  1715 I Layer   : Layer::reparent [830a52c etf.ri.rma.newsfeedapp.test/androidx.test.core.app.InstrumentationActivityInvoker$EmptyActivity#696] newParent : ActivityRecord{51356d4 u0 etf.ri.rma.newsfeedapp.test/androidx.test.core.app.InstrumentationActivityInvoker$EmptyActivity t16}#682 , isRemovedFromCurrentState : 0 -------------------------
06-06 13:00:14.204  1715  1715 I Layer   : Layer::reparent [830a52c etf.ri.rma.newsfeedapp.test/androidx.test.core.app.InstrumentationActivityInvoker$EmptyActivity#696] End -------------------------
06-06 13:00:14.204  1715  1715 I Layer   : Layer::reparent [Surface(name=830a52c etf.ri.rma.newsfeedapp.test/androidx.test.core.app.InstrumentationActivityInvoker$EmptyActivity)/@0x253da02 - animation-leash of starting_reveal#735] newParentHandle : null -------------------------
06-06 13:00:14.204  1715  1715 I Layer   : id=735 removeFromCurrentState Surface(name=830a52c etf.ri.rma.newsfeedapp.test/androidx.test.core.app.InstrumentationActivityInvoker$EmptyActivity)/@0x253da02 - animation-leash of starting_reveal#735 (235)
06-06 13:00:14.204  1715  1715 I Layer   : Layer::reparent [Surface(name=830a52c etf.ri.rma.newsfeedapp.test/androidx.test.core.app.InstrumentationActivityInvoker$EmptyActivity)/@0x253da02 - animation-leash of starting_reveal#735] End -------------------------
06-06 13:00:14.205  1715  1715 I Layer   : id=738 Destroyed Surface(name=830a52c etf.ri.rma.newsfeedapp.test/androidx.test.core.app.InstrumentationActivityInvoker$EmptyActivity)/@0x253da02 - animation-leash of starting_reveal#735 (Mirror)#738
06-06 13:00:14.205  7790  7790 I InsetsController: onStateChanged: host=etf.ri.rma.newsfeedapp/etf.ri.rma.newsfeedapp.MainActivity, from=android.view.ViewRootImpl.setView:1751, state=InsetsState: {mDisplayFrame=Rect(0, 0 - 1080, 2340), mDisplayCutout=DisplayCutout{insets=Rect(0, 87 - 0, 0) waterfall=Insets{left=0, top=0, right=0, bottom=0} boundingRect={Bounds=[Rect(0, 0 - 0, 0), Rect(512, 0 - 568, 87), Rect(0, 0 - 0, 0), Rect(0, 0 - 0, 0)]} cutoutPathParserInfo={CutoutPathParserInfo{displayWidth=1080 displayHeight=2340 physicalDisplayWidth=1080 physicalDisplayHeight=2340 density={3.0} cutoutSpec={M 0,0 H -9.333333333333333 V 29 H 9.333333333333333 V 0 H 0 Z @dp} rotation={0} scale={1.0} physicalPixelDisplaySizeRatio={1.0}}}}, mRoundedCorners=RoundedCorners{[RoundedCorner{position=TopLeft, radius=102, center=Point(102, 102)}, RoundedCorner{position=TopRight, radius=102, center=Point(978, 102)}, RoundedCorner{position=BottomRight, radius=102, center=Point(978, 2238)}, RoundedCorner{position=BottomLeft, radius=102, center=Point(102, 2238)}]}  mRoundedCornerFrame=Rect(0, 0 - 1080, 2340), mPrivacyIndicatorBounds=PrivacyIndicatorBounds {static bounds=Rect(948, 0 - 1080, 87) rotation=0}, mDisplayShape=DisplayShape{ spec=1769313948 displayWidth=1080 displayHeight=2340 physicalPixelDisplaySizeRatio=1.0 rotation=0 offsetX=0 offsetY=0 scale=1.0}, mSources= { InsetsSource: {985d0000 mType=statusBars mFrame=[0,0][1080,87] mVisible=true mFlags=[]}, InsetsSource: {985d0005 mType=mandatorySystemGestures mFrame=[0,0][1080,123] mVisible=true mFlags=[]}, InsetsSource: {985d0006 mType=tappableElement mFrame=[0,0][1080,87] mVisible=true mFlags=[]}, InsetsSource: {3 mType=ime mFrame=[0,0][0,0] mVisible=false mFlags=[]}, InsetsSource: {27 mType=displayCutout mFrame=[0,0][1080,87] mVisible=true mFlags=[]}, InsetsSource: {26df0001 mType=navigationBars mFrame=[0,2196][1080,2340] mVisible=true mFlags=[]}, InsetsSource: {26df0004 mType=systemGestures mFrame=[0,0][0,0] mVisible=true mFlags=[]}, InsetsSource: {26df0005 mType=mandatorySystemGestures mFrame=[0,2196][1080,2340] mVisible=true mFlags=[]}, InsetsSource: {26df0006 mType=tappableElement mFrame=[0,2196][1080,2340] mVisible=true mFlags=[]}, InsetsSource: {26df0024 mType=systemGestures mFrame=[0,0][0,0] mVisible=true mFlags=[]} }
06-06 13:00:14.205  6421  9457 I ViewRootImpl@cc9c4e9[LauncherActivity]: mWNT: t=0xb40000747f974bd0 mBlastBufferQueue=0xb4000074df963770 fn= 12 mRenderHdrSdrRatio=1.0 caller= com.android.systemui.shared.launcher.ViewRootImplCompat.mergeWithNextTransaction:4 com.honeyspace.transition.utils.SurfaceTransactionApplier.scheduleApply$lambda$1:26 com.honeyspace.transition.utils.SurfaceTransactionApplier.c:0
06-06 13:00:14.205  7012  7043 D C2SoftVpxEnc: bytes generated 27243
06-06 13:00:14.206  7790  7790 I ViewRootImpl@774ac8f[MainActivity]: synced displayState. AttachInfo displayState=2
06-06 13:00:14.206  2342  6212 V WindowManager: Relayout hash=14d9a29, pid=5355, syncId=-1: mAttrs={(0,0)(fillxfill) sim={adjust=pan} ty=APPLICATION_STARTING fmt=TRANSLUCENT wanim=0x1030303
06-06 13:00:14.206  2342  6212 V WindowManager:   fl=81030118
06-06 13:00:14.206  2342  6212 V WindowManager:   pfl=16000010
06-06 13:00:14.206  2342  6212 V WindowManager:   apr=LIGHT_STATUS_BARS LIGHT_NAVIGATION_BARS
06-06 13:00:14.206  2342  6212 V WindowManager:   bhv=DEFAULT
06-06 13:00:14.206  2342  6212 V WindowManager:   fitSides= naviIconColor=0}
06-06 13:00:14.206  7790  7790 I ViewRootImpl@774ac8f[MainActivity]: setView = com.android.internal.policy.DecorView@d0e2cfa TM=true
06-06 13:00:14.206  7790  7818 D OpenGLRenderer: HWUI - treat SMPTE_170M as sRGB
06-06 13:00:14.208  5355  5439 I BLASTBufferQueue_Java: new BLASTBufferQueue, mName= ViewRootImpl@784daaa[newsfeedapp] mNativeObject= 0xb4000074df9fe8b0 sc.mNativeObject= 0xb4000073af9560d0 caller= android.view.ViewRootImpl.updateBlastSurfaceIfNeeded:3031 android.view.ViewRootImpl.relayoutWindow:10121 android.view.ViewRootImpl.performTraversals:4115 android.view.ViewRootImpl.doTraversal:3291 android.view.ViewRootImpl$TraversalRunnable.run:11329 android.view.Choreographer$CallbackRecord.run:1689 android.view.Choreographer$CallbackRecord.run:1698 android.view.Choreographer.doCallbacks:1153 android.view.Choreographer.doFrame:1079 android.view.Choreographer$FrameDisplayEventReceiver.run:1646
06-06 13:00:14.208  5355  5439 I BLASTBufferQueue_Java: update, w= 1080 h= 2340 mName = ViewRootImpl@784daaa[newsfeedapp] mNativeObject= 0xb4000074df9fe8b0 sc.mNativeObject= 0xb4000073af9560d0 format= -3 caller= android.graphics.BLASTBufferQueue.<init>:89 android.view.ViewRootImpl.updateBlastSurfaceIfNeeded:3031 android.view.ViewRootImpl.relayoutWindow:10121 android.view.ViewRootImpl.performTraversals:4115 android.view.ViewRootImpl.doTraversal:3291 android.view.ViewRootImpl$TraversalRunnable.run:11329
06-06 13:00:14.208  5355  5439 I ViewRootImpl@784daaa[newsfeedapp]: Relayout returned: old=(0,0,1080,2340) new=(0,0,1080,2340) relayoutAsync=false req=(1080,2340)0 dur=4 res=0x403 s={true 0xb4000074af986080} ch=true seqId=0
06-06 13:00:14.208  5355  5439 I ViewRootImpl@784daaa[newsfeedapp]: performConfigurationChange setNightDimText nightDimLevel=0
06-06 13:00:14.208  5355  5439 D ViewRootImpl@784daaa[newsfeedapp]: mThreadedRenderer.initialize() mSurface={isValid=true 0xb4000074af986080} hwInitialized=true
06-06 13:00:14.208  5355  5439 D ViewRootImpl@784daaa[newsfeedapp]: reportNextDraw android.view.ViewRootImpl.performTraversals:4723 android.view.ViewRootImpl.doTraversal:3291 android.view.ViewRootImpl$TraversalRunnable.run:11329 android.view.Choreographer$CallbackRecord.run:1689 android.view.Choreographer$CallbackRecord.run:1698
06-06 13:00:14.208  5355  5439 I ViewRootImpl@784daaa[newsfeedapp]: Setup new sync=wmsSync-ViewRootImpl@784daaa[newsfeedapp]#56
06-06 13:00:14.209  5355  5439 I ViewRootImpl@784daaa[newsfeedapp]: Creating new active sync group ViewRootImpl@784daaa[newsfeedapp]#57
06-06 13:00:14.209  5355  5439 I ViewRootImpl@784daaa[newsfeedapp]: registerCallbacksForSync syncBuffer=false
06-06 13:00:14.209  5355  5446 I ViewRootImpl@784daaa[newsfeedapp]: Received frameDrawingCallback syncResult=0 frameNum=1.
06-06 13:00:14.209  5355  5446 I ViewRootImpl@784daaa[newsfeedapp]: mWNT: t=0xb40000747f979090 mBlastBufferQueue=0xb4000074df9fe8b0 fn= 1 mRenderHdrSdrRatio=1.0 caller= android.view.ViewRootImpl$8.onFrameDraw:13826 android.view.ThreadedRenderer$1.onFrameDraw:792 <bottom of call stack>
06-06 13:00:14.209  5355  5446 I ViewRootImpl@784daaa[newsfeedapp]: Setting up sync and frameCommitCallback
06-06 13:00:14.210  5355  5445 I BLASTBufferQueue: [ViewRootImpl@784daaa[newsfeedapp]#21](f:0,a:0,s:0) onFrameAvailable the first frame is available
06-06 13:00:14.210  5355  5445 I ViewRootImpl@784daaa[newsfeedapp]: Received frameCommittedCallback lastAttemptedDrawFrameNum=1 didProduceBuffer=true
06-06 13:00:14.210  5355  5445 D OpenGLRenderer: CFMS:: SetUp Pid : 5355    Tid : 5445
06-06 13:00:14.211  5355  5439 I ViewRootImpl@784daaa[newsfeedapp]: reportDrawFinished seqId=0
06-06 13:00:14.213  1715  2430 I SurfaceFlinger: id=752 createSurf, flag=84004, Transition Root: Task=17#752
06-06 13:00:14.214  6421  9458 I ViewRootImpl@cc9c4e9[LauncherActivity]: mWNT: t=0xb40000747f974a70 mBlastBufferQueue=0xb4000074df963770 fn= 13 mRenderHdrSdrRatio=1.0 caller= com.android.systemui.shared.launcher.ViewRootImplCompat.mergeWithNextTransaction:4 com.honeyspace.transition.utils.SurfaceTransactionApplier.scheduleApply$lambda$1:26 com.honeyspace.transition.utils.SurfaceTransactionApplier.c:0
06-06 13:00:14.214  2342  2633 I SurfaceControl: show, t=StartTransaction_SyncId<25>, sc=Surface(name=ActivityRecord{d177914 u0 etf.ri.rma.newsfeedapp/.MainActivity t17})/@0xd1174, caller=com.android.server.wm.Transition.onTransactionReady:1962 com.android.server.wm.BLASTSyncEngine$SyncGroup.finishNow:310 com.android.server.wm.BLASTSyncEngine$SyncGroup.tryFinish:242 com.android.server.wm.BLASTSyncEngine$SyncGroup.-$$Nest$mtryFinish:0 com.android.server.wm.BLASTSyncEngine.onSurfacePlacement:670 com.android.server.wm.RootWindowContainer.performSurfacePlacementNoTrace:988
06-06 13:00:14.215  1715  1807 I SurfaceFlinger: id=753 createSurf, flag=24000, Surface(name=87e62a6 NavigationBar0)/@0xf64c4fb - animation-leash of insets_animation#753
06-06 13:00:14.216  5355  5420 I SurfaceControl: hide, t=FinishTransaction_SyncId<25>, sc=Surface(name=Task=1)/@0xfd5e850, caller=com.android.wm.shell.transition.Transitions.dispatchReady:681 com.android.wm.shell.transition.Transitions.onTransitionReady:118 com.android.wm.shell.transition.Transitions$TransitionPlayerImpl$$ExternalSyntheticLambda0.run:13 android.os.Handler.handleCallback:958 android.os.Handler.dispatchMessage:99 android.os.Looper.loopOnce:230
06-06 13:00:14.216  5355  5420 I SurfaceControl: show, t=StartTransaction_SyncId<25>, sc=Surface(name=Task=17)/@0x9edbe13, caller=com.android.wm.shell.transition.Transitions.dispatchReady:686 com.android.wm.shell.transition.Transitions.onTransitionReady:118 com.android.wm.shell.transition.Transitions$TransitionPlayerImpl$$ExternalSyntheticLambda0.run:13 android.os.Handler.handleCallback:958 android.os.Handler.dispatchMessage:99 android.os.Looper.loopOnce:230
06-06 13:00:14.216  5355  5420 I SurfaceControl: show, t=FinishTransaction_SyncId<25>, sc=Surface(name=Task=17)/@0x9edbe13, caller=com.android.wm.shell.transition.Transitions.dispatchReady:733 com.android.wm.shell.transition.Transitions.onTransitionReady:118 com.android.wm.shell.transition.Transitions$TransitionPlayerImpl$$ExternalSyntheticLambda0.run:13 android.os.Handler.handleCallback:958 android.os.Handler.dispatchMessage:99 android.os.Looper.loopOnce:230
06-06 13:00:14.216  7012  7043 D C2SoftVpxEnc: bytes generated 18206
06-06 13:00:14.216  1715  1807 I SurfaceFlinger: id=754 createSurf, flag=24000, Surface(name=53a7541 StatusBar)/@0x3ba06c - animation-leash of insets_animation#754
06-06 13:00:14.216  6421  6458 I HoneySpace.ShellAnimationRunner: onAnimationCancelled
06-06 13:00:14.217  6421  6421 I HoneySpace.ShellAnimationRunner: finishExistingAnimation, com.honeyspace.transition.anim.AnimationResult@7f001f6
06-06 13:00:14.217  6421  6421 I HoneySpace.AnimationResult: finish, false
06-06 13:00:14.217  6421  6421 I HoneySpace.AppCloseAnimationDelegate: onAnimationCancelled
06-06 13:00:14.217  1715  1807 I SurfaceFlinger: id=755 createSurf, flag=84000, 2ffdf26 ActivityRecordInputSink etf.ri.rma.newsfeedapp/.MainActivity#755
06-06 13:00:14.217  5355  5420 I SurfaceControl: apply is called, name=FinishTransaction_SyncId<24>, caller=android.view.SurfaceControl$Transaction.apply:2921 com.android.wm.shell.transition.Transitions.onFinish:302 com.android.wm.shell.transition.Transitions$$ExternalSyntheticLambda6.onTransitionFinished:15 com.android.wm.shell.transition.RemoteTransitionHandler$1$$ExternalSyntheticLambda0.run:118 android.os.Handler.handleCallback:958 android.os.Handler.dispatchMessage:99
06-06 13:00:14.217  6421  7949 I HoneySpace.AnimationResult: asyncFinishRunnable run
06-06 13:00:14.218  6421  6421 I HoneySpace.AnimationResult: completeCallback run
06-06 13:00:14.218  5355  5439 I InsetsSourceConsumer: applyRequestedVisibilityToControl: visible=true, type=navigationBars, host=Splash Screen etf.ri.rma.newsfeedapp
06-06 13:00:14.218  5355  5439 I InsetsSourceConsumer: applyRequestedVisibilityToControl: visible=true, type=statusBars, host=Splash Screen etf.ri.rma.newsfeedapp
06-06 13:00:14.220  7890  7890 I ViewRootImpl@dd0bcd7[InstrumentationActivityInvoker$EmptyActivity]: handleAppVisibility mAppVisible = true visible = false
06-06 13:00:14.220  6421  6421 I HoneySpace.Launcher: onEnterAnimationComplete
06-06 13:00:14.221  5355  5420 I SurfaceControl: show, t=StartTransaction_SyncId<25>, sc=Surface(name=Transition Root: Task=17)/@0x8bc7a49, caller=com.android.wm.shell.transition.Transitions.playTransition:80 com.android.wm.shell.transition.Transitions.processReadyQueue:185 com.android.wm.shell.transition.Transitions.onFinish:449 com.android.wm.shell.transition.Transitions$$ExternalSyntheticLambda6.onTransitionFinished:15 com.android.wm.shell.transition.RemoteTransitionHandler$1$$ExternalSyntheticLambda0.run:118 android.os.Handler.handleCallback:958
06-06 13:00:14.221  1715  1715 I Layer   : Layer::reparent [Transition Root: Task=1#728] newParentHandle : null -------------------------
06-06 13:00:14.221  1715  1715 I Layer   : id=728 removeFromCurrentState Transition Root: Task=1#728 (240)
06-06 13:00:14.221  1715  1715 I Layer   : id=731 removeFromCurrentState Surface(name=Task=1)/@0xa3b6328_transition-leash#731 (240)
06-06 13:00:14.221  1715  1715 I Layer   : id=52 removeFromCurrentState Task=1#52 (240)
06-06 13:00:14.221  1715  1715 I Layer   : id=138 removeFromCurrentState Task=8#138 (240)
06-06 13:00:14.221  1715  1715 I Layer   : id=139 removeFromCurrentState ActivityRecord{4bdcf41 u0 com.sec.android.app.launcher/.activities.LauncherActivity t8}#139 (240)
06-06 13:00:14.221  1715  1715 I Layer   : id=150 removeFromCurrentState 6231c4b ActivityRecordInputSink com.sec.android.app.launcher/.Launcher#150 (240)
06-06 13:00:14.221  1715  1715 I Layer   : id=221 removeFromCurrentState da5c5e7 com.sec.android.app.launcher/com.sec.android.app.launcher.activities.LauncherActivity#221 (240)
06-06 13:00:14.221  1715  1715 I Layer   : id=722 removeFromCurrentState com.sec.android.app.launcher/com.sec.android.app.launcher.activities.LauncherActivity$_6421#722 (240)
06-06 13:00:14.221  1715  1715 I Layer   : id=17 removeFromCurrentState ImeContainer#17 (240)
06-06 13:00:14.221  1715  1715 I Layer   : id=98 removeFromCurrentState WindowToken{f7b1b09 type=2011 android.os.Binder@15b9410}#98 (240)
06-06 13:00:14.221  1715  1715 I Layer   : id=739 removeFromCurrentState Surface(name=ac5a498 InputMethod)/@0x1895ba - animation-leash of insets_animation#739 (240)
06-06 13:00:14.221  1715  1715 I Layer   : id=154 removeFromCurrentState ac5a498 InputMethod#154 (240)
06-06 13:00:14.221  1715  1715 I Layer   : id=732 removeFromCurrentState Surface(name=Task=16)/@0xf2dd1e6_transition-leash#732 (240)
06-06 13:00:14.221  1715  1715 I Layer   : id=681 removeFromCurrentState Task=16#681 (240)
06-06 13:00:14.221  1715  1715 I Layer   : id=682 removeFromCurrentState ActivityRecord{51356d4 u0 etf.ri.rma.newsfeedapp.test/androidx.test.core.app.InstrumentationActivityInvoker$EmptyActivity t16}#682 (240)
06-06 13:00:14.221  1715  1715 I Layer   : id=694 removeFromCurrentState c8f96e6 ActivityRecordInputSink etf.ri.rma.newsfeedapp.test/androidx.test.core.app.InstrumentationActivityInvoker$EmptyActivity#694 (240)
06-06 13:00:14.221  1715  1715 I Layer   : id=696 removeFromCurrentState 830a52c etf.ri.rma.newsfeedapp.test/androidx.test.core.app.InstrumentationActivityInvoker$EmptyActivity#696 (240)
06-06 13:00:14.221  1715  1715 I Layer   : id=702 removeFromCurrentState etf.ri.rma.newsfeedapp.test/androidx.test.core.app.InstrumentationActivityInvoker$EmptyActivity$_7890#702 (240)
06-06 13:00:14.221  1715  1715 I Layer   : id=683 removeFromCurrentState ea09cbe Splash Screen etf.ri.rma.newsfeedapp.test#683 (240)
06-06 13:00:14.221  1715  1715 I Layer   : id=687 removeFromCurrentState Splash Screen etf.ri.rma.newsfeedapp.test$_5355#687 (240)
06-06 13:00:14.221  1715  1715 I Layer   : Layer::reparent [Transition Root: Task=1#728] End -------------------------
06-06 13:00:14.221  1715  1715 I Layer   : Layer::reparent [Task=1#52] newParent : DefaultTaskDisplayArea_d0#12 , isRemovedFromCurrentState : 0 -------------------------
06-06 13:00:14.221  1715  1715 I Layer   : id=52 addToCurrentState Task=1#52 (240)
06-06 13:00:14.221  1715  1715 I Layer   : id=138 addToCurrentState Task=8#138 (240)
06-06 13:00:14.221  1715  1715 I Layer   : id=139 addToCurrentState ActivityRecord{4bdcf41 u0 com.sec.android.app.launcher/.activities.LauncherActivity t8}#139 (240)
06-06 13:00:14.221  1715  1715 I Layer   : id=150 addToCurrentState 6231c4b ActivityRecordInputSink com.sec.android.app.launcher/.Launcher#150 (240)
06-06 13:00:14.221  1715  1715 I Layer   : id=221 addToCurrentState da5c5e7 com.sec.android.app.launcher/com.sec.android.app.launcher.activities.LauncherActivity#221 (240)
06-06 13:00:14.221  1715  1715 I Layer   : id=722 addToCurrentState com.sec.android.app.launcher/com.sec.android.app.launcher.activities.LauncherActivity$_6421#722 (240)
06-06 13:00:14.221  1715  1715 I Layer   : id=17 addToCurrentState ImeContainer#17 (240)
06-06 13:00:14.221  1715  1715 I Layer   : id=98 addToCurrentState WindowToken{f7b1b09 type=2011 android.os.Binder@15b9410}#98 (240)
06-06 13:00:14.221  1715  1715 I Layer   : id=739 addToCurrentState Surface(name=ac5a498 InputMethod)/@0x1895ba - animation-leash of insets_animation#739 (240)
06-06 13:00:14.221  1715  1715 I Layer   : id=154 addToCurrentState ac5a498 InputMethod#154 (240)
06-06 13:00:14.221  1715  1715 I Layer   : Layer::reparent [Task=1#52] End -------------------------
06-06 13:00:14.221  1715  1715 I Layer   : Layer [Task=16#681] hidden!! flag(1)
06-06 13:00:14.221  1715  1715 I Layer   : Layer::reparent [Task=16#681] newParent : DefaultTaskDisplayArea_d0#12 , isRemovedFromCurrentState : 0 -------------------------
06-06 13:00:14.221  1715  1715 I Layer   : id=681 addToCurrentState Task=16#681 (240)
06-06 13:00:14.221  1715  1715 I Layer   : id=682 addToCurrentState ActivityRecord{51356d4 u0 etf.ri.rma.newsfeedapp.test/androidx.test.core.app.InstrumentationActivityInvoker$EmptyActivity t16}#682 (240)
06-06 13:00:14.221  1715  1715 I Layer   : id=694 addToCurrentState c8f96e6 ActivityRecordInputSink etf.ri.rma.newsfeedapp.test/androidx.test.core.app.InstrumentationActivityInvoker$EmptyActivity#694 (240)
06-06 13:00:14.221  1715  1715 I Layer   : id=696 addToCurrentState 830a52c etf.ri.rma.newsfeedapp.test/androidx.test.core.app.InstrumentationActivityInvoker$EmptyActivity#696 (240)
06-06 13:00:14.221  1715  1715 I Layer   : id=702 addToCurrentState etf.ri.rma.newsfeedapp.test/androidx.test.core.app.InstrumentationActivityInvoker$EmptyActivity$_7890#702 (240)
06-06 13:00:14.221  1715  1715 I Layer   : id=683 addToCurrentState ea09cbe Splash Screen etf.ri.rma.newsfeedapp.test#683 (240)
06-06 13:00:14.221  1715  1715 I Layer   : id=687 addToCurrentState Splash Screen etf.ri.rma.newsfeedapp.test$_5355#687 (240)
06-06 13:00:14.221  1715  1715 I Layer   : Layer::reparent [Task=16#681] End -------------------------
06-06 13:00:14.221  1715  1715 I Layer   : Layer::reparent [87e62a6 NavigationBar0#78] newParent : Surface(name=87e62a6 NavigationBar0)/@0xf64c4fb - animation-leash of insets_animation#753 , isRemovedFromCurrentState : 0 -------------------------
06-06 13:00:14.221  1715  1715 I Layer   : Layer::reparent [87e62a6 NavigationBar0#78] End -------------------------
06-06 13:00:14.221  1715  1715 I Layer   : Layer::reparent [Surface(name=87e62a6 NavigationBar0)/@0xf64c4fb - animation-leash of insets_animation#723] newParentHandle : null -------------------------
06-06 13:00:14.221  1715  1715 I Layer   : id=723 removeFromCurrentState Surface(name=87e62a6 NavigationBar0)/@0xf64c4fb - animation-leash of insets_animation#723 (240)
06-06 13:00:14.221  1715  1715 I Layer   : Layer::reparent [Surface(name=87e62a6 NavigationBar0)/@0xf64c4fb - animation-leash of insets_animation#723] End -------------------------
06-06 13:00:14.221  1715  1715 I Layer   : Layer::reparent [53a7541 StatusBar#85] newParent : Surface(name=53a7541 StatusBar)/@0x3ba06c - animation-leash of insets_animation#754 , isRemovedFromCurrentState : 0 -------------------------
06-06 13:00:14.221  1715  1715 I Layer   : Layer::reparent [53a7541 StatusBar#85] End -------------------------
06-06 13:00:14.221  1715  1715 I Layer   : Layer::reparent [Surface(name=53a7541 StatusBar)/@0x3ba06c - animation-leash of insets_animation#724] newParentHandle : null -------------------------
06-06 13:00:14.221  1715  1715 I Layer   : id=724 removeFromCurrentState Surface(name=53a7541 StatusBar)/@0x3ba06c - animation-leash of insets_animation#724 (240)
06-06 13:00:14.221  1715  1715 I Layer   : Layer::reparent [Surface(name=53a7541 StatusBar)/@0x3ba06c - animation-leash of insets_animation#724] End -------------------------
06-06 13:00:14.221  1715  1715 I Layer   : Layer::reparent [Transition Root: Task=1#728] newParentHandle : null -------------------------
06-06 13:00:14.221  1715  1715 I Layer   : id=728 removeFromCurrentState Transition Root: Task=1#728 (240)
06-06 13:00:14.221  1715  1715 I Layer   : id=731 removeFromCurrentState Surface(name=Task=1)/@0xa3b6328_transition-leash#731 (240)
06-06 13:00:14.221  1715  1715 I Layer   : id=732 removeFromCurrentState Surface(name=Task=16)/@0xf2dd1e6_transition-leash#732 (240)
06-06 13:00:14.221  1715  1715 I Layer   : Layer::reparent [Transition Root: Task=1#728] End -------------------------
06-06 13:00:14.221  1715  1715 I Layer   : Layer::reparent [Splash Screen etf.ri.rma.newsfeedapp.test$_5355#687] newParentHandle : null -------------------------
06-06 13:00:14.221  1715  1715 I Layer   : id=687 removeFromCurrentState Splash Screen etf.ri.rma.newsfeedapp.test$_5355#687 (240)
06-06 13:00:14.221  1715  1715 I Layer   : Layer::reparent [Splash Screen etf.ri.rma.newsfeedapp.test$_5355#687] End -------------------------
06-06 13:00:14.221  1715  1715 I Layer   : Layer::reparent [ea09cbe Splash Screen etf.ri.rma.newsfeedapp.test#683] newParentHandle : null -------------------------
06-06 13:00:14.221  1715  1715 I Layer   : id=683 removeFromCurrentState ea09cbe Splash Screen etf.ri.rma.newsfeedapp.test#683 (240)
06-06 13:00:14.221  1715  1715 I Layer   : Layer::reparent [ea09cbe Splash Screen etf.ri.rma.newsfeedapp.test#683] End -------------------------
06-06 13:00:14.221  1715  1715 I Layer   : Layer [ActivityRecord{51356d4 u0 etf.ri.rma.newsfeedapp.test/androidx.test.core.app.InstrumentationActivityInvoker$EmptyActivity t16}#682] hidden!! flag(1)
06-06 13:00:14.221  1715  1715 I Layer   : Layer [etf.ri.rma.newsfeedapp.test/androidx.test.core.app.InstrumentationActivityInvoker$EmptyActivity$_7890#702] hidden!! flag(1)
06-06 13:00:14.221  7890  7890 I ViewRootImpl@dd0bcd7[InstrumentationActivityInvoker$EmptyActivity]: destroyHardwareResources: Callers=android.view.ViewRootImpl.performTraversals:3937 android.view.ViewRootImpl.doTraversal:3291 android.view.ViewRootImpl$TraversalRunnable.run:11329 android.view.Choreographer$CallbackRecord.run:1689 android.view.Choreographer$CallbackRecord.run:1698 android.view.Choreographer.doCallbacks:1153 android.view.Choreographer.doFrame:1079 android.view.Choreographer$FrameDisplayEventReceiver.run:1646 android.os.Handler.handleCallback:958 android.os.Handler.dispatchMessage:99
06-06 13:00:14.222  1715  1715 I Layer   : id=686 Destroyed ea09cbe Splash Screen etf.ri.rma.newsfeedapp.test#683 (Mirror)#686
06-06 13:00:14.222  1715  1715 I Layer   : id=726 Destroyed Surface(name=53a7541 StatusBar)/@0x3ba06c - animation-leash of insets_animation#724 (Mirror)#726
06-06 13:00:14.222  1715  1715 I Layer   : id=727 Destroyed Surface(name=87e62a6 NavigationBar0)/@0xf64c4fb - animation-leash of insets_animation#723 (Mirror)#727
06-06 13:00:14.222  1715  1715 I Layer   : id=729 Destroyed Transition Root: Task=1#728 (Mirror)#729
06-06 13:00:14.222  1715  1715 I Layer   : id=734 Destroyed Surface(name=Task=16)/@0xf2dd1e6_transition-leash#732 (Mirror)#734
06-06 13:00:14.222  1715  1715 I Layer   : id=733 Destroyed Surface(name=Task=1)/@0xa3b6328_transition-leash#731 (Mirror)#733
06-06 13:00:14.222  6421  9457 I ViewRootImpl@cc9c4e9[LauncherActivity]: mWNT: t=0xb40000747f965870 mBlastBufferQueue=0xb4000074df963770 fn= 14 mRenderHdrSdrRatio=1.0 caller= com.android.systemui.shared.launcher.ViewRootImplCompat.mergeWithNextTransaction:4 com.honeyspace.transition.utils.SurfaceTransactionApplier.scheduleApply$lambda$1:26 com.honeyspace.transition.utils.SurfaceTransactionApplier.c:0
06-06 13:00:14.222  1715  1715 I SurfaceFlinger: id=687 Removed Splash Screen etf.ri.rma.newsfeedapp.test$_5355#687 (238)
06-06 13:00:14.222  1715  1715 I SurfaceFlinger: id=724 Removed Surface(name=53a7541 StatusBar)/@0x3ba06c - animation-leash of insets_animation#724 (238)
06-06 13:00:14.222  1715  1715 I SurfaceFlinger: id=723 Removed Surface(name=87e62a6 NavigationBar0)/@0xf64c4fb - animation-leash of insets_animation#723 (238)
06-06 13:00:14.222  1715  1715 I SurfaceFlinger: id=728 Removed Transition Root: Task=1#728 (238)
06-06 13:00:14.222  7890  7917 D OpenGLRenderer: CacheManager::trimMemory(20)
06-06 13:00:14.222  1715  1715 I Layer   : id=688 Destroyed Splash Screen etf.ri.rma.newsfeedapp.test$_5355#687 (Mirror)#688
06-06 13:00:14.223  2342  6212 V WindowManager: Relayout Window{830a52c u0 etf.ri.rma.newsfeedapp.test/androidx.test.core.app.InstrumentationActivityInvoker$EmptyActivity}: viewVisibility=8 req=1080x2340 ty=1 d0
06-06 13:00:14.224  2342  6212 V WindowManager: Relayout hash=830a52c, pid=7890, syncId=-1: mAttrs={(0,0)(fillxfill) sim={adjust=pan forwardNavigation} ty=BASE_APPLICATION
06-06 13:00:14.224  2342  6212 V WindowManager:   fl=81810100
06-06 13:00:14.224  2342  6212 V WindowManager:   pfl=12008040
06-06 13:00:14.224  2342  6212 V WindowManager:   bhv=DEFAULT
06-06 13:00:14.224  2342  6212 V WindowManager:   fitSides= naviIconColor=0}
06-06 13:00:14.224  5355  5420 I SurfaceControl: apply is called, name=StartTransaction_SyncId<25>, caller=android.view.SurfaceControl$Transaction.apply:2921 com.android.wm.shell.transition.DefaultTransitionHandler.startAnimation:3202 com.android.wm.shell.transition.Transitions.dispatchTransition:80 com.android.wm.shell.transition.Transitions.playTransition:776 com.android.wm.shell.transition.Transitions.processReadyQueue:185 com.android.wm.shell.transition.Transitions.onFinish:449
06-06 13:00:14.224  5355  5355 D SamsungStatusBarGrayIconHelper: isGrayAppearance=false
06-06 13:00:14.225  5355  5355 D SamsungLightBarControlHelper: onStatusBarAppearanceChanged() -  sbModeChanged:false, statusBarMode:0, barState:MODE_TRANSPARENT, isKeyguardShowing:false, navbarColorManagedByIme:false, stackAppearanceChanged:true, (AppearanceRegion{LIGHT_STATUS_BARS bounds=[0,0][1080,2340]}, ), packageName:etf.ri.rma.newsfeedapp
06-06 13:00:14.225  5355  5355 D NavigationBar: onSystemBarAttributesChanged() -  displayId:0, appearance:24, packageName: etf.ri.rma.newsfeedapp (APPEARANCE_LIGHT_STATUS_BARS APPEARANCE_LIGHT_NAVIGATION_BARS ), navbarColorManagedByIme:false
06-06 13:00:14.225  5355  5355 D SamsungLightBarControlHelper: updateNavigationBar (BLACK button) isLightOpaque:false, hasLightNavigationBarFlag:true, packageName:etf.ri.rma.newsfeedapp, DirectReplying:false, NavBarColorMangedByIme:false, ForceDarkForScrim:false, QsCustomizing:false, PanelHasWhiteBg:false
06-06 13:00:14.225  5355  5355 D SysUiState: SysUiState changed: old=0x10000000 new=0x10020000
06-06 13:00:14.225  5355  5355 D SamsungLightBarControlHelper: updateStatusBar (BLACK icon) numStacks:1, StatusBarMode:MODE_TRANSPARENT, lightBarBounds:[Rect(0, 0 - 1080, 2340)], StatusBarState:SHADE, packageName:etf.ri.rma.newsfeedapp, isWhiteKeyguardStatusBar:false
06-06 13:00:14.225  7012  7043 D C2SoftVpxEnc: bytes generated 4774
06-06 13:00:14.227  1574  1638 I HYPER-HAL: [RequestManager.cpp]acquire(): Acquired ID : 1514833  [1577 / 163]    HINT :      list : [TID_LOW_LATENCY / 0] [TID / 7920] [TID / 7921] [TID / 7890] [TID / 7917]
06-06 13:00:14.227  6421  7247 I HoneySpace.SystemUiRepository: systemUiFlags: allow_gesture|awake
06-06 13:00:14.227  6421  6487 I HoneySpace.TaskbarEventTracker: invokeEvent() called with: event = SystemUiStateChanged(stateFlags=268566528)
06-06 13:00:14.227  1574  1638 I HYPER-HAL: [RequestManager.cpp]acquire(): Acquired ID : 1516575  [1577 / 164]    HINT :      list : [UCLAMP_MIN_BOOST / 0] [TID / 7920] [TID / 7921] [TID / 7890] [TID / 7917]
06-06 13:00:14.227  1715  1715 D SurfaceFlinger: Display 4630946970390616451 HWC layers:
06-06 13:00:14.227  1715  1715 D SurfaceFlinger:      DEVICE | 0xb4000073beb13a00 | 0100 | RGBA_8888    |  658.0   61.0 1682.0 2279.0 |    0    0 1080 2340 | Wallpaper BBQ wrapper 5_system#94
06-06 13:00:14.227  1715  1715 D SurfaceFlinger:      DEVICE | 0xb4000073beb0f4d0 | 0100 | RGBA_8888    |    0.0    0.0 1080.0 2340.0 |    0    0 1080 2340 | com.sec.android.app.launcher/com.sec[...]ctivities.LauncherActivity$_6421#722
06-06 13:00:14.227  1715  1715 D SurfaceFlinger:      DEVICE | 0xb4000073beb087b0 | 0100 | RGBA_8888    |    0.0    0.0 1080.0   87.0 |    0    0 1080   87 | StatusBar$_5355#90
06-06 13:00:14.227  1715  1715 D SurfaceFlinger:      DEVICE | 0xb4000073beb138e0 | 0100 | RGBA_8888    |    0.0    0.0   67.0  342.0 | 1013  438 1080  780 | com.sec.android.app.launcher/com.sam[...]ce.edge.CocktailBarService$_6421#145
06-06 13:00:14.227  1715  1715 D SurfaceFlinger:      DEVICE | 0xb4000073beb0f830 | 0100 | RGBA_8888    |    0.0    0.0 1080.0  144.0 |    0 2196 1080 2340 | NavigationBar0$_5355#89
06-06 13:00:14.227  1715  1715 D SurfaceFlinger:
06-06 13:00:14.228  1574  1638 I HYPER-HAL: [RequestManager.cpp]releaseLocked(): Released ID : 1514833
06-06 13:00:14.228  1574  1638 I HYPER-HAL: [RequestManager.cpp]releaseLocked(): Released ID : 1516575
06-06 13:00:14.229  1715  1715 I Layer   : Layer::reparent [Task=1#52] newParent : Transition Root: Task=17#752 , isRemovedFromCurrentState : 0 -------------------------
06-06 13:00:14.229  1715  1715 I Layer   : Layer::reparent [Task=1#52] End -------------------------
06-06 13:00:14.229  1715  1715 I Layer   : Layer [Task=17#742] hidden!! flag(0)
06-06 13:00:14.229  1715  1715 I Layer   : Layer::reparent [Task=17#742] newParent : Transition Root: Task=17#752 , isRemovedFromCurrentState : 0 -------------------------
