06-06 13:00:15.403  7790  7812 I TestRunner: started: getTopNewsPolitika(etf.ri.rma.newsfeedapp.TestS3)
06-06 13:00:15.403  6421  6488 I HoneySpace.TopTaskSource: onTaskRemoved: 19
06-06 13:00:15.404  1715  1715 I Layer   : id=922 removeFromCurrentState Surface(name=ac5a498 InputMethod)/@0x1895ba - animation-leash of insets_animation#922 (235)
06-06 13:00:15.404  1715  1715 I Layer   : Layer::reparent [ImeContainer#17] newParent : ActivityRecord{4bdcf41 u0 com.sec.android.app.launcher/.activities.LauncherActivity t8}#139 , isRemovedFromCurrentState : 0 -------------------------
06-06 13:00:15.404  1715  1715 I Layer   : id=17 addToCurrentState ImeContainer#17 (235)
06-06 13:00:15.404  1715  1715 I Layer   : id=98 addToCurrentState WindowToken{f7b1b09 type=2011 android.os.Binder@15b9410}#98 (235)
06-06 13:00:15.404  1715  1715 I Layer   : id=919 addToCurrentState Surface(name=ac5a498 InputMethod)/@0x1895ba - animation-leash of insets_animation#919 (235)
06-06 13:00:15.404  1715  1715 I Layer   : id=154 addToCurrentState ac5a498 InputMethod#154 (235)
06-06 13:00:15.404  1715  1715 I Layer   : id=922 addToCurrentState Surface(name=ac5a498 InputMethod)/@0x1895ba - animation-leash of insets_animation#922 (235)
06-06 13:00:15.404  1715  1715 I Layer   : Layer::reparent [ImeContainer#17] End -------------------------
06-06 13:00:15.404  1715  1715 I Layer   : Layer::reparent [ac5a498 InputMethod#154] newParent : Surface(name=ac5a498 InputMethod)/@0x1895ba - animation-leash of insets_animation#922 , isRemovedFromCurrentState : 0 -------------------------
06-06 13:00:15.404  1715  1715 I Layer   : Layer::reparent [ac5a498 InputMethod#154] End -------------------------
06-06 13:00:15.404  1715  1715 I Layer   : Layer::reparent [Surface(name=ac5a498 InputMethod)/@0x1895ba - animation-leash of insets_animation#919] newParentHandle : null -------------------------
06-06 13:00:15.404  1715  1715 I Layer   : id=919 removeFromCurrentState Surface(name=ac5a498 InputMethod)/@0x1895ba - animation-leash of insets_animation#919 (235)
06-06 13:00:15.404  1715  1715 I Layer   : Layer::reparent [Surface(name=ac5a498 InputMethod)/@0x1895ba - animation-leash of insets_animation#919] End -------------------------
06-06 13:00:15.404  1715  1715 I Layer   : id=921 Destroyed Task=19#921
06-06 13:00:15.404  1715  1715 I Layer   : id=833 Destroyed ActivityRecord{9bdbc61 u0 etf.ri.rma.newsfeedapp/.MainActivity t19}#833
06-06 13:00:15.404  1715  1715 I Layer   : id=842 Destroyed 196bc6b ActivityRecordInputSink etf.ri.rma.newsfeedapp/.MainActivity#842
06-06 13:00:15.405  5355  5447 I ViewRootImpl@dd5e81e[test]: mWNT: t=0xb40000747f9ada10 mBlastBufferQueue=0xb4000074df990630 fn= 6 mRenderHdrSdrRatio=1.0 caller= android.view.SyncRtSurfaceTransactionApplier.applyTransaction:96 android.view.SyncRtSurfaceTransactionApplier.lambda$scheduleApply$0:69 android.view.SyncRtSurfaceTransactionApplier.$r8$lambda$SgowXC58rj3PR958kHUfRgLZmvE:0
06-06 13:00:15.405  1715  1715 I SurfaceFlinger: id=919 Removed Surface(name=ac5a498 InputMethod)/@0x1895ba - animation-leash of insets_animation#919 (236)
06-06 13:00:15.405  6421  9457 I ViewRootImpl@cc9c4e9[LauncherActivity]: mWNT: t=0xb40000747f961eb0 mBlastBufferQueue=0xb4000074df963770 fn= 6 mRenderHdrSdrRatio=1.0 caller= com.android.systemui.shared.launcher.ViewRootImplCompat.mergeWithNextTransaction:4 com.honeyspace.transition.utils.SurfaceTransactionApplier.scheduleApply$lambda$1:26 com.honeyspace.transition.utils.SurfaceTransactionApplier.c:0
06-06 13:00:15.406  5355  5355 D NavigationBar: setImeWindowStatus show legacy ime switcher = false
06-06 13:00:15.406  5355  5355 D NavigationBar: setImeWindowStatus displayId=0 vis=0 backDisposition=0 showImeSwitcher=false imeShown=false
06-06 13:00:15.407  7790  7812 D IdlingRegistry: Registering idling resources: [androidx.compose.ui.test.EspressoLink@28471d5]
06-06 13:00:15.410  7790  7812 W Settings: Setting always_finish_activities has moved from android.provider.Settings.System to android.provider.Settings.Global, returning read-only value.
06-06 13:00:15.412  2342  2632 I ChimeraSystemEventListener: appLaunchIntent package name is: etf.ri.rma.newsfeedapp
06-06 13:00:15.412  1715  1715 I Layer   : id=919 Destroyed Surface(name=ac5a498 InputMethod)/@0x1895ba - animation-leash of insets_animation#919
06-06 13:00:15.413  5355  5446 I ViewRootImpl@dd5e81e[test]: mWNT: t=0xb40000747f9ae7d0 mBlastBufferQueue=0xb4000074df990630 fn= 7 mRenderHdrSdrRatio=1.0 caller= android.view.SyncRtSurfaceTransactionApplier.applyTransaction:96 android.view.SyncRtSurfaceTransactionApplier.lambda$scheduleApply$0:69 android.view.SyncRtSurfaceTransactionApplier.$r8$lambda$SgowXC58rj3PR958kHUfRgLZmvE:0
06-06 13:00:15.413  6421  9458 I ViewRootImpl@cc9c4e9[LauncherActivity]: mWNT: t=0xb40000747f94ed70 mBlastBufferQueue=0xb4000074df963770 fn= 7 mRenderHdrSdrRatio=1.0 caller= com.android.systemui.shared.launcher.ViewRootImplCompat.mergeWithNextTransaction:4 com.honeyspace.transition.utils.SurfaceTransactionApplier.scheduleApply$lambda$1:26 com.honeyspace.transition.utils.SurfaceTransactionApplier.c:0
06-06 13:00:15.416  2342  6621 I SemDvfsHyPerManager: acquire hyper - AMS_APP_SWITCH/2342@31, type = -999
06-06 13:00:15.416  1574  1638 I HYPER-HAL: [RequestManager.cpp]acquire(): Acquired ID : 2816782  [2342 / 31]    HINT : AMS_APP_SWITCH    list :
06-06 13:00:15.417  1715  1806 I SurfaceFlinger: id=927 createSurf, flag=24004, Task=21#927
06-06 13:00:15.417  8184  8184 I SemDvfsHyPerManager: acquire hyper - APP_START_SHORT/8184@19, type = -999
06-06 13:00:15.418  7012  7043 D C2SoftVpxEnc: bytes generated 57725
06-06 13:00:15.418  1715  1806 I SurfaceFlinger: id=928 createSurf, flag=84004, ActivityRecord{790d641 u0 etf.ri.rma.newsfeedapp/.MainActivity t21}#928
06-06 13:00:15.420  1574  1638 I HYPER-HAL: [RequestManager.cpp]acquire(): Acquired ID : 33648725  [8184 / 19]    HINT : APP_START    list : [TIMEOUT / 1500]
06-06 13:00:15.422  1574  1638 I HYPER-HAL: [RequestManager.cpp]acquire(): Acquired ID : 1578175  [1577 / 199]    HINT :      list : [TID_LOW_LATENCY / 0] [TID / 5446] [TID / 5447] [TID / 5439] [TID / 5445]
06-06 13:00:15.422  1574  1638 I HYPER-HAL: [RequestManager.cpp]acquire(): Acquired ID : 1579953  [1577 / 200]    HINT :      list : [UCLAMP_MIN_BOOST / 0] [TID / 5446] [TID / 5447] [TID / 5439] [TID / 5445]
06-06 13:00:15.422  2342  5137 I SemDvfsHyPerManager: acquire hyper - AMS_APP_LAUNCH/2342@18, type = -999
06-06 13:00:15.422  1574  1638 I HYPER-HAL: [RequestManager.cpp]releaseLocked(): Released ID : 1578175
06-06 13:00:15.423  1574  1638 I HYPER-HAL: [RequestManager.cpp]acquire(): Acquired ID : 2785998  [2342 / 18]    HINT : AMS_APP_LAUNCH    list :
06-06 13:00:15.423  1574  1638 I HYPER-HAL: [RequestManager.cpp]releaseLocked(): Released ID : 1579953
06-06 13:00:15.424  1930  5588 I CameraService: onUidStateChanged: uid=10046, procState is changed. (1 -> 0)
06-06 13:00:15.425  8184  8184 I SemDvfsHyPerManager: acquire hyper - APP_START/8184@21, type = -999
06-06 13:00:15.425  2342  5453 D SecContentProvider: query(), uri = 17 selection = isSettingsChangesAllowed
06-06 13:00:15.425  7273  7273 E pageboostd: Received HALT command code 2
06-06 13:00:15.425  1574  1638 I HYPER-HAL: [RequestManager.cpp]acquire(): Acquired ID : 33665136  [8184 / 21]    HINT : APP_START    list :
06-06 13:00:15.426  2342  5437 V WindowManager: Relayout Window{6aeacbf u0 Splash Screen etf.ri.rma.newsfeedapp.test}: viewVisibility=8 req=1080x2340 ty=3 d0
06-06 13:00:15.426  6421  6421 I HoneySpace.Launcher: !@Boot_EBS_D: Launcher.onPause()
06-06 13:00:15.426  6421  6421 I HoneySpace.Launcher: updateLauncherShowing true -> false
06-06 13:00:15.426  8184  8685 I SemDvfsHyPerManager: acquire hyper - TABaseBoost/8184@26, type = 1090523139
06-06 13:00:15.426  6421  5991 I HoneySpace.SPayHandler: updateSpayHandler launcher activity is paused false
06-06 13:00:15.427  1574  1638 I HYPER-HAL: [RequestManager.cpp]acquire(): Acquired ID : 33706181  [8184 / 26]    HINT :      list : [TABoost / 1]
06-06 13:00:15.427  2342  5437 V WindowManager: Relayout hash=6aeacbf, pid=5355, syncId=-1: mAttrs={(0,0)(fillxfill) sim={adjust=pan} ty=APPLICATION_STARTING fmt=TRANSLUCENT alpha=0.0
06-06 13:00:15.427  2342  5437 V WindowManager:   fl=81030118
06-06 13:00:15.427  2342  5437 V WindowManager:   pfl=16000010
06-06 13:00:15.427  2342  5437 V WindowManager:   bhv=DEFAULT
06-06 13:00:15.427  2342  5437 V WindowManager:   fitSides= naviIconColor=0}
06-06 13:00:15.428  5355  5439 I ViewRootImpl@dd5e81e[test]: Relayout returned: old=(0,0,1080,2340) new=(0,0,1080,2340) relayoutAsync=false req=(1080,2340)8 dur=6 res=0x402 s={false 0x0} ch=true seqId=0
06-06 13:00:15.428  6421  7245 I HoneySpace.RecentTasks: onRecentTasksChanged
06-06 13:00:15.429  6421  6596 I HoneySpace.RecentTasks: onRecentTasksChanged
06-06 13:00:15.429  6421  5991 I HoneySpace.RecentTasks: onRecentTasksChanged
06-06 13:00:15.429  2342  5137 D InputDispatcher: Focused application(0): ActivityRecord{790d641 u0 etf.ri.rma.newsfeedapp/.MainActivity t21}
06-06 13:00:15.429  5355  5445 D NativeCustomFrequencyManager: [NativeCFMS] BpCustomFrequencyManager::BpCustomFrequencyManager()
06-06 13:00:15.431  1574  1638 I HYPER-HAL: [RequestManager.cpp]acquire(): Acquired ID : 1596000  [1577 / 209]    HINT :      list : [TID_LOW_LATENCY / 1] [TID / 5446] [TID / 5447] [TID / 5439] [TID / 5445]
06-06 13:00:15.432  6421  9457 I ViewRootImpl@cc9c4e9[LauncherActivity]: mWNT: t=0xb40000747f959270 mBlastBufferQueue=0xb4000074df963770 fn= 8 mRenderHdrSdrRatio=1.0 caller= com.android.systemui.shared.launcher.ViewRootImplCompat.mergeWithNextTransaction:4 com.honeyspace.transition.utils.SurfaceTransactionApplier.scheduleApply$lambda$1:26 com.honeyspace.transition.utils.SurfaceTransactionApplier.c:0
06-06 13:00:15.432  2342  6212 D InputTransport: Input channel constructed: '6da540 ', fd=958
06-06 13:00:15.432  6421  6488 I HoneySpace.TopTaskSource: onTaskMovedToFront : taskId = 21
06-06 13:00:15.432  2342  6212 D InputTransport: Input channel constructed: '6da540 ', fd=990
06-06 13:00:15.432  2342  6212 D InputTransport: Input channel constructed: '6da540 ', fd=1000
06-06 13:00:15.433  1715  1806 I SurfaceFlinger: id=931 createSurf, flag=84004, 6da540 Splash Screen etf.ri.rma.newsfeedapp#931
06-06 13:00:15.434  2342  6212 D InputTransport: Input channel destroyed: '6da540 ', fd=1000
06-06 13:00:15.434  2342  5206 D AS.MultiSoundManager: mForegroundUid = 10317
06-06 13:00:15.434  2342  5206 D AS.MultiSoundManager: mForegroundUid = 10317
06-06 13:00:15.434  7012  7043 D C2SoftVpxEnc: bytes generated 56060
06-06 13:00:15.434  5355  5439 I InsetsController: onStateChanged: host=Splash Screen etf.ri.rma.newsfeedapp, from=android.view.ViewRootImpl.setView:1751, state=InsetsState: {mDisplayFrame=Rect(0, 0 - 1080, 2340), mDisplayCutout=DisplayCutout{insets=Rect(0, 87 - 0, 0) waterfall=Insets{left=0, top=0, right=0, bottom=0} boundingRect={Bounds=[Rect(0, 0 - 0, 0), Rect(512, 0 - 568, 87), Rect(0, 0 - 0, 0), Rect(0, 0 - 0, 0)]} cutoutPathParserInfo={CutoutPathParserInfo{displayWidth=1080 displayHeight=2340 physicalDisplayWidth=1080 physicalDisplayHeight=2340 density={3.0} cutoutSpec={M 0,0 H -9.333333333333333 V 29 H 9.333333333333333 V 0 H 0 Z @dp} rotation={0} scale={1.0} physicalPixelDisplaySizeRatio={1.0}}}}, mRoundedCorners=RoundedCorners{[RoundedCorner{position=TopLeft, radius=102, center=Point(102, 102)}, RoundedCorner{position=TopRight, radius=102, center=Point(978, 102)}, RoundedCorner{position=BottomRight, radius=102, center=Point(978, 2238)}, RoundedCorner{position=BottomLeft, radius=102, center=Point(102, 2238)}]}  mRoundedCornerFrame=Rect(0, 0 - 1080, 2340), mPrivacyIndicatorBounds=PrivacyIndicatorBounds {static bounds=Rect(948, 0 - 1080, 87) rotation=0}, mDisplayShape=DisplayShape{ spec=1769313948 displayWidth=1080 displayHeight=2340 physicalPixelDisplaySizeRatio=1.0 rotation=0 offsetX=0 offsetY=0 scale=1.0}, mSources= { InsetsSource: {985d0000 mType=statusBars mFrame=[0,0][1080,87] mVisible=true mFlags=[]}, InsetsSource: {985d0005 mType=mandatorySystemGestures mFrame=[0,0][1080,123] mVisible=true mFlags=[]}, InsetsSource: {985d0006 mType=tappableElement mFrame=[0,0][1080,87] mVisible=true mFlags=[]}, InsetsSource: {3 mType=ime mFrame=[0,0][0,0] mVisible=false mFlags=[]}, InsetsSource: {27 mType=displayCutout mFrame=[0,0][1080,87] mVisible=true mFlags=[]}, InsetsSource: {26df0001 mType=navigationBars mFrame=[0,2196][1080,2340] mVisible=true mFlags=[]}, InsetsSource: {26df0004 mType=systemGestures mFrame=[0,0][0,0] mVisible=true mFlags=[]}, InsetsSource: {26df0005 mType=mandatorySystemGestures mFrame=[0,2196][1080,2340] mVisible=true mFlags=[]}, InsetsSource: {26df0006 mType=tappableElement mFrame=[0,2196][1080,2340] mVisible=true mFlags=[]}, InsetsSource: {26df0024 mType=systemGestures mFrame=[0,0][0,0] mVisible=true mFlags=[]} }
06-06 13:00:15.434  6421  6490 I HoneySpace.TopTaskUseCase: topTasks 21 ComponentInfo{etf.ri.rma.newsfeedapp/etf.ri.rma.newsfeedapp.MainActivity}
06-06 13:00:15.434  5355  5439 I ViewRootImpl@b5f27e1[newsfeedapp]: synced displayState. AttachInfo displayState=2
06-06 13:00:15.434  5355  5439 I ViewRootImpl@b5f27e1[newsfeedapp]: setView = android.widget.FrameLayout@b7195f4 TM=true
06-06 13:00:15.435  5355  5439 W WindowOnBackDispatcher: sendCancelIfRunning: isInProgress=falsecallback=android.view.ViewRootImpl$$ExternalSyntheticLambda19@652a591
06-06 13:00:15.435  5355  5439 I ViewRootImpl@dd5e81e[test]: dispatchDetachedFromWindow
06-06 13:00:15.436  2342  2630 D PkgPredictorService-SecIpmManagerServiceImpl: onForegroundActivitiesChanged pid:7790 uid:10317
06-06 13:00:15.436  2342  5437 D InputTransport: Input channel destroyed: '6aeacbf', fd=959
06-06 13:00:15.436  2342  5437 W InputManager-JNI: Input channel object '6aeacbf Splash Screen etf.ri.rma.newsfeedapp.test (client)' was disposed without first being removed with the input manager!
06-06 13:00:15.436  2342  5437 D InputTransport: Input channel destroyed: '6aeacbf', fd=975
06-06 13:00:15.436  1715  1715 D SurfaceFlinger: Display 4630946970390616451 HWC layers:
06-06 13:00:15.436  1715  1715 D SurfaceFlinger:      DEVICE | 0xb4000073beb13a00 | 0100 | RGBA_8888    |  697.0  144.0 1643.0 2196.0 |    0    0 1080 2340 | Wallpaper BBQ wrapper 5_system#94
06-06 13:00:15.436  1715  1715 D SurfaceFlinger:      DEVICE | 0xb4000073beb15980 | 0100 | RGBA_8888    |    0.0    0.0 1080.0 2340.0 |    0    0 1080 2340 | com.sec.android.app.launcher/com.sec[...]ctivities.LauncherActivity$_6421#902
06-06 13:00:15.436  1715  1715 D SurfaceFlinger:      CLIENT | 0xb4000073beb024b0 | 0102 | RGBA_8888    |    0.0    0.0 1080.0 2340.0 |   24   51 1056 2289 | etf.ri.rma.newsfeedapp.test/androidx[...]ivityInvoker$EmptyActivity$_7890#880
06-06 13:00:15.436  1715  1715 D SurfaceFlinger:      DEVICE | 0xb4000073beb087b0 | 0100 | RGBA_8888    |    0.0    0.0 1080.0   87.0 |    0    0 1080   87 | StatusBar$_5355#90
06-06 13:00:15.436  1715  1715 D SurfaceFlinger:      DEVICE | 0xb4000073beb138e0 | 0100 | RGBA_8888    |    0.0    0.0   67.0  342.0 | 1013  438 1080  780 | com.sec.android.app.launcher/com.sam[...]ce.edge.CocktailBarService$_6421#145
06-06 13:00:15.436  1715  1715 D SurfaceFlinger:      DEVICE | 0xb4000073beb0d1f0 | 0100 | RGBA_8888    |    0.0    0.0 1080.0  144.0 |    0 2196 1080 2340 | NavigationBar0$_5355#89
06-06 13:00:15.436  1715  1715 D SurfaceFlinger:
06-06 13:00:15.437  6421  6488 I HoneySpace.TopTaskSource: onTaskFocusChanged(): taskId = 21
06-06 13:00:15.437  6421  6488 I HoneySpace.TopTaskSource: onTaskFocusChanged(): taskId = 21
06-06 13:00:15.437  6421  6488 I HoneySpace.TopTaskSource: onTaskMovedToFront : taskId = 21
06-06 13:00:15.437  6421  6488 I HoneySpace.TopTaskSource: onTaskMovedToFront : taskId = 21
06-06 13:00:15.437  5355  5439 D InputTransport: Input channel destroyed: '6aeacbf', fd=427
06-06 13:00:15.437  5355  5445 D OpenGLRenderer: HWUI - treat SMPTE_170M as sRGB
06-06 13:00:15.437  1715  1715 I Layer   : Layer::reparent [f3ef1fd etf.ri.rma.newsfeedapp.test/androidx.test.core.app.InstrumentationActivityInvoker$EmptyActivity#872] newParent : ActivityRecord{f9fd5f4 u0 etf.ri.rma.newsfeedapp.test/androidx.test.core.app.InstrumentationActivityInvoker$EmptyActivity t20}#862 , isRemovedFromCurrentState : 0 -------------------------
06-06 13:00:15.437  1715  1715 I Layer   : Layer::reparent [f3ef1fd etf.ri.rma.newsfeedapp.test/androidx.test.core.app.InstrumentationActivityInvoker$EmptyActivity#872] End -------------------------
06-06 13:00:15.437  1715  1715 I Layer   : Layer::reparent [Surface(name=f3ef1fd etf.ri.rma.newsfeedapp.test/androidx.test.core.app.InstrumentationActivityInvoker$EmptyActivity)/@0xd9a585e - animation-leash of starting_reveal#916] newParentHandle : null -------------------------
06-06 13:00:15.437  1715  1715 I Layer   : id=916 removeFromCurrentState Surface(name=f3ef1fd etf.ri.rma.newsfeedapp.test/androidx.test.core.app.InstrumentationActivityInvoker$EmptyActivity)/@0xd9a585e - animation-leash of starting_reveal#916 (240)
06-06 13:00:15.437  1715  1715 I Layer   : Layer::reparent [Surface(name=f3ef1fd etf.ri.rma.newsfeedapp.test/androidx.test.core.app.InstrumentationActivityInvoker$EmptyActivity)/@0xd9a585e - animation-leash of starting_reveal#916] End -------------------------
06-06 13:00:15.438  1715  1715 I Layer   : id=918 Destroyed Surface(name=f3ef1fd etf.ri.rma.newsfeedapp.test/androidx.test.core.app.InstrumentationActivityInvoker$EmptyActivity)/@0xd9a585e - animation-leash of starting_reveal#916 (Mirror)#918
06-06 13:00:15.438  2342  5437 V WindowManager: Relayout Window{6da540 u0 Splash Screen etf.ri.rma.newsfeedapp}: viewVisibility=0 req=1080x2340 ty=3 d0
06-06 13:00:15.439  6421  9458 I ViewRootImpl@cc9c4e9[LauncherActivity]: mWNT: t=0xb40000747f956d50 mBlastBufferQueue=0xb4000074df963770 fn= 9 mRenderHdrSdrRatio=1.0 caller= com.android.systemui.shared.launcher.ViewRootImplCompat.mergeWithNextTransaction:4 com.honeyspace.transition.utils.SurfaceTransactionApplier.scheduleApply$lambda$1:26 com.honeyspace.transition.utils.SurfaceTransactionApplier.c:0
06-06 13:00:15.440  1715  1807 I SurfaceFlinger: id=933 createSurf, flag=44004, Splash Screen etf.ri.rma.newsfeedapp$_5355#933
06-06 13:00:15.440  2342  3323 D InputDispatcher: Focus left window (0): da5c5e7 com.sec.android.app.launcher/com.sec.android.app.launcher.activities.LauncherActivity
06-06 13:00:15.441  6421  6421 I ViewRootImpl@cc9c4e9[LauncherActivity]: handleWindowFocusChanged: 0 0 call from android.view.ViewRootImpl.-$$Nest$mhandleWindowFocusChanged:0
06-06 13:00:15.441  6421  6421 I ImeFocusController: onPreWindowFocus: skipped, hasWindowFocus=false mHasImeFocus=true
06-06 13:00:15.442  6421  6421 I ImeFocusController: onPostWindowFocus: skipped, hasWindowFocus=false mHasImeFocus=true
06-06 13:00:15.442  2342  5437 V WindowManager: Relayout hash=6da540, pid=5355, syncId=-1: mAttrs={(0,0)(fillxfill) sim={adjust=pan} ty=APPLICATION_STARTING fmt=TRANSLUCENT wanim=0x1030303
06-06 13:00:15.442  2342  5437 V WindowManager:   fl=81030118
06-06 13:00:15.442  2342  5437 V WindowManager:   pfl=16000010
06-06 13:00:15.442  2342  5437 V WindowManager:   apr=LIGHT_STATUS_BARS LIGHT_NAVIGATION_BARS
06-06 13:00:15.442  2342  5437 V WindowManager:   bhv=DEFAULT
06-06 13:00:15.442  2342  5437 V WindowManager:   fitSides= naviIconColor=0}
06-06 13:00:15.442  7790  7790 D LifecycleMonitor: Lifecycle status change: etf.ri.rma.newsfeedapp.MainActivity@fcd7e89 in: PRE_ON_CREATE
06-06 13:00:15.442  7790  7790 V ActivityScenario: Activity lifecycle changed event received but ignored because the reported transition was not ON_CREATE while the last known transition was PRE_ON_CREATE
06-06 13:00:15.443  5355  5439 I BLASTBufferQueue_Java: new BLASTBufferQueue, mName= ViewRootImpl@b5f27e1[newsfeedapp] mNativeObject= 0xb4000074df9a89b0 sc.mNativeObject= 0xb4000073af94d6d0 caller= android.view.ViewRootImpl.updateBlastSurfaceIfNeeded:3031 android.view.ViewRootImpl.relayoutWindow:10121 android.view.ViewRootImpl.performTraversals:4115 android.view.ViewRootImpl.doTraversal:3291 android.view.ViewRootImpl$TraversalRunnable.run:11329 android.view.Choreographer$CallbackRecord.run:1689 android.view.Choreographer$CallbackRecord.run:1698 android.view.Choreographer.doCallbacks:1153 android.view.Choreographer.doFrame:1079 android.view.Choreographer$FrameDisplayEventReceiver.run:1646
06-06 13:00:15.443  5355  5439 I BLASTBufferQueue_Java: update, w= 1080 h= 2340 mName = ViewRootImpl@b5f27e1[newsfeedapp] mNativeObject= 0xb4000074df9a89b0 sc.mNativeObject= 0xb4000073af94d6d0 format= -3 caller= android.graphics.BLASTBufferQueue.<init>:89 android.view.ViewRootImpl.updateBlastSurfaceIfNeeded:3031 android.view.ViewRootImpl.relayoutWindow:10121 android.view.ViewRootImpl.performTraversals:4115 android.view.ViewRootImpl.doTraversal:3291 android.view.ViewRootImpl$TraversalRunnable.run:11329
06-06 13:00:15.443  5355  5439 I ViewRootImpl@b5f27e1[newsfeedapp]: Relayout returned: old=(0,0,1080,2340) new=(0,0,1080,2340) relayoutAsync=false req=(1080,2340)0 dur=4 res=0x403 s={true 0xb4000074af9e1930} ch=true seqId=0
06-06 13:00:15.443  5355  5439 I ViewRootImpl@b5f27e1[newsfeedapp]: performConfigurationChange setNightDimText nightDimLevel=0
06-06 13:00:15.443  5355  5439 D ViewRootImpl@b5f27e1[newsfeedapp]: mThreadedRenderer.initialize() mSurface={isValid=true 0xb4000074af9e1930} hwInitialized=true
06-06 13:00:15.444  5355  5439 D ViewRootImpl@b5f27e1[newsfeedapp]: reportNextDraw android.view.ViewRootImpl.performTraversals:4723 android.view.ViewRootImpl.doTraversal:3291 android.view.ViewRootImpl$TraversalRunnable.run:11329 android.view.Choreographer$CallbackRecord.run:1689 android.view.Choreographer$CallbackRecord.run:1698
06-06 13:00:15.444  5355  5439 I ViewRootImpl@b5f27e1[newsfeedapp]: Setup new sync=wmsSync-ViewRootImpl@b5f27e1[newsfeedapp]#64
06-06 13:00:15.444  5355  5439 I ViewRootImpl@b5f27e1[newsfeedapp]: Creating new active sync group ViewRootImpl@b5f27e1[newsfeedapp]#65
06-06 13:00:15.444  5355  5439 I ViewRootImpl@b5f27e1[newsfeedapp]: registerCallbacksForSync syncBuffer=false
06-06 13:00:15.444  5355  5446 I ViewRootImpl@b5f27e1[newsfeedapp]: Received frameDrawingCallback syncResult=0 frameNum=1.
06-06 13:00:15.444  5355  5446 I ViewRootImpl@b5f27e1[newsfeedapp]: mWNT: t=0xb40000747f97b710 mBlastBufferQueue=0xb4000074df9a89b0 fn= 1 mRenderHdrSdrRatio=1.0 caller= android.view.ViewRootImpl$8.onFrameDraw:13826 android.view.ThreadedRenderer$1.onFrameDraw:792 <bottom of call stack>
06-06 13:00:15.444  5355  5446 I ViewRootImpl@b5f27e1[newsfeedapp]: Setting up sync and frameCommitCallback
06-06 13:00:15.445  5355  5445 I BLASTBufferQueue: [ViewRootImpl@b5f27e1[newsfeedapp]#29](f:0,a:0,s:0) onFrameAvailable the first frame is available
06-06 13:00:15.445  7790  7790 I DecorView: setWindowBackground: isPopOver=false color=fffafafa d=android.graphics.drawable.ColorDrawable@461459a
06-06 13:00:15.446  5355  5445 I ViewRootImpl@b5f27e1[newsfeedapp]: Received frameCommittedCallback lastAttemptedDrawFrameNum=1 didProduceBuffer=true
06-06 13:00:15.446  6421  6421 I Edge.ActivityUtils: HomePackage : com.sec.android.app.launcher, resumePackageName : etf.ri.rma.newsfeedapp
06-06 13:00:15.446  5355  5445 D OpenGLRenderer: CFMS:: SetUp Pid : 5355    Tid : 5445
06-06 13:00:15.446  5355  5439 I ViewRootImpl@b5f27e1[newsfeedapp]: reportDrawFinished seqId=0
06-06 13:00:15.447  7790  7790 D LifecycleMonitor: Lifecycle status change: etf.ri.rma.newsfeedapp.MainActivity@fcd7e89 in: CREATED
06-06 13:00:15.447  7790  7790 V ActivityScenario: Update currentActivityStage to CREATED, currentActivity=etf.ri.rma.newsfeedapp.MainActivity@fcd7e89
06-06 13:00:15.447  6421  9457 I ViewRootImpl@cc9c4e9[LauncherActivity]: mWNT: t=0xb40000747f952310 mBlastBufferQueue=0xb4000074df963770 fn= 10 mRenderHdrSdrRatio=1.0 caller= com.android.systemui.shared.launcher.ViewRootImplCompat.mergeWithNextTransaction:4 com.honeyspace.transition.utils.SurfaceTransactionApplier.scheduleApply$lambda$1:26 com.honeyspace.transition.utils.SurfaceTransactionApplier.c:0
06-06 13:00:15.448  7790  7790 D LifecycleMonitor: Lifecycle status change: etf.ri.rma.newsfeedapp.MainActivity@fcd7e89 in: STARTED
06-06 13:00:15.448  7790  7790 V ActivityScenario: Update currentActivityStage to STARTED, currentActivity=etf.ri.rma.newsfeedapp.MainActivity@fcd7e89
06-06 13:00:15.448  1715  3404 I SurfaceFlinger: id=935 createSurf, flag=84004, Transition Root: Task=21#935
06-06 13:00:15.449  7012  7043 D C2SoftVpxEnc: bytes generated 47995
06-06 13:00:15.449  2342  2633 I SurfaceControl: show, t=StartTransaction_SyncId<31>, sc=Surface(name=ActivityRecord{790d641 u0 etf.ri.rma.newsfeedapp/.MainActivity t21})/@0xbc8deef, caller=com.android.server.wm.Transition.onTransactionReady:1962 com.android.server.wm.BLASTSyncEngine$SyncGroup.finishNow:310 com.android.server.wm.BLASTSyncEngine$SyncGroup.tryFinish:242 com.android.server.wm.BLASTSyncEngine$SyncGroup.-$$Nest$mtryFinish:0 com.android.server.wm.BLASTSyncEngine.onSurfacePlacement:670 com.android.server.wm.RootWindowContainer.performSurfacePlacementNoTrace:988
06-06 13:00:15.449  7790  7790 D LifecycleMonitor: Lifecycle status change: etf.ri.rma.newsfeedapp.MainActivity@fcd7e89 in: RESUMED
06-06 13:00:15.449  7790  7790 V ActivityScenario: Update currentActivityStage to RESUMED, currentActivity=etf.ri.rma.newsfeedapp.MainActivity@fcd7e89
06-06 13:00:15.451  7790  7818 D NativeCustomFrequencyManager: [NativeCFMS] BpCustomFrequencyManager::BpCustomFrequencyManager()
06-06 13:00:15.451  2342  2630 D NetworkPolicy: already checked 10317
06-06 13:00:15.451  5355  5420 I SurfaceControl: hide, t=FinishTransaction_SyncId<31>, sc=Surface(name=Task=1)/@0x3076cbf, caller=com.android.wm.shell.transition.Transitions.dispatchReady:681 com.android.wm.shell.transition.Transitions.onTransitionReady:118 com.android.wm.shell.transition.Transitions$TransitionPlayerImpl$$ExternalSyntheticLambda0.run:13 android.os.Handler.handleCallback:958 android.os.Handler.dispatchMessage:99 android.os.Looper.loopOnce:230
06-06 13:00:15.451  5355  5420 I SurfaceControl: show, t=StartTransaction_SyncId<31>, sc=Surface(name=Task=21)/@0x73fe2de, caller=com.android.wm.shell.transition.Transitions.dispatchReady:686 com.android.wm.shell.transition.Transitions.onTransitionReady:118 com.android.wm.shell.transition.Transitions$TransitionPlayerImpl$$ExternalSyntheticLambda0.run:13 android.os.Handler.handleCallback:958 android.os.Handler.dispatchMessage:99 android.os.Looper.loopOnce:230
06-06 13:00:15.451  5355  5420 I SurfaceControl: show, t=FinishTransaction_SyncId<31>, sc=Surface(name=Task=21)/@0x73fe2de, caller=com.android.wm.shell.transition.Transitions.dispatchReady:733 com.android.wm.shell.transition.Transitions.onTransitionReady:118 com.android.wm.shell.transition.Transitions$TransitionPlayerImpl$$ExternalSyntheticLambda0.run:13 android.os.Handler.handleCallback:958 android.os.Handler.dispatchMessage:99 android.os.Looper.loopOnce:230
06-06 13:00:15.452 26692 27175 I Rubin   : [97] zb.a.c(Unknown Source) : Notify com.samsung.android.rubin.inferenceengine.contextanalytics.engine.loggers.AppUsageLogger's database is updated.
06-06 13:00:15.452  2342  5437 D InputTransport: Input channel constructed: 'ea72c01', fd=1004
06-06 13:00:15.452  2342  5437 D InputTransport: Input channel constructed: 'ea72c01', fd=1081
06-06 13:00:15.452  2342  5437 D InputTransport: Input channel constructed: 'ea72c01', fd=1087
06-06 13:00:15.452  1715  3404 I SurfaceFlinger: id=936 createSurf, flag=84004, ea72c01 etf.ri.rma.newsfeedapp/etf.ri.rma.newsfeedapp.MainActivity#936
06-06 13:00:15.453  1574  1638 I HYPER-HAL: [RequestManager.cpp]acquire(): Acquired ID : 1599577  [1577 / 211]    HINT :      list : [TID_LOW_LATENCY / 1] [TID / 7828] [TID / 7829] [TID / 7790] [TID / 7818]
06-06 13:00:15.453  2342  5437 D InputTransport: Input channel destroyed: 'ea72c01', fd=1087
06-06 13:00:15.453  1930  5588 I CameraService: onUidStateChanged: uid=10046, procState is changed. (0 -> 1)
06-06 13:00:15.453  6421  6458 I HoneySpace.ShellAnimationRunner: onAnimationCancelled
06-06 13:00:15.454  6421  6421 I HoneySpace.ShellAnimationRunner: finishExistingAnimation, com.honeyspace.transition.anim.AnimationResult@846173
06-06 13:00:15.454  6421  6421 I HoneySpace.AnimationResult: finish, false
06-06 13:00:15.454  6421  6421 I HoneySpace.AppCloseAnimationDelegate: onAnimationCancelled
06-06 13:00:15.454  6421  7949 I HoneySpace.AnimationResult: asyncFinishRunnable run
06-06 13:00:15.454  1715  1807 I SurfaceFlinger: id=937 createSurf, flag=84000, 2170b4b ActivityRecordInputSink etf.ri.rma.newsfeedapp/.MainActivity#937
06-06 13:00:15.454  7790  7790 I InsetsController: onStateChanged: host=etf.ri.rma.newsfeedapp/etf.ri.rma.newsfeedapp.MainActivity, from=android.view.ViewRootImpl.setView:1751, state=InsetsState: {mDisplayFrame=Rect(0, 0 - 1080, 2340), mDisplayCutout=DisplayCutout{insets=Rect(0, 87 - 0, 0) waterfall=Insets{left=0, top=0, right=0, bottom=0} boundingRect={Bounds=[Rect(0, 0 - 0, 0), Rect(512, 0 - 568, 87), Rect(0, 0 - 0, 0), Rect(0, 0 - 0, 0)]} cutoutPathParserInfo={CutoutPathParserInfo{displayWidth=1080 displayHeight=2340 physicalDisplayWidth=1080 physicalDisplayHeight=2340 density={3.0} cutoutSpec={M 0,0 H -9.333333333333333 V 29 H 9.333333333333333 V 0 H 0 Z @dp} rotation={0} scale={1.0} physicalPixelDisplaySizeRatio={1.0}}}}, mRoundedCorners=RoundedCorners{[RoundedCorner{position=TopLeft, radius=102, center=Point(102, 102)}, RoundedCorner{position=TopRight, radius=102, center=Point(978, 102)}, RoundedCorner{position=BottomRight, radius=102, center=Point(978, 2238)}, RoundedCorner{position=BottomLeft, radius=102, center=Point(102, 2238)}]}  mRoundedCornerFrame=Rect(0, 0 - 1080, 2340), mPrivacyIndicatorBounds=PrivacyIndicatorBounds {static bounds=Rect(948, 0 - 1080, 87) rotation=0}, mDisplayShape=DisplayShape{ spec=1769313948 displayWidth=1080 displayHeight=2340 physicalPixelDisplaySizeRatio=1.0 rotation=0 offsetX=0 offsetY=0 scale=1.0}, mSources= { InsetsSource: {985d0000 mType=statusBars mFrame=[0,0][1080,87] mVisible=true mFlags=[]}, InsetsSource: {985d0005 mType=mandatorySystemGestures mFrame=[0,0][1080,123] mVisible=true mFlags=[]}, InsetsSource: {985d0006 mType=tappableElement mFrame=[0,0][1080,87] mVisible=true mFlags=[]}, InsetsSource: {3 mType=ime mFrame=[0,0][0,0] mVisible=false mFlags=[]}, InsetsSource: {27 mType=displayCutout mFrame=[0,0][1080,87] mVisible=true mFlags=[]}, InsetsSource: {26df0001 mType=navigationBars mFrame=[0,2196][1080,2340] mVisible=true mFlags=[]}, InsetsSource: {26df0004 mType=systemGestures mFrame=[0,0][0,0] mVisible=true mFlags=[]}, InsetsSource: {26df0005 mType=mandatorySystemGestures mFrame=[0,2196][1080,2340] mVisible=true mFlags=[]}, InsetsSource: {26df0006 mType=tappableElement mFrame=[0,2196][1080,2340] mVisible=true mFlags=[]}, InsetsSource: {26df0024 mType=systemGestures mFrame=[0,0][0,0] mVisible=true mFlags=[]} }
06-06 13:00:15.455  7790  7790 I ViewRootImpl@1bb2554[MainActivity]: synced displayState. AttachInfo displayState=2
06-06 13:00:15.455  7790  7790 I ViewRootImpl@1bb2554[MainActivity]: setView = com.android.internal.policy.DecorView@9c33c43 TM=true
06-06 13:00:15.455  6421  9458 I ViewRootImpl@cc9c4e9[LauncherActivity]: mWNT: t=0xb40000747f95f150 mBlastBufferQueue=0xb4000074df963770 fn= 11 mRenderHdrSdrRatio=1.0 caller= com.android.systemui.shared.launcher.ViewRootImplCompat.mergeWithNextTransaction:4 com.honeyspace.transition.utils.SurfaceTransactionApplier.scheduleApply$lambda$1:26 com.honeyspace.transition.utils.SurfaceTransactionApplier.c:0
06-06 13:00:15.455  6421  6421 I HoneySpace.AnimationResult: completeCallback run
06-06 13:00:15.456  7790  7818 D OpenGLRenderer: HWUI - treat SMPTE_170M as sRGB
06-06 13:00:15.456  5355  5420 I SurfaceControl: apply is called, name=FinishTransaction_SyncId<30>, caller=android.view.SurfaceControl$Transaction.apply:2921 com.android.wm.shell.transition.Transitions.onFinish:302 com.android.wm.shell.transition.Transitions$$ExternalSyntheticLambda6.onTransitionFinished:15 com.android.wm.shell.transition.RemoteTransitionHandler$1$$ExternalSyntheticLambda0.run:118 android.os.Handler.handleCallback:958 android.os.Handler.dispatchMessage:99
06-06 13:00:15.457  6421  6421 I HoneySpace.Launcher: onEnterAnimationComplete
06-06 13:00:15.458  1715  1806 I SurfaceFlinger: id=940 createSurf, flag=24000, Surface(name=87e62a6 NavigationBar0)/@0xf64c4fb - animation-leash of insets_animation#940
06-06 13:00:15.458  7890  7890 I ViewRootImpl@aa3e189[InstrumentationActivityInvoker$EmptyActivity]: handleAppVisibility mAppVisible = true visible = false
06-06 13:00:15.459  1715  1806 I SurfaceFlinger: id=941 createSurf, flag=24000, Surface(name=53a7541 StatusBar)/@0x3ba06c - animation-leash of insets_animation#941
06-06 13:00:15.459 11275 11275 I InputMethodService: removeImeSurface
06-06 13:00:15.459 11275 11275 I InputMethodService: cancelImeSurfaceRemoval: removeCallbacks
06-06 13:00:15.460  5355  5439 I InsetsSourceConsumer: applyRequestedVisibilityToControl: visible=true, type=navigationBars, host=Splash Screen etf.ri.rma.newsfeedapp
06-06 13:00:15.461  5355  5420 I SurfaceControl: show, t=StartTransaction_SyncId<31>, sc=Surface(name=Transition Root: Task=21)/@0x805af8c, caller=com.android.wm.shell.transition.Transitions.playTransition:80 com.android.wm.shell.transition.Transitions.processReadyQueue:185 com.android.wm.shell.transition.Transitions.onFinish:449 com.android.wm.shell.transition.Transitions$$ExternalSyntheticLambda6.onTransitionFinished:15 com.android.wm.shell.transition.RemoteTransitionHandler$1$$ExternalSyntheticLambda0.run:118 android.os.Handler.handleCallback:958
06-06 13:00:15.461  5355  5439 I InsetsSourceConsumer: applyRequestedVisibilityToControl: visible=true, type=statusBars, host=Splash Screen etf.ri.rma.newsfeedapp
06-06 13:00:15.461  5355  5420 I SurfaceControl: apply is called, name=StartTransaction_SyncId<31>, caller=android.view.SurfaceControl$Transaction.apply:2921 com.android.wm.shell.transition.DefaultTransitionHandler.startAnimation:3202 com.android.wm.shell.transition.Transitions.dispatchTransition:80 com.android.wm.shell.transition.Transitions.playTransition:776 com.android.wm.shell.transition.Transitions.processReadyQueue:185 com.android.wm.shell.transition.Transitions.onFinish:449
06-06 13:00:15.462  1715  1715 I Layer   : Layer [ea72c01 etf.ri.rma.newsfeedapp/etf.ri.rma.newsfeedapp.MainActivity#936] hidden!! flag(0)
06-06 13:00:15.462  1715  1715 I Layer   : Layer::reparent [Transition Root: Task=1#908] newParentHandle : null -------------------------
06-06 13:00:15.463  1715  1715 I Layer   : id=908 removeFromCurrentState Transition Root: Task=1#908 (249)
06-06 13:00:15.463  1715  1715 I Layer   : id=911 removeFromCurrentState Surface(name=Task=1)/@0x50f582a_transition-leash#911 (249)
06-06 13:00:15.463  1715  1715 I Layer   : id=52 removeFromCurrentState Task=1#52 (249)
06-06 13:00:15.463  1715  1715 I Layer   : id=138 removeFromCurrentState Task=8#138 (249)
06-06 13:00:15.463  1715  1715 I Layer   : id=139 removeFromCurrentState ActivityRecord{4bdcf41 u0 com.sec.android.app.launcher/.activities.LauncherActivity t8}#139 (249)
06-06 13:00:15.463  1715  1715 I Layer   : id=150 removeFromCurrentState 6231c4b ActivityRecordInputSink com.sec.android.app.launcher/.Launcher#150 (249)
06-06 13:00:15.463  1715  1715 I Layer   : id=221 removeFromCurrentState da5c5e7 com.sec.android.app.launcher/com.sec.android.app.launcher.activities.LauncherActivity#221 (249)
06-06 13:00:15.463  1715  1715 I Layer   : id=902 removeFromCurrentState com.sec.android.app.launcher/com.sec.android.app.launcher.activities.LauncherActivity$_6421#902 (249)
06-06 13:00:15.463  1715  1715 I Layer   : id=17 removeFromCurrentState ImeContainer#17 (249)
06-06 13:00:15.463  1715  1715 I Layer   : id=98 removeFromCurrentState WindowToken{f7b1b09 type=2011 android.os.Binder@15b9410}#98 (249)
06-06 13:00:15.463  1715  1715 I Layer   : id=922 removeFromCurrentState Surface(name=ac5a498 InputMethod)/@0x1895ba - animation-leash of insets_animation#922 (249)
06-06 13:00:15.463  1715  1715 I Layer   : id=154 removeFromCurrentState ac5a498 InputMethod#154 (249)
06-06 13:00:15.463  1715  1715 I Layer   : id=912 removeFromCurrentState Surface(name=Task=20)/@0xc483b8_transition-leash#912 (249)
06-06 13:00:15.463  1715  1715 I Layer   : id=861 removeFromCurrentState Task=20#861 (249)
06-06 13:00:15.463  1715  1715 I Layer   : id=862 removeFromCurrentState ActivityRecord{f9fd5f4 u0 etf.ri.rma.newsfeedapp.test/androidx.test.core.app.InstrumentationActivityInvoker$EmptyActivity t20}#862 (249)
06-06 13:00:15.463  1715  1715 I Layer   : id=875 removeFromCurrentState 524f906 ActivityRecordInputSink etf.ri.rma.newsfeedapp.test/androidx.test.core.app.InstrumentationActivityInvoker$EmptyActivity#875 (249)
06-06 13:00:15.463  1715  1715 I Layer   : id=872 removeFromCurrentState f3ef1fd etf.ri.rma.newsfeedapp.test/androidx.test.core.app.InstrumentationActivityInvoker$EmptyActivity#872 (249)
06-06 13:00:15.463  1715  1715 I Layer   : id=880 removeFromCurrentState etf.ri.rma.newsfeedapp.test/androidx.test.core.app.InstrumentationActivityInvoker$EmptyActivity$_7890#880 (249)
06-06 13:00:15.463  1715  1715 I Layer   : id=865 removeFromCurrentState 6aeacbf Splash Screen etf.ri.rma.newsfeedapp.test#865 (249)
06-06 13:00:15.463  1715  1715 I Layer   : id=867 removeFromCurrentState Splash Screen etf.ri.rma.newsfeedapp.test$_5355#867 (249)
06-06 13:00:15.463  1715  1715 I Layer   : Layer::reparent [Transition Root: Task=1#908] End -------------------------
06-06 13:00:15.463  1715  1715 I Layer   : Layer::reparent [Task=1#52] newParent : DefaultTaskDisplayArea_d0#12 , isRemovedFromCurrentState : 0 -------------------------
06-06 13:00:15.463  1715  1715 I Layer   : id=52 addToCurrentState Task=1#52 (249)
06-06 13:00:15.463  1715  1715 I Layer   : id=138 addToCurrentState Task=8#138 (249)
06-06 13:00:15.463  1715  1715 I Layer   : id=139 addToCurrentState ActivityRecord{4bdcf41 u0 com.sec.android.app.launcher/.activities.LauncherActivity t8}#139 (249)
06-06 13:00:15.463  1715  1715 I Layer   : id=150 addToCurrentState 6231c4b ActivityRecordInputSink com.sec.android.app.launcher/.Launcher#150 (249)
06-06 13:00:15.463  1715  1715 I Layer   : id=221 addToCurrentState da5c5e7 com.sec.android.app.launcher/com.sec.android.app.launcher.activities.LauncherActivity#221 (249)
06-06 13:00:15.463  1715  1715 I Layer   : id=902 addToCurrentState com.sec.android.app.launcher/com.sec.android.app.launcher.activities.LauncherActivity$_6421#902 (249)
06-06 13:00:15.463  1715  1715 I Layer   : id=17 addToCurrentState ImeContainer#17 (249)
06-06 13:00:15.463  1715  1715 I Layer   : id=98 addToCurrentState WindowToken{f7b1b09 type=2011 android.os.Binder@15b9410}#98 (249)
06-06 13:00:15.463  1715  1715 I Layer   : id=922 addToCurrentState Surface(name=ac5a498 InputMethod)/@0x1895ba - animation-leash of insets_animation#922 (249)
06-06 13:00:15.463  1715  1715 I Layer   : id=154 addToCurrentState ac5a498 InputMethod#154 (249)
06-06 13:00:15.463  1715  1715 I Layer   : Layer::reparent [Task=1#52] End -------------------------
06-06 13:00:15.463  1715  1715 I Layer   : Layer [Task=20#861] hidden!! flag(1)
06-06 13:00:15.463  1715  1715 I Layer   : Layer::reparent [Task=20#861] newParent : DefaultTaskDisplayArea_d0#12 , isRemovedFromCurrentState : 0 -------------------------
06-06 13:00:15.463  1715  1715 I Layer   : id=861 addToCurrentState Task=20#861 (249)
06-06 13:00:15.463  1715  1715 I Layer   : id=862 addToCurrentState ActivityRecord{f9fd5f4 u0 etf.ri.rma.newsfeedapp.test/androidx.test.core.app.InstrumentationActivityInvoker$EmptyActivity t20}#862 (249)
06-06 13:00:15.463  1715  1715 I Layer   : id=875 addToCurrentState 524f906 ActivityRecordInputSink etf.ri.rma.newsfeedapp.test/androidx.test.core.app.InstrumentationActivityInvoker$EmptyActivity#875 (249)
06-06 13:00:15.463  1715  1715 I Layer   : id=872 addToCurrentState f3ef1fd etf.ri.rma.newsfeedapp.test/androidx.test.core.app.InstrumentationActivityInvoker$EmptyActivity#872 (249)
06-06 13:00:15.463  1715  1715 I Layer   : id=880 addToCurrentState etf.ri.rma.newsfeedapp.test/androidx.test.core.app.InstrumentationActivityInvoker$EmptyActivity$_7890#880 (249)
06-06 13:00:15.463  1715  1715 I Layer   : id=865 addToCurrentState 6aeacbf Splash Screen etf.ri.rma.newsfeedapp.test#865 (249)
06-06 13:00:15.463  1715  1715 I Layer   : id=867 addToCurrentState Splash Screen etf.ri.rma.newsfeedapp.test$_5355#867 (249)
06-06 13:00:15.463  1715  1715 I Layer   : Layer::reparent [Task=20#861] End -------------------------
06-06 13:00:15.463  1715  1715 I Layer   : Layer::reparent [Transition Root: Task=1#908] newParentHandle : null -------------------------
06-06 13:00:15.463  1715  1715 I Layer   : id=908 removeFromCurrentState Transition Root: Task=1#908 (249)
06-06 13:00:15.463  1715  1715 I Layer   : id=911 removeFromCurrentState Surface(name=Task=1)/@0x50f582a_transition-leash#911 (249)
06-06 13:00:15.463  1715  1715 I Layer   : id=912 removeFromCurrentState Surface(name=Task=20)/@0xc483b8_transition-leash#912 (249)
06-06 13:00:15.463  1715  1715 I Layer   : Layer::reparent [Transition Root: Task=1#908] End -------------------------
06-06 13:00:15.463  1715  1715 I Layer   : Layer::reparent [Splash Screen etf.ri.rma.newsfeedapp.test$_5355#867] newParentHandle : null -------------------------
06-06 13:00:15.463  1715  1715 I Layer   : id=867 removeFromCurrentState Splash Screen etf.ri.rma.newsfeedapp.test$_5355#867 (249)
06-06 13:00:15.463  1715  1715 I Layer   : Layer::reparent [Splash Screen etf.ri.rma.newsfeedapp.test$_5355#867] End -------------------------
06-06 13:00:15.463  1715  1715 I Layer   : Layer::reparent [6aeacbf Splash Screen etf.ri.rma.newsfeedapp.test#865] newParentHandle : null -------------------------
06-06 13:00:15.463  1715  1715 I Layer   : id=865 removeFromCurrentState 6aeacbf Splash Screen etf.ri.rma.newsfeedapp.test#865 (249)
06-06 13:00:15.463  1715  1715 I Layer   : Layer::reparent [6aeacbf Splash Screen etf.ri.rma.newsfeedapp.test#865] End -------------------------
06-06 13:00:15.463  1715  1715 I Layer   : Layer::reparent [87e62a6 NavigationBar0#78] newParent : Surface(name=87e62a6 NavigationBar0)/@0xf64c4fb - animation-leash of insets_animation#940 , isRemovedFromCurrentState : 0 -------------------------
06-06 13:00:15.463  1715  1715 I Layer   : Layer::reparent [87e62a6 NavigationBar0#78] End -------------------------
06-06 13:00:15.463  1715  1715 I Layer   : Layer::reparent [Surface(name=87e62a6 NavigationBar0)/@0xf64c4fb - animation-leash of insets_animation#903] newParentHandle : null -------------------------
06-06 13:00:15.463  1715  1715 I Layer   : id=903 removeFromCurrentState Surface(name=87e62a6 NavigationBar0)/@0xf64c4fb - animation-leash of insets_animation#903 (249)
06-06 13:00:15.463  1715  1715 I Layer   : Layer::reparent [Surface(name=87e62a6 NavigationBar0)/@0xf64c4fb - animation-leash of insets_animation#903] End -------------------------
06-06 13:00:15.463  1715  1715 I Layer   : Layer::reparent [53a7541 StatusBar#85] newParent : Surface(name=53a7541 StatusBar)/@0x3ba06c - animation-leash of insets_animation#941 , isRemovedFromCurrentState : 0 -------------------------
06-06 13:00:15.463  1715  1715 I Layer   : Layer::reparent [53a7541 StatusBar#85] End -------------------------
06-06 13:00:15.463  1715  1715 I Layer   : Layer::reparent [Surface(name=53a7541 StatusBar)/@0x3ba06c - animation-leash of insets_animation#904] newParentHandle : null -------------------------
06-06 13:00:15.463  1715  1715 I Layer   : id=904 removeFromCurrentState Surface(name=53a7541 StatusBar)/@0x3ba06c - animation-leash of insets_animation#904 (249)
06-06 13:00:15.463  1715  1715 I Layer   : Layer::reparent [Surface(name=53a7541 StatusBar)/@0x3ba06c - animation-leash of insets_animation#904] End -------------------------
06-06 13:00:15.463  1715  1715 I Layer   : Layer [ActivityRecord{f9fd5f4 u0 etf.ri.rma.newsfeedapp.test/androidx.test.core.app.InstrumentationActivityInvoker$EmptyActivity t20}#862] hidden!! flag(1)
06-06 13:00:15.463  1715  1715 I Layer   : Layer [etf.ri.rma.newsfeedapp.test/androidx.test.core.app.InstrumentationActivityInvoker$EmptyActivity$_7890#880] hidden!! flag(1)
06-06 13:00:15.463  1715  1715 I Layer   : Layer::reparent [Task=1#52] newParent : Transition Root: Task=21#935 , isRemovedFromCurrentState : 0 -------------------------
06-06 13:00:15.463  1715  1715 I Layer   : Layer::reparent [Task=1#52] End -------------------------
06-06 13:00:15.463  1715  1715 I Layer   : Layer [Task=21#927] hidden!! flag(0)
06-06 13:00:15.463  1715  1715 I Layer   : Layer::reparent [Task=21#927] newParent : Transition Root: Task=21#935 , isRemovedFromCurrentState : 0 -------------------------
06-06 13:00:15.463  1715  1715 I Layer   : Layer::reparent [Task=21#927] End -------------------------
06-06 13:00:15.463  1715  1715 I Layer   : Layer [ActivityRecord{790d641 u0 etf.ri.rma.newsfeedapp/.MainActivity t21}#928] hidden!! flag(0)
06-06 13:00:15.463  1715  1715 I Layer   : Layer [Transition Root: Task=21#935] hidden!! flag(0)
06-06 13:00:15.463  1715  1715 I Layer   : Layer [6da540 Splash Screen etf.ri.rma.newsfeedapp#931] hidden!! flag(0)
06-06 13:00:15.463  1715  1715 I Layer   : Layer [Splash Screen etf.ri.rma.newsfeedapp$_5355#933] hidden!! flag(0)
06-06 13:00:15.463  7890  7890 I ViewRootImpl@aa3e189[InstrumentationActivityInvoker$EmptyActivity]: destroyHardwareResources: Callers=android.view.ViewRootImpl.performTraversals:3937 android.view.ViewRootImpl.doTraversal:3291 android.view.ViewRootImpl$TraversalRunnable.run:11329 android.view.Choreographer$CallbackRecord.run:1689 android.view.Choreographer$CallbackRecord.run:1698 android.view.Choreographer.doCallbacks:1153 android.view.Choreographer.doFrame:1079 android.view.Choreographer$FrameDisplayEventReceiver.run:1646 android.os.Handler.handleCallback:958 android.os.Handler.dispatchMessage:99
06-06 13:00:15.463  1715  1715 I Layer   : id=906 Destroyed Surface(name=53a7541 StatusBar)/@0x3ba06c - animation-leash of insets_animation#904 (Mirror)#906
06-06 13:00:15.463  1715  1715 I Layer   : id=866 Destroyed 6aeacbf Splash Screen etf.ri.rma.newsfeedapp.test#865 (Mirror)#866
06-06 13:00:15.463  1715  1715 I Layer   : id=907 Destroyed Surface(name=87e62a6 NavigationBar0)/@0xf64c4fb - animation-leash of insets_animation#903 (Mirror)#907
06-06 13:00:15.463  1715  1715 I Layer   : id=909 Destroyed Transition Root: Task=1#908 (Mirror)#909
06-06 13:00:15.463  1715  1715 I Layer   : id=915 Destroyed Surface(name=Task=20)/@0xc483b8_transition-leash#912 (Mirror)#915
06-06 13:00:15.463  1715  1715 I Layer   : id=914 Destroyed Surface(name=Task=1)/@0x50f582a_transition-leash#911 (Mirror)#914
06-06 13:00:15.463  1715  1715 I SurfaceFlinger: id=904 Removed Surface(name=53a7541 StatusBar)/@0x3ba06c - animation-leash of insets_animation#904 (246)
06-06 13:00:15.463  1715  1715 I SurfaceFlinger: id=903 Removed Surface(name=87e62a6 NavigationBar0)/@0xf64c4fb - animation-leash of insets_animation#903 (246)
06-06 13:00:15.463  1715  1715 I SurfaceFlinger: id=867 Removed Splash Screen etf.ri.rma.newsfeedapp.test$_5355#867 (246)
06-06 13:00:15.463  1715  1715 I SurfaceFlinger: id=908 Removed Transition Root: Task=1#908 (246)
06-06 13:00:15.464  7890  7917 D OpenGLRenderer: CacheManager::trimMemory(20)
06-06 13:00:15.464  7012  7043 D C2SoftVpxEnc: bytes generated 52227
06-06 13:00:15.464  1715  1715 I Layer   : id=870 Destroyed Splash Screen etf.ri.rma.newsfeedapp.test$_5355#867 (Mirror)#870
06-06 13:00:15.464  5355  5355 D SamsungStatusBarGrayIconHelper: isGrayAppearance=false
06-06 13:00:15.464  5355  5355 D SamsungLightBarControlHelper: onStatusBarAppearanceChanged() -  sbModeChanged:false, statusBarMode:0, barState:MODE_TRANSPARENT, isKeyguardShowing:false, navbarColorManagedByIme:false, stackAppearanceChanged:true, (AppearanceRegion{LIGHT_STATUS_BARS bounds=[0,0][1080,2340]}, ), packageName:etf.ri.rma.newsfeedapp
06-06 13:00:15.464  5355  5355 D NavigationBar: onSystemBarAttributesChanged() -  displayId:0, appearance:24, packageName: etf.ri.rma.newsfeedapp (APPEARANCE_LIGHT_STATUS_BARS APPEARANCE_LIGHT_NAVIGATION_BARS ), navbarColorManagedByIme:false
06-06 13:00:15.464  5355  5355 D SamsungLightBarControlHelper: updateNavigationBar (BLACK button) isLightOpaque:false, hasLightNavigationBarFlag:true, packageName:etf.ri.rma.newsfeedapp, DirectReplying:false, NavBarColorMangedByIme:false, ForceDarkForScrim:false, QsCustomizing:false, PanelHasWhiteBg:false
06-06 13:00:15.465  5355  5355 D SysUiState: SysUiState changed: old=0x10000000 new=0x10020000
06-06 13:00:15.465  1574  1638 I HYPER-HAL: [RequestManager.cpp]acquire(): Acquired ID : 1581732  [1577 / 201]    HINT :      list : [TID_LOW_LATENCY / 0] [TID / 7920] [TID / 7921] [TID / 7890] [TID / 7917]
06-06 13:00:15.465  1574  1638 I HYPER-HAL: [RequestManager.cpp]acquire(): Acquired ID : 1583512  [1577 / 202]    HINT :      list : [UCLAMP_MIN_BOOST / 0] [TID / 7920] [TID / 7921] [TID / 7890] [TID / 7917]
06-06 13:00:15.465  6421  9457 I ViewRootImpl@cc9c4e9[LauncherActivity]: mWNT: t=0xb40000747f955330 mBlastBufferQueue=0xb4000074df963770 fn= 12 mRenderHdrSdrRatio=1.0 caller= com.android.systemui.shared.launcher.ViewRootImplCompat.mergeWithNextTransaction:4 com.honeyspace.transition.utils.SurfaceTransactionApplier.scheduleApply$lambda$1:26 com.honeyspace.transition.utils.SurfaceTransactionApplier.c:0
06-06 13:00:15.465  1574  1638 I HYPER-HAL: [RequestManager.cpp]releaseLocked(): Released ID : 1581732
06-06 13:00:15.465  1574  1638 I HYPER-HAL: [RequestManager.cpp]releaseLocked(): Released ID : 1583512
