06-06 13:00:26.062  7790  7812 I TestRunner: started: testImagga(etf.ri.rma.newsfeedapp.TestS3)
06-06 13:00:26.062  7012  7043 D C2SoftVpxEnc: bytes generated 97198
06-06 13:00:26.062 32187 32187 I Finsky  : [2] ContentSyncJob.a(14): [ContentSync] Installation state replication succeeded.
06-06 13:00:26.063 32187 32187 I Finsky  : [2] ajhm.q(61): SCH: jobFinished: 12-1. TimeElapsed: 130ms.
06-06 13:00:26.064  1715  1715 I Layer   : id=1014 Destroyed Task=21#1014
06-06 13:00:26.064  1715  1715 I Layer   : id=928 Destroyed ActivityRecord{790d641 u0 etf.ri.rma.newsfeedapp/.MainActivity t21}#928
06-06 13:00:26.064  1715  1715 I Layer   : id=937 Destroyed 2170b4b ActivityRecordInputSink etf.ri.rma.newsfeedapp/.MainActivity#937
06-06 13:00:26.064  1574  1638 I HYPER-HAL: [RequestManager.cpp]acquire(): Acquired ID : 1610332  [1577 / 217]    HINT :      list : [TID_LOW_LATENCY / 0] [TID / 5446] [TID / 5447] [TID / 5439] [TID / 5445]
06-06 13:00:26.065  2342  6212 V WindowManager: Relayout Window{10c6a98 u0 Splash Screen etf.ri.rma.newsfeedapp.test}: viewVisibility=8 req=1080x2340 ty=3 d0
06-06 13:00:26.065  1574  1638 I HYPER-HAL: [RequestManager.cpp]acquire(): Acquired ID : 1612128  [1577 / 218]    HINT :      list : [UCLAMP_MIN_BOOST / 0] [TID / 5446] [TID / 5447] [TID / 5439] [TID / 5445]
06-06 13:00:26.065  1574  1638 I HYPER-HAL: [RequestManager.cpp]releaseLocked(): Released ID : 1610332
06-06 13:00:26.065  1574  1638 I HYPER-HAL: [RequestManager.cpp]releaseLocked(): Released ID : 1612128
06-06 13:00:26.066  6421  9458 I ViewRootImpl@cc9c4e9[LauncherActivity]: mWNT: t=0xb40000747f95bd10 mBlastBufferQueue=0xb4000074df963770 fn= 9 mRenderHdrSdrRatio=1.0 caller= com.android.systemui.shared.launcher.ViewRootImplCompat.mergeWithNextTransaction:4 com.honeyspace.transition.utils.SurfaceTransactionApplier.scheduleApply$lambda$1:26 com.honeyspace.transition.utils.SurfaceTransactionApplier.c:0
06-06 13:00:26.066  2342  6212 V WindowManager: Relayout hash=10c6a98, pid=5355, syncId=-1: mAttrs={(0,0)(fillxfill) sim={adjust=pan} ty=APPLICATION_STARTING fmt=TRANSLUCENT alpha=0.0
06-06 13:00:26.066  2342  6212 V WindowManager:   fl=81030118
06-06 13:00:26.066  2342  6212 V WindowManager:   pfl=16000010
06-06 13:00:26.066  2342  6212 V WindowManager:   bhv=DEFAULT
06-06 13:00:26.066  2342  6212 V WindowManager:   fitSides= naviIconColor=0}
06-06 13:00:26.066  7790  7812 D IdlingRegistry: Registering idling resources: [androidx.compose.ui.test.EspressoLink@f5a0e1]
06-06 13:00:26.066  5355  5439 I ViewRootImpl@8064943[test]: Relayout returned: old=(0,0,1080,2340) new=(0,0,1080,2340) relayoutAsync=false req=(1080,2340)8 dur=2 res=0x402 s={false 0x0} ch=true seqId=0
06-06 13:00:26.066  5355  5439 W WindowOnBackDispatcher: sendCancelIfRunning: isInProgress=falsecallback=android.view.ViewRootImpl$$ExternalSyntheticLambda19@eba369f
06-06 13:00:26.066  5355  5439 I ViewRootImpl@8064943[test]: dispatchDetachedFromWindow
06-06 13:00:26.067  2342  3323 D InputTransport: Input channel destroyed: '10c6a98', fd=990
06-06 13:00:26.067  2342  3323 W InputManager-JNI: Input channel object '10c6a98 Splash Screen etf.ri.rma.newsfeedapp.test (client)' was disposed without first being removed with the input manager!
06-06 13:00:26.067  2342  3323 D InputTransport: Input channel destroyed: '10c6a98', fd=1009
06-06 13:00:26.067  1930 14363 I CameraService: onUidStateChanged: uid=10046, procState is changed. (1 -> 0)
06-06 13:00:26.068  5355  5439 D InputTransport: Input channel destroyed: '10c6a98', fd=420
06-06 13:00:26.071  7790  7812 W Settings: Setting always_finish_activities has moved from android.provider.Settings.System to android.provider.Settings.Global, returning read-only value.
06-06 13:00:26.072  1715  1715 I Layer   : Layer::reparent [3a73a2f etf.ri.rma.newsfeedapp.test/androidx.test.core.app.InstrumentationActivityInvoker$EmptyActivity#969] newParent : ActivityRecord{ee35b9 u0 etf.ri.rma.newsfeedapp.test/androidx.test.core.app.InstrumentationActivityInvoker$EmptyActivity t22}#957 , isRemovedFromCurrentState : 0 -------------------------
06-06 13:00:26.072  1715  1715 I Layer   : Layer::reparent [3a73a2f etf.ri.rma.newsfeedapp.test/androidx.test.core.app.InstrumentationActivityInvoker$EmptyActivity#969] End -------------------------
06-06 13:00:26.072  1715  1715 I Layer   : Layer::reparent [Surface(name=3a73a2f etf.ri.rma.newsfeedapp.test/androidx.test.core.app.InstrumentationActivityInvoker$EmptyActivity)/@0x116e975 - animation-leash of starting_reveal#1010] newParentHandle : null -------------------------
06-06 13:00:26.072  1715  1715 I Layer   : id=1010 removeFromCurrentState Surface(name=3a73a2f etf.ri.rma.newsfeedapp.test/androidx.test.core.app.InstrumentationActivityInvoker$EmptyActivity)/@0x116e975 - animation-leash of starting_reveal#1010 (231)
06-06 13:00:26.072  1715  1715 I Layer   : Layer::reparent [Surface(name=3a73a2f etf.ri.rma.newsfeedapp.test/androidx.test.core.app.InstrumentationActivityInvoker$EmptyActivity)/@0x116e975 - animation-leash of starting_reveal#1010] End -------------------------
06-06 13:00:26.072  1715  1715 I Layer   : id=1011 Destroyed Surface(name=3a73a2f etf.ri.rma.newsfeedapp.test/androidx.test.core.app.InstrumentationActivityInvoker$EmptyActivity)/@0x116e975 - animation-leash of starting_reveal#1010 (Mirror)#1011
06-06 13:00:26.073  6421  9457 I ViewRootImpl@cc9c4e9[LauncherActivity]: mWNT: t=0xb40000747f965870 mBlastBufferQueue=0xb4000074df963770 fn= 10 mRenderHdrSdrRatio=1.0 caller= com.android.systemui.shared.launcher.ViewRootImplCompat.mergeWithNextTransaction:4 com.honeyspace.transition.utils.SurfaceTransactionApplier.scheduleApply$lambda$1:26 com.honeyspace.transition.utils.SurfaceTransactionApplier.c:0
06-06 13:00:26.074  2342  2632 I ChimeraSystemEventListener: appLaunchIntent package name is: etf.ri.rma.newsfeedapp
06-06 13:00:26.076  1715  1715 D SurfaceFlinger: Display 4630946970390616451 HWC layers:
06-06 13:00:26.076  1715  1715 D SurfaceFlinger:      DEVICE | 0xb4000073beb13a00 | 0100 | RGBA_8888    |  680.0  108.0 1660.0 2232.0 |    0    0 1080 2340 | Wallpaper BBQ wrapper 5_system#94
06-06 13:00:26.076  1715  1715 D SurfaceFlinger:      DEVICE | 0xb4000073beb17f30 | 0100 | RGBA_8888    |    0.0    0.0 1080.0 2340.0 |    0    0 1080 2340 | com.sec.android.app.launcher/com.sec[...]ctivities.LauncherActivity$_6421#995
06-06 13:00:26.076  1715  1715 D SurfaceFlinger:      CLIENT | 0xb4000073beafb550 | 0102 | RGBA_8888    |    0.0    0.0 1080.0 2340.0 |   73  159 1007 2181 | etf.ri.rma.newsfeedapp.test/androidx[...]ivityInvoker$EmptyActivity$_7890#972
06-06 13:00:26.076  1715  1715 D SurfaceFlinger:      DEVICE | 0xb4000073beb044c0 | 0100 | RGBA_8888    |    0.0    0.0 1080.0   87.0 |    0    0 1080   87 | StatusBar$_5355#90
06-06 13:00:26.076  1715  1715 D SurfaceFlinger:      DEVICE | 0xb4000073beb138e0 | 0100 | RGBA_8888    |    0.0    0.0   67.0  342.0 | 1013  438 1080  780 | com.sec.android.app.launcher/com.sam[...]ce.edge.CocktailBarService$_6421#145
06-06 13:00:26.076  1715  1715 D SurfaceFlinger:      DEVICE | 0xb4000073beb0fb90 | 0100 | RGBA_8888    |    0.0    0.0 1080.0  144.0 |    0 2196 1080 2340 | NavigationBar0$_5355#89
06-06 13:00:26.076  1715  1715 D SurfaceFlinger:
06-06 13:00:26.077  2342  6621 I SemDvfsHyPerManager: acquire hyper - AMS_APP_SWITCH/2342@31, type = -999
06-06 13:00:26.078  1574  1638 I HYPER-HAL: [RequestManager.cpp]acquire(): Acquired ID : 2816782  [2342 / 31]    HINT : AMS_APP_SWITCH    list :
06-06 13:00:26.078  1715  2430 I SurfaceFlinger: id=1015 createSurf, flag=24004, Task=23#1015
06-06 13:00:26.078  8184  8184 I SemDvfsHyPerManager: acquire hyper - APP_START_SHORT/8184@19, type = -999
06-06 13:00:26.079  1715  2430 I SurfaceFlinger: id=1016 createSurf, flag=84004, ActivityRecord{ca0835 u0 etf.ri.rma.newsfeedapp/.MainActivity t23}#1016
06-06 13:00:26.081  1574  1638 I HYPER-HAL: [RequestManager.cpp]acquire(): Acquired ID : 33648725  [8184 / 19]    HINT : APP_START    list : [TIMEOUT / 1500]
06-06 13:00:26.082  2342  5137 I SemDvfsHyPerManager: acquire hyper - AMS_APP_LAUNCH/2342@18, type = -999
06-06 13:00:26.082  7273  7273 E pageboostd: Received HALT command code 2
06-06 13:00:26.082  1574  1638 I HYPER-HAL: [RequestManager.cpp]acquire(): Acquired ID : 2785998  [2342 / 18]    HINT : AMS_APP_LAUNCH    list :
06-06 13:00:26.083  8184  8184 I SemDvfsHyPerManager: acquire hyper - APP_START/8184@21, type = -999
06-06 13:00:26.083  1574  1638 I HYPER-HAL: [RequestManager.cpp]acquire(): Acquired ID : 33665136  [8184 / 21]    HINT : APP_START    list :
06-06 13:00:26.083  2342  6212 D SecContentProvider: query(), uri = 17 selection = isSettingsChangesAllowed
06-06 13:00:26.084  7012  7043 D C2SoftVpxEnc: bytes generated 110460
06-06 13:00:26.084  6421  9458 I ViewRootImpl@cc9c4e9[LauncherActivity]: mWNT: t=0xb40000747f974a70 mBlastBufferQueue=0xb4000074df963770 fn= 11 mRenderHdrSdrRatio=1.0 caller= com.android.systemui.shared.launcher.ViewRootImplCompat.mergeWithNextTransaction:4 com.honeyspace.transition.utils.SurfaceTransactionApplier.scheduleApply$lambda$1:26 com.honeyspace.transition.utils.SurfaceTransactionApplier.c:0
06-06 13:00:26.084  6421  6421 I HoneySpace.Launcher: !@Boot_EBS_D: Launcher.onPause()
06-06 13:00:26.084  6421  7247 I HoneySpace.SPayHandler: updateSpayHandler launcher activity is paused false
06-06 13:00:26.084  6421  6421 I HoneySpace.Launcher: updateLauncherShowing true -> false
06-06 13:00:26.084  5355  5445 D NativeCustomFrequencyManager: [NativeCFMS] BpCustomFrequencyManager::BpCustomFrequencyManager()
06-06 13:00:26.085  1930 14363 I CameraService: onUidStateChanged: uid=10046, procState is changed. (0 -> 1)
06-06 13:00:26.086  1574  1638 I HYPER-HAL: [RequestManager.cpp]acquire(): Acquired ID : 1719862  [1577 / 277]    HINT :      list : [TID_LOW_LATENCY / 1] [TID / 5446] [TID / 5447] [TID / 5439] [TID / 5445]
06-06 13:00:26.087  6421  7247 I HoneySpace.RecentTasks: onRecentTasksChanged
06-06 13:00:26.087 32187 32235 I Finsky  : [101] tce.accept(59): SCH: Scheduling phonesky job Id: 1-1337, CT: 1749230806894, Constraints: [{ L: 41930643, D: 85130643, C: CHARGING_NONE, I: IDLE_NONE, N: NET_ANY, B: BATTERY_ANY }]
06-06 13:00:26.088  6421  5991 I HoneySpace.RecentTasks: onRecentTasksChanged
06-06 13:00:26.089  2342  2420 D InputDispatcher: Focused application(0): ActivityRecord{ca0835 u0 etf.ri.rma.newsfeedapp/.MainActivity t23}
06-06 13:00:26.090 32187 32236 I Finsky  : [102] obe.apply(254): SCH: Scheduling 1 system job(s)
06-06 13:00:26.091 32187 32236 I Finsky  : [102] ajhj.b(86): SCH: Scheduling system job Id: 9245, L: 32711447, D: 75911447, C: false, I: false, N: 1
06-06 13:00:26.092  2342  6212 D InputTransport: Input channel constructed: '51008ed', fd=990
06-06 13:00:26.092  2342  6212 D InputTransport: Input channel constructed: '51008ed', fd=1004
06-06 13:00:26.092  2342  6212 D InputTransport: Input channel constructed: '51008ed', fd=1009
06-06 13:00:26.093  6421  6488 I HoneySpace.TopTaskSource: onTaskMovedToFront : taskId = 23
06-06 13:00:26.093  1715  2430 I SurfaceFlinger: id=1019 createSurf, flag=84004, 51008ed Splash Screen etf.ri.rma.newsfeedapp#1019
06-06 13:00:26.093  6421  6490 I HoneySpace.TopTaskUseCase: topTasks 23 ComponentInfo{etf.ri.rma.newsfeedapp/etf.ri.rma.newsfeedapp.MainActivity}
06-06 13:00:26.093  7012  7043 D C2SoftVpxEnc: bytes generated 7140
06-06 13:00:26.094  2342  6212 D InputTransport: Input channel destroyed: '51008ed', fd=1009
06-06 13:00:26.094  6421  9457 I ViewRootImpl@cc9c4e9[LauncherActivity]: mWNT: t=0xb40000747f974e90 mBlastBufferQueue=0xb4000074df963770 fn= 12 mRenderHdrSdrRatio=1.0 caller= com.android.systemui.shared.launcher.ViewRootImplCompat.mergeWithNextTransaction:4 com.honeyspace.transition.utils.SurfaceTransactionApplier.scheduleApply$lambda$1:26 com.honeyspace.transition.utils.SurfaceTransactionApplier.c:0
06-06 13:00:26.094  5355  5439 I InsetsController: onStateChanged: host=Splash Screen etf.ri.rma.newsfeedapp, from=android.view.ViewRootImpl.setView:1751, state=InsetsState: {mDisplayFrame=Rect(0, 0 - 1080, 2340), mDisplayCutout=DisplayCutout{insets=Rect(0, 87 - 0, 0) waterfall=Insets{left=0, top=0, right=0, bottom=0} boundingRect={Bounds=[Rect(0, 0 - 0, 0), Rect(512, 0 - 568, 87), Rect(0, 0 - 0, 0), Rect(0, 0 - 0, 0)]} cutoutPathParserInfo={CutoutPathParserInfo{displayWidth=1080 displayHeight=2340 physicalDisplayWidth=1080 physicalDisplayHeight=2340 density={3.0} cutoutSpec={M 0,0 H -9.333333333333333 V 29 H 9.333333333333333 V 0 H 0 Z @dp} rotation={0} scale={1.0} physicalPixelDisplaySizeRatio={1.0}}}}, mRoundedCorners=RoundedCorners{[RoundedCorner{position=TopLeft, radius=102, center=Point(102, 102)}, RoundedCorner{position=TopRight, radius=102, center=Point(978, 102)}, RoundedCorner{position=BottomRight, radius=102, center=Point(978, 2238)}, RoundedCorner{position=BottomLeft, radius=102, center=Point(102, 2238)}]}  mRoundedCornerFrame=Rect(0, 0 - 1080, 2340), mPrivacyIndicatorBounds=PrivacyIndicatorBounds {static bounds=Rect(948, 0 - 1080, 87) rotation=0}, mDisplayShape=DisplayShape{ spec=1769313948 displayWidth=1080 displayHeight=2340 physicalPixelDisplaySizeRatio=1.0 rotation=0 offsetX=0 offsetY=0 scale=1.0}, mSources= { InsetsSource: {985d0000 mType=statusBars mFrame=[0,0][1080,87] mVisible=true mFlags=[]}, InsetsSource: {985d0005 mType=mandatorySystemGestures mFrame=[0,0][1080,123] mVisible=true mFlags=[]}, InsetsSource: {985d0006 mType=tappableElement mFrame=[0,0][1080,87] mVisible=true mFlags=[]}, InsetsSource: {3 mType=ime mFrame=[0,0][0,0] mVisible=false mFlags=[]}, InsetsSource: {27 mType=displayCutout mFrame=[0,0][1080,87] mVisible=true mFlags=[]}, InsetsSource: {26df0001 mType=navigationBars mFrame=[0,2196][1080,2340] mVisible=true mFlags=[]}, InsetsSource: {26df0004 mType=systemGestures mFrame=[0,0][0,0] mVisible=true mFlags=[]}, InsetsSource: {26df0005 mType=mandatorySystemGestures mFrame=[0,2196][1080,2340] mVisible=true mFlags=[]}, InsetsSource: {26df0006 mType=tappableElement mFrame=[0,2196][1080,2340] mVisible=true mFlags=[]}, InsetsSource: {26df0024 mType=systemGestures mFrame=[0,0][0,0] mVisible=true mFlags=[]} }
06-06 13:00:26.094  5355  5439 I ViewRootImpl@29d3f14[newsfeedapp]: synced displayState. AttachInfo displayState=2
06-06 13:00:26.094  5355  5439 I ViewRootImpl@29d3f14[newsfeedapp]: setView = android.widget.FrameLayout@7487103 TM=true
06-06 13:00:26.094  5355  5445 D OpenGLRenderer: HWUI - treat SMPTE_170M as sRGB
06-06 13:00:26.095  2342  5206 D AS.MultiSoundManager: mForegroundUid = 10317
06-06 13:00:26.095  2342  5206 D AS.MultiSoundManager: mForegroundUid = 10317
06-06 13:00:26.096 32187  7400 I Finsky  : [212] ajjc.a(26): SCH: job service finished with id 9237.
06-06 13:00:26.096  2342  2420 V WindowManager: Relayout Window{51008ed u0 Splash Screen etf.ri.rma.newsfeedapp}: viewVisibility=0 req=1080x2340 ty=3 d0
06-06 13:00:26.096  1715  3404 I SurfaceFlinger: id=1020 createSurf, flag=44004, Splash Screen etf.ri.rma.newsfeedapp$_5355#1020
06-06 13:00:26.097  2342  2420 V WindowManager: Relayout hash=51008ed, pid=5355, syncId=-1: mAttrs={(0,0)(fillxfill) sim={adjust=pan} ty=APPLICATION_STARTING fmt=TRANSLUCENT wanim=0x1030303
06-06 13:00:26.097  2342  2420 V WindowManager:   fl=81030118
06-06 13:00:26.097  2342  2420 V WindowManager:   pfl=16000010
06-06 13:00:26.097  2342  2420 V WindowManager:   apr=LIGHT_STATUS_BARS LIGHT_NAVIGATION_BARS
06-06 13:00:26.097  2342  2420 V WindowManager:   bhv=DEFAULT
06-06 13:00:26.097  2342  2420 V WindowManager:   fitSides= naviIconColor=0}
06-06 13:00:26.098  6421  9458 I ViewRootImpl@cc9c4e9[LauncherActivity]: mWNT: t=0xb40000747f975c50 mBlastBufferQueue=0xb4000074df963770 fn= 13 mRenderHdrSdrRatio=1.0 caller= com.android.systemui.shared.launcher.ViewRootImplCompat.mergeWithNextTransaction:4 com.honeyspace.transition.utils.SurfaceTransactionApplier.scheduleApply$lambda$1:26 com.honeyspace.transition.utils.SurfaceTransactionApplier.c:0
06-06 13:00:26.098  2342  3323 D InputDispatcher: Focus request (0): <null> but waiting because NO_WINDOW
06-06 13:00:26.098  2342  3323 D InputDispatcher: Focus left window (0): da5c5e7 com.sec.android.app.launcher/com.sec.android.app.launcher.activities.LauncherActivity
06-06 13:00:26.098  7790  7790 D LifecycleMonitor: Lifecycle status change: etf.ri.rma.newsfeedapp.MainActivity@be204af in: PRE_ON_CREATE
06-06 13:00:26.098  5355  5439 I BLASTBufferQueue_Java: new BLASTBufferQueue, mName= ViewRootImpl@29d3f14[newsfeedapp] mNativeObject= 0xb4000074df95a7b0 sc.mNativeObject= 0xb4000073af961f50 caller= android.view.ViewRootImpl.updateBlastSurfaceIfNeeded:3031 android.view.ViewRootImpl.relayoutWindow:10121 android.view.ViewRootImpl.performTraversals:4115 android.view.ViewRootImpl.doTraversal:3291 android.view.ViewRootImpl$TraversalRunnable.run:11329 android.view.Choreographer$CallbackRecord.run:1689 android.view.Choreographer$CallbackRecord.run:1698 android.view.Choreographer.doCallbacks:1153 android.view.Choreographer.doFrame:1079 android.view.Choreographer$FrameDisplayEventReceiver.run:1646
06-06 13:00:26.098  5355  5439 I BLASTBufferQueue_Java: update, w= 1080 h= 2340 mName = ViewRootImpl@29d3f14[newsfeedapp] mNativeObject= 0xb4000074df95a7b0 sc.mNativeObject= 0xb4000073af961f50 format= -3 caller= android.graphics.BLASTBufferQueue.<init>:89 android.view.ViewRootImpl.updateBlastSurfaceIfNeeded:3031 android.view.ViewRootImpl.relayoutWindow:10121 android.view.ViewRootImpl.performTraversals:4115 android.view.ViewRootImpl.doTraversal:3291 android.view.ViewRootImpl$TraversalRunnable.run:11329
06-06 13:00:26.098  6421  6421 I ViewRootImpl@cc9c4e9[LauncherActivity]: handleWindowFocusChanged: 0 0 call from android.view.ViewRootImpl.-$$Nest$mhandleWindowFocusChanged:0
06-06 13:00:26.098  7790  7790 V ActivityScenario: Activity lifecycle changed event received but ignored because the reported transition was not ON_CREATE while the last known transition was PRE_ON_CREATE
06-06 13:00:26.098  6421  6421 I ImeFocusController: onPreWindowFocus: skipped, hasWindowFocus=false mHasImeFocus=true
06-06 13:00:26.099  5355  5439 I ViewRootImpl@29d3f14[newsfeedapp]: Relayout returned: old=(0,0,1080,2340) new=(0,0,1080,2340) relayoutAsync=false req=(1080,2340)0 dur=3 res=0x403 s={true 0xb4000074afa0a060} ch=true seqId=0
06-06 13:00:26.099  5355  5439 I ViewRootImpl@29d3f14[newsfeedapp]: performConfigurationChange setNightDimText nightDimLevel=0
06-06 13:00:26.099  6421  6421 I ImeFocusController: onPostWindowFocus: skipped, hasWindowFocus=false mHasImeFocus=true
06-06 13:00:26.099  5355  5439 D ViewRootImpl@29d3f14[newsfeedapp]: mThreadedRenderer.initialize() mSurface={isValid=true 0xb4000074afa0a060} hwInitialized=true
06-06 13:00:26.101  5355  5439 D ViewRootImpl@29d3f14[newsfeedapp]: reportNextDraw android.view.ViewRootImpl.performTraversals:4723 android.view.ViewRootImpl.doTraversal:3291 android.view.ViewRootImpl$TraversalRunnable.run:11329 android.view.Choreographer$CallbackRecord.run:1689 android.view.Choreographer$CallbackRecord.run:1698
06-06 13:00:26.101  5355  5439 I ViewRootImpl@29d3f14[newsfeedapp]: Setup new sync=wmsSync-ViewRootImpl@29d3f14[newsfeedapp]#68
06-06 13:00:26.101  5355  5439 I ViewRootImpl@29d3f14[newsfeedapp]: Creating new active sync group ViewRootImpl@29d3f14[newsfeedapp]#69
06-06 13:00:26.101  5355  5439 I ViewRootImpl@29d3f14[newsfeedapp]: registerCallbacksForSync syncBuffer=false
06-06 13:00:26.101  5355  5447 I ViewRootImpl@29d3f14[newsfeedapp]: Received frameDrawingCallback syncResult=0 frameNum=1.
06-06 13:00:26.102  5355  5447 I ViewRootImpl@29d3f14[newsfeedapp]: mWNT: t=0xb40000747f97e1b0 mBlastBufferQueue=0xb4000074df95a7b0 fn= 1 mRenderHdrSdrRatio=1.0 caller= android.view.ViewRootImpl$8.onFrameDraw:13826 android.view.ThreadedRenderer$1.onFrameDraw:792 <bottom of call stack>
06-06 13:00:26.102  5355  5447 I ViewRootImpl@29d3f14[newsfeedapp]: Setting up sync and frameCommitCallback
06-06 13:00:26.102  5355  5445 I BLASTBufferQueue: [ViewRootImpl@29d3f14[newsfeedapp]#33](f:0,a:0,s:0) onFrameAvailable the first frame is available
06-06 13:00:26.102  7790  7790 I DecorView: setWindowBackground: isPopOver=false color=fffafafa d=android.graphics.drawable.ColorDrawable@3f123c1
06-06 13:00:26.102  5355  5445 I ViewRootImpl@29d3f14[newsfeedapp]: Received frameCommittedCallback lastAttemptedDrawFrameNum=1 didProduceBuffer=true
06-06 13:00:26.102  5355  5445 D OpenGLRenderer: CFMS:: SetUp Pid : 5355    Tid : 5445
06-06 13:00:26.102  5355  5439 I ViewRootImpl@29d3f14[newsfeedapp]: reportDrawFinished seqId=0
06-06 13:00:26.102  6421  6488 I HoneySpace.TopTaskSource: onTaskFocusChanged(): taskId = 23
06-06 13:00:26.102  6421  6488 I HoneySpace.TopTaskSource: onTaskMovedToFront : taskId = 23
06-06 13:00:26.103  2342  2630 D PkgPredictorService-SecIpmManagerServiceImpl: onForegroundActivitiesChanged pid:7790 uid:10317
06-06 13:00:26.103  6421  6488 I HoneySpace.TopTaskSource: onTaskFocusChanged(): taskId = 23
06-06 13:00:26.103  6421  6488 I HoneySpace.TopTaskSource: onTaskMovedToFront : taskId = 23
06-06 13:00:26.103  7790  7790 D LifecycleMonitor: Lifecycle status change: etf.ri.rma.newsfeedapp.MainActivity@be204af in: CREATED
06-06 13:00:26.103  7790  7790 V ActivityScenario: Update currentActivityStage to CREATED, currentActivity=etf.ri.rma.newsfeedapp.MainActivity@be204af
06-06 13:00:26.103  2342  2630 D NetworkPolicy: already checked 10317
06-06 13:00:26.104  7012  7043 D C2SoftVpxEnc: bytes generated 2751
06-06 13:00:26.104  7790  7790 D LifecycleMonitor: Lifecycle status change: etf.ri.rma.newsfeedapp.MainActivity@be204af in: STARTED
06-06 13:00:26.104  7790  7790 V ActivityScenario: Update currentActivityStage to STARTED, currentActivity=etf.ri.rma.newsfeedapp.MainActivity@be204af
06-06 13:00:26.104 26692 27175 I Rubin   : [97] zb.a.c(Unknown Source) : Notify com.samsung.android.rubin.inferenceengine.contextanalytics.engine.loggers.AppUsageLogger's database is updated.
06-06 13:00:26.105  7790  7790 D LifecycleMonitor: Lifecycle status change: etf.ri.rma.newsfeedapp.MainActivity@be204af in: RESUMED
06-06 13:00:26.105  7790  7790 V ActivityScenario: Update currentActivityStage to RESUMED, currentActivity=etf.ri.rma.newsfeedapp.MainActivity@be204af
06-06 13:00:26.106  7790  7818 D NativeCustomFrequencyManager: [NativeCFMS] BpCustomFrequencyManager::BpCustomFrequencyManager()
06-06 13:00:26.106  6421  9457 I ViewRootImpl@cc9c4e9[LauncherActivity]: mWNT: t=0xb40000747f975990 mBlastBufferQueue=0xb4000074df963770 fn= 14 mRenderHdrSdrRatio=1.0 caller= com.android.systemui.shared.launcher.ViewRootImplCompat.mergeWithNextTransaction:4 com.honeyspace.transition.utils.SurfaceTransactionApplier.scheduleApply$lambda$1:26 com.honeyspace.transition.utils.SurfaceTransactionApplier.c:0
06-06 13:00:26.109  1574  1638 I HYPER-HAL: [RequestManager.cpp]acquire(): Acquired ID : 1723575  [1577 / 279]    HINT :      list : [TID_LOW_LATENCY / 1] [TID / 7828] [TID / 7829] [TID / 7790] [TID / 7818]
06-06 13:00:26.109  1715  2430 I SurfaceFlinger: id=1023 createSurf, flag=84004, Transition Root: Task=23#1023
06-06 13:00:26.110  2342  2633 I SurfaceControl: show, t=StartTransaction_SyncId<34>, sc=Surface(name=ActivityRecord{ca0835 u0 etf.ri.rma.newsfeedapp/.MainActivity t23})/@0x1d9a8d2, caller=com.android.server.wm.Transition.onTransactionReady:1962 com.android.server.wm.BLASTSyncEngine$SyncGroup.finishNow:310 com.android.server.wm.BLASTSyncEngine$SyncGroup.tryFinish:242 com.android.server.wm.BLASTSyncEngine$SyncGroup.-$$Nest$mtryFinish:0 com.android.server.wm.BLASTSyncEngine.onSurfacePlacement:670 com.android.server.wm.RootWindowContainer.performSurfacePlacementNoTrace:988
06-06 13:00:26.111  5355  5420 I SurfaceControl: hide, t=FinishTransaction_SyncId<34>, sc=Surface(name=Task=1)/@0x65a910a, caller=com.android.wm.shell.transition.Transitions.dispatchReady:681 com.android.wm.shell.transition.Transitions.onTransitionReady:118 com.android.wm.shell.transition.Transitions$TransitionPlayerImpl$$ExternalSyntheticLambda0.run:13 android.os.Handler.handleCallback:958 android.os.Handler.dispatchMessage:99 android.os.Looper.loopOnce:230
06-06 13:00:26.111  5355  5420 I SurfaceControl: show, t=StartTransaction_SyncId<34>, sc=Surface(name=Task=23)/@0xd910d75, caller=com.android.wm.shell.transition.Transitions.dispatchReady:686 com.android.wm.shell.transition.Transitions.onTransitionReady:118 com.android.wm.shell.transition.Transitions$TransitionPlayerImpl$$ExternalSyntheticLambda0.run:13 android.os.Handler.handleCallback:958 android.os.Handler.dispatchMessage:99 android.os.Looper.loopOnce:230
06-06 13:00:26.111  5355  5420 I SurfaceControl: show, t=FinishTransaction_SyncId<34>, sc=Surface(name=Task=23)/@0xd910d75, caller=com.android.wm.shell.transition.Transitions.dispatchReady:733 com.android.wm.shell.transition.Transitions.onTransitionReady:118 com.android.wm.shell.transition.Transitions$TransitionPlayerImpl$$ExternalSyntheticLambda0.run:13 android.os.Handler.handleCallback:958 android.os.Handler.dispatchMessage:99 android.os.Looper.loopOnce:230
06-06 13:00:26.111  2342  5454 D InputTransport: Input channel constructed: '814e0ff', fd=1111
06-06 13:00:26.111  2342  5454 D InputTransport: Input channel constructed: '814e0ff', fd=1114
06-06 13:00:26.111  2342  5454 D InputTransport: Input channel constructed: '814e0ff', fd=1117
06-06 13:00:26.111  1715  3404 I SurfaceFlinger: id=1024 createSurf, flag=84004, 814e0ff etf.ri.rma.newsfeedapp/etf.ri.rma.newsfeedapp.MainActivity#1024
06-06 13:00:26.112  2342  5454 D InputTransport: Input channel destroyed: '814e0ff', fd=1117
06-06 13:00:26.112  6421  6494 I HoneySpace.ShellAnimationRunner: onAnimationCancelled
06-06 13:00:26.112  6421  6421 I HoneySpace.ShellAnimationRunner: finishExistingAnimation, com.honeyspace.transition.anim.AnimationResult@8e7450e
06-06 13:00:26.112  6421  6421 I HoneySpace.AnimationResult: finish, false
06-06 13:00:26.112  6421  6421 I HoneySpace.AppCloseAnimationDelegate: onAnimationCancelled
06-06 13:00:26.112  1715  2430 I SurfaceFlinger: id=1025 createSurf, flag=84000, 95671f ActivityRecordInputSink etf.ri.rma.newsfeedapp/.MainActivity#1025
06-06 13:00:26.112  6421  7949 I HoneySpace.AnimationResult: asyncFinishRunnable run
06-06 13:00:26.112  5355  5420 I SurfaceControl: apply is called, name=FinishTransaction_SyncId<33>, caller=android.view.SurfaceControl$Transaction.apply:2921 com.android.wm.shell.transition.Transitions.onFinish:302 com.android.wm.shell.transition.Transitions$$ExternalSyntheticLambda6.onTransitionFinished:15 com.android.wm.shell.transition.RemoteTransitionHandler$1$$ExternalSyntheticLambda0.run:118 android.os.Handler.handleCallback:958 android.os.Handler.dispatchMessage:99
06-06 13:00:26.112  6421  6421 I HoneySpace.AnimationResult: completeCallback run
06-06 13:00:26.113  7790  7790 I InsetsController: onStateChanged: host=etf.ri.rma.newsfeedapp/etf.ri.rma.newsfeedapp.MainActivity, from=android.view.ViewRootImpl.setView:1751, state=InsetsState: {mDisplayFrame=Rect(0, 0 - 1080, 2340), mDisplayCutout=DisplayCutout{insets=Rect(0, 87 - 0, 0) waterfall=Insets{left=0, top=0, right=0, bottom=0} boundingRect={Bounds=[Rect(0, 0 - 0, 0), Rect(512, 0 - 568, 87), Rect(0, 0 - 0, 0), Rect(0, 0 - 0, 0)]} cutoutPathParserInfo={CutoutPathParserInfo{displayWidth=1080 displayHeight=2340 physicalDisplayWidth=1080 physicalDisplayHeight=2340 density={3.0} cutoutSpec={M 0,0 H -9.333333333333333 V 29 H 9.333333333333333 V 0 H 0 Z @dp} rotation={0} scale={1.0} physicalPixelDisplaySizeRatio={1.0}}}}, mRoundedCorners=RoundedCorners{[RoundedCorner{position=TopLeft, radius=102, center=Point(102, 102)}, RoundedCorner{position=TopRight, radius=102, center=Point(978, 102)}, RoundedCorner{position=BottomRight, radius=102, center=Point(978, 2238)}, RoundedCorner{position=BottomLeft, radius=102, center=Point(102, 2238)}]}  mRoundedCornerFrame=Rect(0, 0 - 1080, 2340), mPrivacyIndicatorBounds=PrivacyIndicatorBounds {static bounds=Rect(948, 0 - 1080, 87) rotation=0}, mDisplayShape=DisplayShape{ spec=1769313948 displayWidth=1080 displayHeight=2340 physicalPixelDisplaySizeRatio=1.0 rotation=0 offsetX=0 offsetY=0 scale=1.0}, mSources= { InsetsSource: {985d0000 mType=statusBars mFrame=[0,0][1080,87] mVisible=true mFlags=[]}, InsetsSource: {985d0005 mType=mandatorySystemGestures mFrame=[0,0][1080,123] mVisible=true mFlags=[]}, InsetsSource: {985d0006 mType=tappableElement mFrame=[0,0][1080,87] mVisible=true mFlags=[]}, InsetsSource: {3 mType=ime mFrame=[0,0][0,0] mVisible=false mFlags=[]}, InsetsSource: {27 mType=displayCutout mFrame=[0,0][1080,87] mVisible=true mFlags=[]}, InsetsSource: {26df0001 mType=navigationBars mFrame=[0,2196][1080,2340] mVisible=true mFlags=[]}, InsetsSource: {26df0004 mType=systemGestures mFrame=[0,0][0,0] mVisible=true mFlags=[]}, InsetsSource: {26df0005 mType=mandatorySystemGestures mFrame=[0,2196][1080,2340] mVisible=true mFlags=[]}, InsetsSource: {26df0006 mType=tappableElement mFrame=[0,2196][1080,2340] mVisible=true mFlags=[]}, InsetsSource: {26df0024 mType=systemGestures mFrame=[0,0][0,0] mVisible=true mFlags=[]} }
06-06 13:00:26.113  7790  7790 I ViewRootImpl@7ad7a43[MainActivity]: synced displayState. AttachInfo displayState=2
06-06 13:00:26.114  1715  1715 I Layer   : Layer::reparent [Task=1#52] newParent : DefaultTaskDisplayArea_d0#12 , isRemovedFromCurrentState : 0 -------------------------
06-06 13:00:26.114  7790  7790 I ViewRootImpl@7ad7a43[MainActivity]: setView = com.android.internal.policy.DecorView@d2bcd3e TM=true
06-06 13:00:26.114  1715  1715 I Layer   : Layer::reparent [Task=1#52] End -------------------------
06-06 13:00:26.114  1715  1715 I Layer   : Layer::reparent [Transition Root: Task=1#1001] newParentHandle : null -------------------------
06-06 13:00:26.114  1715  1715 I Layer   : id=1001 removeFromCurrentState Transition Root: Task=1#1001 (241)
06-06 13:00:26.114  1715  1715 I Layer   : id=1004 removeFromCurrentState Surface(name=Task=1)/@0x1e6d3bd_transition-leash#1004 (241)
06-06 13:00:26.114  1715  1715 I Layer   : id=1005 removeFromCurrentState Surface(name=Task=22)/@0xe82a103_transition-leash#1005 (241)
06-06 13:00:26.114  1715  1715 I Layer   : id=956 removeFromCurrentState Task=22#956 (241)
06-06 13:00:26.114  1715  1715 I Layer   : id=957 removeFromCurrentState ActivityRecord{ee35b9 u0 etf.ri.rma.newsfeedapp.test/androidx.test.core.app.InstrumentationActivityInvoker$EmptyActivity t22}#957 (241)
06-06 13:00:26.114  1715  1715 I Layer   : id=967 removeFromCurrentState 16dd003 ActivityRecordInputSink etf.ri.rma.newsfeedapp.test/androidx.test.core.app.InstrumentationActivityInvoker$EmptyActivity#967 (241)
06-06 13:00:26.114  1715  1715 I Layer   : id=969 removeFromCurrentState 3a73a2f etf.ri.rma.newsfeedapp.test/androidx.test.core.app.InstrumentationActivityInvoker$EmptyActivity#969 (241)
06-06 13:00:26.114  1715  1715 I Layer   : id=972 removeFromCurrentState etf.ri.rma.newsfeedapp.test/androidx.test.core.app.InstrumentationActivityInvoker$EmptyActivity$_7890#972 (241)
06-06 13:00:26.114  1715  1715 I Layer   : id=958 removeFromCurrentState 10c6a98 Splash Screen etf.ri.rma.newsfeedapp.test#958 (241)
06-06 13:00:26.114  1715  1715 I Layer   : id=962 removeFromCurrentState Splash Screen etf.ri.rma.newsfeedapp.test$_5355#962 (241)
06-06 13:00:26.114  1715  1715 I Layer   : Layer::reparent [Transition Root: Task=1#1001] End -------------------------
06-06 13:00:26.114  1715  1715 I Layer   : Layer [Task=22#956] hidden!! flag(1)
06-06 13:00:26.114  1715  1715 I Layer   : Layer::reparent [Task=22#956] newParent : DefaultTaskDisplayArea_d0#12 , isRemovedFromCurrentState : 0 -------------------------
06-06 13:00:26.114  1715  1715 I Layer   : id=956 addToCurrentState Task=22#956 (241)
06-06 13:00:26.114  7012  7043 D C2SoftVpxEnc: bytes generated 4028
06-06 13:00:26.114  1715  1715 I Layer   : id=957 addToCurrentState ActivityRecord{ee35b9 u0 etf.ri.rma.newsfeedapp.test/androidx.test.core.app.InstrumentationActivityInvoker$EmptyActivity t22}#957 (241)
06-06 13:00:26.114  1715  1715 I Layer   : id=967 addToCurrentState 16dd003 ActivityRecordInputSink etf.ri.rma.newsfeedapp.test/androidx.test.core.app.InstrumentationActivityInvoker$EmptyActivity#967 (241)
06-06 13:00:26.114  1715  1715 I Layer   : id=969 addToCurrentState 3a73a2f etf.ri.rma.newsfeedapp.test/androidx.test.core.app.InstrumentationActivityInvoker$EmptyActivity#969 (241)
06-06 13:00:26.114  1715  1715 I Layer   : id=972 addToCurrentState etf.ri.rma.newsfeedapp.test/androidx.test.core.app.InstrumentationActivityInvoker$EmptyActivity$_7890#972 (241)
06-06 13:00:26.114  1715  1715 I Layer   : id=958 addToCurrentState 10c6a98 Splash Screen etf.ri.rma.newsfeedapp.test#958 (241)
06-06 13:00:26.114  1715  1715 I Layer   : id=962 addToCurrentState Splash Screen etf.ri.rma.newsfeedapp.test$_5355#962 (241)
06-06 13:00:26.114  1715  1715 I Layer   : Layer::reparent [Task=22#956] End -------------------------
06-06 13:00:26.114  1715  1715 I Layer   : Layer [814e0ff etf.ri.rma.newsfeedapp/etf.ri.rma.newsfeedapp.MainActivity#1024] hidden!! flag(0)
06-06 13:00:26.114  1715  1715 I Layer   : Layer::reparent [Transition Root: Task=1#1001] newParentHandle : null -------------------------
06-06 13:00:26.114  1715  1715 I Layer   : id=1001 removeFromCurrentState Transition Root: Task=1#1001 (241)
06-06 13:00:26.114  1715  1715 I Layer   : id=1004 removeFromCurrentState Surface(name=Task=1)/@0x1e6d3bd_transition-leash#1004 (241)
06-06 13:00:26.114  1715  1715 I Layer   : id=1005 removeFromCurrentState Surface(name=Task=22)/@0xe82a103_transition-leash#1005 (241)
06-06 13:00:26.114  1715  1715 I Layer   : Layer::reparent [Transition Root: Task=1#1001] End -------------------------
06-06 13:00:26.114  7890  7890 I ViewRootImpl@177d1b5[InstrumentationActivityInvoker$EmptyActivity]: handleAppVisibility mAppVisible = true visible = false
06-06 13:00:26.114  1715  1715 I Layer   : id=1003 Destroyed Transition Root: Task=1#1001 (Mirror)#1003
06-06 13:00:26.114  1715  1715 I Layer   : id=1008 Destroyed Surface(name=Task=1)/@0x1e6d3bd_transition-leash#1004 (Mirror)#1008
06-06 13:00:26.114  1715  1715 I Layer   : id=1009 Destroyed Surface(name=Task=22)/@0xe82a103_transition-leash#1005 (Mirror)#1009
06-06 13:00:26.114  1715  1715 I SurfaceFlinger: id=1001 Removed Transition Root: Task=1#1001 (241)
06-06 13:00:26.116  6421  9458 I ViewRootImpl@cc9c4e9[LauncherActivity]: mWNT: t=0xb40000747f975af0 mBlastBufferQueue=0xb4000074df963770 fn= 15 mRenderHdrSdrRatio=1.0 caller= com.android.systemui.shared.launcher.ViewRootImplCompat.mergeWithNextTransaction:4 com.honeyspace.transition.utils.SurfaceTransactionApplier.scheduleApply$lambda$1:26 com.honeyspace.transition.utils.SurfaceTransactionApplier.c:0
06-06 13:00:26.116  6421  6421 I HoneySpace.Launcher: onEnterAnimationComplete
06-06 13:00:26.117  1715  2430 I SurfaceFlinger: id=1029 createSurf, flag=24000, Surface(name=87e62a6 NavigationBar0)/@0xf64c4fb - animation-leash of insets_animation#1029
06-06 13:00:26.118  1715  2430 I SurfaceFlinger: id=1030 createSurf, flag=24000, Surface(name=53a7541 StatusBar)/@0x3ba06c - animation-leash of insets_animation#1030
06-06 13:00:26.119  1715  1715 D SurfaceFlinger: Display 4630946970390616451 HWC layers:
06-06 13:00:26.119  1715  1715 D SurfaceFlinger:      DEVICE | 0xb4000073beb13a00 | 0100 | RGBA_8888    |  658.0   61.0 1682.0 2279.0 |    0    0 1080 2340 | Wallpaper BBQ wrapper 5_system#94
06-06 13:00:26.119  1715  1715 D SurfaceFlinger:      DEVICE | 0xb4000073beb11cc0 | 0100 | RGBA_8888    |    0.0    0.0 1080.0 2340.0 |    0    0 1080 2340 | com.sec.android.app.launcher/com.sec[...]ctivities.LauncherActivity$_6421#995
06-06 13:00:26.119  1715  1715 D SurfaceFlinger:      DEVICE | 0xb4000073beb087b0 | 0100 | RGBA_8888    |    0.0    0.0 1080.0   87.0 |    0    0 1080   87 | StatusBar$_5355#90
06-06 13:00:26.119  1715  1715 D SurfaceFlinger:      DEVICE | 0xb4000073beb138e0 | 0100 | RGBA_8888    |    0.0    0.0   67.0  342.0 | 1013  438 1080  780 | com.sec.android.app.launcher/com.sam[...]ce.edge.CocktailBarService$_6421#145
06-06 13:00:26.119  1715  1715 D SurfaceFlinger:      DEVICE | 0xb4000073beb0d1f0 | 0100 | RGBA_8888    |    0.0    0.0 1080.0  144.0 |    0 2196 1080 2340 | NavigationBar0$_5355#89
06-06 13:00:26.119  1715  1715 D SurfaceFlinger:
06-06 13:00:26.120  5355  5439 I InsetsSourceConsumer: applyRequestedVisibilityToControl: visible=true, type=navigationBars, host=Splash Screen etf.ri.rma.newsfeedapp
06-06 13:00:26.120  5355  5439 I InsetsSourceConsumer: applyRequestedVisibilityToControl: visible=true, type=statusBars, host=Splash Screen etf.ri.rma.newsfeedapp
06-06 13:00:26.120  5355  5420 I SurfaceControl: show, t=StartTransaction_SyncId<34>, sc=Surface(name=Transition Root: Task=23)/@0x47cfd7b, caller=com.android.wm.shell.transition.Transitions.playTransition:80 com.android.wm.shell.transition.Transitions.processReadyQueue:185 com.android.wm.shell.transition.Transitions.onFinish:449 com.android.wm.shell.transition.Transitions$$ExternalSyntheticLambda6.onTransitionFinished:15 com.android.wm.shell.transition.RemoteTransitionHandler$1$$ExternalSyntheticLambda0.run:118 android.os.Handler.handleCallback:958
06-06 13:00:26.121  5355  5420 I SurfaceControl: apply is called, name=StartTransaction_SyncId<34>, caller=android.view.SurfaceControl$Transaction.apply:2921 com.android.wm.shell.transition.DefaultTransitionHandler.startAnimation:3202 com.android.wm.shell.transition.Transitions.dispatchTransition:80 com.android.wm.shell.transition.Transitions.playTransition:776 com.android.wm.shell.transition.Transitions.processReadyQueue:185 com.android.wm.shell.transition.Transitions.onFinish:449
06-06 13:00:26.122  6421  6421 I Edge.ActivityUtils: HomePackage : com.sec.android.app.launcher, resumePackageName : etf.ri.rma.newsfeedapp
06-06 13:00:26.122  1715  1715 I Layer   : Layer::reparent [Splash Screen etf.ri.rma.newsfeedapp.test$_5355#962] newParentHandle : null -------------------------
06-06 13:00:26.122  1715  1715 I Layer   : id=962 removeFromCurrentState Splash Screen etf.ri.rma.newsfeedapp.test$_5355#962 (243)
06-06 13:00:26.122  1715  1715 I Layer   : Layer::reparent [Splash Screen etf.ri.rma.newsfeedapp.test$_5355#962] End -------------------------
06-06 13:00:26.122  1715  1715 I Layer   : Layer::reparent [10c6a98 Splash Screen etf.ri.rma.newsfeedapp.test#958] newParentHandle : null -------------------------
06-06 13:00:26.122  1715  1715 I Layer   : id=958 removeFromCurrentState 10c6a98 Splash Screen etf.ri.rma.newsfeedapp.test#958 (243)
06-06 13:00:26.122  1715  1715 I Layer   : Layer::reparent [10c6a98 Splash Screen etf.ri.rma.newsfeedapp.test#958] End -------------------------
06-06 13:00:26.122  1715  1715 I Layer   : Layer::reparent [87e62a6 NavigationBar0#78] newParent : Surface(name=87e62a6 NavigationBar0)/@0xf64c4fb - animation-leash of insets_animation#1029 , isRemovedFromCurrentState : 0 -------------------------
06-06 13:00:26.122  1715  1715 I Layer   : Layer::reparent [87e62a6 NavigationBar0#78] End -------------------------
06-06 13:00:26.122  1715  1715 I Layer   : Layer::reparent [Surface(name=87e62a6 NavigationBar0)/@0xf64c4fb - animation-leash of insets_animation#996] newParentHandle : null -------------------------
06-06 13:00:26.122  1715  1715 I Layer   : id=996 removeFromCurrentState Surface(name=87e62a6 NavigationBar0)/@0xf64c4fb - animation-leash of insets_animation#996 (243)
06-06 13:00:26.122  1715  1715 I Layer   : Layer::reparent [Surface(name=87e62a6 NavigationBar0)/@0xf64c4fb - animation-leash of insets_animation#996] End -------------------------
06-06 13:00:26.122  1715  1715 I Layer   : Layer [etf.ri.rma.newsfeedapp.test/androidx.test.core.app.InstrumentationActivityInvoker$EmptyActivity$_7890#972] hidden!! flag(1)
06-06 13:00:26.122  1715  1715 I Layer   : Layer::reparent [53a7541 StatusBar#85] newParent : Surface(name=53a7541 StatusBar)/@0x3ba06c - animation-leash of insets_animation#1030 , isRemovedFromCurrentState : 0 -------------------------
06-06 13:00:26.122  1715  1715 I Layer   : Layer::reparent [53a7541 StatusBar#85] End -------------------------
06-06 13:00:26.122  1715  1715 I Layer   : Layer::reparent [Surface(name=53a7541 StatusBar)/@0x3ba06c - animation-leash of insets_animation#997] newParentHandle : null -------------------------
06-06 13:00:26.122  1715  1715 I Layer   : id=997 removeFromCurrentState Surface(name=53a7541 StatusBar)/@0x3ba06c - animation-leash of insets_animation#997 (243)
06-06 13:00:26.122  1715  1715 I Layer   : Layer::reparent [Surface(name=53a7541 StatusBar)/@0x3ba06c - animation-leash of insets_animation#997] End -------------------------
06-06 13:00:26.122  1715  1715 I Layer   : Layer [ActivityRecord{ee35b9 u0 etf.ri.rma.newsfeedapp.test/androidx.test.core.app.InstrumentationActivityInvoker$EmptyActivity t22}#957] hidden!! flag(1)
06-06 13:00:26.122  1715  1715 I Layer   : Layer::reparent [Task=1#52] newParent : Transition Root: Task=23#1023 , isRemovedFromCurrentState : 0 -------------------------
06-06 13:00:26.122  1715  1715 I Layer   : Layer::reparent [Task=1#52] End -------------------------
06-06 13:00:26.122  1715  1715 I Layer   : Layer [51008ed Splash Screen etf.ri.rma.newsfeedapp#1019] hidden!! flag(0)
06-06 13:00:26.122  1715  1715 I Layer   : Layer [Splash Screen etf.ri.rma.newsfeedapp$_5355#1020] hidden!! flag(0)
06-06 13:00:26.122  1715  1715 I Layer   : Layer [ActivityRecord{ca0835 u0 etf.ri.rma.newsfeedapp/.MainActivity t23}#1016] hidden!! flag(0)
06-06 13:00:26.122  1715  1715 I Layer   : Layer [Task=23#1015] hidden!! flag(0)
06-06 13:00:26.122  1715  1715 I Layer   : Layer::reparent [Task=23#1015] newParent : Transition Root: Task=23#1023 , isRemovedFromCurrentState : 0 -------------------------
06-06 13:00:26.122  1715  1715 I Layer   : Layer::reparent [Task=23#1015] End -------------------------
06-06 13:00:26.122  1715  1715 I Layer   : Layer [Transition Root: Task=23#1023] hidden!! flag(0)
06-06 13:00:26.122  1715  1715 I Layer   : id=1001 Destroyed Transition Root: Task=1#1001
06-06 13:00:26.123  7890  7890 I ViewRootImpl@177d1b5[InstrumentationActivityInvoker$EmptyActivity]: destroyHardwareResources: Callers=android.view.ViewRootImpl.performTraversals:3937 android.view.ViewRootImpl.doTraversal:3291 android.view.ViewRootImpl$TraversalRunnable.run:11329 android.view.Choreographer$CallbackRecord.run:1689 android.view.Choreographer$CallbackRecord.run:1698 android.view.Choreographer.doCallbacks:1153 android.view.Choreographer.doFrame:1079 android.view.Choreographer$FrameDisplayEventReceiver.run:1646 android.os.Handler.handleCallback:958 android.os.Handler.dispatchMessage:99
06-06 13:00:26.123  1715  1715 I Layer   : id=961 Destroyed 10c6a98 Splash Screen etf.ri.rma.newsfeedapp.test#958 (Mirror)#961
06-06 13:00:26.123  1715  1715 I Layer   : id=999 Destroyed Surface(name=53a7541 StatusBar)/@0x3ba06c - animation-leash of insets_animation#997 (Mirror)#999
06-06 13:00:26.123  1715  1715 I Layer   : id=1000 Destroyed Surface(name=87e62a6 NavigationBar0)/@0xf64c4fb - animation-leash of insets_animation#996 (Mirror)#1000
06-06 13:00:26.123  6421  9457 I ViewRootImpl@cc9c4e9[LauncherActivity]: mWNT: t=0xb40000747f975150 mBlastBufferQueue=0xb4000074df963770 fn= 16 mRenderHdrSdrRatio=1.0 caller= com.android.systemui.shared.launcher.ViewRootImplCompat.mergeWithNextTransaction:4 com.honeyspace.transition.utils.SurfaceTransactionApplier.scheduleApply$lambda$1:26 com.honeyspace.transition.utils.SurfaceTransactionApplier.c:0
06-06 13:00:26.123  1715  1715 I SurfaceFlinger: id=997 Removed Surface(name=53a7541 StatusBar)/@0x3ba06c - animation-leash of insets_animation#997 (241)
06-06 13:00:26.123  1715  1715 I SurfaceFlinger: id=996 Removed Surface(name=87e62a6 NavigationBar0)/@0xf64c4fb - animation-leash of insets_animation#996 (241)
06-06 13:00:26.123  1715  1715 I SurfaceFlinger: id=962 Removed Splash Screen etf.ri.rma.newsfeedapp.test$_5355#962 (241)
06-06 13:00:26.123  1715  1715 I Layer   : id=965 Destroyed Splash Screen etf.ri.rma.newsfeedapp.test$_5355#962 (Mirror)#965
06-06 13:00:26.123  7890  7917 D OpenGLRenderer: CacheManager::trimMemory(20)
06-06 13:00:26.124  2342  2420 V WindowManager: Relayout Window{3a73a2f u0 etf.ri.rma.newsfeedapp.test/androidx.test.core.app.InstrumentationActivityInvoker$EmptyActivity}: viewVisibility=8 req=1080x2340 ty=1 d0
06-06 13:00:26.125  1574  1638 I HYPER-HAL: [RequestManager.cpp]acquire(): Acquired ID : 1617522  [1577 / 221]    HINT :      list : [TID_LOW_LATENCY / 0] [TID / 7920] [TID / 7921] [TID / 7890] [TID / 7917]
06-06 13:00:26.125  1574  1638 I HYPER-HAL: [RequestManager.cpp]acquire(): Acquired ID : 1619322  [1577 / 222]    HINT :      list : [UCLAMP_MIN_BOOST / 0] [TID / 7920] [TID / 7921] [TID / 7890] [TID / 7917]
06-06 13:00:26.125  7012  7043 D C2SoftVpxEnc: bytes generated 10328
06-06 13:00:26.125  2342  2420 V WindowManager: Relayout hash=3a73a2f, pid=7890, syncId=-1: mAttrs={(0,0)(fillxfill) sim={adjust=pan forwardNavigation} ty=BASE_APPLICATION
06-06 13:00:26.125  2342  2420 V WindowManager:   fl=81810100
06-06 13:00:26.125  2342  2420 V WindowManager:   pfl=12008040
06-06 13:00:26.125  2342  2420 V WindowManager:   bhv=DEFAULT
06-06 13:00:26.125  2342  2420 V WindowManager:   fitSides= naviIconColor=0}
06-06 13:00:26.126  1574  1638 I HYPER-HAL: [RequestManager.cpp]releaseLocked(): Released ID : 1617522
06-06 13:00:26.126  1574  1638 I HYPER-HAL: [RequestManager.cpp]releaseLocked(): Released ID : 1619322
06-06 13:00:26.127  5355  5355 D SamsungStatusBarGrayIconHelper: isGrayAppearance=false
06-06 13:00:26.128  5355  5355 D SamsungLightBarControlHelper: onStatusBarAppearanceChanged() -  sbModeChanged:false, statusBarMode:0, barState:MODE_TRANSPARENT, isKeyguardShowing:false, navbarColorManagedByIme:false, stackAppearanceChanged:true, (AppearanceRegion{LIGHT_STATUS_BARS bounds=[0,0][1080,2340]}, ), packageName:etf.ri.rma.newsfeedapp
06-06 13:00:26.128  5355  5355 D NavigationBar: onSystemBarAttributesChanged() -  displayId:0, appearance:24, packageName: etf.ri.rma.newsfeedapp (APPEARANCE_LIGHT_STATUS_BARS APPEARANCE_LIGHT_NAVIGATION_BARS ), navbarColorManagedByIme:false
06-06 13:00:26.128  5355  5355 D SamsungLightBarControlHelper: updateNavigationBar (BLACK button) isLightOpaque:false, hasLightNavigationBarFlag:true, packageName:etf.ri.rma.newsfeedapp, DirectReplying:false, NavBarColorMangedByIme:false, ForceDarkForScrim:false, QsCustomizing:false, PanelHasWhiteBg:false
06-06 13:00:26.128  5355  5355 D SysUiState: SysUiState changed: old=0x10000000 new=0x10020000
06-06 13:00:26.128  5355  5355 D SamsungLightBarControlHelper: updateStatusBar (BLACK icon) numStacks:1, StatusBarMode:MODE_TRANSPARENT, lightBarBounds:[Rect(0, 0 - 1080, 2340)], StatusBarState:SHADE, packageName:etf.ri.rma.newsfeedapp, isWhiteKeyguardStatusBar:false
06-06 13:00:26.129  6421  5991 I HoneySpace.SystemUiRepository: systemUiFlags: allow_gesture|awake
06-06 13:00:26.129  6421  6487 I HoneySpace.TaskbarEventTracker: invokeEvent() called with: event = SystemUiStateChanged(stateFlags=268566528)
06-06 13:00:26.130  1715  1715 I Layer   : id=997 Destroyed Surface(name=53a7541 StatusBar)/@0x3ba06c - animation-leash of insets_animation#997
06-06 13:00:26.130  1715  1715 I Layer   : id=962 Destroyed Splash Screen etf.ri.rma.newsfeedapp.test$_5355#962
06-06 13:00:26.131  1715  1715 I Layer   : id=996 Destroyed Surface(name=87e62a6 NavigationBar0)/@0xf64c4fb - animation-leash of insets_animation#996
06-06 13:00:26.131  6421  9458 I ViewRootImpl@cc9c4e9[LauncherActivity]: mWNT: t=0xb40000747f975570 mBlastBufferQueue=0xb4000074df963770 fn= 17 mRenderHdrSdrRatio=1.0 caller= com.android.systemui.shared.launcher.ViewRootImplCompat.mergeWithNextTransaction:4 com.honeyspace.transition.utils.SurfaceTransactionApplier.scheduleApply$lambda$1:26 com.honeyspace.transition.utils.SurfaceTransactionApplier.c:0
06-06 13:00:26.132  7890  7890 I ViewRootImpl@177d1b5[InstrumentationActivityInvoker$EmptyActivity]: Relayout returned: old=(0,0,1080,2340) new=(0,0,1080,2340) relayoutAsync=false req=(1080,2340)8 dur=7 res=0x402 s={false 0x0} ch=true seqId=0
06-06 13:00:26.137  7012  7043 D C2SoftVpxEnc: bytes generated 11893
06-06 13:00:26.139  6421  9457 I ViewRootImpl@cc9c4e9[LauncherActivity]: mWNT: t=0xb40000747f973890 mBlastBufferQueue=0xb4000074df963770 fn= 18 mRenderHdrSdrRatio=1.0 caller= com.android.systemui.shared.launcher.ViewRootImplCompat.mergeWithNextTransaction:4 com.honeyspace.transition.utils.SurfaceTransactionApplier.scheduleApply$lambda$1:26 com.honeyspace.transition.utils.SurfaceTransactionApplier.c:0
06-06 13:00:26.142  1715  1715 D SurfaceFlinger: Display 4630946970390616451 HWC layers:
06-06 13:00:26.142  1715  1715 D SurfaceFlinger:      DEVICE | 0xb4000073beb13a00 | 0100 | RGBA_8888    |  650.0   43.0 1690.0 2297.0 |    0    0 1080 2340 | Wallpaper BBQ wrapper 5_system#94
06-06 13:00:26.142  1715  1715 D SurfaceFlinger:      DEVICE | 0xb4000073beb17f30 | 0100 | RGBA_8888    |    0.0    0.0 1080.0 2340.0 |    0    0 1080 2340 | com.sec.android.app.launcher/com.sec[...]ctivities.LauncherActivity$_6421#995
06-06 13:00:26.142  1715  1715 D SurfaceFlinger:      CLIENT | 0xb4000073beb07b50 | 0100 | RGBA_8888    |    0.0    0.0 1080.0 2340.0 |   79  170 1001 2170 | Splash Screen etf.ri.rma.newsfeedapp$_5355#1020
06-06 13:00:26.142  1715  1715 D SurfaceFlinger:      DEVICE | 0xb4000073beb044c0 | 0100 | RGBA_8888    |    0.0    0.0 1080.0   87.0 |    0    0 1080   87 | StatusBar$_5355#90
06-06 13:00:26.142  1715  1715 D SurfaceFlinger:      DEVICE | 0xb4000073beb138e0 | 0100 | RGBA_8888    |    0.0    0.0   67.0  342.0 | 1013  438 1080  780 | com.sec.android.app.launcher/com.sam[...]ce.edge.CocktailBarService$_6421#145
06-06 13:00:26.142  1715  1715 D SurfaceFlinger:      DEVICE | 0xb4000073beb0fb90 | 0100 | RGBA_8888    |    0.0    0.0 1080.0  144.0 |    0 2196 1080 2340 | NavigationBar0$_5355#89
06-06 13:00:26.142  1715  1715 D SurfaceFlinger:
