06-06 13:00:14.858  5355  5355 D NavigationBar: onSystemBarAttributesChanged() -  displayId:0, appearance:24, packageName: etf.ri.rma.newsfeedapp (APPEARANCE_LIGHT_STATUS_BARS APPEARANCE_LIGHT_NAVIGATION_BARS ), navbarColorManagedByIme:false
06-06 13:00:14.858  5355  5355 D SamsungLightBarControlHelper: updateNavigationBar (BLACK button) isLightOpaque:false, hasLightNavigationBarFlag:true, packageName:etf.ri.rma.newsfeedapp, DirectReplying:false, NavBarColorMangedByIme:false, ForceDarkForScrim:false, QsCustomizing:false, PanelHasWhiteBg:false
06-06 13:00:14.858  5355  5355 D SysUiState: SysUiState changed: old=0x10000000 new=0x10020000
06-06 13:00:14.858  2342  5455 V WindowManager: Relayout Window{ce8b7de u0 etf.ri.rma.newsfeedapp.test/androidx.test.core.app.InstrumentationActivityInvoker$EmptyActivity}: viewVisibility=8 req=1080x2340 ty=1 d0
06-06 13:00:14.858  5355  5355 D SamsungLightBarControlHelper: updateStatusBar (BLACK icon) numStacks:1, StatusBarMode:MODE_TRANSPARENT, lightBarBounds:[Rect(0, 0 - 1080, 2340)], StatusBarState:SHADE, packageName:etf.ri.rma.newsfeedapp, isWhiteKeyguardStatusBar:false
06-06 13:00:14.859  1574  1638 I HYPER-HAL: [RequestManager.cpp]acquire(): Acquired ID : 1549863  [1577 / 183]    HINT :      list : [TID_LOW_LATENCY / 0] [TID / 7920] [TID / 7921] [TID / 7890] [TID / 7917]
06-06 13:00:14.859  1574  1638 I HYPER-HAL: [RequestManager.cpp]acquire(): Acquired ID : 1551625  [1577 / 184]    HINT :      list : [UCLAMP_MIN_BOOST / 0] [TID / 7920] [TID / 7921] [TID / 7890] [TID / 7917]
06-06 13:00:14.859  6421  7247 I HoneySpace.SystemUiRepository: systemUiFlags: allow_gesture|awake
06-06 13:00:14.859  7012  7043 D C2SoftVpxEnc: bytes generated 6889
06-06 13:00:14.859  2342  5455 V WindowManager: Relayout hash=ce8b7de, pid=7890, syncId=-1: mAttrs={(0,0)(fillxfill) sim={adjust=pan forwardNavigation} ty=BASE_APPLICATION
06-06 13:00:14.859  2342  5455 V WindowManager:   fl=81810100
06-06 13:00:14.859  2342  5455 V WindowManager:   pfl=12008040
06-06 13:00:14.859  2342  5455 V WindowManager:   bhv=DEFAULT
06-06 13:00:14.859  2342  5455 V WindowManager:   fitSides= naviIconColor=0}
06-06 13:00:14.859  1574  1638 I HYPER-HAL: [RequestManager.cpp]releaseLocked(): Released ID : 1549863
06-06 13:00:14.859  6421  6487 I HoneySpace.TaskbarEventTracker: invokeEvent() called with: event = SystemUiStateChanged(stateFlags=268566528)
06-06 13:00:14.859  1574  1638 I HYPER-HAL: [RequestManager.cpp]releaseLocked(): Released ID : 1551625
06-06 13:00:14.862  7890  7890 I ViewRootImpl@e72b592[InstrumentationActivityInvoker$EmptyActivity]: Relayout returned: old=(0,0,1080,2340) new=(0,0,1080,2340) relayoutAsync=false req=(1080,2340)8 dur=4 res=0x402 s={false 0x0} ch=true seqId=0
06-06 13:00:14.863  1715  1715 I Layer   : Layer [Splash Screen etf.ri.rma.newsfeedapp$_5355#837] hidden!! flag(0)
06-06 13:00:14.863  1715  1715 I Layer   : Layer [ActivityRecord{9bdbc61 u0 etf.ri.rma.newsfeedapp/.MainActivity t19}#833] hidden!! flag(0)
06-06 13:00:14.863  1715  1715 I Layer   : Layer [Transition Root: Task=19#840] hidden!! flag(0)
06-06 13:00:14.863  1715  1715 I Layer   : Layer::reparent [Task=1#52] newParent : Transition Root: Task=19#840 , isRemovedFromCurrentState : 0 -------------------------
06-06 13:00:14.863  1715  1715 I Layer   : Layer::reparent [Task=1#52] End -------------------------
06-06 13:00:14.863  1715  1715 I Layer   : Layer [Task=19#832] hidden!! flag(0)
06-06 13:00:14.863  1715  1715 I Layer   : Layer::reparent [Task=19#832] newParent : Transition Root: Task=19#840 , isRemovedFromCurrentState : 0 -------------------------
06-06 13:00:14.863  1715  1715 I Layer   : Layer::reparent [Task=19#832] End -------------------------
06-06 13:00:14.863  1715  1715 I Layer   : Layer [e8a83e0 Splash Screen etf.ri.rma.newsfeedapp#836] hidden!! flag(0)
06-06 13:00:14.863  1715  1715 I Layer   : id=813 Destroyed Surface(name=87e62a6 NavigationBar0)/@0xf64c4fb - animation-leash of insets_animation#813
06-06 13:00:14.863  1715  1715 I Layer   : id=774 Destroyed Splash Screen etf.ri.rma.newsfeedapp.test$_5355#774
06-06 13:00:14.863  1715  1715 I Layer   : id=818 Destroyed Transition Root: Task=1#818
06-06 13:00:14.863  1715  1715 I Layer   : id=814 Destroyed Surface(name=53a7541 StatusBar)/@0x3ba06c - animation-leash of insets_animation#814
06-06 13:00:14.864  6421  9457 I ViewRootImpl@cc9c4e9[LauncherActivity]: mWNT: t=0xb40000747f9739f0 mBlastBufferQueue=0xb4000074df963770 fn= 12 mRenderHdrSdrRatio=1.0 caller= com.android.systemui.shared.launcher.ViewRootImplCompat.mergeWithNextTransaction:4 com.honeyspace.transition.utils.SurfaceTransactionApplier.scheduleApply$lambda$1:26 com.honeyspace.transition.utils.SurfaceTransactionApplier.c:0
06-06 13:00:14.869  7012  7043 D C2SoftVpxEnc: bytes generated 3782
06-06 13:00:14.872  6421  9458 I ViewRootImpl@cc9c4e9[LauncherActivity]: mWNT: t=0xb40000747f944710 mBlastBufferQueue=0xb4000074df963770 fn= 13 mRenderHdrSdrRatio=1.0 caller= com.android.systemui.shared.launcher.ViewRootImplCompat.mergeWithNextTransaction:4 com.honeyspace.transition.utils.SurfaceTransactionApplier.scheduleApply$lambda$1:26 com.honeyspace.transition.utils.SurfaceTransactionApplier.c:0
06-06 13:00:14.880  6421  9457 I ViewRootImpl@cc9c4e9[LauncherActivity]: mWNT: t=0xb40000747f96eb90 mBlastBufferQueue=0xb4000074df963770 fn= 14 mRenderHdrSdrRatio=1.0 caller= com.android.systemui.shared.launcher.ViewRootImplCompat.mergeWithNextTransaction:4 com.honeyspace.transition.utils.SurfaceTransactionApplier.scheduleApply$lambda$1:26 com.honeyspace.transition.utils.SurfaceTransactionApplier.c:0
06-06 13:00:14.881  7012  7043 D C2SoftVpxEnc: bytes generated 33325
06-06 13:00:14.882  1715  1715 D SurfaceFlinger: Display 4630946970390616451 HWC layers:
06-06 13:00:14.882  1715  1715 D SurfaceFlinger:      DEVICE | 0xb4000073beb13a00 | 0100 | RGBA_8888    |  655.0   54.0 1685.0 2286.0 |    0    0 1080 2340 | Wallpaper BBQ wrapper 5_system#94
06-06 13:00:14.882  1715  1715 D SurfaceFlinger:      DEVICE | 0xb4000073beb14b70 | 0100 | RGBA_8888    |    0.0    0.0 1080.0 2340.0 |    0    0 1080 2340 | com.sec.android.app.launcher/com.sec[...]ctivities.LauncherActivity$_6421#812
06-06 13:00:14.882  1715  1715 D SurfaceFlinger:      CLIENT | 0xb4000073beb0d430 | 0100 | RGBA_8888    |    0.0    0.0 1080.0 2340.0 |   78  170 1002 2170 | Splash Screen etf.ri.rma.newsfeedapp$_5355#837
06-06 13:00:14.882  1715  1715 D SurfaceFlinger:      DEVICE | 0xb4000073beb0f440 | 0100 | RGBA_8888    |    0.0    0.0 1080.0   87.0 |    0    0 1080   87 | StatusBar$_5355#90
06-06 13:00:14.882  1715  1715 D SurfaceFlinger:      DEVICE | 0xb4000073beb138e0 | 0100 | RGBA_8888    |    0.0    0.0   67.0  342.0 | 1013  438 1080  780 | com.sec.android.app.launcher/com.sam[...]ce.edge.CocktailBarService$_6421#145
06-06 13:00:14.882  1715  1715 D SurfaceFlinger:      DEVICE | 0xb4000073beb0f830 | 0100 | RGBA_8888    |    0.0    0.0 1080.0  144.0 |    0 2196 1080 2340 | NavigationBar0$_5355#89
06-06 13:00:14.882  1715  1715 D SurfaceFlinger:
06-06 13:00:14.889  6421  9458 I ViewRootImpl@cc9c4e9[LauncherActivity]: mWNT: t=0xb40000747f966210 mBlastBufferQueue=0xb4000074df963770 fn= 15 mRenderHdrSdrRatio=1.0 caller= com.android.systemui.shared.launcher.ViewRootImplCompat.mergeWithNextTransaction:4 com.honeyspace.transition.utils.SurfaceTransactionApplier.scheduleApply$lambda$1:26 com.honeyspace.transition.utils.SurfaceTransactionApplier.c:0
06-06 13:00:14.890  7012  7043 D C2SoftVpxEnc: bytes generated 3251
06-06 13:00:14.896  7790  7790 D DEBUG_IMAGE: News Title: Velika politička odluka donijeta danas, Image URL: https://interview.ba/wp-content/uploads/2024/09/fikret-1024x652.png
06-06 13:00:14.897  6421  9457 I ViewRootImpl@cc9c4e9[LauncherActivity]: mWNT: t=0xb40000747f945a50 mBlastBufferQueue=0xb4000074df963770 fn= 16 mRenderHdrSdrRatio=1.0 caller= com.android.systemui.shared.launcher.ViewRootImplCompat.mergeWithNextTransaction:4 com.honeyspace.transition.utils.SurfaceTransactionApplier.scheduleApply$lambda$1:26 com.honeyspace.transition.utils.SurfaceTransactionApplier.c:0
06-06 13:00:14.900  7012  7043 D C2SoftVpxEnc: bytes generated 2842
06-06 13:00:14.905  6421  9458 I ViewRootImpl@cc9c4e9[LauncherActivity]: mWNT: t=0xb40000747f95cad0 mBlastBufferQueue=0xb4000074df963770 fn= 17 mRenderHdrSdrRatio=1.0 caller= com.android.systemui.shared.launcher.ViewRootImplCompat.mergeWithNextTransaction:4 com.honeyspace.transition.utils.SurfaceTransactionApplier.scheduleApply$lambda$1:26 com.honeyspace.transition.utils.SurfaceTransactionApplier.c:0
06-06 13:00:14.907  7790  7790 D DEBUG_IMAGE: News Title: Nevjerovatan preokret na utakmici, Image URL: https://scsport.ba/wp-content/uploads/2023/02/verona566-860x464.jpg
06-06 13:00:14.910  7012  7043 D C2SoftVpxEnc: bytes generated 10098
06-06 13:00:14.914  6421  9457 I ViewRootImpl@cc9c4e9[LauncherActivity]: mWNT: t=0xb40000747f94c9b0 mBlastBufferQueue=0xb4000074df963770 fn= 18 mRenderHdrSdrRatio=1.0 caller= com.android.systemui.shared.launcher.ViewRootImplCompat.mergeWithNextTransaction:4 com.honeyspace.transition.utils.SurfaceTransactionApplier.scheduleApply$lambda$1:26 com.honeyspace.transition.utils.SurfaceTransactionApplier.c:0
06-06 13:00:14.916 24682 24682 I A       : onPause
06-06 13:00:14.917  2342  5455 V WindowManager: Relayout Window{d9e191a u0 etf.ri.rma.newsfeedapp/etf.ri.rma.newsfeedapp.MainActivity}: viewVisibility=0 req=1080x2340 ty=1 d0
06-06 13:00:14.917  1715  1807 I SurfaceFlinger: id=850 createSurf, flag=44004, etf.ri.rma.newsfeedapp/etf.ri.rma.newsfeedapp.MainActivity$_7790#850
06-06 13:00:14.919  1715  1807 I SurfaceFlinger: id=851 createSurf, flag=24000, Surface(name=87e62a6 NavigationBar0)/@0xf64c4fb - animation-leash of insets_animation#851
06-06 13:00:14.919  7012  7043 D C2SoftVpxEnc: bytes generated 2762
06-06 13:00:14.919  1715  1807 I SurfaceFlinger: id=852 createSurf, flag=24000, Surface(name=53a7541 StatusBar)/@0x3ba06c - animation-leash of insets_animation#852
06-06 13:00:14.920  2342  5455 V WindowManager: Relayout hash=d9e191a, pid=7790, syncId=-1: mAttrs={(0,0)(fillxfill) sim={adjust=pan forwardNavigation} ty=BASE_APPLICATION wanim=0x1030303
06-06 13:00:14.920  2342  5455 V WindowManager:   fl=81810100
06-06 13:00:14.920  2342  5455 V WindowManager:   pfl=12008040
06-06 13:00:14.920  2342  5455 V WindowManager:   bhv=DEFAULT
06-06 13:00:14.920  2342  5455 V WindowManager:   fitSides= naviIconColor=0}
06-06 13:00:14.920  6421  4145 I HoneySpace.RecentTasks: onRecentTasksChanged
06-06 13:00:14.921  7790  7790 I BLASTBufferQueue_Java: new BLASTBufferQueue, mName= ViewRootImpl@a42f5f0[MainActivity] mNativeObject= 0xb4000074df95b110 sc.mNativeObject= 0xb4000073af94ca10 caller= android.view.ViewRootImpl.updateBlastSurfaceIfNeeded:3031 android.view.ViewRootImpl.relayoutWindow:10121 android.view.ViewRootImpl.performTraversals:4115 android.view.ViewRootImpl.doTraversal:3291 android.view.ViewRootImpl$TraversalRunnable.run:11329 android.view.Choreographer$CallbackRecord.run:1689 android.view.Choreographer$CallbackRecord.run:1698 android.view.Choreographer.doCallbacks:1153 android.view.Choreographer.doFrame:1079 android.view.Choreographer$FrameDisplayEventReceiver.run:1646
06-06 13:00:14.922  7790  7790 I BLASTBufferQueue_Java: update, w= 1080 h= 2340 mName = ViewRootImpl@a42f5f0[MainActivity] mNativeObject= 0xb4000074df95b110 sc.mNativeObject= 0xb4000073af94ca10 format= -1 caller= android.graphics.BLASTBufferQueue.<init>:89 android.view.ViewRootImpl.updateBlastSurfaceIfNeeded:3031 android.view.ViewRootImpl.relayoutWindow:10121 android.view.ViewRootImpl.performTraversals:4115 android.view.ViewRootImpl.doTraversal:3291 android.view.ViewRootImpl$TraversalRunnable.run:11329
06-06 13:00:14.922  6421  9458 I ViewRootImpl@cc9c4e9[LauncherActivity]: mWNT: t=0xb40000747f953910 mBlastBufferQueue=0xb4000074df963770 fn= 19 mRenderHdrSdrRatio=1.0 caller= com.android.systemui.shared.launcher.ViewRootImplCompat.mergeWithNextTransaction:4 com.honeyspace.transition.utils.SurfaceTransactionApplier.scheduleApply$lambda$1:26 com.honeyspace.transition.utils.SurfaceTransactionApplier.c:0
06-06 13:00:14.922  7790  7790 I ViewRootImpl@a42f5f0[MainActivity]: Relayout returned: old=(0,0,1080,2340) new=(0,0,1080,2340) relayoutAsync=false req=(1080,2340)0 dur=4 res=0x403 s={true 0xb4000074af988290} ch=true seqId=0
06-06 13:00:14.922  7790  7790 I ViewRootImpl@a42f5f0[MainActivity]: performConfigurationChange setNightDimText nightDimLevel=0
06-06 13:00:14.922  7790  7790 D ViewRootImpl@a42f5f0[MainActivity]: mThreadedRenderer.initialize() mSurface={isValid=true 0xb4000074af988290} hwInitialized=true
06-06 13:00:14.923  5355  5355 D SamsungStatusBarGrayIconHelper: isGrayAppearance=false
06-06 13:00:14.924  5355  5355 D NavigationBar: onSystemBarAttributesChanged() -  displayId:0, appearance:16, packageName: etf.ri.rma.newsfeedapp (APPEARANCE_LIGHT_NAVIGATION_BARS ), navbarColorManagedByIme:false
06-06 13:00:14.929  1715  1715 I Layer   : Layer::reparent [87e62a6 NavigationBar0#78] newParent : Surface(name=87e62a6 NavigationBar0)/@0xf64c4fb - animation-leash of insets_animation#851 , isRemovedFromCurrentState : 0 -------------------------
06-06 13:00:14.929  7012  7043 D C2SoftVpxEnc: bytes generated 5771
06-06 13:00:14.929  1715  1715 I Layer   : Layer::reparent [87e62a6 NavigationBar0#78] End -------------------------
06-06 13:00:14.929  1715  1715 I Layer   : Layer::reparent [Surface(name=87e62a6 NavigationBar0)/@0xf64c4fb - animation-leash of insets_animation#846] newParentHandle : null -------------------------
06-06 13:00:14.929  1715  1715 I Layer   : id=846 removeFromCurrentState Surface(name=87e62a6 NavigationBar0)/@0xf64c4fb - animation-leash of insets_animation#846 (243)
06-06 13:00:14.929  1715  1715 I Layer   : Layer::reparent [Surface(name=87e62a6 NavigationBar0)/@0xf64c4fb - animation-leash of insets_animation#846] End -------------------------
06-06 13:00:14.929  1715  1715 I Layer   : Layer::reparent [53a7541 StatusBar#85] newParent : Surface(name=53a7541 StatusBar)/@0x3ba06c - animation-leash of insets_animation#852 , isRemovedFromCurrentState : 0 -------------------------
06-06 13:00:14.929  1715  1715 I Layer   : Layer::reparent [53a7541 StatusBar#85] End -------------------------
06-06 13:00:14.929  1715  1715 I Layer   : Layer::reparent [Surface(name=53a7541 StatusBar)/@0x3ba06c - animation-leash of insets_animation#847] newParentHandle : null -------------------------
06-06 13:00:14.929  1715  1715 I Layer   : id=847 removeFromCurrentState Surface(name=53a7541 StatusBar)/@0x3ba06c - animation-leash of insets_animation#847 (243)
06-06 13:00:14.929  1715  1715 I Layer   : Layer::reparent [Surface(name=53a7541 StatusBar)/@0x3ba06c - animation-leash of insets_animation#847] End -------------------------
06-06 13:00:14.930  1715  1715 I Layer   : id=848 Destroyed Surface(name=53a7541 StatusBar)/@0x3ba06c - animation-leash of insets_animation#847 (Mirror)#848
06-06 13:00:14.930  1715  1715 I Layer   : id=849 Destroyed Surface(name=87e62a6 NavigationBar0)/@0xf64c4fb - animation-leash of insets_animation#846 (Mirror)#849
06-06 13:00:14.930  1715  1715 I SurfaceFlinger: id=847 Removed Surface(name=53a7541 StatusBar)/@0x3ba06c - animation-leash of insets_animation#847 (241)
06-06 13:00:14.930  1715  1715 I SurfaceFlinger: id=846 Removed Surface(name=87e62a6 NavigationBar0)/@0xf64c4fb - animation-leash of insets_animation#846 (241)
06-06 13:00:14.930  6421  9457 I ViewRootImpl@cc9c4e9[LauncherActivity]: mWNT: t=0xb40000747f94bbf0 mBlastBufferQueue=0xb4000074df963770 fn= 20 mRenderHdrSdrRatio=1.0 caller= com.android.systemui.shared.launcher.ViewRootImplCompat.mergeWithNextTransaction:4 com.honeyspace.transition.utils.SurfaceTransactionApplier.scheduleApply$lambda$1:26 com.honeyspace.transition.utils.SurfaceTransactionApplier.c:0
06-06 13:00:14.931  2342  5137 D InputDispatcher: Focus request (0): d9e191a etf.ri.rma.newsfeedapp/etf.ri.rma.newsfeedapp.MainActivity but waiting because NOT_VISIBLE
06-06 13:00:14.932  7790  7790 D ViewRootImpl@a42f5f0[MainActivity]: reportNextDraw android.view.ViewRootImpl.performTraversals:4723 android.view.ViewRootImpl.doTraversal:3291 android.view.ViewRootImpl$TraversalRunnable.run:11329 android.view.Choreographer$CallbackRecord.run:1689 android.view.Choreographer$CallbackRecord.run:1698
06-06 13:00:14.932  7790  7790 I ViewRootImpl@a42f5f0[MainActivity]: Setup new sync=wmsSync-ViewRootImpl@a42f5f0[MainActivity]#8
06-06 13:00:14.932  7790  7790 I ViewRootImpl@a42f5f0[MainActivity]: Creating new active sync group ViewRootImpl@a42f5f0[MainActivity]#9
06-06 13:00:14.932  7790  7790 I ViewRootImpl@a42f5f0[MainActivity]: registerCallbacksForSync syncBuffer=false
06-06 13:00:14.938  1715  1715 I Layer   : id=847 Destroyed Surface(name=53a7541 StatusBar)/@0x3ba06c - animation-leash of insets_animation#847
06-06 13:00:14.938  1715  1715 I Layer   : id=846 Destroyed Surface(name=87e62a6 NavigationBar0)/@0xf64c4fb - animation-leash of insets_animation#846
06-06 13:00:14.938  7790  7828 I ViewRootImpl@a42f5f0[MainActivity]: Received frameDrawingCallback syncResult=0 frameNum=1.
06-06 13:00:14.938  7790  7828 I ViewRootImpl@a42f5f0[MainActivity]: mWNT: t=0xb40000747f9768b0 mBlastBufferQueue=0xb4000074df95b110 fn= 1 mRenderHdrSdrRatio=1.0 caller= android.view.ViewRootImpl$8.onFrameDraw:13826 android.view.ThreadedRenderer$1.onFrameDraw:792 <bottom of call stack>
06-06 13:00:14.938  7790  7828 I ViewRootImpl@a42f5f0[MainActivity]: Setting up sync and frameCommitCallback
06-06 13:00:14.938  6421  9458 I ViewRootImpl@cc9c4e9[LauncherActivity]: mWNT: t=0xb40000747f941590 mBlastBufferQueue=0xb4000074df963770 fn= 21 mRenderHdrSdrRatio=1.0 caller= com.android.systemui.shared.launcher.ViewRootImplCompat.mergeWithNextTransaction:4 com.honeyspace.transition.utils.SurfaceTransactionApplier.scheduleApply$lambda$1:26 com.honeyspace.transition.utils.SurfaceTransactionApplier.c:0
06-06 13:00:14.939  7790  7818 I BLASTBufferQueue: [ViewRootImpl@a42f5f0[MainActivity]#4](f:0,a:0,s:0) onFrameAvailable the first frame is available
06-06 13:00:14.941  7790  7818 I ViewRootImpl@a42f5f0[MainActivity]: Received frameCommittedCallback lastAttemptedDrawFrameNum=1 didProduceBuffer=true
06-06 13:00:14.942  7790  7818 D OpenGLRenderer: CFMS:: SetUp Pid : 7790    Tid : 7818
06-06 13:00:14.942  7790  7790 I ViewRootImpl@a42f5f0[MainActivity]: reportDrawFinished seqId=0
06-06 13:00:14.943  7790  7790 I InsetsSourceConsumer: applyRequestedVisibilityToControl: visible=true, type=navigationBars, host=etf.ri.rma.newsfeedapp/etf.ri.rma.newsfeedapp.MainActivity
06-06 13:00:14.943  7790  7790 I InsetsSourceConsumer: applyRequestedVisibilityToControl: visible=true, type=statusBars, host=etf.ri.rma.newsfeedapp/etf.ri.rma.newsfeedapp.MainActivity
06-06 13:00:14.943  1715  6620 I SurfaceFlinger: id=856 createSurf, flag=24000, Surface(name=d9e191a etf.ri.rma.newsfeedapp/etf.ri.rma.newsfeedapp.MainActivity)/@0xd368d15 - animation-leash of starting_reveal#856
06-06 13:00:14.945  2342  2629 W ziparchive: Unable to open '/data/app/~~iv0fcnx4L502rO6Suz5MAg==/etf.ri.rma.newsfeedapp-X2lKCZXV0V5p124bIc4GlA==/base.dm': No such file or directory
06-06 13:00:14.945  2342  2629 I PkgPredictorService-SecIpmManagerServiceImpl: reportToNAP uid:10317 etf.ri.rma.newsfeedapp/etf.ri.rma.newsfeedapp.MainActivity thisTime:140
06-06 13:00:14.945  2342  2629 D PkgPredictorService-SecIpmManagerServiceImpl: reportToNAP: mHeavyLaunchCounter is false
06-06 13:00:14.946  2342  5137 I SemDvfsHyPerManager: acquire hyper - AMS_RESUME_TAIL/2342@16, type = -999
06-06 13:00:14.946  1715  1715 I Layer   : Layer::reparent [d9e191a etf.ri.rma.newsfeedapp/etf.ri.rma.newsfeedapp.MainActivity#841] newParent : Surface(name=d9e191a etf.ri.rma.newsfeedapp/etf.ri.rma.newsfeedapp.MainActivity)/@0xd368d15 - animation-leash of starting_reveal#856 , isRemovedFromCurrentState : 0 -------------------------
06-06 13:00:14.946  1715  1715 I Layer   : Layer::reparent [d9e191a etf.ri.rma.newsfeedapp/etf.ri.rma.newsfeedapp.MainActivity#841] End -------------------------
06-06 13:00:14.946  1715  1715 I Layer   : Layer [etf.ri.rma.newsfeedapp/etf.ri.rma.newsfeedapp.MainActivity$_7790#850] hidden!! flag(0)
06-06 13:00:14.947  6421  9457 I ViewRootImpl@cc9c4e9[LauncherActivity]: mWNT: t=0xb40000747f93a370 mBlastBufferQueue=0xb4000074df963770 fn= 22 mRenderHdrSdrRatio=1.0 caller= com.android.systemui.shared.launcher.ViewRootImplCompat.mergeWithNextTransaction:4 com.honeyspace.transition.utils.SurfaceTransactionApplier.scheduleApply$lambda$1:26 com.honeyspace.transition.utils.SurfaceTransactionApplier.c:0
06-06 13:00:14.947  2342  5137 I SemDvfsHyPerManager: acquire hyper - AMS_ACT_LAZY/2342@17, type = -999
06-06 13:00:14.948  2342  6212 D InputDispatcher: Focus entered window (0): d9e191a etf.ri.rma.newsfeedapp/etf.ri.rma.newsfeedapp.MainActivity
06-06 13:00:14.948  1574  1638 I HYPER-HAL: [RequestManager.cpp]acquire(): Acquired ID : 2781277  [2342 / 16]    HINT : AMS_RESUME_TAIL    list :
06-06 13:00:14.948  1574  1638 I HYPER-HAL: [RequestManager.cpp]acquire(): Acquired ID : 2783637  [2342 / 17]    HINT : AMS_ACT_LAZY    list :
06-06 13:00:14.948  7790  7790 I ViewRootImpl@a42f5f0[MainActivity]: handleWindowFocusChanged: 1 0 call from android.view.ViewRootImpl.-$$Nest$mhandleWindowFocusChanged:0
06-06 13:00:14.948  7790  7790 D ViewRootImpl@a42f5f0[MainActivity]: mThreadedRenderer.initializeIfNeeded()#2 mSurface={isValid=true 0xb4000074af988290}
06-06 13:00:14.948  1652  2311 I QC2CompStore: Setting heap usage to system
06-06 13:00:14.948  7012  7043 D C2SoftVpxEnc: bytes generated 110556
06-06 13:00:14.949  7790  7790 D InputMethodManagerUtils: startInputInner - Id : 0
06-06 13:00:14.949  7790  7790 I InputMethodManager: startInputInner - IInputMethodManagerGlobalInvoker.startInputOrWindowGainedFocus
06-06 13:00:14.950  2342  2629 I ActivityTaskManager: Displayed etf.ri.rma.newsfeedapp/.MainActivity for user 0: +140ms
06-06 13:00:14.950  2342  5455 V WindowManager: Relayout Window{e8a83e0 u0 Splash Screen etf.ri.rma.newsfeedapp}: viewVisibility=0 req=1080x2340 ty=3 d0
06-06 13:00:14.951  1574  1638 I HYPER-HAL: [RequestManager.cpp]releaseLocked(): Released ID : 2816782
06-06 13:00:14.951  7890  7890 I ViewRootImpl@e72b592[InstrumentationActivityInvoker$EmptyActivity]: stopped(true) old = false
06-06 13:00:14.951  7890  7890 D ViewRootImpl@e72b592[InstrumentationActivityInvoker$EmptyActivity]: WindowStopped on etf.ri.rma.newsfeedapp.test/androidx.test.core.app.InstrumentationActivityInvoker$EmptyActivity set to true
06-06 13:00:14.951  7890  7917 D OpenGLRenderer: CacheManager::trimMemory(20)
06-06 13:00:14.951  2342  5455 V WindowManager: Relayout hash=e8a83e0, pid=5355, syncId=-1: mAttrs={(0,0)(fillxfill) sim={adjust=pan} ty=APPLICATION_STARTING fmt=TRANSLUCENT wanim=0x1030303
06-06 13:00:14.951  2342  5455 V WindowManager:   fl=81030118
06-06 13:00:14.951  2342  5455 V WindowManager:   pfl=16000010
06-06 13:00:14.951  2342  5455 V WindowManager:   bhv=DEFAULT
06-06 13:00:14.951  2342  5455 V WindowManager:   fitSides= naviIconColor=0}
06-06 13:00:14.951  2342  6212 I ImeTracker: etf.ri.rma.newsfeedapp:1db29057: onRequestHide at ORIGIN_SERVER_HIDE_INPUT reason HIDE_UNSPECIFIED_WINDOW
06-06 13:00:14.952  2342  6212 I ImeTracker: etf.ri.rma.newsfeedapp:1db29057: onCancelled at PHASE_SERVER_SHOULD_HIDE
06-06 13:00:14.952  7273  7273 E pageboostd: Received HALT command code 2
06-06 13:00:14.952  5355  5439 I BLASTBufferQueue_Java: update, w= 1080 h= 2340 mName = ViewRootImpl@16b39c3[newsfeedapp] mNativeObject= 0xb4000074df9b1010 sc.mNativeObject= 0xb4000073af94c1d0 format= -3 caller= android.view.ViewRootImpl.updateBlastSurfaceIfNeeded:3020 android.view.ViewRootImpl.relayoutWindow:10121 android.view.ViewRootImpl.performTraversals:4115 android.view.ViewRootImpl.doTraversal:3291 android.view.ViewRootImpl$TraversalRunnable.run:11329 android.view.Choreographer$CallbackRecord.run:1689
06-06 13:00:14.952  5355  5439 I ViewRootImpl@16b39c3[newsfeedapp]: Relayout returned: old=(0,0,1080,2340) new=(0,0,1080,2340) relayoutAsync=false req=(1080,2340)0 dur=6 res=0x400 s={true 0xb4000074af9db300} ch=false seqId=0
06-06 13:00:14.952  5355  5439 I ViewRootImpl@16b39c3[newsfeedapp]: registerCallbackForPendingTransactions
06-06 13:00:14.953  1715  1715 D SurfaceFlinger: Display 4630946970390616451 HWC layers:
06-06 13:00:14.953  1715  1715 D SurfaceFlinger:      DEVICE | 0xb4000073beb13a00 | 0100 | RGBA_8888    |  640.0   22.0 1700.0 2318.0 |    0    0 1080 2340 | Wallpaper BBQ wrapper 5_system#94
06-06 13:00:14.953  1715  1715 D SurfaceFlinger:      DEVICE | 0xb4000073beb14b70 | 0100 | RGBA_8888    |    0.0    0.0 1080.0 2340.0 |    0    0 1080 2340 | com.sec.android.app.launcher/com.sec[...]ctivities.LauncherActivity$_6421#812
06-06 13:00:14.953  1715  1715 D SurfaceFlinger:      CLIENT | 0xb4000073beb05870 | 0102 | RGBA_8888    |    0.0    0.0 1080.0 2340.0 |   43   94 1037 2246 | etf.ri.rma.newsfeedapp/etf.ri.rma.newsfeedapp.MainActivity$_7790#850
06-06 13:00:14.953  1715  1715 D SurfaceFlinger:      CLIENT | 0xb4000073beb0d430 | 0100 | RGBA_8888    |    0.0    0.0 1080.0 2340.0 |   43   94 1037 2246 | Splash Screen etf.ri.rma.newsfeedapp$_5355#837
06-06 13:00:14.953  1715  1715 D SurfaceFlinger:      DEVICE | 0xb4000073beb0f440 | 0100 | RGBA_8888    |    0.0    0.0 1080.0   87.0 |    0    0 1080   87 | StatusBar$_5355#90
06-06 13:00:14.953  1715  1715 D SurfaceFlinger:      DEVICE | 0xb4000073beb138e0 | 0100 | RGBA_8888    |    0.0    0.0   67.0  342.0 | 1013  438 1080  780 | com.sec.android.app.launcher/com.sam[...]ce.edge.CocktailBarService$_6421#145
06-06 13:00:14.953  1715  1715 D SurfaceFlinger:
06-06 13:00:14.953  1715  1715 D SurfaceFlinger:  DEVICE | 0xb4000073beb0f830 | 0100 | RGBA_8888    |    0.0    0.0 1080.0  144.0 |    0 2196 1080 2340 | NavigationBar0$_5355#89
06-06 13:00:14.953  1715  1715 D SurfaceFlinger:
06-06 13:00:14.953  2342  6212 D InputTransport: Input channel constructed: 'ClientS', fd=1009
06-06 13:00:14.953  1574  1638 I HYPER-HAL: [RequestManager.cpp]acquire(): Acquired ID : 1571073  [1577 / 195]    HINT :      list : [TID_LOW_LATENCY / 1] [TID / 7920] [TID / 7921] [TID / 7890] [TID / 7917]
06-06 13:00:14.953  2342  6212 D InputTransport: Input channel destroyed: 'ClientS', fd=1009
06-06 13:00:14.953 11275 11275 I HBD     : HoneyBoardService onFinishInput
06-06 13:00:14.953 11275 11275 I HBD     : a IC have been unbinding,  RemoteInputConnection{idHash=#2ff6121}
06-06 13:00:14.953 11275 11275 I HBD     : HoneyBoardService [PF_CL][onFinishInput]  0 ms
06-06 13:00:14.953  5355  5446 I ViewRootImpl@16b39c3[newsfeedapp]: mWNT: t=0xb40000747f9a4430 mBlastBufferQueue=0xb4000074df9b1010 fn= 2 mRenderHdrSdrRatio=1.0 caller= android.view.SyncRtSurfaceTransactionApplier.applyTransaction:96 android.view.SyncRtSurfaceTransactionApplier.lambda$scheduleApply$0:69 android.view.SyncRtSurfaceTransactionApplier.$r8$lambda$SgowXC58rj3PR958kHUfRgLZmvE:0
06-06 13:00:14.954 11275 11275 I HBD     : HoneyBoardService [IMI] onStartInput - caller pid : 7790 , caller uid : 10317
06-06 13:00:14.954 11275 11275 I HBD     : j updateConfigs
06-06 13:00:14.954  5355  5446 I ViewRootImpl@16b39c3[newsfeedapp]: mWNT: t=0xb40000747f9a2e30 mBlastBufferQueue=0xb4000074df9b1010 fn= 2 mRenderHdrSdrRatio=1.0 caller= android.view.SyncRtSurfaceTransactionApplier.applyTransaction:96 android.view.SyncRtSurfaceTransactionApplier.lambda$scheduleApply$0:69 android.view.SyncRtSurfaceTransactionApplier.$r8$lambda$SgowXC58rj3PR958kHUfRgLZmvE:0
06-06 13:00:14.954 11275 11275 I HBD     : j isEnabledNightMode : true
06-06 13:00:14.954  5355  5446 I ViewRootImpl@16b39c3[newsfeedapp]: mWNT: t=0xb40000747f9a46f0 mBlastBufferQueue=0xb4000074df9b1010 fn= 2 mRenderHdrSdrRatio=1.0 caller= android.view.ViewRootImpl$6.onFrameDraw:5639 android.view.ViewRootImpl$2.onFrameDraw:2144 android.view.ThreadedRenderer$1.onFrameDraw:792
06-06 13:00:14.954 11275 11275 I HBD     : a IC have been binding, RemoteInputConnection{idHash=#6da9946}
06-06 13:00:14.954 11275 11275 I HBD     : h [EditorInputType]setPrivateImeOptionsToTable privateImeOptions ( null )
06-06 13:00:14.954 11275 11275 I HBD     : b incognitoMode : false
06-06 13:00:14.954 11275 11275 I HBD     : b needOff = true , isForceOff = false, isNullInputClass : true
06-06 13:00:14.954 11275 11275 I HBD     : h getDefaultInputRange : UNKNOWN
06-06 13:00:14.954 11275 11275 I HBD     : h getDefaultInputRange : UNKNOWN
06-06 13:00:14.954 11275 11275 I HBD     : h getDefaultInputRange : UNKNOWN
06-06 13:00:14.954 11275 11275 I HBD     : b needOff = true , isForceOff = false, isNullInputClass : true
06-06 13:00:14.954 11275 11275 I HBD     : b update cached prediction status : false
06-06 13:00:14.954 11275 11275 I HBD     : h getDefaultInputRange : UNKNOWN
06-06 13:00:14.954 11275 11275 I HBD     : a currentState : 0
06-06 13:00:14.954 11275 11275 I HBD     : a [UpdatePolicy] [post] a: 0 cl: 65537 kit: [0/0] vt: 0 ir: 1
06-06 13:00:14.955  1715  3404 I SurfaceFlinger: id=858 createSurf, flag=24004, Surface(name=ac5a498 InputMethod)/@0x1895ba - animation-leash of insets_animation#858
06-06 13:00:14.955  6421  9458 I ViewRootImpl@cc9c4e9[LauncherActivity]: mWNT: t=0xb40000747f9726b0 mBlastBufferQueue=0xb4000074df963770 fn= 23 mRenderHdrSdrRatio=1.0 caller= com.android.systemui.shared.launcher.ViewRootImplCompat.mergeWithNextTransaction:4 com.honeyspace.transition.utils.SurfaceTransactionApplier.scheduleApply$lambda$1:26 com.honeyspace.transition.utils.SurfaceTransactionApplier.c:0
06-06 13:00:14.956  5355  5446 I ViewRootImpl@16b39c3[newsfeedapp]: mWNT: t=0xb40000747f9a5610 mBlastBufferQueue=0xb4000074df9b1010 fn= 3 mRenderHdrSdrRatio=1.0 caller= android.view.SyncRtSurfaceTransactionApplier.applyTransaction:96 android.view.SyncRtSurfaceTransactionApplier.lambda$scheduleApply$0:69 android.view.SyncRtSurfaceTransactionApplier.$r8$lambda$SgowXC58rj3PR958kHUfRgLZmvE:0
06-06 13:00:14.957  1574  1638 I HYPER-HAL: [RequestManager.cpp]acquire(): Acquired ID : 1571073  [1577 / 195]    HINT :      list : [TID_LOW_LATENCY / 0] [TID / 7920] [TID / 7921] [TID / 7890] [TID / 7917]
06-06 13:00:14.958 11275 11275 I HBD     : a [NRIC] resetNoResponseState
06-06 13:00:14.958 11275 11275 I HBD     : b needOff = true , isForceOff = false, isNullInputClass : true
06-06 13:00:14.958 11275 11275 I HBD     : b update cached prediction status : false
06-06 13:00:14.958 11275 11275 I HBD     : HoneyBoardService [PF_OP][onStartInput]  4 ms
06-06 13:00:14.958  7790  7790 I InsetsSourceConsumer: applyRequestedVisibilityToControl: visible=false, type=ime, host=etf.ri.rma.newsfeedapp/etf.ri.rma.newsfeedapp.MainActivity
06-06 13:00:14.959 11275 11275 I InputMethodService: scheduleImeSurfaceRemoval: removeImeSurface is posted.
06-06 13:00:14.959  5355  5355 D SamsungStatusBarGrayIconHelper: isGrayAppearance=false
06-06 13:00:14.959  7012  7043 D C2SoftVpxEnc: bytes generated 6605
06-06 13:00:14.959  5355  5355 D SamsungLightBarControlHelper: onStatusBarAppearanceChanged() -  sbModeChanged:false, statusBarMode:0, barState:MODE_TRANSPARENT, isKeyguardShowing:false, navbarColorManagedByIme:false, stackAppearanceChanged:true, (AppearanceRegion{ bounds=[0,0][1080,2340]}, ), packageName:etf.ri.rma.newsfeedapp
06-06 13:00:14.960  5355  5355 D NavigationBar: onSystemBarAttributesChanged() -  displayId:0, appearance:0, packageName: etf.ri.rma.newsfeedapp, navbarColorManagedByIme:false
06-06 13:00:14.960  5355  5355 D SamsungLightBarControlHelper: updateNavigationBar (WHITE button) isLightOpaque:false, hasLightNavigationBarFlag:false, packageName:etf.ri.rma.newsfeedapp, DirectReplying:false, NavBarColorMangedByIme:false, ForceDarkForScrim:false, QsCustomizing:false, PanelHasWhiteBg:false
06-06 13:00:14.960  5355  5355 D NavigationBar: setImeWindowStatus show legacy ime switcher = false
06-06 13:00:14.960  5355  5355 D NavigationBar: setImeWindowStatus displayId=0 vis=0 backDisposition=0 showImeSwitcher=false imeShown=false
06-06 13:00:14.960  5355  5355 D SamsungLightBarControlHelper: updateStatusBar (WHITE icon) numStacks:1, StatusBarMode:MODE_TRANSPARENT, lightBarBounds:[], StatusBarState:SHADE, packageName:etf.ri.rma.newsfeedapp, isWhiteKeyguardStatusBar:false
06-06 13:00:14.962  2342  2630 D PkgPredictorService-SecIpmManagerServiceImpl: bg information pid:7890 uid:10318 pkgName:etf.ri.rma.newsfeedapp.test
06-06 13:00:14.962  7890  7890 W WindowOnBackDispatcher: sendCancelIfRunning: isInProgress=falsecallback=android.view.ViewRootImpl$$ExternalSyntheticLambda19@18298de
06-06 13:00:14.963  1715  1715 I Layer   : Layer::reparent [ImeContainer#17] newParent : ActivityRecord{9bdbc61 u0 etf.ri.rma.newsfeedapp/.MainActivity t19}#833 , isRemovedFromCurrentState : 0 -------------------------
06-06 13:00:14.963  1715  1715 I Layer   : Layer::reparent [ImeContainer#17] End -------------------------
06-06 13:00:14.963  1715  1715 I Layer   : Layer::reparent [ac5a498 InputMethod#154] newParent : Surface(name=ac5a498 InputMethod)/@0x1895ba - animation-leash of insets_animation#858 , isRemovedFromCurrentState : 0 -------------------------
06-06 13:00:14.963  1715  1715 I Layer   : Layer::reparent [ac5a498 InputMethod#154] End -------------------------
06-06 13:00:14.963  1715  1715 I Layer   : Layer::reparent [Surface(name=ac5a498 InputMethod)/@0x1895ba - animation-leash of insets_animation#829] newParentHandle : null -------------------------
06-06 13:00:14.963  1715  1715 I Layer   : id=829 removeFromCurrentState Surface(name=ac5a498 InputMethod)/@0x1895ba - animation-leash of insets_animation#829 (242)
06-06 13:00:14.963  1715  1715 I Layer   : Layer::reparent [Surface(name=ac5a498 InputMethod)/@0x1895ba - animation-leash of insets_animation#829] End -------------------------
06-06 13:00:14.963  1715  1715 I Layer   : id=830 Destroyed Surface(name=ac5a498 InputMethod)/@0x1895ba - animation-leash of insets_animation#829 (Mirror)#830
06-06 13:00:14.963  1715  1715 I SurfaceFlinger: id=829 Removed Surface(name=ac5a498 InputMethod)/@0x1895ba - animation-leash of insets_animation#829 (242)
06-06 13:00:14.963  7890  7917 D OpenGLRenderer: CacheManager::trimMemory(20)
06-06 13:00:14.964  6421  9457 I ViewRootImpl@cc9c4e9[LauncherActivity]: mWNT: t=0xb40000747f973f70 mBlastBufferQueue=0xb4000074df963770 fn= 24 mRenderHdrSdrRatio=1.0 caller= com.android.systemui.shared.launcher.ViewRootImplCompat.mergeWithNextTransaction:4 com.honeyspace.transition.utils.SurfaceTransactionApplier.scheduleApply$lambda$1:26 com.honeyspace.transition.utils.SurfaceTransactionApplier.c:0
06-06 13:00:14.964  1574  1638 I HYPER-HAL: [RequestManager.cpp]acquire(): Acquired ID : 1571073  [1577 / 195]    HINT :      list : [TID_LOW_LATENCY / 0] [TID / 7920] [TID / 7921] [TID / 7890] [TID / 7917]
06-06 13:00:14.965  1574  1638 I HYPER-HAL: [RequestManager.cpp]acquire(): Acquired ID : 1572847  [1577 / 196]    HINT :      list : [UCLAMP_MIN_BOOST / 0] [TID / 7920] [TID / 7921] [TID / 7890] [TID / 7917]
06-06 13:00:14.965  1574  1638 I HYPER-HAL: [RequestManager.cpp]releaseLocked(): Released ID : 1571073
06-06 13:00:14.965  1574  1638 I HYPER-HAL: [RequestManager.cpp]releaseLocked(): Released ID : 1572847
06-06 13:00:14.965  7890  7890 I ViewRootImpl@e72b592[InstrumentationActivityInvoker$EmptyActivity]: dispatchDetachedFromWindow
06-06 13:00:14.965  2342  3323 D InputTransport: Input channel destroyed: 'ce8b7de', fd=1115
06-06 13:00:14.965  2342  3323 W InputManager-JNI: Input channel object 'ce8b7de etf.ri.rma.newsfeedapp.test/androidx.test.core.app.InstrumentationActivityInvoker$EmptyActivity (client)' was disposed without first being removed with the input manager!
06-06 13:00:14.965  2342  3323 D InputTransport: Input channel destroyed: 'ce8b7de', fd=1118
06-06 13:00:14.966  5355  5447 I ViewRootImpl@16b39c3[newsfeedapp]: mWNT: t=0xb40000747f9a30f0 mBlastBufferQueue=0xb4000074df9b1010 fn= 4 mRenderHdrSdrRatio=1.0 caller= android.view.SyncRtSurfaceTransactionApplier.applyTransaction:96 android.view.SyncRtSurfaceTransactionApplier.lambda$scheduleApply$0:69 android.view.SyncRtSurfaceTransactionApplier.$r8$lambda$SgowXC58rj3PR958kHUfRgLZmvE:0
06-06 13:00:14.967  7890  7890 D InputTransport: Input channel destroyed: 'ce8b7de', fd=102
06-06 13:00:14.968  7890  7917 D OpenGLRenderer: CacheManager::trimMemory(40)
06-06 13:00:14.968  1715  3404 I SurfaceFlinger: id=781 Removed 6e2e532 ActivityRecordInputSink etf.ri.rma.newsfeedapp.test/androidx.test.core.app.InstrumentationActivityInvoker$EmptyActivity#781 (242)
06-06 13:00:14.968  7890  7917 D OpenGLRenderer: RenderThread::destroyRenderingContext()
06-06 13:00:14.968  1715  3404 I SurfaceFlinger: id=860 createSurf, flag=24004, Task=18#860
06-06 13:00:14.970  6421  6488 I HoneySpace.TopTaskSource: onTaskRemoved: 18
06-06 13:00:14.970  7012  7043 D C2SoftVpxEnc: bytes generated 5384
06-06 13:00:14.970  6421  4145 I HoneySpace.RecentTasks: onRecentTasksChanged
06-06 13:00:14.971  1715  1715 I Layer   : Layer::reparent [etf.ri.rma.newsfeedapp.test/androidx.test.core.app.InstrumentationActivityInvoker$EmptyActivity$_7890#787] newParentHandle : null -------------------------
06-06 13:00:14.971  1715  1715 I Layer   : id=787 removeFromCurrentState etf.ri.rma.newsfeedapp.test/androidx.test.core.app.InstrumentationActivityInvoker$EmptyActivity$_7890#787 (243)
06-06 13:00:14.971  1715  1715 I Layer   : Layer::reparent [etf.ri.rma.newsfeedapp.test/androidx.test.core.app.InstrumentationActivityInvoker$EmptyActivity$_7890#787] End -------------------------
06-06 13:00:14.971  1715  1715 I Layer   : Layer::reparent [ce8b7de etf.ri.rma.newsfeedapp.test/androidx.test.core.app.InstrumentationActivityInvoker$EmptyActivity#784] newParentHandle : null -------------------------
06-06 13:00:14.971  1715  1715 I Layer   : id=784 removeFromCurrentState ce8b7de etf.ri.rma.newsfeedapp.test/androidx.test.core.app.InstrumentationActivityInvoker$EmptyActivity#784 (243)
06-06 13:00:14.971  1715  1715 I Layer   : Layer::reparent [ce8b7de etf.ri.rma.newsfeedapp.test/androidx.test.core.app.InstrumentationActivityInvoker$EmptyActivity#784] End -------------------------
06-06 13:00:14.971  1715  1715 I Layer   : Layer::reparent [ActivityRecord{2702c00 u0 etf.ri.rma.newsfeedapp.test/androidx.test.core.app.InstrumentationActivityInvoker$EmptyActivity t18}#772] newParentHandle : null -------------------------
06-06 13:00:14.971  1715  1715 I Layer   : id=772 removeFromCurrentState ActivityRecord{2702c00 u0 etf.ri.rma.newsfeedapp.test/androidx.test.core.app.InstrumentationActivityInvoker$EmptyActivity t18}#772 (243)
06-06 13:00:14.971  1715  1715 I Layer   : id=781 removeFromCurrentState 6e2e532 ActivityRecordInputSink etf.ri.rma.newsfeedapp.test/androidx.test.core.app.InstrumentationActivityInvoker$EmptyActivity#781 (243)
06-06 13:00:14.971  1715  1715 I Layer   : Layer::reparent [ActivityRecord{2702c00 u0 etf.ri.rma.newsfeedapp.test/androidx.test.core.app.InstrumentationActivityInvoker$EmptyActivity t18}#772] End -------------------------
06-06 13:00:14.971  1715  1715 I Layer   : Layer::reparent [Task=18#771] newParentHandle : null -------------------------
06-06 13:00:14.971  1715  1715 I Layer   : id=771 removeFromCurrentState Task=18#771 (243)
06-06 13:00:14.971  1715  1715 I Layer   : Layer::reparent [Task=18#771] End -------------------------
06-06 13:00:14.971  1715  1715 I Layer   : Layer::reparent [Task=18#860] newParentHandle : null -------------------------
06-06 13:00:14.971  1715  1715 I Layer   : id=860 removeFromCurrentState Task=18#860 (243)
06-06 13:00:14.971  1715  1715 I Layer   : Layer::reparent [Task=18#860] End -------------------------
06-06 13:00:14.971  1715  1715 I Layer   : id=829 Destroyed Surface(name=ac5a498 InputMethod)/@0x1895ba - animation-leash of insets_animation#829
06-06 13:00:14.971  1715  1715 I Layer   : id=775 Destroyed Task=18#771 (Mirror)#775
06-06 13:00:14.971  1715  1715 I Layer   : id=776 Destroyed ActivityRecord{2702c00 u0 etf.ri.rma.newsfeedapp.test/androidx.test.core.app.InstrumentationActivityInvoker$EmptyActivity t18}#772 (Mirror)#776
06-06 13:00:14.971  1715  1715 I Layer   : id=794 Destroyed 6e2e532 ActivityRecordInputSink etf.ri.rma.newsfeedapp.test/androidx.test.core.app.InstrumentationActivityInvoker$EmptyActivity#781 (Mirror)#794
06-06 13:00:14.971  1715  1715 I Layer   : id=795 Destroyed ce8b7de etf.ri.rma.newsfeedapp.test/androidx.test.core.app.InstrumentationActivityInvoker$EmptyActivity#784 (Mirror)#795
06-06 13:00:14.972  6421  9458 I ViewRootImpl@cc9c4e9[LauncherActivity]: mWNT: t=0xb40000747f970190 mBlastBufferQueue=0xb4000074df963770 fn= 25 mRenderHdrSdrRatio=1.0 caller= com.android.systemui.shared.launcher.ViewRootImplCompat.mergeWithNextTransaction:4 com.honeyspace.transition.utils.SurfaceTransactionApplier.scheduleApply$lambda$1:26 com.honeyspace.transition.utils.SurfaceTransactionApplier.c:0
06-06 13:00:14.972  1715  1715 I SurfaceFlinger: id=860 Removed Task=18#860 (238)
06-06 13:00:14.972  1715  1715 I SurfaceFlinger: id=772 Removed ActivityRecord{2702c00 u0 etf.ri.rma.newsfeedapp.test/androidx.test.core.app.InstrumentationActivityInvoker$EmptyActivity t18}#772 (238)
06-06 13:00:14.972  6421  6488 I HoneySpace.TopTaskSource: onTaskRemoved: 18
06-06 13:00:14.972  1715  1715 I SurfaceFlinger: id=784 Removed ce8b7de etf.ri.rma.newsfeedapp.test/androidx.test.core.app.InstrumentationActivityInvoker$EmptyActivity#784 (238)
06-06 13:00:14.972  1715  1715 I SurfaceFlinger: id=787 Removed etf.ri.rma.newsfeedapp.test/androidx.test.core.app.InstrumentationActivityInvoker$EmptyActivity$_7890#787 (238)
06-06 13:00:14.972  1715  1715 I Layer   : id=796 Destroyed etf.ri.rma.newsfeedapp.test/androidx.test.core.app.InstrumentationActivityInvoker$EmptyActivity$_7890#787 (Mirror)#796
06-06 13:00:14.973  5355  5446 I ViewRootImpl@16b39c3[newsfeedapp]: mWNT: t=0xb40000747f9a4010 mBlastBufferQueue=0xb4000074df9b1010 fn= 5 mRenderHdrSdrRatio=1.0 caller= android.view.SyncRtSurfaceTransactionApplier.applyTransaction:96 android.view.SyncRtSurfaceTransactionApplier.lambda$scheduleApply$0:69 android.view.SyncRtSurfaceTransactionApplier.$r8$lambda$SgowXC58rj3PR958kHUfRgLZmvE:0
06-06 13:00:14.979  1715  1715 I Layer   : id=784 Destroyed ce8b7de etf.ri.rma.newsfeedapp.test/androidx.test.core.app.InstrumentationActivityInvoker$EmptyActivity#784
06-06 13:00:14.979  1715  1715 I Layer   : id=787 Destroyed etf.ri.rma.newsfeedapp.test/androidx.test.core.app.InstrumentationActivityInvoker$EmptyActivity$_7890#787
06-06 13:00:14.979  1715  1715 I Layer   : id=860 Destroyed Task=18#860
06-06 13:00:14.979  1715  1715 I Layer   : id=772 Destroyed ActivityRecord{2702c00 u0 etf.ri.rma.newsfeedapp.test/androidx.test.core.app.InstrumentationActivityInvoker$EmptyActivity t18}#772
06-06 13:00:14.979  1715  1715 I Layer   : id=781 Destroyed 6e2e532 ActivityRecordInputSink etf.ri.rma.newsfeedapp.test/androidx.test.core.app.InstrumentationActivityInvoker$EmptyActivity#781
06-06 13:00:14.980  6421  9457 I ViewRootImpl@cc9c4e9[LauncherActivity]: mWNT: t=0xb40000747f9735d0 mBlastBufferQueue=0xb4000074df963770 fn= 26 mRenderHdrSdrRatio=1.0 caller= com.android.systemui.shared.launcher.ViewRootImplCompat.mergeWithNextTransaction:4 com.honeyspace.transition.utils.SurfaceTransactionApplier.scheduleApply$lambda$1:26 com.honeyspace.transition.utils.SurfaceTransactionApplier.c:0
06-06 13:00:14.980  5355  5447 I ViewRootImpl@16b39c3[newsfeedapp]: mWNT: t=0xb40000747f9a4f30 mBlastBufferQueue=0xb4000074df9b1010 fn= 6 mRenderHdrSdrRatio=1.0 caller= android.view.SyncRtSurfaceTransactionApplier.applyTransaction:96 android.view.SyncRtSurfaceTransactionApplier.lambda$scheduleApply$0:69 android.view.SyncRtSurfaceTransactionApplier.$r8$lambda$SgowXC58rj3PR958kHUfRgLZmvE:0
06-06 13:00:14.982  7012  7043 D C2SoftVpxEnc: bytes generated 16663
06-06 13:00:14.988  5355  5446 I ViewRootImpl@16b39c3[newsfeedapp]: mWNT: t=0xb40000747f99cf50 mBlastBufferQueue=0xb4000074df9b1010 fn= 7 mRenderHdrSdrRatio=1.0 caller= android.view.SyncRtSurfaceTransactionApplier.applyTransaction:96 android.view.SyncRtSurfaceTransactionApplier.lambda$scheduleApply$0:69 android.view.SyncRtSurfaceTransactionApplier.$r8$lambda$SgowXC58rj3PR958kHUfRgLZmvE:0
06-06 13:00:14.988  6421  9458 I ViewRootImpl@cc9c4e9[LauncherActivity]: mWNT: t=0xb40000747f973b50 mBlastBufferQueue=0xb4000074df963770 fn= 27 mRenderHdrSdrRatio=1.0 caller= com.android.systemui.shared.launcher.ViewRootImplCompat.mergeWithNextTransaction:4 com.honeyspace.transition.utils.SurfaceTransactionApplier.scheduleApply$lambda$1:26 com.honeyspace.transition.utils.SurfaceTransactionApplier.c:0
06-06 13:00:14.991  1715  7050 D NativeSemDvfsManager: acquire:: timeout = 2000 mIsAcquired = 1  mTagName : SurfaceFlinger
06-06 13:00:14.991  1715  7050 E NativeCustomFrequencyManager: [NativeCFMS] BpCustomFrequencyManager::acquire()
06-06 13:00:14.992  1574  1638 I HYPER-HAL: [RequestManager.cpp]acquire(): Acquired ID : 3687970  [1715 / 1000]    HINT : SF_GPU_MINLOCK    list : [TIMEOUT / 2000]
06-06 13:00:14.994  7012  7043 D C2SoftVpxEnc: bytes generated 14367
06-06 13:00:14.997  6421  9457 I ViewRootImpl@cc9c4e9[LauncherActivity]: mWNT: t=0xb40000747f972810 mBlastBufferQueue=0xb4000074df963770 fn= 28 mRenderHdrSdrRatio=1.0 caller= com.android.systemui.shared.launcher.ViewRootImplCompat.mergeWithNextTransaction:4 com.honeyspace.transition.utils.SurfaceTransactionApplier.scheduleApply$lambda$1:26 com.honeyspace.transition.utils.SurfaceTransactionApplier.c:0
06-06 13:00:15.000  1574  1638 I HYPER-HAL: [RequestManager.cpp]acquire(): Acquired ID : 1563987  [1577 / 191]    HINT :      list : [TID_LOW_LATENCY / 0] [TID / 5446] [TID / 5447] [TID / 5439] [TID / 5445]
06-06 13:00:15.000  2342  3323 V WindowManager: Relayout Window{e8a83e0 u0 Splash Screen etf.ri.rma.newsfeedapp}: viewVisibility=8 req=1080x2340 ty=3 d0
06-06 13:00:15.000  1574  1638 I HYPER-HAL: [RequestManager.cpp]acquire(): Acquired ID : 1565757  [1577 / 192]    HINT :      list : [UCLAMP_MIN_BOOST / 0] [TID / 5446] [TID / 5447] [TID / 5439] [TID / 5445]
06-06 13:00:15.001  1574  1638 I HYPER-HAL: [RequestManager.cpp]releaseLocked(): Released ID : 1563987
06-06 13:00:15.001  1574  1638 I HYPER-HAL: [RequestManager.cpp]releaseLocked(): Released ID : 1565757
06-06 13:00:15.001  2342  3323 V WindowManager: Relayout hash=e8a83e0, pid=5355, syncId=-1: mAttrs={(0,0)(fillxfill) sim={adjust=pan} ty=APPLICATION_STARTING fmt=TRANSLUCENT wanim=0x1030303 alpha=0.0
06-06 13:00:15.001  2342  3323 V WindowManager:   fl=81030118
06-06 13:00:15.001  2342  3323 V WindowManager:   pfl=16000010
06-06 13:00:15.001  2342  3323 V WindowManager:   bhv=DEFAULT
06-06 13:00:15.001  2342  3323 V WindowManager:   fitSides= naviIconColor=0}
06-06 13:00:15.001  5355  5439 I ViewRootImpl@16b39c3[newsfeedapp]: Relayout returned: old=(0,0,1080,2340) new=(0,0,1080,2340) relayoutAsync=false req=(1080,2340)8 dur=2 res=0x402 s={false 0x0} ch=true seqId=0
06-06 13:00:15.002  5355  5439 W WindowOnBackDispatcher: sendCancelIfRunning: isInProgress=falsecallback=android.view.ViewRootImpl$$ExternalSyntheticLambda19@4bdaf1f
06-06 13:00:15.002  5355  5439 I ViewRootImpl@16b39c3[newsfeedapp]: dispatchDetachedFromWindow
06-06 13:00:15.002  2342  5137 D InputTransport: Input channel destroyed: 'e8a83e0', fd=959
06-06 13:00:15.002  2342  5137 W InputManager-JNI: Input channel object 'e8a83e0 Splash Screen etf.ri.rma.newsfeedapp (client)' was disposed without first being removed with the input manager!
06-06 13:00:15.002  2342  5137 D InputTransport: Input channel destroyed: 'e8a83e0', fd=975
06-06 13:00:15.003  5355  5439 D InputTransport: Input channel destroyed: 'e8a83e0', fd=406
06-06 13:00:15.004  1715  1715 I Layer   : Layer::reparent [d9e191a etf.ri.rma.newsfeedapp/etf.ri.rma.newsfeedapp.MainActivity#841] newParent : ActivityRecord{9bdbc61 u0 etf.ri.rma.newsfeedapp/.MainActivity t19}#833 , isRemovedFromCurrentState : 0 -------------------------
06-06 13:00:15.004  1715  1715 I Layer   : Layer::reparent [d9e191a etf.ri.rma.newsfeedapp/etf.ri.rma.newsfeedapp.MainActivity#841] End -------------------------
06-06 13:00:15.004  1715  1715 I Layer   : Layer::reparent [Surface(name=d9e191a etf.ri.rma.newsfeedapp/etf.ri.rma.newsfeedapp.MainActivity)/@0xd368d15 - animation-leash of starting_reveal#856] newParentHandle : null -------------------------
06-06 13:00:15.004  1715  1715 I Layer   : id=856 removeFromCurrentState Surface(name=d9e191a etf.ri.rma.newsfeedapp/etf.ri.rma.newsfeedapp.MainActivity)/@0xd368d15 - animation-leash of starting_reveal#856 (232)
06-06 13:00:15.004  1715  1715 I Layer   : Layer::reparent [Surface(name=d9e191a etf.ri.rma.newsfeedapp/etf.ri.rma.newsfeedapp.MainActivity)/@0xd368d15 - animation-leash of starting_reveal#856] End -------------------------
06-06 13:00:15.004  1715  1715 I Layer   : id=857 Destroyed Surface(name=d9e191a etf.ri.rma.newsfeedapp/etf.ri.rma.newsfeedapp.MainActivity)/@0xd368d15 - animation-leash of starting_reveal#856 (Mirror)#857
06-06 13:00:15.005  7012  7043 D C2SoftVpxEnc: bytes generated 19125
06-06 13:00:15.005  6421  9458 I ViewRootImpl@cc9c4e9[LauncherActivity]: mWNT: t=0xb40000747f960e30 mBlastBufferQueue=0xb4000074df963770 fn= 29 mRenderHdrSdrRatio=1.0 caller= com.android.systemui.shared.launcher.ViewRootImplCompat.mergeWithNextTransaction:4 com.honeyspace.transition.utils.SurfaceTransactionApplier.scheduleApply$lambda$1:26 com.honeyspace.transition.utils.SurfaceTransactionApplier.c:0
06-06 13:00:15.008  1715  1715 D SurfaceFlinger: Display 4630946970390616451 HWC layers:
06-06 13:00:15.008  1715  1715 D SurfaceFlinger:      DEVICE | 0xb4000073beb13a00 | 0100 | RGBA_8888    |  634.0    8.0 1706.0 2332.0 |    0    0 1080 2340 | Wallpaper BBQ wrapper 5_system#94
06-06 13:00:15.008  1715  1715 D SurfaceFlinger:      DEVICE | 0xb4000073beb15590 | 0100 | RGBA_8888    |    0.0    0.0 1080.0 2340.0 |    0    0 1080 2340 | com.sec.android.app.launcher/com.sec[...]ctivities.LauncherActivity$_6421#812
