06-06 13:00:26.017  1574  1638 I HYPER-HAL: [RequestManager.cpp]acquire(): Acquired ID : 1703203  [1577 / 268]    HINT :      list : [UCLAMP_MIN_BOOST / 0] [TID / 5446] [TID / 5447] [TID / 5420] [TID / 5445]
06-06 13:00:26.017  1574  1638 I HYPER-HAL: [RequestManager.cpp]releaseLocked(): Released ID : 1701357
06-06 13:00:26.017  1574  1638 I HYPER-HAL: [RequestManager.cpp]releaseLocked(): Released ID : 1703203
06-06 13:00:26.018  7790  7790 I ViewRootImpl@1bb2554[MainActivity]: stopped(true) old = false
06-06 13:00:26.018  7790  7790 D ViewRootImpl@1bb2554[MainActivity]: WindowStopped on etf.ri.rma.newsfeedapp/etf.ri.rma.newsfeedapp.MainActivity set to true
06-06 13:00:26.018  1715  1715 D SurfaceFlinger: Display 4630946970390616451 HWC layers:
06-06 13:00:26.018  1715  1715 D SurfaceFlinger:      DEVICE | 0xb4000073beb13a00 | 0100 | RGBA_8888    |  630.0    0.0 1530.0 1950.0 |    0    0 1080 2340 | Wallpaper BBQ wrapper 5_system#94
06-06 13:00:26.018  1715  1715 D SurfaceFlinger:      DEVICE | 0xb4000073beb11cc0 | 0100 | RGBA_8888    |    0.0    0.0 1080.0 2340.0 |    0    0 1080 2340 | com.sec.android.app.launcher/com.sec[...]ctivities.LauncherActivity$_6421#995
06-06 13:00:26.018  1715  1715 D SurfaceFlinger:      CLIENT | 0xb4000073beafb550 | 0102 | RGBA_8888    |    0.0    0.0 1080.0 2340.0 |    0    0 1080 2340 | etf.ri.rma.newsfeedapp.test/androidx[...]ivityInvoker$EmptyActivity$_7890#972
06-06 13:00:26.018  1715  1715 D SurfaceFlinger:      CLIENT | 0xb4000073beafff00 | 0100 | RGBA_8888    |    0.0    0.0 1080.0 2340.0 |    0    0 1080 2340 | Splash Screen etf.ri.rma.newsfeedapp.test$_5355#962
06-06 13:00:26.018  1715  1715 D SurfaceFlinger:      DEVICE | 0xb4000073beb087b0 | 0100 | RGBA_8888    |    0.0    0.0 1080.0   87.0 |    0    0 1080   87 | StatusBar$_5355#90
06-06 13:00:26.018  1715  1715 D SurfaceFlinger:      DEVICE | 0xb4000073beb138e0 | 0100 | RGBA_8888    |    0.0    0.0   67.0  342.0 | 1013  438 1080  780 | com.sec.android.app.launcher/com.sam[...]ce.edge.CocktailBarService$
06-06 13:00:26.018  1715  1715 D SurfaceFlinger: _6421#145
06-06 13:00:26.018  1715  1715 D SurfaceFlinger:      DEVICE | 0xb4000073beb0f830 | 0100 | RGBA_8888    |    0.0    0.0 1080.0  144.0 |    0 2196 1080 2340 | NavigationBar0$_5355#89
06-06 13:00:26.018  1715  1715 D SurfaceFlinger:
06-06 13:00:26.018  2342  6212 V WindowManager: Relayout hash=10c6a98, pid=5355, syncId=-1: mAttrs={(0,0)(fillxfill) sim={adjust=pan} ty=APPLICATION_STARTING fmt=TRANSLUCENT
06-06 13:00:26.018  2342  6212 V WindowManager:   fl=81030118
06-06 13:00:26.018  2342  6212 V WindowManager:   pfl=16000010
06-06 13:00:26.018  2342  6212 V WindowManager:   bhv=DEFAULT
06-06 13:00:26.018  2342  6212 V WindowManager:   fitSides= naviIconColor=0}
06-06 13:00:26.018  5355  5439 I BLASTBufferQueue_Java: update, w= 1080 h= 2340 mName = ViewRootImpl@8064943[test] mNativeObject= 0xb4000074df99ddd0 sc.mNativeObject= 0xb4000073af981210 format= -3 caller= android.view.ViewRootImpl.updateBlastSurfaceIfNeeded:3020 android.view.ViewRootImpl.relayoutWindow:10121 android.view.ViewRootImpl.performTraversals:4115 android.view.ViewRootImpl.doTraversal:3291 android.view.ViewRootImpl$TraversalRunnable.run:11329 android.view.Choreographer$CallbackRecord.run:1689
06-06 13:00:26.019  5355  5439 I ViewRootImpl@8064943[test]: Relayout returned: old=(0,0,1080,2340) new=(0,0,1080,2340) relayoutAsync=false req=(1080,2340)0 dur=4 res=0x400 s={true 0xb4000074af9d6ee0} ch=false seqId=0
06-06 13:00:26.019  5355  5439 I ViewRootImpl@8064943[test]: registerCallbackForPendingTransactions
06-06 13:00:26.019  7790  7818 D OpenGLRenderer: CacheManager::trimMemory(20)
06-06 13:00:26.019  7790  7790 D LifecycleMonitor: Lifecycle status change: etf.ri.rma.newsfeedapp.MainActivity@fcd7e89 in: STOPPED
06-06 13:00:26.020  7790  7790 V ActivityScenario: Update currentActivityStage to STOPPED, currentActivity=etf.ri.rma.newsfeedapp.MainActivity@fcd7e89
06-06 13:00:26.020  1574  1638 I HYPER-HAL: [RequestManager.cpp]acquire(): Acquired ID : 1705050  [1577 / 269]    HINT :      list : [TID_LOW_LATENCY / 1] [TID / 5446] [TID / 5447] [TID / 5420] [TID / 5445]
06-06 13:00:26.020  7012  7043 D C2SoftVpxEnc: bytes generated 6381
06-06 13:00:26.021  2342  5137 D InputTransport: Input channel constructed: 'ClientS', fd=1111
06-06 13:00:26.021  2342  5137 D InputTransport: Input channel destroyed: 'ClientS', fd=1111
06-06 13:00:26.021 11275 11275 I HBD     : HoneyBoardService onFinishInput
06-06 13:00:26.021 11275 11275 I HBD     : a IC have been unbinding,  RemoteInputConnection{idHash=#e051034}
06-06 13:00:26.021 11275 11275 I HBD     : HoneyBoardService [PF_CL][onFinishInput]  0 ms
06-06 13:00:26.021 11275 11275 I HBD     : HoneyBoardService [IMI] onStartInput - caller pid : 6421 , caller uid : 10150
06-06 13:00:26.021 11275 11275 I HBD     : j updateConfigs
06-06 13:00:26.021 11275 11275 I HBD     : j isEnabledNightMode : true
06-06 13:00:26.021 11275 11275 I HBD     : a IC have been binding, RemoteInputConnection{idHash=#f4fee5d}
06-06 13:00:26.021 11275 11275 I HBD     : h [EditorInputType]setPrivateImeOptionsToTable privateImeOptions ( null )
06-06 13:00:26.021 11275 11275 I HBD     : b incognitoMode : false
06-06 13:00:26.021 11275 11275 I HBD     : b needOff = true , isForceOff = false, isNullInputClass : true
06-06 13:00:26.021 11275 11275 I HBD     : h getDefaultInputRange : UNKNOWN
06-06 13:00:26.021 11275 11275 I HBD     : h getDefaultInputRange : UNKNOWN
06-06 13:00:26.021 11275 11275 I HBD     : h getDefaultInputRange : UNKNOWN
06-06 13:00:26.021  5355  5446 I ViewRootImpl@8064943[test]: mWNT: t=0xb40000747f953230 mBlastBufferQueue=0xb4000074df99ddd0 fn= 2 mRenderHdrSdrRatio=1.0 caller= android.view.SyncRtSurfaceTransactionApplier.applyTransaction:96 android.view.SyncRtSurfaceTransactionApplier.lambda$scheduleApply$0:69 android.view.SyncRtSurfaceTransactionApplier.$r8$lambda$SgowXC58rj3PR958kHUfRgLZmvE:0
06-06 13:00:26.021  5355  5446 I ViewRootImpl@8064943[test]: mWNT: t=0xb40000747f99e6b0 mBlastBufferQueue=0xb4000074df99ddd0 fn= 2 mRenderHdrSdrRatio=1.0 caller= android.view.SyncRtSurfaceTransactionApplier.applyTransaction:96 android.view.SyncRtSurfaceTransactionApplier.lambda$scheduleApply$0:69 android.view.SyncRtSurfaceTransactionApplier.$r8$lambda$SgowXC58rj3PR958kHUfRgLZmvE:0
06-06 13:00:26.021  5355  5446 I ViewRootImpl@8064943[test]: mWNT: t=0xb40000747f944030 mBlastBufferQueue=0xb4000074df99ddd0 fn= 2 mRenderHdrSdrRatio=1.0 caller= android.view.ViewRootImpl$6.onFrameDraw:5639 android.view.ViewRootImpl$2.onFrameDraw:2144 android.view.ThreadedRenderer$1.onFrameDraw:792
06-06 13:00:26.021 11275 11275 I HBD     : b needOff = true , isForceOff = false, isNullInputClass : true
06-06 13:00:26.021 11275 11275 I HBD     : b update cached prediction status : false
06-06 13:00:26.021 11275 11275 I HBD     : h getDefaultInputRange : UNKNOWN
06-06 13:00:26.021 11275 11275 I HBD     : a currentState : 0
06-06 13:00:26.022 11275 11275 I HBD     : a [UpdatePolicy] [post] a: 0 cl: 65537 kit: [0/0] vt: 0 ir: 1
06-06 13:00:26.022  1715  2430 I SurfaceFlinger: id=1012 createSurf, flag=24004, Surface(name=ac5a498 InputMethod)/@0x1895ba - animation-leash of insets_animation#1012
06-06 13:00:26.022 11275 11275 I HBD     : a [NRIC] resetNoResponseState
06-06 13:00:26.022 11275 11275 I HBD     : b needOff = true , isForceOff = false, isNullInputClass : true
06-06 13:00:26.022 11275 11275 I HBD     : b update cached prediction status : false
06-06 13:00:26.022 11275 11275 I HBD     : b [AiWriter] setContact : com.sec.android.app.launcher
06-06 13:00:26.023 11275 11275 I HBD     : HoneyBoardService [PF_OP][onStartInput]  2 ms
06-06 13:00:26.023  6421  9453 W qdgralloc: getInterlacedFlag: getMetaData returned 3, defaulting to interlaced_flag = 0
06-06 13:00:26.023  6421  9457 I ViewRootImpl@cc9c4e9[LauncherActivity]: mWNT: t=0xb40000747f961bf0 mBlastBufferQueue=0xb4000074df963770 fn= 4 mRenderHdrSdrRatio=1.0 caller= com.android.systemui.shared.launcher.ViewRootImplCompat.mergeWithNextTransaction:4 com.honeyspace.transition.utils.SurfaceTransactionApplier.scheduleApply$lambda$1:26 com.honeyspace.transition.utils.SurfaceTransactionApplier.c:0
06-06 13:00:26.025  6421  6421 I InsetsSourceConsumer: applyRequestedVisibilityToControl: visible=false, type=ime, host=com.sec.android.app.launcher/com.sec.android.app.launcher.activities.LauncherActivity
06-06 13:00:26.026  5355  5446 I ViewRootImpl@8064943[test]: mWNT: t=0xb40000747f99d370 mBlastBufferQueue=0xb4000074df99ddd0 fn= 3 mRenderHdrSdrRatio=1.0 caller= android.view.SyncRtSurfaceTransactionApplier.applyTransaction:96 android.view.SyncRtSurfaceTransactionApplier.lambda$scheduleApply$0:69 android.view.SyncRtSurfaceTransactionApplier.$r8$lambda$SgowXC58rj3PR958kHUfRgLZmvE:0
06-06 13:00:26.026  1715  1806 I SurfaceFlinger: id=676 Removed Surface(name=90e5bee etf.ri.rma.newsfeedapp/etf.ri.rma.newsfeedapp.MainActivity)/@0xe472d5f - animation-leash of starting_reveal#676 (243)
06-06 13:00:26.027  1574  1638 I HYPER-HAL: [RequestManager.cpp]acquire(): Acquired ID : 1705050  [1577 / 269]    HINT :      list : [TID_LOW_LATENCY / 0] [TID / 5446] [TID / 5447] [TID / 5420] [TID / 5445]
06-06 13:00:26.027  1574  1638 I HYPER-HAL: [RequestManager.cpp]acquire(): Acquired ID : 1706898  [1577 / 270]    HINT :      list : [UCLAMP_MIN_BOOST / 0] [TID / 5446] [TID / 5447] [TID / 5420] [TID / 5445]
06-06 13:00:26.027  5355  8283 I WallpaperService: resized: system, syncSeqId=-1
06-06 13:00:26.027  5355  5441 I ViewRootImpl@b9cb471[NavigationBar0]: Resizing android.view.ViewRootImpl@9559699: frame = [0,2196][1080,2340] reportDraw = false forceLayout = false syncSeqId = -1
06-06 13:00:26.027  5355  5533 I WallpaperService: handleResized: which=5, reportDraw=false
06-06 13:00:26.027  5355  5533 I WallpaperService: updateSurface system forceRelayout=true forceReport=false redrawNeeded=false myWidth=2340 myHeight=2340 fixedSize=true x = 0 y = 0 mWidth=2340 mHeight=2340
06-06 13:00:26.027  1574  1638 I HYPER-HAL: [RequestManager.cpp]releaseLocked(): Released ID : 1705050
06-06 13:00:26.027  1574  1638 I HYPER-HAL: [RequestManager.cpp]releaseLocked(): Released ID : 1706898
06-06 13:00:26.027  1574  1638 I HYPER-HAL: [RequestManager.cpp]acquire(): Acquired ID : 1708747  [1577 / 271]    HINT :      list : [TID_LOW_LATENCY / 1] [TID / 7828] [TID / 7829] [TID / 7790] [TID / 7818]
06-06 13:00:26.027  5355  5533 I WallpaperService: maxBounds : Rect(0, 0 - 1080, 2340) , mDeviceHeight : 2340, mDeviceWidth : 1080,mDeviceRotation  : 0
06-06 13:00:26.027  5355  5533 I WallpaperService: updateSurface: invoke Session.relayout
06-06 13:00:26.028  2342  6212 V WindowManager: Relayout Window{50e77d0 u0 com.android.systemui.wallpapers.ImageWallpaper_system}: viewVisibility=0 req=2340x2340 ty=2013 d0
06-06 13:00:26.028  6421  6580 I ViewRootImpl@b8b0272[CocktailBarService]: Resizing android.view.ViewRootImpl@899f8b5: frame = [1013,438][1080,780] reportDraw = false forceLayout = false syncSeqId = -1
06-06 13:00:26.028  6421  6421 I ViewRootImpl@b8b0272[CocktailBarService]: handleResized, msg = 4 frames=ClientWindowFrames{frame=[1013,438][1080,780] display=[0,0][1080,2196] parentFrame=[0,0][0,0]} forceNextWindowRelayout=false displayId=0 dragResizing=false compatScale=1.0 frameChanged=false attachedFrameChanged=false configChanged=false displayChanged=false compatScaleChanged=false
06-06 13:00:26.028  1574  1638 I HYPER-HAL: [RequestManager.cpp]acquire(): Acquired ID : 1712448  [1577 / 273]    HINT :      list : [TID_LOW_LATENCY / 1] [TID / 5446] [TID / 5447] [TID / 5439] [TID / 5445]
06-06 13:00:26.028 11275 11275 I InputMethodService: scheduleImeSurfaceRemoval: removeImeSurface is posted.
06-06 13:00:26.028  6421  6494 I ViewRootImpl@cc9c4e9[LauncherActivity]: Resizing android.view.ViewRootImpl@2c5d015: frame = [0,0][1080,2340] reportDraw = false forceLayout = false syncSeqId = -1
06-06 13:00:26.028  2342  6212 V WindowManager: Relayout hash=50e77d0, pid=5355, syncId=-1: mAttrs={(0,0)(2340x2340) gr=TOP START CENTER layoutInDisplayCutoutMode=always ty=WALLPAPER fmt=RGBX_8888 wanim=0x1030314
06-06 13:00:26.028  2342  6212 V WindowManager:   fl=14318
06-06 13:00:26.028  2342  6212 V WindowManager:   pfl=2000014
06-06 13:00:26.028  2342  6212 V WindowManager:   bhv=DEFAULT naviIconColor=0
06-06 13:00:26.028  2342  6212 V WindowManager:   sfl=8}
06-06 13:00:26.028  5355  5961 I ViewRootImpl@5f965d2[StatusBar]: Resizing android.view.ViewRootImpl@52a4b8c: frame = [0,0][1080,87] reportDraw = false forceLayout = false syncSeqId = -1
06-06 13:00:26.028  1574  1638 I HYPER-HAL: [RequestManager.cpp]acquire(): Acquired ID : 1712448  [1577 / 273]    HINT :      list : [TID_LOW_LATENCY / 0] [TID / 5446] [TID / 5447] [TID / 5439] [TID / 5445]
06-06 13:00:26.029  5355  5533 I BLASTBufferQueue_Java: update, w= 2340 h= 2340 mName = Wallpaper mNativeObject= 0xb4000074df948b50 sc.mNativeObject= 0xb4000073af9347d0 format= 2 caller= android.service.wallpaper.WallpaperService$Engine.getOrCreateBLASTSurface:2824 android.service.wallpaper.WallpaperService$Engine.updateSurface:1629 android.service.wallpaper.WallpaperService$IWallpaperEngineWrapper.handleResized:3309 android.service.wallpaper.WallpaperService$IWallpaperEngineWrapper.executeMessage:3228 com.android.internal.os.HandlerCaller$MyHandler.handleMessage:44 android.os.Handler.dispatchMessage:106
06-06 13:00:26.029  1574  1638 I HYPER-HAL: [RequestManager.cpp]acquire(): Acquired ID : 1714300  [1577 / 274]    HINT :      list : [UCLAMP_MIN_BOOST / 0] [TID / 5446] [TID / 5447] [TID / 5439] [TID / 5445]
06-06 13:00:26.029  6421  6421 I ViewRootImpl@cc9c4e9[LauncherActivity]: handleResized, msg = 4 frames=ClientWindowFrames{frame=[0,0][1080,2340] display=[0,0][1080,2340] parentFrame=[0,0][0,0]} forceNextWindowRelayout=false displayId=0 dragResizing=false compatScale=1.0 frameChanged=false attachedFrameChanged=false configChanged=false displayChanged=false compatScaleChanged=false
06-06 13:00:26.029  1574  1638 I HYPER-HAL: [RequestManager.cpp]releaseLocked(): Released ID : 1712448
06-06 13:00:26.029  1574  1638 I HYPER-HAL: [RequestManager.cpp]releaseLocked(): Released ID : 1714300
06-06 13:00:26.029  1574  1638 I HYPER-HAL: [RequestManager.cpp]acquire(): Acquired ID : 1716153  [1577 / 275]    HINT :      list : [TID_LOW_LATENCY / 1] [TID / 5446] [TID / 5447] [TID / 5439] [TID / 5445]
06-06 13:00:26.030  1715  1715 I Layer   : Layer::reparent [ImeContainer#17] newParent : ActivityRecord{4bdcf41 u0 com.sec.android.app.launcher/.activities.LauncherActivity t8}#139 , isRemovedFromCurrentState : 0 -------------------------
06-06 13:00:26.030  1715  1715 I Layer   : Layer::reparent [ImeContainer#17] End -------------------------
06-06 13:00:26.030  1715  1715 I Layer   : Layer::reparent [ac5a498 InputMethod#154] newParent : Surface(name=ac5a498 InputMethod)/@0x1895ba - animation-leash of insets_animation#1012 , isRemovedFromCurrentState : 0 -------------------------
06-06 13:00:26.030  1715  1715 I Layer   : Layer::reparent [ac5a498 InputMethod#154] End -------------------------
06-06 13:00:26.030  1715  1715 I Layer   : Layer::reparent [Surface(name=ac5a498 InputMethod)/@0x1895ba - animation-leash of insets_animation#953] newParentHandle : null -------------------------
06-06 13:00:26.030  1715  1715 I Layer   : id=953 removeFromCurrentState Surface(name=ac5a498 InputMethod)/@0x1895ba - animation-leash of insets_animation#953 (243)
06-06 13:00:26.031  1715  1715 I Layer   : Layer::reparent [Surface(name=ac5a498 InputMethod)/@0x1895ba - animation-leash of insets_animation#953] End -------------------------
06-06 13:00:26.031  1715  1715 I Layer   : id=676 Destroyed Surface(name=90e5bee etf.ri.rma.newsfeedapp/etf.ri.rma.newsfeedapp.MainActivity)/@0xe472d5f - animation-leash of starting_reveal#676
06-06 13:00:26.031  7012  7043 D C2SoftVpxEnc: bytes generated 6444
06-06 13:00:26.031  1715  1715 I Layer   : id=954 Destroyed Surface(name=ac5a498 InputMethod)/@0x1895ba - animation-leash of insets_animation#953 (Mirror)#954
06-06 13:00:26.031  6421  9458 I ViewRootImpl@cc9c4e9[LauncherActivity]: mWNT: t=0xb40000747f9664d0 mBlastBufferQueue=0xb4000074df963770 fn= 5 mRenderHdrSdrRatio=1.0 caller= com.android.systemui.shared.launcher.ViewRootImplCompat.mergeWithNextTransaction:4 com.honeyspace.transition.utils.SurfaceTransactionApplier.scheduleApply$lambda$1:26 com.honeyspace.transition.utils.SurfaceTransactionApplier.c:0
06-06 13:00:26.032  1574  1638 I HYPER-HAL: [RequestManager.cpp]acquire(): Acquired ID : 1716153  [1577 / 275]    HINT :      list : [TID_LOW_LATENCY / 0] [TID / 5446] [TID / 5447] [TID / 5439] [TID / 5445]
06-06 13:00:26.032  1574  1638 I HYPER-HAL: [RequestManager.cpp]acquire(): Acquired ID : 1718007  [1577 / 276]    HINT :      list : [UCLAMP_MIN_BOOST / 0] [TID / 5446] [TID / 5447] [TID / 5439] [TID / 5445]
06-06 13:00:26.032  1574  1638 I HYPER-HAL: [RequestManager.cpp]releaseLocked(): Released ID : 1716153
06-06 13:00:26.032  1574  1638 I HYPER-HAL: [RequestManager.cpp]releaseLocked(): Released ID : 1718007
06-06 13:00:26.033  5355  5355 D NavigationBar: setImeWindowStatus show legacy ime switcher = false
06-06 13:00:26.033  5355  5355 D NavigationBar: setImeWindowStatus displayId=0 vis=0 backDisposition=0 showImeSwitcher=false imeShown=false
06-06 13:00:26.033  5355  5355 I ViewRootImpl@b9cb471[NavigationBar0]: handleResized, msg = 4 frames=ClientWindowFrames{frame=[0,2196][1080,2340] display=[0,0][1080,2340] parentFrame=[0,0][0,0]} forceNextWindowRelayout=false displayId=0 dragResizing=false compatScale=1.0 frameChanged=false attachedFrameChanged=false configChanged=false displayChanged=false compatScaleChanged=false
06-06 13:00:26.033  5355  5355 I ViewRootImpl@5f965d2[StatusBar]: handleResized, msg = 4 frames=ClientWindowFrames{frame=[0,0][1080,87] display=[0,0][1080,2340] parentFrame=[0,0][0,0]} forceNextWindowRelayout=false displayId=0 dragResizing=false compatScale=1.0 frameChanged=false attachedFrameChanged=false configChanged=false displayChanged=false compatScaleChanged=false
06-06 13:00:26.033  5355  5446 I ViewRootImpl@8064943[test]: mWNT: t=0xb40000747f991df0 mBlastBufferQueue=0xb4000074df99ddd0 fn= 4 mRenderHdrSdrRatio=1.0 caller= android.view.SyncRtSurfaceTransactionApplier.applyTransaction:96 android.view.SyncRtSurfaceTransactionApplier.lambda$scheduleApply$0:69 android.view.SyncRtSurfaceTransactionApplier.$r8$lambda$SgowXC58rj3PR958kHUfRgLZmvE:0
06-06 13:00:26.034  1715  3404 I SurfaceFlinger: id=647 Removed Surface(name=7e0881a etf.ri.rma.newsfeedapp.test/androidx.test.core.app.InstrumentationActivityInvoker$EmptyActivity)/@0xf92c063 - animation-leash of starting_reveal#647 (242)
06-06 13:00:26.036  5355  5389 W System  : A resource failed to call HardwareBuffer.close.
06-06 13:00:26.036  5355  5389 W System  : A resource failed to call HardwareBuffer.close.
06-06 13:00:26.036  5355  5389 W System  : A resource failed to call HardwareBuffer.close.
06-06 13:00:26.036  5355  5389 W System  : A resource failed to call HardwareBuffer.close.
06-06 13:00:26.036  5355  5389 W System  : A resource failed to call release.
06-06 13:00:26.036  5355  5389 W System  : A resource failed to call release.
06-06 13:00:26.036  5355  5389 W System  : A resource failed to call release.
06-06 13:00:26.036  5355  5389 W System  : A resource failed to call release.
06-06 13:00:26.036  5355  5389 W System  : A resource failed to call release.
06-06 13:00:26.036  5355  5389 W System  : A resource failed to call release.
06-06 13:00:26.036  5355  5389 W System  : A resource failed to call release.
06-06 13:00:26.036  5355  5389 W System  : A resource failed to call release.
06-06 13:00:26.036  5355  5389 W System  : A resource failed to call HardwareBuffer.close.
06-06 13:00:26.036  5355  5389 W System  : A resource failed to call HardwareBuffer.close.
06-06 13:00:26.036  5355  5389 W System  : A resource failed to call release.
06-06 13:00:26.036  5355  5389 W System  : A resource failed to call release.
06-06 13:00:26.036  5355  5389 W System  : A resource failed to call release.
06-06 13:00:26.036  5355  5389 W System  : A resource failed to call release.
06-06 13:00:26.036  5355  5389 W System  : A resource failed to call release.
06-06 13:00:26.036  5355  5389 W System  : A resource failed to call release.
06-06 13:00:26.036  5355  5389 W System  : A resource failed to call release.
06-06 13:00:26.036  5355  5389 W System  : A resource failed to call release.
06-06 13:00:26.036  5355  5389 W System  : A resource failed to call HardwareBuffer.close.
06-06 13:00:26.036  5355  5389 W System  : A resource failed to call release.
06-06 13:00:26.036  5355  5389 W System  : A resource failed to call HardwareBuffer.close.
06-06 13:00:26.036  5355  5389 W System  : A resource failed to call release.
06-06 13:00:26.036  5355  5389 W System  : A resource failed to call release.
06-06 13:00:26.036  5355  5389 W System  : A resource failed to call release.
06-06 13:00:26.036  5355  5389 W System  : A resource failed to call release.
06-06 13:00:26.036  5355  5389 W System  : A resource failed to call release.
06-06 13:00:26.037  5355  5389 W System  : A resource failed to call release.
06-06 13:00:26.037  5355  5389 W System  : A resource failed to call release.
06-06 13:00:26.037  5355  5389 W System  : A resource failed to call release.
06-06 13:00:26.037  5355  5389 W System  : A resource failed to call release.
06-06 13:00:26.037  5355  5389 W System  : A resource failed to call release.
06-06 13:00:26.037  5355  5389 W System  : A resource failed to call release.
06-06 13:00:26.037  5355  5389 W System  : A resource failed to call release.
06-06 13:00:26.037  5355  5389 W System  : A resource failed to call release.
06-06 13:00:26.039  7790  7790 D LifecycleMonitor: Lifecycle status change: etf.ri.rma.newsfeedapp.MainActivity@fcd7e89 in: DESTROYED
06-06 13:00:26.039  1715  1715 I Layer   : id=647 Destroyed Surface(name=7e0881a etf.ri.rma.newsfeedapp.test/androidx.test.core.app.InstrumentationActivityInvoker$EmptyActivity)/@0xf92c063 - animation-leash of starting_reveal#647
06-06 13:00:26.039  7790  7790 V ActivityScenario: Update currentActivityStage to DESTROYED, currentActivity=null
06-06 13:00:26.039  5355  5447 I ViewRootImpl@8064943[test]: mWNT: t=0xb40000747f973470 mBlastBufferQueue=0xb4000074df99ddd0 fn= 5 mRenderHdrSdrRatio=1.0 caller= android.view.SyncRtSurfaceTransactionApplier.applyTransaction:96 android.view.SyncRtSurfaceTransactionApplier.lambda$scheduleApply$0:69 android.view.SyncRtSurfaceTransactionApplier.$r8$lambda$SgowXC58rj3PR958kHUfRgLZmvE:0
06-06 13:00:26.039  7012  7043 D C2SoftVpxEnc: bytes generated 3841
06-06 13:00:26.039  6421  9457 I ViewRootImpl@cc9c4e9[LauncherActivity]: mWNT: t=0xb40000747f96adb0 mBlastBufferQueue=0xb4000074df963770 fn= 6 mRenderHdrSdrRatio=1.0 caller= com.android.systemui.shared.launcher.ViewRootImplCompat.mergeWithNextTransaction:4 com.honeyspace.transition.utils.SurfaceTransactionApplier.scheduleApply$lambda$1:26 com.honeyspace.transition.utils.SurfaceTransactionApplier.c:0
06-06 13:00:26.040  7790  7790 W WindowOnBackDispatcher: sendCancelIfRunning: isInProgress=falsecallback=android.view.ViewRootImpl$$ExternalSyntheticLambda19@fe0f98c
06-06 13:00:26.041  7790  7818 D OpenGLRenderer: CacheManager::trimMemory(20)
06-06 13:00:26.042  1574  1638 I HYPER-HAL: [RequestManager.cpp]acquire(): Acquired ID : 1708747  [1577 / 271]    HINT :      list : [TID_LOW_LATENCY / 0] [TID / 7828] [TID / 7829] [TID / 7790] [TID / 7818]
06-06 13:00:26.042  7790  7790 I ViewRootImpl@1bb2554[MainActivity]: dispatchDetachedFromWindow
06-06 13:00:26.042  1574  1638 I HYPER-HAL: [RequestManager.cpp]acquire(): Acquired ID : 1710597  [1577 / 272]    HINT :      list : [UCLAMP_MIN_BOOST / 0] [TID / 7828] [TID / 7829] [TID / 7790] [TID / 7818]
06-06 13:00:26.043  2342  6212 D InputTransport: Input channel destroyed: 'ea72c01', fd=1004
06-06 13:00:26.043  1574  1638 I HYPER-HAL: [RequestManager.cpp]releaseLocked(): Released ID : 1708747
06-06 13:00:26.043  2342  6212 W InputManager-JNI: Input channel object 'ea72c01 etf.ri.rma.newsfeedapp/etf.ri.rma.newsfeedapp.MainActivity (client)' was disposed without first being removed with the input manager!
06-06 13:00:26.043  1574  1638 I HYPER-HAL: [RequestManager.cpp]releaseLocked(): Released ID : 1710597
06-06 13:00:26.043  7790  7812 D IdlingRegistry: Unregistering idling resources: [androidx.compose.ui.test.EspressoLink@28471d5]
06-06 13:00:26.043  2342  6212 D InputTransport: Input channel destroyed: 'ea72c01', fd=1081
06-06 13:00:26.045  7790  7790 D InputTransport: Input channel destroyed: 'ea72c01', fd=127
06-06 13:00:26.045  1715  6620 I SurfaceFlinger: id=953 Removed Surface(name=ac5a498 InputMethod)/@0x1895ba - animation-leash of insets_animation#953 (241)
06-06 13:00:26.046  7790  7790 D InputTransport: Input channel destroyed: 'ClientS', fd=147
06-06 13:00:26.046  1715  6620 I SurfaceFlinger: id=937 Removed 2170b4b ActivityRecordInputSink etf.ri.rma.newsfeedapp/.MainActivity#937 (241)
06-06 13:00:26.046  1715  6620 I SurfaceFlinger: id=1014 createSurf, flag=24004, Task=21#1014
06-06 13:00:26.047  1715  1715 I Layer   : Layer::reparent [etf.ri.rma.newsfeedapp/etf.ri.rma.newsfeedapp.MainActivity$_7790#945] newParentHandle : null -------------------------
06-06 13:00:26.047  1715  1715 I Layer   : id=945 removeFromCurrentState etf.ri.rma.newsfeedapp/etf.ri.rma.newsfeedapp.MainActivity$_7790#945 (242)
06-06 13:00:26.047  1715  1715 I Layer   : Layer::reparent [etf.ri.rma.newsfeedapp/etf.ri.rma.newsfeedapp.MainActivity$_7790#945] End -------------------------
06-06 13:00:26.047  1715  1715 I Layer   : Layer::reparent [ea72c01 etf.ri.rma.newsfeedapp/etf.ri.rma.newsfeedapp.MainActivity#936] newParentHandle : null -------------------------
06-06 13:00:26.047  1715  1715 I Layer   : id=936 removeFromCurrentState ea72c01 etf.ri.rma.newsfeedapp/etf.ri.rma.newsfeedapp.MainActivity#936 (242)
06-06 13:00:26.047  1715  1715 I Layer   : Layer::reparent [ea72c01 etf.ri.rma.newsfeedapp/etf.ri.rma.newsfeedapp.MainActivity#936] End -------------------------
06-06 13:00:26.047  1715  1715 I Layer   : id=953 Destroyed Surface(name=ac5a498 InputMethod)/@0x1895ba - animation-leash of insets_animation#953
06-06 13:00:26.047  5355  5446 I ViewRootImpl@8064943[test]: mWNT: t=0xb40000747f995230 mBlastBufferQueue=0xb4000074df99ddd0 fn= 6 mRenderHdrSdrRatio=1.0 caller= android.view.SyncRtSurfaceTransactionApplier.applyTransaction:96 android.view.SyncRtSurfaceTransactionApplier.lambda$scheduleApply$0:69 android.view.SyncRtSurfaceTransactionApplier.$r8$lambda$SgowXC58rj3PR958kHUfRgLZmvE:0
06-06 13:00:26.047  1715  1715 I Layer   : id=938 Destroyed ea72c01 etf.ri.rma.newsfeedapp/etf.ri.rma.newsfeedapp.MainActivity#936 (Mirror)#938
06-06 13:00:26.048  1715  1715 I SurfaceFlinger: id=936 Removed ea72c01 etf.ri.rma.newsfeedapp/etf.ri.rma.newsfeedapp.MainActivity#936 (240)
06-06 13:00:26.048  1715  1715 I SurfaceFlinger: id=945 Removed etf.ri.rma.newsfeedapp/etf.ri.rma.newsfeedapp.MainActivity$_7790#945 (240)
06-06 13:00:26.048  6421  9458 I ViewRootImpl@cc9c4e9[LauncherActivity]: mWNT: t=0xb40000747f963350 mBlastBufferQueue=0xb4000074df963770 fn= 7 mRenderHdrSdrRatio=1.0 caller= com.android.systemui.shared.launcher.ViewRootImplCompat.mergeWithNextTransaction:4 com.honeyspace.transition.utils.SurfaceTransactionApplier.scheduleApply$lambda$1:26 com.honeyspace.transition.utils.SurfaceTransactionApplier.c:0
06-06 13:00:26.048  1715  1715 I Layer   : id=948 Destroyed etf.ri.rma.newsfeedapp/etf.ri.rma.newsfeedapp.MainActivity$_7790#945 (Mirror)#948
06-06 13:00:26.050  7790  7812 E TestRunner: failed: getTopNewsPolitika(etf.ri.rma.newsfeedapp.TestS3)
06-06 13:00:26.051  6421  7247 I HoneySpace.RecentTasks: onRecentTasksChanged
06-06 13:00:26.052  6421  6488 I HoneySpace.TopTaskSource: onTaskRemoved: 21
06-06 13:00:26.053  6421  6488 I HoneySpace.TopTaskSource: onTaskRemoved: 21
06-06 13:00:26.053  7790  7812 E TestRunner: ----- begin exception -----
06-06 13:00:26.053  7790  7812 E TestRunner: java.lang.AssertionError: Expected value to be true.
06-06 13:00:26.053  7790  7812 E TestRunner: 	at org.junit.Assert.fail(Assert.java:89)
06-06 13:00:26.053  7790  7812 E TestRunner: 	at kotlin.test.junit.JUnitAsserter.fail(JUnitSupport.kt:56)
06-06 13:00:26.053  7790  7812 E TestRunner: 	at kotlin.test.Asserter$DefaultImpls.assertTrue(Assertions.kt:694)
06-06 13:00:26.053  7790  7812 E TestRunner: 	at kotlin.test.junit.JUnitAsserter.assertTrue(JUnitSupport.kt:30)
06-06 13:00:26.053  7790  7812 E TestRunner: 	at kotlin.test.Asserter$DefaultImpls.assertTrue(Assertions.kt:704)
06-06 13:00:26.053  7790  7812 E TestRunner: 	at kotlin.test.junit.JUnitAsserter.assertTrue(JUnitSupport.kt:30)
06-06 13:00:26.053  7790  7812 E TestRunner: 	at kotlin.test.AssertionsKt__AssertionsKt.assertTrue(Assertions.kt:44)
06-06 13:00:26.053  7790  7812 E TestRunner: 	at kotlin.test.AssertionsKt.assertTrue(Unknown Source:1)
06-06 13:00:26.053  7790  7812 E TestRunner: 	at kotlin.test.AssertionsKt__AssertionsKt.assertTrue$default(Assertions.kt:42)
06-06 13:00:26.053  7790  7812 E TestRunner: 	at kotlin.test.AssertionsKt.assertTrue$default(Unknown Source:1)
06-06 13:00:26.053  7790  7812 E TestRunner: 	at etf.ri.rma.newsfeedapp.TestS3$getTopNewsPolitika$1.invokeSuspend(TestS3.kt:68)
06-06 13:00:26.053  7790  7812 E TestRunner: 	at kotlin.coroutines.jvm.internal.BaseContinuationImpl.resumeWith(ContinuationImpl.kt:33)
06-06 13:00:26.053  7790  7812 E TestRunner: 	at kotlinx.coroutines.DispatchedTask.run(DispatchedTask.kt:108)
06-06 13:00:26.053  7790  7812 E TestRunner: 	at kotlinx.coroutines.test.TestDispatcher.processEvent$kotlinx_coroutines_test(TestDispatcher.kt:28)
06-06 13:00:26.053  7790  7812 E TestRunner: 	at kotlinx.coroutines.test.TestCoroutineScheduler.tryRunNextTaskUnless$kotlinx_coroutines_test(TestCoroutineScheduler.kt:103)
06-06 13:00:26.053  7790  7812 E TestRunner: 	at kotlinx.coroutines.test.TestBuildersKt__TestBuildersKt$runTest$2$1$workRunner$1.invokeSuspend(TestBuilders.kt:320)
06-06 13:00:26.053  7790  7812 E TestRunner: 	at kotlin.coroutines.jvm.internal.BaseContinuationImpl.resumeWith(ContinuationImpl.kt:33)
06-06 13:00:26.053  7790  7812 E TestRunner: 	at kotlinx.coroutines.DispatchedTask.run(DispatchedTask.kt:108)
06-06 13:00:26.053  7790  7812 E TestRunner: 	at kotlinx.coroutines.EventLoopImplBase.processNextEvent(EventLoop.common.kt:280)
06-06 13:00:26.053  7790  7812 E TestRunner: 	at kotlinx.coroutines.BlockingCoroutine.joinBlocking(Builders.kt:85)
06-06 13:00:26.053  7790  7812 E TestRunner: 	at kotlinx.coroutines.BuildersKt__BuildersKt.runBlocking(Builders.kt:59)
06-06 13:00:26.053  7790  7812 E TestRunner: 	at kotlinx.coroutines.BuildersKt.runBlocking(Unknown Source:1)
06-06 13:00:26.053  7790  7812 E TestRunner: 	at kotlinx.coroutines.BuildersKt__BuildersKt.runBlocking$default(Builders.kt:38)
06-06 13:00:26.053  7790  7812 E TestRunner: 	at kotlinx.coroutines.BuildersKt.runBlocking$default(Unknown Source:1)
06-06 13:00:26.053  7790  7812 E TestRunner: 	at kotlinx.coroutines.test.TestBuildersJvmKt.createTestResult(TestBuildersJvm.kt:13)
06-06 13:00:26.053  7790  7812 E TestRunner: 	at kotlinx.coroutines.test.TestBuildersKt__TestBuildersKt.runTest-8Mi8wO0(TestBuilders.kt:308)
06-06 13:00:26.053  7790  7812 E TestRunner: 	at kotlinx.coroutines.test.TestBuildersKt.runTest-8Mi8wO0(Unknown Source:1)
06-06 13:00:26.053  7790  7812 E TestRunner: 	at kotlinx.coroutines.test.TestBuildersKt__TestBuildersKt.runTest-8Mi8wO0(TestBuilders.kt:166)
06-06 13:00:26.053  7790  7812 E TestRunner: 	at kotlinx.coroutines.test.TestBuildersKt.runTest-8Mi8wO0(Unknown Source:1)
06-06 13:00:26.053  7790  7812 E TestRunner: 	at kotlinx.coroutines.test.TestBuildersKt__TestBuildersKt.runTest-8Mi8wO0$default(TestBuilders.kt:158)
06-06 13:00:26.053  7790  7812 E TestRunner: 	at kotlinx.coroutines.test.TestBuildersKt.runTest-8Mi8wO0$default(Unknown Source:1)
06-06 13:00:26.053  7790  7812 E TestRunner: 	at etf.ri.rma.newsfeedapp.TestS3.getTopNewsPolitika(TestS3.kt:57)
06-06 13:00:26.053  7790  7812 E TestRunner: 	at java.lang.reflect.Method.invoke(Native Method)
06-06 13:00:26.053  7790  7812 E TestRunner: 	at org.junit.runners.model.FrameworkMethod$1.runReflectiveCall(FrameworkMethod.java:59)
06-06 13:00:26.053  7790  7812 E TestRunner: 	at org.junit.internal.runners.model.ReflectiveCallable.run(ReflectiveCallable.java:12)
06-06 13:00:26.053  7790  7812 E TestRunner: 	at org.junit.runners.model.FrameworkMethod.invokeExplosively(FrameworkMethod.java:56)
06-06 13:00:26.053  7790  7812 E TestRunner: 	at org.junit.internal.runners.statements.InvokeMethod.evaluate(InvokeMethod.java:17)
06-06 13:00:26.053  7790  7812 E TestRunner: 	at androidx.test.internal.runner.junit4.statement.RunBefores.evaluate(RunBefores.java:80)
06-06 13:00:26.053  7790  7812 E TestRunner: 	at org.junit.rules.ExternalResource$1.evaluate(ExternalResource.java:54)
06-06 13:00:26.053  7790  7812 E TestRunner: 	at androidx.compose.ui.test.junit4.AndroidComposeTestRule$apply$1$evaluate$1.invoke(AndroidComposeTestRule.android.kt:272)
06-06 13:00:26.053  7790  7812 E TestRunner: 	at androidx.compose.ui.test.junit4.AndroidComposeTestRule$apply$1$evaluate$1.invoke(AndroidComposeTestRule.android.kt:271)
06-06 13:00:26.053  7790  7812 E TestRunner: 	at androidx.compose.ui.test.AndroidComposeUiTestEnvironment$AndroidComposeUiTestImpl.withDisposableContent(ComposeUiTest.android.kt:505)
06-06 13:00:26.053  7790  7812 E TestRunner: 	at androidx.compose.ui.test.AndroidComposeUiTestEnvironment$runTest$1$1$1$1$1$1.invoke(ComposeUiTest.android.kt:333)
06-06 13:00:26.053  7790  7812 E TestRunner: 	at androidx.compose.ui.test.AndroidComposeUiTestEnvironment.withComposeIdlingResource(ComposeUiTest.android.kt:385)
06-06 13:00:26.053  7790  7812 E TestRunner: 	at androidx.compose.ui.test.AndroidComposeUiTestEnvironment.access$withComposeIdlingResource(ComposeUiTest.android.kt:219)
06-06 13:00:26.055  7790  7812 E TestRunner: 	at androidx.compose.ui.test.AndroidComposeUiTestEnvironment$runTest$1$1$1$1$1.invoke(ComposeUiTest.android.kt:332)
06-06 13:00:26.055  7790  7812 E TestRunner: 	at androidx.compose.ui.test.AndroidComposeUiTestEnvironment.withWindowRecomposer(ComposeUiTest.android.kt:359)
06-06 13:00:26.055  7790  7812 E TestRunner: 	at androidx.compose.ui.test.AndroidComposeUiTestEnvironment.access$withWindowRecomposer(ComposeUiTest.android.kt:219)
06-06 13:00:26.055  7790  7812 E TestRunner: 	at androidx.compose.ui.test.AndroidComposeUiTestEnvironment$runTest$1$1$1$1.invoke(ComposeUiTest.android.kt:331)
06-06 13:00:26.055  7790  7812 E TestRunner: 	at androidx.compose.ui.test.AndroidComposeUiTestEnvironment.withTestCoroutines(ComposeUiTest.android.kt:372)
06-06 13:00:26.055  7790  7812 E TestRunner: 	at androidx.compose.ui.test.AndroidComposeUiTestEnvironment.access$withTestCoroutines(ComposeUiTest.android.kt:219)
06-06 13:00:26.055  7790  7812 E TestRunner: 	at androidx.compose.ui.test.AndroidComposeUiTestEnvironment$runTest$1$1$1.invoke(ComposeUiTest.android.kt:330)
06-06 13:00:26.055  7790  7812 E TestRunner: 	at androidx.compose.ui.test.EspressoLink.withStrategy(EspressoLink.android.kt:66)
06-06 13:00:26.055  7790  7812 E TestRunner: 	at androidx.compose.ui.test.AndroidComposeUiTestEnvironment$runTest$1$1.invoke(ComposeUiTest.android.kt:329)
06-06 13:00:26.055  7790  7812 E TestRunner: 	at androidx.compose.ui.test.IdlingResourceRegistry.withRegistry(IdlingResourceRegistry.jvm.kt:155)
06-06 13:00:26.055  7790  7812 E TestRunner: 	at androidx.compose.ui.test.AndroidComposeUiTestEnvironment$runTest$1.invoke(ComposeUiTest.android.kt:328)
06-06 13:00:26.055  7790  7812 E TestRunner: 	at androidx.compose.ui.test.ComposeRootRegistry.withRegistry(ComposeRootRegistry.android.kt:146)
06-06 13:00:26.055  7790  7812 E TestRunner: 	at androidx.compose.ui.test.AndroidComposeUiTestEnvironment.runTest(ComposeUiTest.android.kt:327)
06-06 13:00:26.055  7790  7812 E TestRunner: 	at androidx.compose.ui.test.junit4.AndroidComposeTestRule$apply$1.evaluate(AndroidComposeTestRule.android.kt:271)
06-06 13:00:26.055  7790  7812 E TestRunner: 	at org.junit.runners.ParentRunner$3.evaluate(ParentRunner.java:306)
06-06 13:00:26.055  7790  7812 E TestRunner: 	at org.junit.runners.BlockJUnit4ClassRunner$1.evaluate(BlockJUnit4ClassRunner.java:100)
06-06 13:00:26.055  7790  7812 E TestRunner: 	at org.junit.runners.ParentRunner.runLeaf(ParentRunner.java:366)
06-06 13:00:26.055  7790  7812 E TestRunner: 	at org.junit.runners.BlockJUnit4ClassRunner.runChild(BlockJUnit4ClassRunner.java:103)
06-06 13:00:26.055  7790  7812 E TestRunner: 	at org.junit.runners.BlockJUnit4ClassRunner.runChild(BlockJUnit4ClassRunner.java:63)
06-06 13:00:26.055  7790  7812 E TestRunner: 	at org.junit.runners.ParentRunner$4.run(ParentRunner.java:331)
06-06 13:00:26.055  7790  7812 E TestRunner: 	at org.junit.runners.ParentRunner$1.schedule(ParentRunner.java:79)
06-06 13:00:26.055  7790  7812 E TestRunner: 	at org.junit.runners.ParentRunner.runChildren(ParentRunner.java:329)
06-06 13:00:26.055  7790  7812 E TestRunner: 	at org.junit.runners.ParentRunner.access$100(ParentRunner.java:66)
06-06 13:00:26.055  7790  7812 E TestRunner: 	at org.junit.runners.ParentRunner$2.evaluate(ParentRunner.java:293)
06-06 13:00:26.055  7790  7812 E TestRunner: 	at org.junit.runners.ParentRunner$3.evaluate(ParentRunner.java:306)
06-06 13:00:26.055  7790  7812 E TestRunner: 	at org.junit.runners.ParentRunner.run(ParentRunner.java:413)
06-06 13:00:26.055  7790  7812 E TestRunner: 	at androidx.test.ext.junit.runners.AndroidJUnit4.run(AndroidJUnit4.java:162)
06-06 13:00:26.055  7790  7812 E TestRunner: 	at org.junit.runners.Suite.runChild(Suite.java:128)
06-06 13:00:26.055  7790  7812 E TestRunner: 	at org.junit.runners.Suite.runChild(Suite.java:27)
06-06 13:00:26.055  7790  7812 E TestRunner: 	at org.junit.runners.ParentRunner$4.run(ParentRunner.java:331)
06-06 13:00:26.055  7790  7812 E TestRunner: 	at org.junit.runners.ParentRunner$1.schedule(ParentRunner.java:79)
06-06 13:00:26.055  7790  7812 E TestRunner: 	at org.junit.runners.ParentRunner.runChildren(ParentRunner.java:329)
06-06 13:00:26.055  7790  7812 E TestRunner: 	at org.junit.runners.ParentRunner.access$100(ParentRunner.java:66)
06-06 13:00:26.055  7790  7812 E TestRunner: 	at org.junit.runners.ParentRunner$2.evaluate(ParentRunner.java:293)
06-06 13:00:26.055  7790  7812 E TestRunner: 	at org.junit.runners.ParentRunner$3.evaluate(ParentRunner.java:306)
06-06 13:00:26.055  7790  7812 E TestRunner: 	at org.junit.runners.ParentRunner.run(ParentRunner.java:413)
06-06 13:00:26.055  7790  7812 E TestRunner: 	at org.junit.runner.JUnitCore.run(JUnitCore.java:137)
06-06 13:00:26.055  7790  7812 E TestRunner: 	at org.junit.runner.JUnitCore.run(JUnitCore.java:115)
06-06 13:00:26.055  7790  7812 E TestRunner: 	at androidx.test.internal.runner.TestExecutor.execute(TestExecutor.java:68)
06-06 13:00:26.055  7790  7812 E TestRunner: 	at androidx.test.internal.runner.TestExecutor.execute(TestExecutor.java:59)
06-06 13:00:26.055  7790  7812 E TestRunner: 	at androidx.test.runner.AndroidJUnitRunner.onStart(AndroidJUnitRunner.java:463)
06-06 13:00:26.055  7790  7812 E TestRunner: 	at android.app.Instrumentation$InstrumentationThread.run(Instrumentation.java:2415)
06-06 13:00:26.055  7790  7812 E TestRunner: ----- end exception -----
06-06 13:00:26.055  1715  1715 I Layer   : Layer::reparent [ActivityRecord{790d641 u0 etf.ri.rma.newsfeedapp/.MainActivity t21}#928] newParentHandle : null -------------------------
06-06 13:00:26.055  1715  1715 I Layer   : id=928 removeFromCurrentState ActivityRecord{790d641 u0 etf.ri.rma.newsfeedapp/.MainActivity t21}#928 (239)
06-06 13:00:26.055  1715  1715 I Layer   : id=937 removeFromCurrentState 2170b4b ActivityRecordInputSink etf.ri.rma.newsfeedapp/.MainActivity#937 (239)
06-06 13:00:26.055  1715  1715 I Layer   : Layer::reparent [ActivityRecord{790d641 u0 etf.ri.rma.newsfeedapp/.MainActivity t21}#928] End -------------------------
06-06 13:00:26.055  1715  1715 I Layer   : Layer::reparent [Task=21#927] newParentHandle : null -------------------------
06-06 13:00:26.055  1715  1715 I Layer   : id=927 removeFromCurrentState Task=21#927 (239)
06-06 13:00:26.055  1715  1715 I Layer   : Layer::reparent [Task=21#927] End -------------------------
06-06 13:00:26.055  1715  1715 I Layer   : Layer::reparent [Task=21#1014] newParentHandle : null -------------------------
06-06 13:00:26.055  1715  1715 I Layer   : id=1014 removeFromCurrentState Task=21#1014 (239)
06-06 13:00:26.055  1715  1715 I Layer   : Layer::reparent [Task=21#1014] End -------------------------
06-06 13:00:26.056  1715  1715 I Layer   : id=945 Destroyed etf.ri.rma.newsfeedapp/etf.ri.rma.newsfeedapp.MainActivity$_7790#945
06-06 13:00:26.056  1715  1715 I Layer   : id=936 Destroyed ea72c01 etf.ri.rma.newsfeedapp/etf.ri.rma.newsfeedapp.MainActivity#936
06-06 13:00:26.056  5355  5447 I ViewRootImpl@8064943[test]: mWNT: t=0xb40000747f94de50 mBlastBufferQueue=0xb4000074df99ddd0 fn= 7 mRenderHdrSdrRatio=1.0 caller= android.view.SyncRtSurfaceTransactionApplier.applyTransaction:96 android.view.SyncRtSurfaceTransactionApplier.lambda$scheduleApply$0:69 android.view.SyncRtSurfaceTransactionApplier.$r8$lambda$SgowXC58rj3PR958kHUfRgLZmvE:0
06-06 13:00:26.056  1715  1715 I Layer   : id=929 Destroyed Task=21#927 (Mirror)#929
06-06 13:00:26.056  1715  1715 I Layer   : id=930 Destroyed ActivityRecord{790d641 u0 etf.ri.rma.newsfeedapp/.MainActivity t21}#928 (Mirror)#930
06-06 13:00:26.056  1715  1715 I Layer   : id=942 Destroyed 2170b4b ActivityRecordInputSink etf.ri.rma.newsfeedapp/.MainActivity#937 (Mirror)#942
06-06 13:00:26.056  1715  1715 I SurfaceFlinger: id=1014 Removed Task=21#1014 (234)
06-06 13:00:26.056  1715  1715 I SurfaceFlinger: id=928 Removed ActivityRecord{790d641 u0 etf.ri.rma.newsfeedapp/.MainActivity t21}#928 (234)
06-06 13:00:26.056  6421  9457 I ViewRootImpl@cc9c4e9[LauncherActivity]: mWNT: t=0xb40000747f9659d0 mBlastBufferQueue=0xb4000074df963770 fn= 8 mRenderHdrSdrRatio=1.0 caller= com.android.systemui.shared.launcher.ViewRootImplCompat.mergeWithNextTransaction:4 com.honeyspace.transition.utils.SurfaceTransactionApplier.scheduleApply$lambda$1:26 com.honeyspace.transition.utils.SurfaceTransactionApplier.c:0
06-06 13:00:26.058  8184  8685 I SemDvfsHyPerManager: acquire hyper - TABaseBoost/8184@26, type = 1090523139
06-06 13:00:26.058 32187  8269 I Finsky  : [213] ojs.a(197): App states replicator found 18 unowned apps
06-06 13:00:26.059  7790  7812 I TestRunner: finished: getTopNewsPolitika(etf.ri.rma.newsfeedapp.TestS3)
