06-06 13:00:26.698  6421  9453 W qdgralloc: getInterlacedFlag: getMetaData returned 3, defaulting to interlaced_flag = 0
06-06 13:00:26.698  6421  9458 I ViewRootImpl@cc9c4e9[LauncherActivity]: mWNT: t=0xb40000747f96d6f0 mBlastBufferQueue=0xb4000074df963770 fn= 2 mRenderHdrSdrRatio=1.0 caller= com.android.systemui.shared.launcher.ViewRootImplCompat.mergeWithNextTransaction:4 com.honeyspace.transition.utils.SurfaceTransactionApplier.scheduleApply$lambda$1:26 com.honeyspace.transition.utils.SurfaceTransactionApplier.c:0
06-06 13:00:26.698  6421  9458 I ViewRootImpl@cc9c4e9[LauncherActivity]: mWNT: t=0xb40000747f959c10 mBlastBufferQueue=0xb4000074df963770 fn= 2 mRenderHdrSdrRatio=1.0 caller= com.android.systemui.shared.launcher.ViewRootImplCompat.mergeWithNextTransaction:4 com.honeyspace.transition.utils.SurfaceTransactionApplier.scheduleApply$lambda$1:26 com.honeyspace.transition.utils.SurfaceTransactionApplier.c:0
06-06 13:00:26.699  1715  3404 I SurfaceFlinger: id=1100 createSurf, flag=24000, Surface(name=b03cd9b etf.ri.rma.newsfeedapp.test/androidx.test.core.app.InstrumentationActivityInvoker$EmptyActivity)/@0x1f25ba0 - animation-leash of starting_reveal#1100
06-06 13:00:26.699  7790  7790 D LifecycleMonitor: Lifecycle status change: etf.ri.rma.newsfeedapp.MainActivity@be204af in: STOPPED
06-06 13:00:26.699  7790  7790 V ActivityScenario: Update currentActivityStage to STOPPED, currentActivity=etf.ri.rma.newsfeedapp.MainActivity@be204af
06-06 13:00:26.700  7012  7043 D C2SoftVpxEnc: bytes generated 77368
06-06 13:00:26.700  5355  5355 D SamsungStatusBarGrayIconHelper: isGrayAppearance=false
06-06 13:00:26.700  5355  5355 D SamsungLightBarControlHelper: onStatusBarAppearanceChanged() -  sbModeChanged:false, statusBarMode:0, barState:MODE_TRANSPARENT, isKeyguardShowing:false, navbarColorManagedByIme:false, stackAppearanceChanged:true, (AppearanceRegion{ bounds=[0,0][1080,2340]}, ), packageName:com.sec.android.app.launcher
06-06 13:00:26.700  5355  5355 D NavigationBar: onSystemBarAttributesChanged() -  displayId:0, appearance:0, packageName: com.sec.android.app.launcher, navbarColorManagedByIme:false
06-06 13:00:26.700  5355  5355 D SamsungLightBarControlHelper: updateNavigationBar (WHITE button) isLightOpaque:false, hasLightNavigationBarFlag:false, packageName:com.sec.android.app.launcher, DirectReplying:false, NavBarColorMangedByIme:false, ForceDarkForScrim:false, QsCustomizing:false, PanelHasWhiteBg:false
06-06 13:00:26.701  5355  5355 D SamsungLightBarControlHelper: updateStatusBar (WHITE icon) numStacks:1, StatusBarMode:MODE_TRANSPARENT, lightBarBounds:[], StatusBarState:SHADE, packageName:com.sec.android.app.launcher, isWhiteKeyguardStatusBar:false
06-06 13:00:26.701  1715  1715 D SurfaceFlinger: Display 4630946970390616451 HWC layers:
06-06 13:00:26.701  1715  1715 D SurfaceFlinger:      DEVICE | 0xb4000073beb14810 | 0102 | RGBA_8888    |    0.0    0.0 1080.0 2340.0 |    0    0 1080 2340 | etf.ri.rma.newsfeedapp.test/androidx[...]vityInvoker$EmptyActivity$_7890#1066
06-06 13:00:26.701  1715  1715 D SurfaceFlinger:      DEVICE | 0xb4000073beb0ae80 | 0100 | RGBA_8888    |    0.0    0.0 1080.0 2340.0 |    0    0 1080 2340 | Splash Screen etf.ri.rma.newsfeedapp.test$_5355#1047
06-06 13:00:26.701  1715  1715 D SurfaceFlinger:      DEVICE | 0xb4000073beb0a850 | 0100 | RGBA_8888    |    0.0    0.0 1080.0   87.0 |    0    0 1080   87 | StatusBar$_5355#90
06-06 13:00:26.701  1715  1715 D SurfaceFlinger:      DEVICE | 0xb4000073beb138e0 | 0100 | RGBA_8888    |    0.0    0.0   67.0  342.0 | 1013  438 1080  780 | com.sec.android.app.launcher/com.sam[...]ce.edge.CocktailBarService$_6421#145
06-06 13:00:26.701  1715  1715 D SurfaceFlinger:      DEVICE | 0xb4000073beb0d1f0 | 0100 | RGBA_8888    |    0.0    0.0 1080.0  144.0 |    0 2196 1080 2340 | NavigationBar0$_5355#89
06-06 13:00:26.701  1715  1715 D SurfaceFlinger:
06-06 13:00:26.701  1574  1638 I HYPER-HAL: [RequestManager.cpp]acquire(): Acquired ID : 1723575  [1577 / 279]    HINT :      list : [TID_LOW_LATENCY / 0] [TID / 7828] [TID / 7829] [TID / 7790] [TID / 7818]
06-06 13:00:26.702  1574  1638 I HYPER-HAL: [RequestManager.cpp]acquire(): Acquired ID : 1725433  [1577 / 280]    HINT :      list : [UCLAMP_MIN_BOOST / 0] [TID / 7828] [TID / 7829] [TID / 7790] [TID / 7818]
06-06 13:00:26.702  1574  1638 I HYPER-HAL: [RequestManager.cpp]releaseLocked(): Released ID : 1723575
06-06 13:00:26.702  1574  1638 I HYPER-HAL: [RequestManager.cpp]releaseLocked(): Released ID : 1725433
06-06 13:00:26.702  1574  1638 I HYPER-HAL: [RequestManager.cpp]acquire(): Acquired ID : 1749678  [1577 / 293]    HINT :      list : [TID_LOW_LATENCY / 1] [TID / 7828] [TID / 7829] [TID / 7790] [TID / 7818]
06-06 13:00:26.705  1715  1715 I Layer   : Layer::reparent [RemoteWallpaperAnim:1:1#8] newParent : Surface(name=RemoteWallpaperAnim:1:1)/@0xbe3243d - animation-leash of remote_wallpaper#1096 , isRemovedFromCurrentState : 0 -------------------------
06-06 13:00:26.705  1715  1715 I Layer   : Layer::reparent [RemoteWallpaperAnim:1:1#8] End -------------------------
06-06 13:00:26.705  1715  1715 I Layer   : Layer::reparent [b03cd9b etf.ri.rma.newsfeedapp.test/androidx.test.core.app.InstrumentationActivityInvoker$EmptyActivity#1059] newParent : Surface(name=b03cd9b etf.ri.rma.newsfeedapp.test/androidx.test.core.app.InstrumentationActivityInvoker$EmptyActivity)/@0x1f25ba0 - animation-leash of starting_reveal#1100 , isRemovedFromCurrentState : 0 -------------------------
06-06 13:00:26.705  1715  1715 I Layer   : Layer::reparent [b03cd9b etf.ri.rma.newsfeedapp.test/androidx.test.core.app.InstrumentationActivityInvoker$EmptyActivity#1059] End -------------------------
06-06 13:00:26.705  2342  3323 V WindowManager: Relayout Window{6351c84 u0 Splash Screen etf.ri.rma.newsfeedapp.test}: viewVisibility=0 req=1080x2340 ty=3 d0
06-06 13:00:26.706  6421  9457 I ViewRootImpl@cc9c4e9[LauncherActivity]: mWNT: t=0xb40000747f9709d0 mBlastBufferQueue=0xb4000074df963770 fn= 3 mRenderHdrSdrRatio=1.0 caller= com.android.systemui.shared.launcher.ViewRootImplCompat.mergeWithNextTransaction:4 com.honeyspace.transition.utils.SurfaceTransactionApplier.scheduleApply$lambda$1:26 com.honeyspace.transition.utils.SurfaceTransactionApplier.c:0
06-06 13:00:26.706  6421  9453 W qdgralloc: getInterlacedFlag: getMetaData returned 3, defaulting to interlaced_flag = 0
06-06 13:00:26.706  2342  2420 D InputDispatcher: Focus entered window (0): da5c5e7 com.sec.android.app.launcher/com.sec.android.app.launcher.activities.LauncherActivity
06-06 13:00:26.707  2342  3323 V WindowManager: Relayout hash=6351c84, pid=5355, syncId=-1: mAttrs={(0,0)(fillxfill) sim={adjust=pan} ty=APPLICATION_STARTING fmt=TRANSLUCENT
06-06 13:00:26.707  2342  3323 V WindowManager:   fl=81030118
06-06 13:00:26.707  2342  3323 V WindowManager:   pfl=16000010
06-06 13:00:26.707  2342  3323 V WindowManager:   bhv=DEFAULT
06-06 13:00:26.707  2342  3323 V WindowManager:   fitSides= naviIconColor=0}
06-06 13:00:26.707  5355  5439 I BLASTBufferQueue_Java: update, w= 1080 h= 2340 mName = ViewRootImpl@f6d3d12[test] mNativeObject= 0xb4000074df952dd0 sc.mNativeObject= 0xb4000073af966bd0 format= -3 caller= android.view.ViewRootImpl.updateBlastSurfaceIfNeeded:3020 android.view.ViewRootImpl.relayoutWindow:10121 android.view.ViewRootImpl.performTraversals:4115 android.view.ViewRootImpl.doTraversal:3291 android.view.ViewRootImpl$TraversalRunnable.run:11329 android.view.Choreographer$CallbackRecord.run:1689
06-06 13:00:26.707  5355  5439 I ViewRootImpl@f6d3d12[test]: Relayout returned: old=(0,0,1080,2340) new=(0,0,1080,2340) relayoutAsync=false req=(1080,2340)0 dur=2 res=0x400 s={true 0xb4000074af98a4a0} ch=false seqId=0
06-06 13:00:26.707  5355  5439 I ViewRootImpl@f6d3d12[test]: registerCallbackForPendingTransactions
06-06 13:00:26.708  6421  6421 I ViewRootImpl@cc9c4e9[LauncherActivity]: handleWindowFocusChanged: 1 0 call from android.view.ViewRootImpl.-$$Nest$mhandleWindowFocusChanged:0
06-06 13:00:26.708  6421  6421 I InputMethodManager: startInputInner - IInputMethodManagerGlobalInvoker.startInputOrWindowGainedFocus
06-06 13:00:26.709  2342  3323 I ImeTracker: com.sec.android.app.launcher:5f48c5cc: onRequestHide at ORIGIN_SERVER_HIDE_INPUT reason HIDE_UNSPECIFIED_WINDOW
06-06 13:00:26.709  2342  3323 I ImeTracker: com.sec.android.app.launcher:5f48c5cc: onCancelled at PHASE_SERVER_SHOULD_HIDE
06-06 13:00:26.710  5355  5447 I ViewRootImpl@f6d3d12[test]: mWNT: t=0xb40000747f96ba10 mBlastBufferQueue=0xb4000074df952dd0 fn= 2 mRenderHdrSdrRatio=1.0 caller= android.view.SyncRtSurfaceTransactionApplier.applyTransaction:96 android.view.SyncRtSurfaceTransactionApplier.lambda$scheduleApply$0:69 android.view.SyncRtSurfaceTransactionApplier.$r8$lambda$SgowXC58rj3PR958kHUfRgLZmvE:0
06-06 13:00:26.710  5355  5447 I ViewRootImpl@f6d3d12[test]: mWNT: t=0xb40000747f969910 mBlastBufferQueue=0xb4000074df952dd0 fn= 2 mRenderHdrSdrRatio=1.0 caller= android.view.SyncRtSurfaceTransactionApplier.applyTransaction:96 android.view.SyncRtSurfaceTransactionApplier.lambda$scheduleApply$0:69 android.view.SyncRtSurfaceTransactionApplier.$r8$lambda$SgowXC58rj3PR958kHUfRgLZmvE:0
06-06 13:00:26.710  1715  1715 D SurfaceFlinger: Display 4630946970390616451 HWC layers:
06-06 13:00:26.710  1715  1715 D SurfaceFlinger:      DEVICE | 0xb4000073beb13a00 | 0100 | RGBA_8888    |  630.0    0.0 1530.0 1950.0 |    0    0 1080 2340 | Wallpaper BBQ wrapper 5_system#94
06-06 13:00:26.710  1715  1715 D SurfaceFlinger:      DEVICE | 0xb4000073beb13190 | 0100 | RGBA_8888    |    0.0    0.0 1080.0 2340.0 |    0    0 1080 2340 | com.sec.android.app.launcher/com.sec[...]tivities.LauncherActivity$_6421#1085
06-06 13:00:26.710  1715  1715 D SurfaceFlinger:      CLIENT | 0xb4000073beb14810 | 0102 | RGBA_8888    |    0.0    0.0 1080.0 2340.0 |    0    0 1080 2340 | etf.ri.rma.newsfeedapp.test/androidx[...]vityInvoker$EmptyActivity$_7890#1066
06-06 13:00:26.710  1715  1715 D SurfaceFlinger:      CLIENT | 0xb4000073beb0ae80 | 0100 | RGBA_8888    |    0.0    0.0 1080.0 2340.0 |    0    0 1080 2340 | Splash Screen etf.ri.rma.newsfeedapp.test$_5355#1047
06-06 13:00:26.710  1715  1715 D SurfaceFlinger:      DEVICE | 0xb4000073beb0f440 | 0100 | RGBA_8888    |    0.0    0.0 1080.0   87.0 |    0    0 1080   87 | StatusBar$_5355#90
06-06 13:00:26.710  1715  1715 D SurfaceFlinger:      DEVICE | 0xb4000073beb138e0 | 0100 | RGBA_8888    |    0.0    0.0   67.0  342.0 | 1013  438 1080  780 | com.sec.android.app.launcher/com.sam[...]ce.edge.CocktailBarService
06-06 13:00:26.710  1715  1715 D SurfaceFlinger: $_6421#145
06-06 13:00:26.710  1715  1715 D SurfaceFlinger:      DEVICE | 0xb4000073beb0f830 | 0100 | RGBA_8888    |    0.0    0.0 1080.0  144.0 |    0 2196 1080 2340 | NavigationBar0$_5355#89
06-06 13:00:26.710  1715  1715 D SurfaceFlinger:
06-06 13:00:26.710  5355  5447 I ViewRootImpl@f6d3d12[test]: mWNT: t=0xb40000747f9a8630 mBlastBufferQueue=0xb4000074df952dd0 fn= 2 mRenderHdrSdrRatio=1.0 caller= android.view.ViewRootImpl$6.onFrameDraw:5639 android.view.ViewRootImpl$2.onFrameDraw:2144 android.view.ThreadedRenderer$1.onFrameDraw:792
06-06 13:00:26.711  2342  3323 D InputTransport: Input channel constructed: 'ClientS', fd=927
06-06 13:00:26.711  2342  3323 D InputTransport: Input channel destroyed: 'ClientS', fd=927
06-06 13:00:26.711 11275 11275 I HBD     : HoneyBoardService onFinishInput
06-06 13:00:26.711 11275 11275 I HBD     : a IC have been unbinding,  RemoteInputConnection{idHash=#89703d2}
06-06 13:00:26.711 11275 11275 I HBD     : HoneyBoardService [PF_CL][onFinishInput]  0 ms
06-06 13:00:26.711 11275 11275 I HBD     : HoneyBoardService [IMI] onStartInput - caller pid : 6421 , caller uid : 10150
06-06 13:00:26.711 11275 11275 I HBD     : j updateConfigs
06-06 13:00:26.711 11275 11275 I HBD     : j isEnabledNightMode : true
06-06 13:00:26.712 11275 11275 I HBD     : a IC have been binding, RemoteInputConnection{idHash=#1e2cca3}
06-06 13:00:26.712 11275 11275 I HBD     : h [EditorInputType]setPrivateImeOptionsToTable privateImeOptions ( null )
06-06 13:00:26.712 11275 11275 I HBD     : b incognitoMode : false
06-06 13:00:26.712 11275 11275 I HBD     : b needOff = true , isForceOff = false, isNullInputClass : true
06-06 13:00:26.712 11275 11275 I HBD     : h getDefaultInputRange : UNKNOWN
06-06 13:00:26.712 11275 11275 I HBD     : h getDefaultInputRange : UNKNOWN
06-06 13:00:26.712 11275 11275 I HBD     : h getDefaultInputRange : UNKNOWN
06-06 13:00:26.712  1715  6620 I SurfaceFlinger: id=1102 createSurf, flag=24004, Surface(name=ac5a498 InputMethod)/@0x1895ba - animation-leash of insets_animation#1102
06-06 13:00:26.712 11275 11275 I HBD     : b needOff = true , isForceOff = false, isNullInputClass : true
06-06 13:00:26.712 11275 11275 I HBD     : b update cached prediction status : false
06-06 13:00:26.712 11275 11275 I HBD     : h getDefaultInputRange : UNKNOWN
06-06 13:00:26.712 11275 11275 I HBD     : a currentState : 0
06-06 13:00:26.712 11275 11275 I HBD     : a [UpdatePolicy] [post] a: 0 cl: 65537 kit: [0/0] vt: 0 ir: 1
06-06 13:00:26.712 11275 11275 I HBD     : a [NRIC] resetNoResponseState
06-06 13:00:26.712 11275 11275 I HBD     : b needOff = true , isForceOff = false, isNullInputClass : true
06-06 13:00:26.712 11275 11275 I HBD     : b update cached prediction status : false
06-06 13:00:26.712 11275 11275 I HBD     : b [AiWriter] setContact : com.sec.android.app.launcher
06-06 13:00:26.713 11275 11275 I HBD     : HoneyBoardService [PF_OP][onStartInput]  2 ms
06-06 13:00:26.713  6421  6421 I InsetsSourceConsumer: applyRequestedVisibilityToControl: visible=false, type=ime, host=com.sec.android.app.launcher/com.sec.android.app.launcher.activities.LauncherActivity
06-06 13:00:26.714  1715  1715 I Layer   : Layer::reparent [ImeContainer#17] newParent : ActivityRecord{4bdcf41 u0 com.sec.android.app.launcher/.activities.LauncherActivity t8}#139 , isRemovedFromCurrentState : 0 -------------------------
06-06 13:00:26.714  1715  1715 I Layer   : Layer::reparent [ImeContainer#17] End -------------------------
06-06 13:00:26.714  1715  1715 I Layer   : Layer::reparent [ac5a498 InputMethod#154] newParent : Surface(name=ac5a498 InputMethod)/@0x1895ba - animation-leash of insets_animation#1102 , isRemovedFromCurrentState : 0 -------------------------
06-06 13:00:26.714  1715  1715 I Layer   : Layer::reparent [ac5a498 InputMethod#154] End -------------------------
06-06 13:00:26.714  1715  1715 I Layer   : Layer::reparent [Surface(name=ac5a498 InputMethod)/@0x1895ba - animation-leash of insets_animation#1042] newParentHandle : null -------------------------
06-06 13:00:26.714  1715  1715 I Layer   : id=1042 removeFromCurrentState Surface(name=ac5a498 InputMethod)/@0x1895ba - animation-leash of insets_animation#1042 (244)
06-06 13:00:26.714  1715  1715 I Layer   : Layer::reparent [Surface(name=ac5a498 InputMethod)/@0x1895ba - animation-leash of insets_animation#1042] End -------------------------
06-06 13:00:26.714  1715  1715 I Layer   : id=1043 Destroyed Surface(name=ac5a498 InputMethod)/@0x1895ba - animation-leash of insets_animation#1042 (Mirror)#1043
06-06 13:00:26.714 11275 11275 I InputMethodService: scheduleImeSurfaceRemoval: removeImeSurface is posted.
06-06 13:00:26.715  6421  9453 W qdgralloc: getInterlacedFlag: getMetaData returned 3, defaulting to interlaced_flag = 0
06-06 13:00:26.715  6421  9458 I ViewRootImpl@cc9c4e9[LauncherActivity]: mWNT: t=0xb40000747f94f870 mBlastBufferQueue=0xb4000074df963770 fn= 4 mRenderHdrSdrRatio=1.0 caller= com.android.systemui.shared.launcher.ViewRootImplCompat.mergeWithNextTransaction:4 com.honeyspace.transition.utils.SurfaceTransactionApplier.scheduleApply$lambda$1:26 com.honeyspace.transition.utils.SurfaceTransactionApplier.c:0
06-06 13:00:26.715  5355 32029 I WallpaperService: resized: system, syncSeqId=-1
06-06 13:00:26.715  5355  5406 I ViewRootImpl@b9cb471[NavigationBar0]: Resizing android.view.ViewRootImpl@9559699: frame = [0,2196][1080,2340] reportDraw = false forceLayout = false syncSeqId = -1
06-06 13:00:26.715  5355  5533 I WallpaperService: handleResized: which=5, reportDraw=false
06-06 13:00:26.715  5355  5533 I WallpaperService: updateSurface system forceRelayout=true forceReport=false redrawNeeded=false myWidth=2340 myHeight=2340 fixedSize=true x = 0 y = 0 mWidth=2340 mHeight=2340
06-06 13:00:26.715  5355  5533 I WallpaperService: maxBounds : Rect(0, 0 - 1080, 2340) , mDeviceHeight : 2340, mDeviceWidth : 1080,mDeviceRotation  : 0
06-06 13:00:26.715  5355  5533 I WallpaperService: updateSurface: invoke Session.relayout
06-06 13:00:26.715  5355  5441 I ViewRootImpl@5f965d2[StatusBar]: Resizing android.view.ViewRootImpl@52a4b8c: frame = [0,0][1080,87] reportDraw = false forceLayout = false syncSeqId = -1
06-06 13:00:26.716  6421  6458 I ViewRootImpl@cc9c4e9[LauncherActivity]: Resizing android.view.ViewRootImpl@2c5d015: frame = [0,0][1080,2340] reportDraw = false forceLayout = false syncSeqId = -1
06-06 13:00:26.716  5355  5355 I ViewRootImpl@b9cb471[NavigationBar0]: handleResized, msg = 4 frames=ClientWindowFrames{frame=[0,2196][1080,2340] display=[0,0][1080,2340] parentFrame=[0,0][0,0]} forceNextWindowRelayout=false displayId=0 dragResizing=false compatScale=1.0 frameChanged=false attachedFrameChanged=false configChanged=false displayChanged=false compatScaleChanged=false
06-06 13:00:26.716  5355  5355 I ViewRootImpl@5f965d2[StatusBar]: handleResized, msg = 4 frames=ClientWindowFrames{frame=[0,0][1080,87] display=[0,0][1080,2340] parentFrame=[0,0][0,0]} forceNextWindowRelayout=false displayId=0 dragResizing=false compatScale=1.0 frameChanged=false attachedFrameChanged=false configChanged=false displayChanged=false compatScaleChanged=false
06-06 13:00:26.716  5355  5355 D NavigationBar: setImeWindowStatus show legacy ime switcher = false
06-06 13:00:26.716  5355  5355 D NavigationBar: setImeWindowStatus displayId=0 vis=0 backDisposition=0 showImeSwitcher=false imeShown=false
06-06 13:00:26.716  6421  6580 I ViewRootImpl@b8b0272[CocktailBarService]: Resizing android.view.ViewRootImpl@899f8b5: frame = [1013,438][1080,780] reportDraw = false forceLayout = false syncSeqId = -1
06-06 13:00:26.716  6421  6421 I ViewRootImpl@cc9c4e9[LauncherActivity]: handleResized, msg = 4 frames=ClientWindowFrames{frame=[0,0][1080,2340] display=[0,0][1080,2340] parentFrame=[0,0][0,0]} forceNextWindowRelayout=false displayId=0 dragResizing=false compatScale=1.0 frameChanged=false attachedFrameChanged=false configChanged=false displayChanged=false compatScaleChanged=false
06-06 13:00:26.716  6421  6421 I ViewRootImpl@b8b0272[CocktailBarService]: handleResized, msg = 4 frames=ClientWindowFrames{frame=[1013,438][1080,780] display=[0,0][1080,2196] parentFrame=[0,0][0,0]} forceNextWindowRelayout=false displayId=0 dragResizing=false compatScale=1.0 frameChanged=false attachedFrameChanged=false configChanged=false displayChanged=false compatScaleChanged=false
06-06 13:00:26.716  2342  2420 V WindowManager: Relayout Window{50e77d0 u0 com.android.systemui.wallpapers.ImageWallpaper_system}: viewVisibility=0 req=2340x2340 ty=2013 d0
06-06 13:00:26.717  5355  5446 I ViewRootImpl@f6d3d12[test]: mWNT: t=0xb40000747f9acc50 mBlastBufferQueue=0xb4000074df952dd0 fn= 3 mRenderHdrSdrRatio=1.0 caller= android.view.SyncRtSurfaceTransactionApplier.applyTransaction:96 android.view.SyncRtSurfaceTransactionApplier.lambda$scheduleApply$0:69 android.view.SyncRtSurfaceTransactionApplier.$r8$lambda$SgowXC58rj3PR958kHUfRgLZmvE:0
06-06 13:00:26.718  7012  7043 D C2SoftVpxEnc: bytes generated 65643
06-06 13:00:26.718  2342  2420 V WindowManager: Relayout hash=50e77d0, pid=5355, syncId=-1: mAttrs={(0,0)(2340x2340) gr=TOP START CENTER layoutInDisplayCutoutMode=always ty=WALLPAPER fmt=RGBX_8888 wanim=0x1030314
06-06 13:00:26.718  2342  2420 V WindowManager:   fl=14318
06-06 13:00:26.718  2342  2420 V WindowManager:   pfl=2000014
06-06 13:00:26.718  2342  2420 V WindowManager:   bhv=DEFAULT naviIconColor=0
06-06 13:00:26.718  2342  2420 V WindowManager:   sfl=8}
06-06 13:00:26.718  5355  5533 I BLASTBufferQueue_Java: update, w= 2340 h= 2340 mName = Wallpaper mNativeObject= 0xb4000074df948b50 sc.mNativeObject= 0xb4000073af9347d0 format= 2 caller= android.service.wallpaper.WallpaperService$Engine.getOrCreateBLASTSurface:2824 android.service.wallpaper.WallpaperService$Engine.updateSurface:1629 android.service.wallpaper.WallpaperService$IWallpaperEngineWrapper.handleResized:3309 android.service.wallpaper.WallpaperService$IWallpaperEngineWrapper.executeMessage:3228 com.android.internal.os.HandlerCaller$MyHandler.handleMessage:44 android.os.Handler.dispatchMessage:106
06-06 13:00:26.719  7790  7790 D LifecycleMonitor: Lifecycle status change: etf.ri.rma.newsfeedapp.MainActivity@be204af in: DESTROYED
06-06 13:00:26.719  7790  7790 V ActivityScenario: Update currentActivityStage to DESTROYED, currentActivity=null
06-06 13:00:26.720  7790  7790 W WindowOnBackDispatcher: sendCancelIfRunning: isInProgress=falsecallback=android.view.ViewRootImpl$$ExternalSyntheticLambda19@d4865db
06-06 13:00:26.721  7790  7818 D OpenGLRenderer: CacheManager::trimMemory(20)
06-06 13:00:26.721  7790  7790 I ViewRootImpl@7ad7a43[MainActivity]: dispatchDetachedFromWindow
06-06 13:00:26.721  2342  2420 D InputTransport: Input channel destroyed: '814e0ff', fd=1111
06-06 13:00:26.721  1574  1638 I HYPER-HAL: [RequestManager.cpp]acquire(): Acquired ID : 1749678  [1577 / 293]    HINT :      list : [TID_LOW_LATENCY / 0] [TID / 7828] [TID / 7829] [TID / 7790] [TID / 7818]
06-06 13:00:26.721  2342  2420 W InputManager-JNI: Input channel object '814e0ff etf.ri.rma.newsfeedapp/etf.ri.rma.newsfeedapp.MainActivity (client)' was disposed without first being removed with the input manager!
06-06 13:00:26.721  2342  2420 D InputTransport: Input channel destroyed: '814e0ff', fd=1114
06-06 13:00:26.722  1574  1638 I HYPER-HAL: [RequestManager.cpp]acquire(): Acquired ID : 1751550  [1577 / 294]    HINT :      list : [UCLAMP_MIN_BOOST / 0] [TID / 7828] [TID / 7829] [TID / 7790] [TID / 7818]
06-06 13:00:26.722  1574  1638 I HYPER-HAL: [RequestManager.cpp]releaseLocked(): Released ID : 1749678
06-06 13:00:26.722  1574  1638 I HYPER-HAL: [RequestManager.cpp]releaseLocked(): Released ID : 1751550
06-06 13:00:26.722  5355  5447 I ViewRootImpl@f6d3d12[test]: mWNT: t=0xb40000747f969910 mBlastBufferQueue=0xb4000074df952dd0 fn= 4 mRenderHdrSdrRatio=1.0 caller= android.view.SyncRtSurfaceTransactionApplier.applyTransaction:96 android.view.SyncRtSurfaceTransactionApplier.lambda$scheduleApply$0:69 android.view.SyncRtSurfaceTransactionApplier.$r8$lambda$SgowXC58rj3PR958kHUfRgLZmvE:0
06-06 13:00:26.723  6421  9457 I ViewRootImpl@cc9c4e9[LauncherActivity]: mWNT: t=0xb40000747f95bfd0 mBlastBufferQueue=0xb4000074df963770 fn= 5 mRenderHdrSdrRatio=1.0 caller= com.android.systemui.shared.launcher.ViewRootImplCompat.mergeWithNextTransaction:4 com.honeyspace.transition.utils.SurfaceTransactionApplier.scheduleApply$lambda$1:26 com.honeyspace.transition.utils.SurfaceTransactionApplier.c:0
06-06 13:00:26.723  7790  7790 D InputTransport: Input channel destroyed: '814e0ff', fd=112
06-06 13:00:26.723  7790  7812 D IdlingRegistry: Unregistering idling resources: [androidx.compose.ui.test.EspressoLink@f5a0e1]
06-06 13:00:26.723  1715  3404 I SurfaceFlinger: id=1042 Removed Surface(name=ac5a498 InputMethod)/@0x1895ba - animation-leash of insets_animation#1042 (244)
06-06 13:00:26.724  7790  7790 D InputTransport: Input channel destroyed: 'ClientS', fd=136
06-06 13:00:26.725  1715  1806 I SurfaceFlinger: id=1025 Removed 95671f ActivityRecordInputSink etf.ri.rma.newsfeedapp/.MainActivity#1025 (244)
06-06 13:00:26.725  1715  2430 I SurfaceFlinger: id=1104 createSurf, flag=24004, Task=23#1104
06-06 13:00:26.726  7790  7812 I TestRunner: finished: testImagga(etf.ri.rma.newsfeedapp.TestS3)
