06-06 13:00:15.359  6421  6458 I SurfaceControl: show, t=StartTransaction_SyncId<30>, sc=Surface(name=Task=1)/@0x50f582a, caller=com.android.wm.shell.util.TransitionUtil.createLeash:127 com.android.wm.shell.util.TransitionUtil.newTarget:2 com.android.wm.shell.util.TransitionUtil.newTarget:1 com.android.systemui.shared.system.RemoteAnimationTargetCompat.wrap:48 com.android.systemui.shared.system.RemoteAnimationTargetCompat.wrapApps:5 com.android.systemui.shared.system.RemoteAnimationRunnerCompat$1.startAnimation:19
06-06 13:00:15.359  1574  1638 I HYPER-HAL: [RequestManager.cpp]releaseLocked(): Released ID : 1567528
06-06 13:00:15.359  1574  1638 I HYPER-HAL: [RequestManager.cpp]releaseLocked(): Released ID : 1569300
06-06 13:00:15.359  1715  6620 I SurfaceFlinger: id=912 createSurf, flag=84000, Surface(name=Task=20)/@0xc483b8_transition-leash#912
06-06 13:00:15.360  7790  7790 I ViewRootImpl@a42f5f0[MainActivity]: Relayout returned: old=(0,0,1080,2340) new=(0,0,1080,2340) relayoutAsync=false req=(1080,2340)8 dur=3 res=0x402 s={false 0x0} ch=true seqId=0
06-06 13:00:15.360  6421  6421 I Edge.ActivityUtils: HomePackage : com.sec.android.app.launcher, resumePackageName : com.sec.android.app.launcher
06-06 13:00:15.360  6421  6458 I SurfaceControl: show, t=StartTransaction_SyncId<30>, sc=Surface(name=Task=20)/@0xc483b8, caller=com.android.wm.shell.util.TransitionUtil.createLeash:127 com.android.wm.shell.util.TransitionUtil.newTarget:2 com.android.wm.shell.util.TransitionUtil.newTarget:1 com.android.systemui.shared.system.RemoteAnimationTargetCompat.wrap:48 com.android.systemui.shared.system.RemoteAnimationTargetCompat.wrapApps:5 com.android.systemui.shared.system.RemoteAnimationRunnerCompat$1.startAnimation:19
06-06 13:00:15.360  6421  6458 I SurfaceControl: apply is called, name=StartTransaction_SyncId<30>, caller=android.view.SurfaceControl$Transaction.apply:2921 com.android.systemui.shared.system.RemoteAnimationRunnerCompat$1.startAnimation:658 android.window.IRemoteTransition$Stub.onTransact:131 android.os.Binder.execTransactInternal:1380 android.os.Binder.execTransact:1311 <bottom of call stack>
06-06 13:00:15.361  6421  6458 I HoneySpace.ShellAnimationRunner: [onAnimationStart] appTarget(0) : taskId-1, mode-0
06-06 13:00:15.361  6421  6458 I HoneySpace.ShellAnimationRunner: [onAnimationStart] appTarget(1) : taskId-20, mode-1
06-06 13:00:15.361  6421  6421 I HoneySpace.ShellAnimationRunner: finishExistingAnimation, null
06-06 13:00:15.361  6421  6421 I HoneySpace.AppCloseAnimationDelegate: onAnimationStart
06-06 13:00:15.361  6421  6421 I HoneySpace.AppCloseAnimationDelegate: getCurrentShellAnimator : useSpringAnim-false, target-null
06-06 13:00:15.361  7790  7790 I ViewRootImpl@a42f5f0[MainActivity]: stopped(true) old = false
06-06 13:00:15.361  7790  7790 D ViewRootImpl@a42f5f0[MainActivity]: WindowStopped on etf.ri.rma.newsfeedapp/etf.ri.rma.newsfeedapp.MainActivity set to true
06-06 13:00:15.361  7790  7818 D OpenGLRenderer: CacheManager::trimMemory(20)
06-06 13:00:15.362  6421  6421 I HoneySpace.ContentsAnimator: from : 0.0
06-06 13:00:15.362  6421  6421 I HoneySpace.HoneyScreenManagerImpl: Close floating task bar
06-06 13:00:15.362  6421  6421 I HoneySpace.ContentsAnimator: ContentsAnimator start
06-06 13:00:15.362  6421  6421 I HoneySpace.TransitionUtils: areAllTargetsTranslucent - false
06-06 13:00:15.362  6421  6421 I HoneySpace.WallpaperAnimator: isOpen: false, from: 1.2, to: 1.0
06-06 13:00:15.362  7790  7790 D LifecycleMonitor: Lifecycle status change: etf.ri.rma.newsfeedapp.MainActivity@91b30b5 in: STOPPED
06-06 13:00:15.362  7790  7790 V ActivityScenario: Update currentActivityStage to STOPPED, currentActivity=etf.ri.rma.newsfeedapp.MainActivity@91b30b5
06-06 13:00:15.362  1715  1715 I Layer   : Layer [ActivityRecord{9bdbc61 u0 etf.ri.rma.newsfeedapp/.MainActivity t19}#833] hidden!! flag(1)
06-06 13:00:15.362  1715  1715 I Layer   : Layer [etf.ri.rma.newsfeedapp/etf.ri.rma.newsfeedapp.MainActivity$_7790#850] hidden!! flag(1)
06-06 13:00:15.362  1715  1715 I Layer   : Layer::reparent [Surface(name=Task=20)/@0xc483b8_transition-leash#912] newParent : Transition Root: Task=1#908 , isRemovedFromCurrentState : 0 -------------------------
06-06 13:00:15.363  1715  1715 I Layer   : Layer::reparent [Surface(name=Task=20)/@0xc483b8_transition-leash#912] End -------------------------
06-06 13:00:15.363  1715  1715 I Layer   : Layer::reparent [Surface(name=Task=1)/@0x50f582a_transition-leash#911] newParent : Transition Root: Task=1#908 , isRemovedFromCurrentState : 0 -------------------------
06-06 13:00:15.363  1715  1715 I Layer   : Layer::reparent [Surface(name=Task=1)/@0x50f582a_transition-leash#911] End -------------------------
06-06 13:00:15.363  1715  1715 I Layer   : Layer::reparent [Task=1#52] newParent : Surface(name=Task=1)/@0x50f582a_transition-leash#911 , isRemovedFromCurrentState : 0 -------------------------
06-06 13:00:15.363  1715  1715 I Layer   : Layer::reparent [Task=1#52] End -------------------------
06-06 13:00:15.363  1715  1715 I Layer   : Layer [com.sec.android.app.launcher/com.sec.android.app.launcher.activities.LauncherActivity$_6421#902] hidden!! flag(0)
06-06 13:00:15.363  1715  1715 I Layer   : Layer::reparent [Task=20#861] newParent : Surface(name=Task=20)/@0xc483b8_transition-leash#912 , isRemovedFromCurrentState : 0 -------------------------
06-06 13:00:15.363  1715  1715 I Layer   : Layer::reparent [Task=20#861] End -------------------------
06-06 13:00:15.363  1715  1715 I Layer   : Layer [Transition Root: Task=1#908] hidden!! flag(0)
06-06 13:00:15.363  1715  6620 I SurfaceFlinger: id=913 createSurf, flag=24000, Surface(name=RemoteWallpaperAnim:1:1)/@0xbe3243d - animation-leash of remote_wallpaper#913
06-06 13:00:15.363  1715  1715 I Layer   : Layer [ActivityRecord{4bdcf41 u0 com.sec.android.app.launcher/.activities.LauncherActivity t8}#139] hidden!! flag(0)
06-06 13:00:15.363  1715  1715 I Layer   : Layer [etf.ri.rma.newsfeedapp.test/androidx.test.core.app.InstrumentationActivityInvoker$EmptyActivity$_7890#880] hidden!! flag(0)
06-06 13:00:15.363  1715  1715 I Layer   : id=873 Destroyed Bottom Edge Extension#873
06-06 13:00:15.363  1715  1715 I Layer   : id=868 Destroyed Transition Root: Task=20#868
06-06 13:00:15.363  1715  1715 I Layer   : id=885 Destroyed DimTransitionLayer for Surface(name=Task=20)/@0x91dd282#885
06-06 13:00:15.363  1715  1715 I Layer   : id=893 Destroyed Top Edge Extension#893
06-06 13:00:15.363  1715  1715 I Layer   : id=895 Destroyed bbq-wrapper#895
06-06 13:00:15.363  1715  1715 I Layer   : id=876 Destroyed bbq-wrapper#876
06-06 13:00:15.363  7790  7838 W System.err: java.io.InterruptedIOException
06-06 13:00:15.364  7790  7838 W System.err: 	at okhttp3.internal.http2.Http2Stream.waitForIo$okhttp(Http2Stream.kt:660)
06-06 13:00:15.364  7790  7838 W System.err: 	at okhttp3.internal.http2.Http2Stream$FramingSource.read(Http2Stream.kt:376)
06-06 13:00:15.364  7790  7838 W System.err: 	at okhttp3.internal.connection.Exchange$ResponseBodySource.read(Exchange.kt:281)
06-06 13:00:15.364  7790  7838 W System.err: 	at okio.RealBufferedSource.read(RealBufferedSource.kt:192)
06-06 13:00:15.364  7790  7838 W System.err: 	at okio.ForwardingSource.read(ForwardingSource.kt:27)
06-06 13:00:15.365  7790  7838 W System.err: 	at coil.decode.BitmapFactoryDecoder$ExceptionCatchingSource.read(BitmapFactoryDecoder.kt:215)
06-06 13:00:15.365  7790  7838 W System.err: 	at okio.RealBufferedSource$inputStream$1.read(RealBufferedSource.kt:161)
06-06 13:00:15.365  7790  7838 W System.err: 	at android.graphics.BitmapFactory.nativeDecodeStream(Native Method)
06-06 13:00:15.365  7790  7838 W System.err: 	at android.graphics.BitmapFactory.decodeStreamInternal(BitmapFactory.java:996)
06-06 13:00:15.365  7790  7838 W System.err: 	at android.graphics.BitmapFactory.decodeStream(BitmapFactory.java:913)
06-06 13:00:15.365  7790  7838 W System.err: 	at coil.decode.BitmapFactoryDecoder.decode(BitmapFactoryDecoder.kt:76)
06-06 13:00:15.365  7790  7838 W System.err: 	at coil.decode.BitmapFactoryDecoder.access$decode(BitmapFactoryDecoder.kt:25)
06-06 13:00:15.365  7790  7838 W System.err: 	at coil.decode.BitmapFactoryDecoder$decode$2$1.invoke(BitmapFactoryDecoder.kt:46)
06-06 13:00:15.365  7790  7838 W System.err: 	at coil.decode.BitmapFactoryDecoder$decode$2$1.invoke(BitmapFactoryDecoder.kt:46)
06-06 13:00:15.365  7790  7838 W System.err: 	at kotlinx.coroutines.InterruptibleKt.runInterruptibleInExpectedContext(Interruptible.kt:52)
06-06 13:00:15.365  7790  7838 W System.err: 	at kotlinx.coroutines.InterruptibleKt.access$runInterruptibleInExpectedContext(Interruptible.kt:1)
06-06 13:00:15.365  7790  7838 W System.err: 	at kotlinx.coroutines.InterruptibleKt$runInterruptible$2.invokeSuspend(Interruptible.kt:44)
06-06 13:00:15.365  7790  7838 W System.err: 	at kotlinx.coroutines.InterruptibleKt$runInterruptible$2.invoke(Unknown Source:8)
06-06 13:00:15.365  7790  7838 W System.err: 	at kotlinx.coroutines.InterruptibleKt$runInterruptible$2.invoke(Unknown Source:4)
06-06 13:00:15.365  7790  7838 W System.err: 	at kotlinx.coroutines.intrinsics.UndispatchedKt.startUndispatchedOrReturn(Undispatched.kt:78)
06-06 13:00:15.365  7790  7838 W System.err: 	at kotlinx.coroutines.BuildersKt__Builders_commonKt.withContext(Builders.common.kt:159)
06-06 13:00:15.365  7790  7838 W System.err: 	at kotlinx.coroutines.BuildersKt.withContext(Unknown Source:1)
06-06 13:00:15.365  7012  7043 D C2SoftVpxEnc: bytes generated 52322
06-06 13:00:15.365  7790  7838 W System.err: 	at kotlinx.coroutines.InterruptibleKt.runInterruptible(Interruptible.kt:43)
06-06 13:00:15.365  7790  7838 W System.err: 	at kotlinx.coroutines.InterruptibleKt.runInterruptible$default(Interruptible.kt:40)
06-06 13:00:15.365  7790  7838 W System.err: 	at coil.decode.BitmapFactoryDecoder.decode(BitmapFactoryDecoder.kt:46)
06-06 13:00:15.365  7790  7838 W System.err: 	at coil.intercept.EngineInterceptor.decode(EngineInterceptor.kt:199)
06-06 13:00:15.365  7790  7838 W System.err: 	at coil.intercept.EngineInterceptor.access$decode(EngineInterceptor.kt:41)
06-06 13:00:15.365  1715  3404 I SurfaceFlinger: id=916 createSurf, flag=24000, Surface(name=f3ef1fd etf.ri.rma.newsfeedapp.test/androidx.test.core.app.InstrumentationActivityInvoker$EmptyActivity)/@0xd9a585e - animation-leash of starting_reveal#916
06-06 13:00:15.365  7790  7838 W System.err: 	at coil.intercept.EngineInterceptor$execute$executeResult$1.invokeSuspend(EngineInterceptor.kt:127)
06-06 13:00:15.365  7790  7838 W System.err: 	at coil.intercept.EngineInterceptor$execute$executeResult$1.invoke(Unknown Source:8)
06-06 13:00:15.365  7790  7838 W System.err: 	at coil.intercept.EngineInterceptor$execute$executeResult$1.invoke(Unknown Source:4)
06-06 13:00:15.366  7790  7838 W System.err: 	at kotlinx.coroutines.intrinsics.UndispatchedKt.startUndispatchedOrReturn(Undispatched.kt:78)
06-06 13:00:15.366  1715  1715 D SurfaceFlinger: Display 4630946970390616451 HWC layers:
06-06 13:00:15.366  1715  1715 D SurfaceFlinger:      DEVICE | 0xb4000073beb024b0 | 0102 | RGBA_8888    |    0.0    0.0 1080.0 2340.0 |    0    0 1080 2340 | etf.ri.rma.newsfeedapp.test/androidx[...]ivityInvoker$EmptyActivity$_7890#880
06-06 13:00:15.366  1715  1715 D SurfaceFlinger:      DEVICE | 0xb4000073beb12fe0 | 0100 | RGBA_8888    |    0.0    0.0 1080.0 2340.0 |    0    0 1080 2340 | Splash Screen etf.ri.rma.newsfeedapp.test$_5355#867
06-06 13:00:15.366  1715  1715 D SurfaceFlinger:      DEVICE | 0xb4000073beb087b0 | 0100 | RGBA_8888    |    0.0    0.0 1080.0   87.0 |    0    0 1080   87 | StatusBar$_5355#90
06-06 13:00:15.366  1715  1715 D SurfaceFlinger:      DEVICE | 0xb4000073beb138e0 | 0100 | RGBA_8888    |    0.0    0.0   67.0  342.0 | 1013  438 1080  780 | com.sec.android.app.launcher/com.sam[...]ce.edge.CocktailBarService$_6421#145
06-06 13:00:15.366  1715  1715 D SurfaceFlinger:      DEVICE | 0xb4000073beb0d1f0 | 0100 | RGBA_8888    |    0.0    0.0 1080.0  144.0 |    0 2196 1080 2340 | NavigationBar0$_5355#89
06-06 13:00:15.366  1715  1715 D SurfaceFlinger:
06-06 13:00:15.366  7790  7838 W System.err: 	at kotlinx.coroutines.BuildersKt__Builders_commonKt.withContext(Builders.common.kt:167)
06-06 13:00:15.366  7790  7838 W System.err: 	at kotlinx.coroutines.BuildersKt.withContext(Unknown Source:1)
06-06 13:00:15.366  7790  7838 W System.err: 	at coil.intercept.EngineInterceptor.execute(EngineInterceptor.kt:126)
06-06 13:00:15.366  7790  7838 W System.err: 	at coil.intercept.EngineInterceptor.access$execute(EngineInterceptor.kt:41)
06-06 13:00:15.366  7790  7838 W System.err: 	at coil.intercept.EngineInterceptor$execute$1.invokeSuspend(Unknown Source:18)
06-06 13:00:15.366  7790  7838 W System.err: 	at kotlin.coroutines.jvm.internal.BaseContinuationImpl.resumeWith(ContinuationImpl.kt:33)
06-06 13:00:15.366  7790  7838 W System.err: 	at kotlinx.coroutines.DispatchedTask.run(DispatchedTask.kt:108)
06-06 13:00:15.366  7790  7838 W System.err: 	at kotlinx.coroutines.internal.LimitedDispatcher$Worker.run(LimitedDispatcher.kt:115)
06-06 13:00:15.366  7790  7838 W System.err: 	at kotlinx.coroutines.scheduling.TaskImpl.run(Tasks.kt:103)
06-06 13:00:15.366  7790  7838 W System.err: 	at kotlinx.coroutines.scheduling.CoroutineScheduler.runSafely(CoroutineScheduler.kt:584)
06-06 13:00:15.366  7790  7838 W System.err: 	at kotlinx.coroutines.scheduling.CoroutineScheduler$Worker.executeTask(CoroutineScheduler.kt:793)
06-06 13:00:15.366  7790  7838 W System.err: 	at kotlinx.coroutines.scheduling.CoroutineScheduler$Worker.runWorker(CoroutineScheduler.kt:697)
06-06 13:00:15.366  7790  7838 W System.err: 	at kotlinx.coroutines.scheduling.CoroutineScheduler$Worker.run(CoroutineScheduler.kt:684)
06-06 13:00:15.366  7790  7838 D OpenGLRenderer: ---- read threw an exception
06-06 13:00:15.368  1574  1638 I HYPER-HAL: [RequestManager.cpp]acquire(): Acquired ID : 1592427  [1577 / 207]    HINT :      list : [TID_LOW_LATENCY / 1] [TID / 7828] [TID / 7829] [TID / 7790] [TID / 7818]
06-06 13:00:15.370  2342  2630 D PkgPredictorService-SecIpmManagerServiceImpl: bg information pid:7790 uid:10317 pkgName:etf.ri.rma.newsfeedapp
06-06 13:00:15.371  1715  1715 I Layer   : Layer::reparent [RemoteWallpaperAnim:1:1#8] newParent : Surface(name=RemoteWallpaperAnim:1:1)/@0xbe3243d - animation-leash of remote_wallpaper#913 , isRemovedFromCurrentState : 0 -------------------------
06-06 13:00:15.371  1715  1715 I Layer   : Layer::reparent [RemoteWallpaperAnim:1:1#8] End -------------------------
06-06 13:00:15.371  6421  6421 I HoneySpace.WallpaperAnimator: wallpaper animation start
06-06 13:00:15.372  6421  6421 I HoneySpace.AnimationResult: setAnimation, animation: false
06-06 13:00:15.373  2342  6212 V WindowManager: Relayout Window{6aeacbf u0 Splash Screen etf.ri.rma.newsfeedapp.test}: viewVisibility=0 req=1080x2340 ty=3 d0
06-06 13:00:15.373  6421  9457 I ViewRootImpl@cc9c4e9[LauncherActivity]: mWNT: t=0xb40000747f93e410 mBlastBufferQueue=0xb4000074df963770 fn= 2 mRenderHdrSdrRatio=1.0 caller= com.android.systemui.shared.launcher.ViewRootImplCompat.mergeWithNextTransaction:4 com.honeyspace.transition.utils.SurfaceTransactionApplier.scheduleApply$lambda$1:26 com.honeyspace.transition.utils.SurfaceTransactionApplier.c:0
06-06 13:00:15.373  6421  9457 I ViewRootImpl@cc9c4e9[LauncherActivity]: mWNT: t=0xb40000747f966e70 mBlastBufferQueue=0xb4000074df963770 fn= 2 mRenderHdrSdrRatio=1.0 caller= com.android.systemui.shared.launcher.ViewRootImplCompat.mergeWithNextTransaction:4 com.honeyspace.transition.utils.SurfaceTransactionApplier.scheduleApply$lambda$1:26 com.honeyspace.transition.utils.SurfaceTransactionApplier.c:0
06-06 13:00:15.373  6421  9457 I ViewRootImpl@cc9c4e9[LauncherActivity]: mWNT: t=0xb40000747f962f30 mBlastBufferQueue=0xb4000074df963770 fn= 2 mRenderHdrSdrRatio=1.0 caller= com.android.systemui.shared.launcher.ViewRootImplCompat.mergeWithNextTransaction:4 com.honeyspace.transition.utils.SurfaceTransactionApplier.scheduleApply$lambda$1:26 com.honeyspace.transition.utils.SurfaceTransactionApplier.c:0
06-06 13:00:15.373  6421  9453 W qdgralloc: getInterlacedFlag: getMetaData returned 3, defaulting to interlaced_flag = 0
06-06 13:00:15.374  2342  6212 V WindowManager: Relayout hash=6aeacbf, pid=5355, syncId=-1: mAttrs={(0,0)(fillxfill) sim={adjust=pan} ty=APPLICATION_STARTING fmt=TRANSLUCENT
06-06 13:00:15.374  2342  6212 V WindowManager:   fl=81030118
06-06 13:00:15.374  2342  6212 V WindowManager:   pfl=16000010
06-06 13:00:15.374  2342  6212 V WindowManager:   bhv=DEFAULT
06-06 13:00:15.374  2342  6212 V WindowManager:   fitSides= naviIconColor=0}
06-06 13:00:15.374  5355  5439 I BLASTBufferQueue_Java: update, w= 1080 h= 2340 mName = ViewRootImpl@dd5e81e[test] mNativeObject= 0xb4000074df990630 sc.mNativeObject= 0xb4000073af9512d0 format= -3 caller= android.view.ViewRootImpl.updateBlastSurfaceIfNeeded:3020 android.view.ViewRootImpl.relayoutWindow:10121 android.view.ViewRootImpl.performTraversals:4115 android.view.ViewRootImpl.doTraversal:3291 android.view.ViewRootImpl$TraversalRunnable.run:11329 android.view.Choreographer$CallbackRecord.run:1689
06-06 13:00:15.374  5355  5439 I ViewRootImpl@dd5e81e[test]: Relayout returned: old=(0,0,1080,2340) new=(0,0,1080,2340) relayoutAsync=false req=(1080,2340)0 dur=3 res=0x400 s={true 0xb4000074af97b630} ch=false seqId=0
06-06 13:00:15.374 11224 11224 D HidDeviceService: handleMessage(): msg.what=8
06-06 13:00:15.374  5355  5439 I ViewRootImpl@dd5e81e[test]: registerCallbackForPendingTransactions
06-06 13:00:15.375  5355  5447 I ViewRootImpl@dd5e81e[test]: mWNT: t=0xb40000747f9a7df0 mBlastBufferQueue=0xb4000074df990630 fn= 2 mRenderHdrSdrRatio=1.0 caller= android.view.SyncRtSurfaceTransactionApplier.applyTransaction:96 android.view.SyncRtSurfaceTransactionApplier.lambda$scheduleApply$0:69 android.view.SyncRtSurfaceTransactionApplier.$r8$lambda$SgowXC58rj3PR958kHUfRgLZmvE:0
06-06 13:00:15.375  5355  5447 I ViewRootImpl@dd5e81e[test]: mWNT: t=0xb40000747f9ac570 mBlastBufferQueue=0xb4000074df990630 fn= 2 mRenderHdrSdrRatio=1.0 caller= android.view.SyncRtSurfaceTransactionApplier.applyTransaction:96 android.view.SyncRtSurfaceTransactionApplier.lambda$scheduleApply$0:69 android.view.SyncRtSurfaceTransactionApplier.$r8$lambda$SgowXC58rj3PR958kHUfRgLZmvE:0
06-06 13:00:15.375  5355  5447 I ViewRootImpl@dd5e81e[test]: mWNT: t=0xb40000747f9aea90 mBlastBufferQueue=0xb4000074df990630 fn= 2 mRenderHdrSdrRatio=1.0 caller= android.view.ViewRootImpl$6.onFrameDraw:5639 android.view.ViewRootImpl$2.onFrameDraw:2144 android.view.ThreadedRenderer$1.onFrameDraw:792
06-06 13:00:15.379  1574  1638 I HYPER-HAL: [RequestManager.cpp]acquire(): Acquired ID : 1581732  [1577 / 201]    HINT :      list : [TID_LOW_LATENCY / 0] [TID / 7920] [TID / 7921] [TID / 7890] [TID / 7917]
06-06 13:00:15.379  1715  1715 I Layer   : Layer::reparent [f3ef1fd etf.ri.rma.newsfeedapp.test/androidx.test.core.app.InstrumentationActivityInvoker$EmptyActivity#872] newParent : Surface(name=f3ef1fd etf.ri.rma.newsfeedapp.test/androidx.test.core.app.InstrumentationActivityInvoker$EmptyActivity)/@0xd9a585e - animation-leash of starting_reveal#916 , isRemovedFromCurrentState : 0 -------------------------
06-06 13:00:15.379  1715  1715 I Layer   : Layer::reparent [f3ef1fd etf.ri.rma.newsfeedapp.test/androidx.test.core.app.InstrumentationActivityInvoker$EmptyActivity#872] End -------------------------
06-06 13:00:15.379  5355  5446 I ViewRootImpl@dd5e81e[test]: mWNT: t=0xb40000747f9421f0 mBlastBufferQueue=0xb4000074df990630 fn= 3 mRenderHdrSdrRatio=1.0 caller= android.view.SyncRtSurfaceTransactionApplier.applyTransaction:96 android.view.SyncRtSurfaceTransactionApplier.lambda$scheduleApply$0:69 android.view.SyncRtSurfaceTransactionApplier.$r8$lambda$SgowXC58rj3PR958kHUfRgLZmvE:0
06-06 13:00:15.380  6421  9458 I ViewRootImpl@cc9c4e9[LauncherActivity]: mWNT: t=0xb40000747f954db0 mBlastBufferQueue=0xb4000074df963770 fn= 3 mRenderHdrSdrRatio=1.0 caller= com.android.systemui.shared.launcher.ViewRootImplCompat.mergeWithNextTransaction:4 com.honeyspace.transition.utils.SurfaceTransactionApplier.scheduleApply$lambda$1:26 com.honeyspace.transition.utils.SurfaceTransactionApplier.c:0
06-06 13:00:15.380  2342  6212 D InputDispatcher: Focus entered window (0): da5c5e7 com.sec.android.app.launcher/com.sec.android.app.launcher.activities.LauncherActivity
06-06 13:00:15.380  6421  9453 W qdgralloc: getInterlacedFlag: getMetaData returned 3, defaulting to interlaced_flag = 0
06-06 13:00:15.381  6421  6421 I ViewRootImpl@cc9c4e9[LauncherActivity]: handleWindowFocusChanged: 1 0 call from android.view.ViewRootImpl.-$$Nest$mhandleWindowFocusChanged:0
06-06 13:00:15.381  6421  6421 I InputMethodManager: startInputInner - IInputMethodManagerGlobalInvoker.startInputOrWindowGainedFocus
06-06 13:00:15.381  2342  6212 I ImeTracker: com.sec.android.app.launcher:d3bd26e0: onRequestHide at ORIGIN_SERVER_HIDE_INPUT reason HIDE_UNSPECIFIED_WINDOW
06-06 13:00:15.381  2342  6212 I ImeTracker: com.sec.android.app.launcher:d3bd26e0: onCancelled at PHASE_SERVER_SHOULD_HIDE
06-06 13:00:15.382  7790  7790 D LifecycleMonitor: Lifecycle status change: etf.ri.rma.newsfeedapp.MainActivity@91b30b5 in: DESTROYED
06-06 13:00:15.382  7790  7790 V ActivityScenario: Update currentActivityStage to DESTROYED, currentActivity=null
06-06 13:00:15.382  7790  7790 W WindowOnBackDispatcher: sendCancelIfRunning: isInProgress=falsecallback=android.view.ViewRootImpl$$ExternalSyntheticLambda19@d6d73a8
06-06 13:00:15.384  7790  7818 D OpenGLRenderer: CacheManager::trimMemory(20)
06-06 13:00:15.384  7790  7790 I ViewRootImpl@a42f5f0[MainActivity]: dispatchDetachedFromWindow
06-06 13:00:15.384  2342  5137 D InputTransport: Input channel destroyed: 'd9e191a', fd=1122
06-06 13:00:15.384  2342  5137 W InputManager-JNI: Input channel object 'd9e191a etf.ri.rma.newsfeedapp/etf.ri.rma.newsfeedapp.MainActivity (client)' was disposed without first being removed with the input manager!
06-06 13:00:15.384  2342  5137 D InputTransport: Input channel destroyed: 'd9e191a', fd=1126
06-06 13:00:15.384  1652  2311 I QC2CompStore: Setting heap usage to system
06-06 13:00:15.384  7012  7043 D C2SoftVpxEnc: bytes generated 55109
06-06 13:00:15.384  1715  3404 I SurfaceFlinger: id=919 createSurf, flag=24004, Surface(name=ac5a498 InputMethod)/@0x1895ba - animation-leash of insets_animation#919
06-06 13:00:15.385  7790  7812 D IdlingRegistry: Unregistering idling resources: [androidx.compose.ui.test.EspressoLink@d31c7c1]
06-06 13:00:15.385  2342  2416 W System  : A resource failed to call release.
06-06 13:00:15.385  1574  1638 I HYPER-HAL: [RequestManager.cpp]acquire(): Acquired ID : 1592427  [1577 / 207]    HINT :      list : [TID_LOW_LATENCY / 0] [TID / 7828] [TID / 7829] [TID / 7790] [TID / 7818]
06-06 13:00:15.385  2342  2416 W System  : A resource failed to call release.
06-06 13:00:15.386  2342  2416 W System  : A resource failed to call release.
06-06 13:00:15.386  2342  2416 W System  : A resource failed to call HardwareBuffer.close.
06-06 13:00:15.386  2342  2416 W System  : A resource failed to call release.
06-06 13:00:15.386  2342  2416 W System  : A resource failed to call HardwareBuffer.close.
06-06 13:00:15.386  2342  2416 W System  : A resource failed to call release.
06-06 13:00:15.386  2342  2416 W System  : A resource failed to call HardwareBuffer.close.
06-06 13:00:15.387  1715  1715 D SurfaceFlinger: Display 4630946970390616451 HWC layers:
06-06 13:00:15.387  1715  1715 D SurfaceFlinger:      DEVICE | 0xb4000073beb13a00 | 0100 | RGBA_8888    |  720.0  195.0 1620.0 2145.0 |    0    0 1080 2340 | Wallpaper BBQ wrapper 5_system#94
06-06 13:00:15.387  1715  1715 D SurfaceFlinger:      DEVICE | 0xb4000073beb137c0 | 0100 | RGBA_8888    |    0.0    0.0 1080.0 2340.0 |    0    0 1080 2340 | com.sec.android.app.launcher/com.sec[...]ctivities.LauncherActivity$_6421#902
06-06 13:00:15.387  1715  1715 D SurfaceFlinger:      CLIENT | 0xb4000073beb024b0 | 0102 | RGBA_8888    |    0.0    0.0 1080.0 2340.0 |    0    0 1080 2340 | etf.ri.rma.newsfeedapp.test/androidx[...]ivityInvoker$EmptyActivity$_7890#880
06-06 13:00:15.387  1715  1715 D SurfaceFlinger:      CLIENT | 0xb4000073beb0caa0 | 0100 | RGBA_8888    |    0.0    0.0 1080.0 2340.0 |    0    0 1080 2340 | Splash Screen etf.ri.rma.newsfeedapp.test$_5355#867
06-06 13:00:15.387  1715  1715 D SurfaceFlinger:      DEVICE | 0xb4000073beb0f440 | 0100 | RGBA_8888    |    0.0    0.0 1080.0   87.0 |    0    0 1080   87 | StatusBar$_5355#90
06-06 13:00:15.387  1715  1715 D SurfaceFlinger:      DEVICE | 0xb4000073beb138e0 | 0100 | RGBA_8888    |    0.0    0.0   67.0  342.0 | 1013  438 1080  780 | com.sec.android.app.launcher/com.sam[...]ce.edge.CocktailBarService$
06-06 13:00:15.387  1715  1715 D SurfaceFlinger: _6421#145
06-06 13:00:15.387  1715  1715 D SurfaceFlinger:      DEVICE | 0xb4000073beb07fd0 | 0100 | RGBA_8888    |    0.0    0.0 1080.0  144.0 |    0 2196 1080 2340 | NavigationBar0$_5355#89
06-06 13:00:15.387  1715  1715 D SurfaceFlinger:
06-06 13:00:15.387  1574  1638 I HYPER-HAL: [RequestManager.cpp]acquire(): Acquired ID : 1594213  [1577 / 208]    HINT :      list : [UCLAMP_MIN_BOOST / 0] [TID / 7828] [TID / 7829] [TID / 7790] [TID / 7818]
06-06 13:00:15.387  1574  1638 I HYPER-HAL: [RequestManager.cpp]releaseLocked(): Released ID : 1592427
06-06 13:00:15.387  1574  1638 I HYPER-HAL: [RequestManager.cpp]releaseLocked(): Released ID : 1594213
06-06 13:00:15.388  7790  7790 D InputTransport: Input channel destroyed: 'd9e191a', fd=124
06-06 13:00:15.388  1715  1715 I Layer   : Layer::reparent [etf.ri.rma.newsfeedapp/etf.ri.rma.newsfeedapp.MainActivity$_7790#850] newParentHandle : null -------------------------
06-06 13:00:15.388  1715  1715 I Layer   : id=850 removeFromCurrentState etf.ri.rma.newsfeedapp/etf.ri.rma.newsfeedapp.MainActivity$_7790#850 (245)
06-06 13:00:15.388  1715  1715 I Layer   : Layer::reparent [etf.ri.rma.newsfeedapp/etf.ri.rma.newsfeedapp.MainActivity$_7790#850] End -------------------------
06-06 13:00:15.388  1715  1715 I Layer   : Layer::reparent [d9e191a etf.ri.rma.newsfeedapp/etf.ri.rma.newsfeedapp.MainActivity#841] newParentHandle : null -------------------------
06-06 13:00:15.388  1715  1715 I Layer   : id=841 removeFromCurrentState d9e191a etf.ri.rma.newsfeedapp/etf.ri.rma.newsfeedapp.MainActivity#841 (245)
06-06 13:00:15.388  1715  1715 I Layer   : Layer::reparent [d9e191a etf.ri.rma.newsfeedapp/etf.ri.rma.newsfeedapp.MainActivity#841] End -------------------------
06-06 13:00:15.388  1715  1715 I Layer   : Layer::reparent [ac5a498 InputMethod#154] newParent : Surface(name=ac5a498 InputMethod)/@0x1895ba - animation-leash of insets_animation#919 , isRemovedFromCurrentState : 0 -------------------------
06-06 13:00:15.388  1715  1715 I Layer   : Layer::reparent [ac5a498 InputMethod#154] End -------------------------
06-06 13:00:15.388  1715  1715 I Layer   : Layer::reparent [Surface(name=ac5a498 InputMethod)/@0x1895ba - animation-leash of insets_animation#858] newParentHandle : null -------------------------
06-06 13:00:15.388  1715  1715 I Layer   : id=858 removeFromCurrentState Surface(name=ac5a498 InputMethod)/@0x1895ba - animation-leash of insets_animation#858 (245)
06-06 13:00:15.388  1715  1715 I Layer   : Layer::reparent [Surface(name=ac5a498 InputMethod)/@0x1895ba - animation-leash of insets_animation#858] End -------------------------
06-06 13:00:15.388  1715  1715 I Layer   : id=844 Destroyed d9e191a etf.ri.rma.newsfeedapp/etf.ri.rma.newsfeedapp.MainActivity#841 (Mirror)#844
06-06 13:00:15.388  1715  1715 I Layer   : id=859 Destroyed Surface(name=ac5a498 InputMethod)/@0x1895ba - animation-leash of insets_animation#858 (Mirror)#859
06-06 13:00:15.389  1715  1715 I SurfaceFlinger: id=858 Removed Surface(name=ac5a498 InputMethod)/@0x1895ba - animation-leash of insets_animation#858 (244)
06-06 13:00:15.389  1715  1715 I SurfaceFlinger: id=841 Removed d9e191a etf.ri.rma.newsfeedapp/etf.ri.rma.newsfeedapp.MainActivity#841 (244)
06-06 13:00:15.389  1715  1715 I SurfaceFlinger: id=850 Removed etf.ri.rma.newsfeedapp/etf.ri.rma.newsfeedapp.MainActivity$_7790#850 (244)
06-06 13:00:15.389  1715  1715 I Layer   : id=853 Destroyed etf.ri.rma.newsfeedapp/etf.ri.rma.newsfeedapp.MainActivity$_7790#850 (Mirror)#853
06-06 13:00:15.390  5355  5471 I ViewRootImpl@5f965d2[StatusBar]: Resizing android.view.ViewRootImpl@52a4b8c: frame = [0,0][1080,87] reportDraw = false forceLayout = false syncSeqId = -1
06-06 13:00:15.390  6421  6458 I ViewRootImpl@b8b0272[CocktailBarService]: Resizing android.view.ViewRootImpl@899f8b5: frame = [1013,438][1080,780] reportDraw = false forceLayout = false syncSeqId = -1
06-06 13:00:15.391  5355  5447 I ViewRootImpl@dd5e81e[test]: mWNT: t=0xb40000747f99fcb0 mBlastBufferQueue=0xb4000074df990630 fn= 4 mRenderHdrSdrRatio=1.0 caller= android.view.SyncRtSurfaceTransactionApplier.applyTransaction:96 android.view.SyncRtSurfaceTransactionApplier.lambda$scheduleApply$0:69 android.view.SyncRtSurfaceTransactionApplier.$r8$lambda$SgowXC58rj3PR958kHUfRgLZmvE:0
06-06 13:00:15.391  5355  5413 I ViewRootImpl@b9cb471[NavigationBar0]: Resizing android.view.ViewRootImpl@9559699: frame = [0,2196][1080,2340] reportDraw = false forceLayout = false syncSeqId = -1
06-06 13:00:15.391  6421  6580 I ViewRootImpl@cc9c4e9[LauncherActivity]: Resizing android.view.ViewRootImpl@2c5d015: frame = [0,0][1080,2340] reportDraw = false forceLayout = false syncSeqId = -1
06-06 13:00:15.391  5355  5406 I WallpaperService: resized: system, syncSeqId=-1
06-06 13:00:15.391  7790  7790 D InputTransport: Input channel destroyed: 'ClientS', fd=143
06-06 13:00:15.392  7790  7812 E TestRunner: failed: getTopNewsPolitikaDeepCompare(etf.ri.rma.newsfeedapp.TestS3)
06-06 13:00:15.392  5355  5533 I WallpaperService: handleResized: which=5, reportDraw=false
06-06 13:00:15.392  5355  5533 I WallpaperService: updateSurface system forceRelayout=true forceReport=false redrawNeeded=false myWidth=2340 myHeight=2340 fixedSize=true x = 0 y = 0 mWidth=2340 mHeight=2340
06-06 13:00:15.392  5355  5533 I WallpaperService: maxBounds : Rect(0, 0 - 1080, 2340) , mDeviceHeight : 2340, mDeviceWidth : 1080,mDeviceRotation  : 0
06-06 13:00:15.392  5355  5533 I WallpaperService: updateSurface: invoke Session.relayout
06-06 13:00:15.392  1715  2430 I SurfaceFlinger: id=842 Removed 196bc6b ActivityRecordInputSink etf.ri.rma.newsfeedapp/.MainActivity#842 (243)
06-06 13:00:15.392  1715  6620 I SurfaceFlinger: id=921 createSurf, flag=24004, Task=19#921
06-06 13:00:15.395  2342  5137 V WindowManager: Relayout Window{50e77d0 u0 com.android.systemui.wallpapers.ImageWallpaper_system}: viewVisibility=0 req=2340x2340 ty=2013 d0
06-06 13:00:15.395  7790  7812 E TestRunner: ----- begin exception -----
06-06 13:00:15.395  7790  7812 E TestRunner: java.lang.AssertionError: Lista treba imati tacno 3 vrijednosti
06-06 13:00:15.395  7790  7812 E TestRunner: 	at org.junit.Assert.fail(Assert.java:89)
06-06 13:00:15.395  7790  7812 E TestRunner: 	at kotlin.test.junit.JUnitAsserter.fail(JUnitSupport.kt:56)
06-06 13:00:15.395  7790  7812 E TestRunner: 	at kotlin.test.Asserter$DefaultImpls.assertTrue(Assertions.kt:694)
06-06 13:00:15.395  7790  7812 E TestRunner: 	at kotlin.test.junit.JUnitAsserter.assertTrue(JUnitSupport.kt:30)
06-06 13:00:15.395  7790  7812 E TestRunner: 	at kotlin.test.Asserter$DefaultImpls.assertTrue(Assertions.kt:704)
06-06 13:00:15.395  7790  7812 E TestRunner: 	at kotlin.test.junit.JUnitAsserter.assertTrue(JUnitSupport.kt:30)
06-06 13:00:15.395  7790  7812 E TestRunner: 	at kotlin.test.AssertionsKt__AssertionsKt.assertTrue(Assertions.kt:44)
06-06 13:00:15.395  7790  7812 E TestRunner: 	at kotlin.test.AssertionsKt.assertTrue(Unknown Source:1)
06-06 13:00:15.395  7790  7812 E TestRunner: 	at etf.ri.rma.newsfeedapp.TestS3$getTopNewsPolitikaDeepCompare$1.invokeSuspend(TestS3.kt:95)
06-06 13:00:15.395  7790  7812 E TestRunner: 	at kotlin.coroutines.jvm.internal.BaseContinuationImpl.resumeWith(ContinuationImpl.kt:33)
06-06 13:00:15.395  7790  7812 E TestRunner: 	at kotlinx.coroutines.DispatchedTask.run(DispatchedTask.kt:108)
06-06 13:00:15.395  7790  7812 E TestRunner: 	at kotlinx.coroutines.test.TestDispatcher.processEvent$kotlinx_coroutines_test(TestDispatcher.kt:28)
06-06 13:00:15.395  7790  7812 E TestRunner: 	at kotlinx.coroutines.test.TestCoroutineScheduler.tryRunNextTaskUnless$kotlinx_coroutines_test(TestCoroutineScheduler.kt:103)
06-06 13:00:15.395  7790  7812 E TestRunner: 	at kotlinx.coroutines.test.TestBuildersKt__TestBuildersKt$runTest$2$1$workRunner$1.invokeSuspend(TestBuilders.kt:320)
06-06 13:00:15.395  7790  7812 E TestRunner: 	at kotlin.coroutines.jvm.internal.BaseContinuationImpl.resumeWith(ContinuationImpl.kt:33)
06-06 13:00:15.395  7790  7812 E TestRunner: 	at kotlinx.coroutines.DispatchedTask.run(DispatchedTask.kt:108)
06-06 13:00:15.395  7790  7812 E TestRunner: 	at kotlinx.coroutines.EventLoopImplBase.processNextEvent(EventLoop.common.kt:280)
06-06 13:00:15.395  7790  7812 E TestRunner: 	at kotlinx.coroutines.BlockingCoroutine.joinBlocking(Builders.kt:85)
06-06 13:00:15.395  7790  7812 E TestRunner: 	at kotlinx.coroutines.BuildersKt__BuildersKt.runBlocking(Builders.kt:59)
06-06 13:00:15.395  7790  7812 E TestRunner: 	at kotlinx.coroutines.BuildersKt.runBlocking(Unknown Source:1)
06-06 13:00:15.395  7790  7812 E TestRunner: 	at kotlinx.coroutines.BuildersKt__BuildersKt.runBlocking$default(Builders.kt:38)
06-06 13:00:15.395  7790  7812 E TestRunner: 	at kotlinx.coroutines.BuildersKt.runBlocking$default(Unknown Source:1)
06-06 13:00:15.395  7790  7812 E TestRunner: 	at kotlinx.coroutines.test.TestBuildersJvmKt.createTestResult(TestBuildersJvm.kt:13)
06-06 13:00:15.395  7790  7812 E TestRunner: 	at kotlinx.coroutines.test.TestBuildersKt__TestBuildersKt.runTest-8Mi8wO0(TestBuilders.kt:308)
06-06 13:00:15.395  7790  7812 E TestRunner: 	at kotlinx.coroutines.test.TestBuildersKt.runTest-8Mi8wO0(Unknown Source:1)
06-06 13:00:15.395  7790  7812 E TestRunner: 	at kotlinx.coroutines.test.TestBuildersKt__TestBuildersKt.runTest-8Mi8wO0(TestBuilders.kt:166)
06-06 13:00:15.395  7790  7812 E TestRunner: 	at kotlinx.coroutines.test.TestBuildersKt.runTest-8Mi8wO0(Unknown Source:1)
06-06 13:00:15.395  7790  7812 E TestRunner: 	at kotlinx.coroutines.test.TestBuildersKt__TestBuildersKt.runTest-8Mi8wO0$default(TestBuilders.kt:158)
06-06 13:00:15.395  7790  7812 E TestRunner: 	at kotlinx.coroutines.test.TestBuildersKt.runTest-8Mi8wO0$default(Unknown Source:1)
06-06 13:00:15.395  7790  7812 E TestRunner: 	at etf.ri.rma.newsfeedapp.TestS3.getTopNewsPolitikaDeepCompare(TestS3.kt:85)
06-06 13:00:15.395  7790  7812 E TestRunner: 	at java.lang.reflect.Method.invoke(Native Method)
06-06 13:00:15.395  7790  7812 E TestRunner: 	at org.junit.runners.model.FrameworkMethod$1.runReflectiveCall(FrameworkMethod.java:59)
06-06 13:00:15.395  7790  7812 E TestRunner: 	at org.junit.internal.runners.model.ReflectiveCallable.run(ReflectiveCallable.java:12)
06-06 13:00:15.395  7790  7812 E TestRunner: 	at org.junit.runners.model.FrameworkMethod.invokeExplosively(FrameworkMethod.java:56)
06-06 13:00:15.395  7790  7812 E TestRunner: 	at org.junit.internal.runners.statements.InvokeMethod.evaluate(InvokeMethod.java:17)
06-06 13:00:15.395  7790  7812 E TestRunner: 	at androidx.test.internal.runner.junit4.statement.RunBefores.evaluate(RunBefores.java:80)
06-06 13:00:15.395  7790  7812 E TestRunner: 	at org.junit.rules.ExternalResource$1.evaluate(ExternalResource.java:54)
06-06 13:00:15.395  7790  7812 E TestRunner: 	at androidx.compose.ui.test.junit4.AndroidComposeTestRule$apply$1$evaluate$1.invoke(AndroidComposeTestRule.android.kt:272)
06-06 13:00:15.395  7790  7812 E TestRunner: 	at androidx.compose.ui.test.junit4.AndroidComposeTestRule$apply$1$evaluate$1.invoke(AndroidComposeTestRule.android.kt:271)
06-06 13:00:15.395  7790  7812 E TestRunner: 	at androidx.compose.ui.test.AndroidComposeUiTestEnvironment$AndroidComposeUiTestImpl.withDisposableContent(ComposeUiTest.android.kt:505)
06-06 13:00:15.395  7790  7812 E TestRunner: 	at androidx.compose.ui.test.AndroidComposeUiTestEnvironment$runTest$1$1$1$1$1$1.invoke(ComposeUiTest.android.kt:333)
06-06 13:00:15.395  7790  7812 E TestRunner: 	at androidx.compose.ui.test.AndroidComposeUiTestEnvironment.withComposeIdlingResource(ComposeUiTest.android.kt:385)
06-06 13:00:15.395  7790  7812 E TestRunner: 	at androidx.compose.ui.test.AndroidComposeUiTestEnvironment.access$withComposeIdlingResource(ComposeUiTest.android.kt:219)
06-06 13:00:15.395  7790  7812 E TestRunner: 	at androidx.compose.ui.test.AndroidComposeUiTestEnvironment$runTest$1$1$1$1$1.invoke(ComposeUiTest.android.kt:332)
06-06 13:00:15.395  2342  6212 D InputTransport: Input channel constructed: 'ClientS', fd=958
06-06 13:00:15.395  2342  6212 D InputTransport: Input channel destroyed: 'ClientS', fd=958
06-06 13:00:15.396 11275 11275 I InputMethodService: scheduleImeSurfaceRemoval: canceled, mShowInputRequested=false, mWindowVisible=false, IsmWindowNull=false, IsmImeSurfaceRemoverRunnableNotNull=true
06-06 13:00:15.396  1715  1715 I Layer   : Layer::reparent [ActivityRecord{9bdbc61 u0 etf.ri.rma.newsfeedapp/.MainActivity t19}#833] newParentHandle : null -------------------------
06-06 13:00:15.396  6421  6421 I ViewRootImpl@b8b0272[CocktailBarService]: handleResized, msg = 4 frames=ClientWindowFrames{frame=[1013,438][1080,780] display=[0,0][1080,2196] parentFrame=[0,0][0,0]} forceNextWindowRelayout=false displayId=0 dragResizing=false compatScale=1.0 frameChanged=false attachedFrameChanged=false configChanged=false displayChanged=false compatScaleChanged=false
06-06 13:00:15.396  1715  1715 I Layer   : id=833 removeFromCurrentState ActivityRecord{9bdbc61 u0 etf.ri.rma.newsfeedapp/.MainActivity t19}#833 (244)
06-06 13:00:15.396  1715  1715 I Layer   : id=842 removeFromCurrentState 196bc6b ActivityRecordInputSink etf.ri.rma.newsfeedapp/.MainActivity#842 (244)
06-06 13:00:15.396  1715  1715 I Layer   : id=17 removeFromCurrentState ImeContainer#17 (244)
06-06 13:00:15.396  1715  1715 I Layer   : id=98 removeFromCurrentState WindowToken{f7b1b09 type=2011 android.os.Binder@15b9410}#98 (244)
06-06 13:00:15.396  6421  9453 W qdgralloc: getInterlacedFlag: getMetaData returned 3, defaulting to interlaced_flag = 0
06-06 13:00:15.396  1715  1715 I Layer   : id=919 removeFromCurrentState Surface(name=ac5a498 InputMethod)/@0x1895ba - animation-leash of insets_animation#919 (244)
06-06 13:00:15.396  1715  1715 I Layer   : id=154 removeFromCurrentState ac5a498 InputMethod#154 (244)
06-06 13:00:15.396  1715  1715 I Layer   : Layer::reparent [ActivityRecord{9bdbc61 u0 etf.ri.rma.newsfeedapp/.MainActivity t19}#833] End -------------------------
06-06 13:00:15.396  1715  1715 I Layer   : Layer::reparent [Task=19#832] newParentHandle : null -------------------------
06-06 13:00:15.396  1715  1715 I Layer   : id=832 removeFromCurrentState Task=19#832 (244)
06-06 13:00:15.396  1715  1715 I Layer   : Layer::reparent [Task=19#832] End -------------------------
06-06 13:00:15.396  1715  1715 I Layer   : Layer::reparent [Task=19#921] newParentHandle : null -------------------------
06-06 13:00:15.396  1715  1715 I Layer   : id=921 removeFromCurrentState Task=19#921 (244)
06-06 13:00:15.396  1715  1715 I Layer   : Layer::reparent [Task=19#921] End -------------------------
06-06 13:00:15.396  6421  6421 I ViewRootImpl@cc9c4e9[LauncherActivity]: handleResized, msg = 4 frames=ClientWindowFrames{frame=[0,0][1080,2340] display=[0,0][1080,2340] parentFrame=[0,0][0,0]} forceNextWindowRelayout=false displayId=0 dragResizing=false compatScale=1.0 frameChanged=false attachedFrameChanged=false configChanged=false displayChanged=false compatScaleChanged=false
06-06 13:00:15.396  1715  1715 I Layer   : id=841 Destroyed d9e191a etf.ri.rma.newsfeedapp/etf.ri.rma.newsfeedapp.MainActivity#841
06-06 13:00:15.396  1715  1715 I Layer   : id=850 Destroyed etf.ri.rma.newsfeedapp/etf.ri.rma.newsfeedapp.MainActivity$_7790#850
06-06 13:00:15.396  1715  1715 I Layer   : id=858 Destroyed Surface(name=ac5a498 InputMethod)/@0x1895ba - animation-leash of insets_animation#858
06-06 13:00:15.396 11275 11275 I HBD     : HoneyBoardService onFinishInput
06-06 13:00:15.396  1715  1715 I Layer   : id=834 Destroyed Task=19#832 (Mirror)#834
06-06 13:00:15.396  1715  1715 I Layer   : id=835 Destroyed ActivityRecord{9bdbc61 u0 etf.ri.rma.newsfeedapp/.MainActivity t19}#833 (Mirror)#835
06-06 13:00:15.396  1715  1715 I Layer   : id=843 Destroyed 196bc6b ActivityRecordInputSink etf.ri.rma.newsfeedapp/.MainActivity#842 (Mirror)#843
06-06 13:00:15.396  1715  1715 I Layer   : id=411 Destroyed ImeContainer#17 (Mirror)#411
06-06 13:00:15.396  1715  1715 I Layer   : id=412 Destroyed WindowToken{f7b1b09 type=2011 android.os.Binder@15b9410}#98 (Mirror)#412
06-06 13:00:15.396  1715  1715 I Layer   : id=920 Destroyed Surface(name=ac5a498 InputMethod)/@0x1895ba - animation-leash of insets_animation#919 (Mirror)#920
06-06 13:00:15.396  1715  1715 I Layer   : id=414 Destroyed ac5a498 InputMethod#154 (Mirror)#414
06-06 13:00:15.396  7790  7812 E TestRunner: 	at androidx.compose.ui.test.AndroidComposeUiTestEnvironment.withWindowRecomposer(ComposeUiTest.android.kt:359)
06-06 13:00:15.396  7790  7812 E TestRunner: 	at androidx.compose.ui.test.AndroidComposeUiTestEnvironment.access$withWindowRecomposer(ComposeUiTest.android.kt:219)
06-06 13:00:15.396  7790  7812 E TestRunner: 	at androidx.compose.ui.test.AndroidComposeUiTestEnvironment$runTest$1$1$1$1.invoke(ComposeUiTest.android.kt:331)
06-06 13:00:15.396  7790  7812 E TestRunner: 	at androidx.compose.ui.test.AndroidComposeUiTestEnvironment.withTestCoroutines(ComposeUiTest.android.kt:372)
06-06 13:00:15.396  7790  7812 E TestRunner: 	at androidx.compose.ui.test.AndroidComposeUiTestEnvironment.access$withTestCoroutines(ComposeUiTest.android.kt:219)
06-06 13:00:15.396  7790  7812 E TestRunner: 	at androidx.compose.ui.test.AndroidComposeUiTestEnvironment$runTest$1$1$1.invoke(ComposeUiTest.android.kt:330)
06-06 13:00:15.396  7790  7812 E TestRunner: 	at androidx.compose.ui.test.EspressoLink.withStrategy(EspressoLink.android.kt:66)
06-06 13:00:15.396  7790  7812 E TestRunner: 	at androidx.compose.ui.test.AndroidComposeUiTestEnvironment$runTest$1$1.invoke(ComposeUiTest.android.kt:329)
06-06 13:00:15.396  7790  7812 E TestRunner: 	at androidx.compose.ui.test.IdlingResourceRegistry.withRegistry(IdlingResourceRegistry.jvm.kt:155)
06-06 13:00:15.396  7790  7812 E TestRunner: 	at androidx.compose.ui.test.AndroidComposeUiTestEnvironment$runTest$1.invoke(ComposeUiTest.android.kt:328)
06-06 13:00:15.396  7790  7812 E TestRunner: 	at androidx.compose.ui.test.ComposeRootRegistry.withRegistry(ComposeRootRegistry.android.kt:146)
06-06 13:00:15.396  7790  7812 E TestRunner: 	at androidx.compose.ui.test.AndroidComposeUiTestEnvironment.runTest(ComposeUiTest.android.kt:327)
06-06 13:00:15.396  7790  7812 E TestRunner: 	at androidx.compose.ui.test.junit4.AndroidComposeTestRule$apply$1.evaluate(AndroidComposeTestRule.android.kt:271)
06-06 13:00:15.396  7790  7812 E TestRunner: 	at org.junit.runners.ParentRunner$3.evaluate(ParentRunner.java:306)
06-06 13:00:15.396  7790  7812 E TestRunner: 	at org.junit.runners.BlockJUnit4ClassRunner$1.evaluate(BlockJUnit4ClassRunner.java:100)
06-06 13:00:15.396  7790  7812 E TestRunner: 	at org.junit.runners.ParentRunner.runLeaf(ParentRunner.java:366)
06-06 13:00:15.396  7790  7812 E TestRunner: 	at org.junit.runners.BlockJUnit4ClassRunner.runChild(BlockJUnit4ClassRunner.java:103)
06-06 13:00:15.396  7790  7812 E TestRunner: 	at org.junit.runners.BlockJUnit4ClassRunner.runChild(BlockJUnit4ClassRunner.java:63)
06-06 13:00:15.396  7790  7812 E TestRunner: 	at org.junit.runners.ParentRunner$4.run(ParentRunner.java:331)
06-06 13:00:15.396  7790  7812 E TestRunner: 	at org.junit.runners.ParentRunner$1.schedule(ParentRunner.java:79)
06-06 13:00:15.396  7790  7812 E TestRunner: 	at org.junit.runners.ParentRunner.runChildren(ParentRunner.java:329)
06-06 13:00:15.396  7790  7812 E TestRunner: 	at org.junit.runners.ParentRunner.access$100(ParentRunner.java:66)
06-06 13:00:15.396  7790  7812 E TestRunner: 	at org.junit.runners.ParentRunner$2.evaluate(ParentRunner.java:293)
06-06 13:00:15.396  7790  7812 E TestRunner: 	at org.junit.runners.ParentRunner$3.evaluate(ParentRunner.java:306)
06-06 13:00:15.396  7790  7812 E TestRunner: 	at org.junit.runners.ParentRunner.run(ParentRunner.java:413)
06-06 13:00:15.396  7790  7812 E TestRunner: 	at androidx.test.ext.junit.runners.AndroidJUnit4.run(AndroidJUnit4.java:162)
06-06 13:00:15.396  7790  7812 E TestRunner: 	at org.junit.runners.Suite.runChild(Suite.java:128)
06-06 13:00:15.396  7790  7812 E TestRunner: 	at org.junit.runners.Suite.runChild(Suite.java:27)
06-06 13:00:15.396  7790  7812 E TestRunner: 	at org.junit.runners.ParentRunner$4.run(ParentRunner.java:331)
06-06 13:00:15.396  7790  7812 E TestRunner: 	at org.junit.runners.ParentRunner$1.schedule(ParentRunner.java:79)
06-06 13:00:15.396  7790  7812 E TestRunner: 	at org.junit.runners.ParentRunner.runChildren(ParentRunner.java:329)
06-06 13:00:15.396  7790  7812 E TestRunner: 	at org.junit.runners.ParentRunner.access$100(ParentRunner.java:66)
06-06 13:00:15.396  7790  7812 E TestRunner: 	at org.junit.runners.ParentRunner$2.evaluate(ParentRunner.java:293)
06-06 13:00:15.396  7790  7812 E TestRunner: 	at org.junit.runners.ParentRunner$3.evaluate(ParentRunner.java:306)
06-06 13:00:15.396  7790  7812 E TestRunner: 	at org.junit.runners.ParentRunner.run(ParentRunner.java:413)
06-06 13:00:15.396  7790  7812 E TestRunner: 	at org.junit.runner.JUnitCore.run(JUnitCore.java:137)
06-06 13:00:15.396  7790  7812 E TestRunner: 	at org.junit.runner.JUnitCore.run(JUnitCore.java:115)
06-06 13:00:15.396  7790  7812 E TestRunner: 	at androidx.test.internal.runner.TestExecutor.execute(TestExecutor.java:68)
06-06 13:00:15.396  7790  7812 E TestRunner: 	at androidx.test.internal.runner.TestExecutor.execute(TestExecutor.java:59)
06-06 13:00:15.396  7790  7812 E TestRunner: 	at androidx.test.runner.AndroidJUnitRunner.onStart(AndroidJUnitRunner.java:463)
06-06 13:00:15.396  7790  7812 E TestRunner: 	at android.app.Instrumentation$InstrumentationThread.run(Instrumentation.java:2415)
06-06 13:00:15.396  7790  7812 E TestRunner: ----- end exception -----
06-06 13:00:15.396 11275 11275 I HBD     : a IC have been unbinding,  RemoteInputConnection{idHash=#6da9946}
06-06 13:00:15.396 11275 11275 I HBD     : HoneyBoardService [PF_CL][onFinishInput]  0 ms
06-06 13:00:15.396 11275 11275 I HBD     : HoneyBoardService [IMI] onStartInput - caller pid : 6421 , caller uid : 10150
06-06 13:00:15.396 11275 11275 I HBD     : j updateConfigs
06-06 13:00:15.396 11275 11275 I HBD     : j isEnabledNightMode : true
06-06 13:00:15.396 11275 11275 I HBD     : a IC have been binding, RemoteInputConnection{idHash=#7eac707}
06-06 13:00:15.396 11275 11275 I HBD     : h [EditorInputType]setPrivateImeOptionsToTable privateImeOptions ( null )
06-06 13:00:15.396 11275 11275 I HBD     : b incognitoMode : false
06-06 13:00:15.396 11275 11275 I HBD     : b needOff = true , isForceOff = false, isNullInputClass : true
06-06 13:00:15.396 11275 11275 I HBD     : h getDefaultInputRange : UNKNOWN
06-06 13:00:15.396 11275 11275 I HBD     : h getDefaultInputRange : UNKNOWN
06-06 13:00:15.396 11275 11275 I HBD     : h getDefaultInputRange : UNKNOWN
06-06 13:00:15.396  6421  5991 I HoneySpace.RecentTasks: onRecentTasksChanged
06-06 13:00:15.397  1715  1715 I SurfaceFlinger: id=921 Removed Task=19#921 (234)
06-06 13:00:15.397  1715  1715 I SurfaceFlinger: id=833 Removed ActivityRecord{9bdbc61 u0 etf.ri.rma.newsfeedapp/.MainActivity t19}#833 (234)
06-06 13:00:15.397  6421  9457 I ViewRootImpl@cc9c4e9[LauncherActivity]: mWNT: t=0xb40000747f96d9b0 mBlastBufferQueue=0xb4000074df963770 fn= 4 mRenderHdrSdrRatio=1.0 caller= com.android.systemui.shared.launcher.ViewRootImplCompat.mergeWithNextTransaction:4 com.honeyspace.transition.utils.SurfaceTransactionApplier.scheduleApply$lambda$1:26 com.honeyspace.transition.utils.SurfaceTransactionApplier.c:0
06-06 13:00:15.397  6421  9458 I ViewRootImpl@cc9c4e9[LauncherActivity]: mWNT: t=0xb40000747f961510 mBlastBufferQueue=0xb4000074df963770 fn= 5 mRenderHdrSdrRatio=1.0 caller= com.android.systemui.shared.launcher.ViewRootImplCompat.mergeWithNextTransaction:4 com.honeyspace.transition.utils.SurfaceTransactionApplier.scheduleApply$lambda$1:26 com.honeyspace.transition.utils.SurfaceTransactionApplier.c:0
06-06 13:00:15.398  5355  5446 I ViewRootImpl@dd5e81e[test]: mWNT: t=0xb40000747f9ac6d0 mBlastBufferQueue=0xb4000074df990630 fn= 5 mRenderHdrSdrRatio=1.0 caller= android.view.SyncRtSurfaceTransactionApplier.applyTransaction:96 android.view.SyncRtSurfaceTransactionApplier.lambda$scheduleApply$0:69 android.view.SyncRtSurfaceTransactionApplier.$r8$lambda$SgowXC58rj3PR958kHUfRgLZmvE:0
06-06 13:00:15.399 11275 11275 I HBD     : b needOff = true , isForceOff = false, isNullInputClass : true
06-06 13:00:15.399 11275 11275 I HBD     : b update cached prediction status : false
06-06 13:00:15.399 11275 11275 I HBD     : h getDefaultInputRange : UNKNOWN
06-06 13:00:15.399 11275 11275 I HBD     : a currentState : 0
06-06 13:00:15.399 11275 11275 I HBD     : a [UpdatePolicy] [post] a: 0 cl: 65537 kit: [0/0] vt: 0 ir: 1
06-06 13:00:15.400  2342  5137 V WindowManager: Relayout hash=50e77d0, pid=5355, syncId=-1: mAttrs={(0,0)(2340x2340) gr=TOP START CENTER layoutInDisplayCutoutMode=always ty=WALLPAPER fmt=RGBX_8888 wanim=0x1030314
06-06 13:00:15.400  2342  5137 V WindowManager:   fl=14318
06-06 13:00:15.400  2342  5137 V WindowManager:   pfl=2000014
06-06 13:00:15.400  2342  5137 V WindowManager:   bhv=DEFAULT naviIconColor=0
06-06 13:00:15.400  2342  5137 V WindowManager:   sfl=8}
06-06 13:00:15.400  7790  7812 I TestRunner: finished: getTopNewsPolitikaDeepCompare(etf.ri.rma.newsfeedapp.TestS3)
