06-06 13:00:13.597  1715  1715 I Layer   : id=646 Destroyed Surface(name=Task=14)/@0x93d2760_transition-leash#642 (Mirror)#646
06-06 13:00:13.597  1715  1715 I Layer   : id=637 Destroyed Surface(name=87e62a6 NavigationBar0)/@0xf64c4fb - animation-leash of insets_animation#633 (Mirror)#637
06-06 13:00:13.597  7890  7890 I ViewRootImpl@16860e8[InstrumentationActivityInvoker$EmptyActivity]: destroyHardwareResources: Callers=android.view.ViewRootImpl.performTraversals:3937 android.view.ViewRootImpl.doTraversal:3291 android.view.ViewRootImpl$TraversalRunnable.run:11329 android.view.Choreographer$CallbackRecord.run:1689 android.view.Choreographer$CallbackRecord.run:1698 android.view.Choreographer.doCallbacks:1153 android.view.Choreographer.doFrame:1079 android.view.Choreographer$FrameDisplayEventReceiver.run:1646 android.os.Handler.handleCallback:958 android.os.Handler.dispatchMessage:99
06-06 13:00:13.597  6421  9458 I ViewRootImpl@cc9c4e9[LauncherActivity]: mWNT: t=0xb40000747f970df0 mBlastBufferQueue=0xb4000074df963770 fn= 15 mRenderHdrSdrRatio=1.0 caller= com.android.systemui.shared.launcher.ViewRootImplCompat.mergeWithNextTransaction:4 com.honeyspace.transition.utils.SurfaceTransactionApplier.scheduleApply$lambda$1:26 com.honeyspace.transition.utils.SurfaceTransactionApplier.c:0
06-06 13:00:13.597  1715  1715 I SurfaceFlinger: id=594 Removed Splash Screen etf.ri.rma.newsfeedapp.test$_5355#594 (234)
06-06 13:00:13.597  1715  1715 I SurfaceFlinger: id=634 Removed Surface(name=53a7541 StatusBar)/@0x3ba06c - animation-leash of insets_animation#634 (234)
06-06 13:00:13.597  1715  1715 I SurfaceFlinger: id=633 Removed Surface(name=87e62a6 NavigationBar0)/@0xf64c4fb - animation-leash of insets_animation#633 (234)
06-06 13:00:13.597  1715  1715 I SurfaceFlinger: id=638 Removed Transition Root: Task=1#638 (234)
06-06 13:00:13.597  1715  1715 I Layer   : id=598 Destroyed Splash Screen etf.ri.rma.newsfeedapp.test$_5355#594 (Mirror)#598
06-06 13:00:13.598  7890  7917 D OpenGLRenderer: CacheManager::trimMemory(20)
06-06 13:00:13.598  2342  5137 V WindowManager: Relayout Window{7e0881a u0 etf.ri.rma.newsfeedapp.test/androidx.test.core.app.InstrumentationActivityInvoker$EmptyActivity}: viewVisibility=8 req=1080x2340 ty=1 d0
06-06 13:00:13.599  5355  5355 D SamsungStatusBarGrayIconHelper: isGrayAppearance=false
06-06 13:00:13.599  5355  5355 D SamsungLightBarControlHelper: onStatusBarAppearanceChanged() -  sbModeChanged:false, statusBarMode:0, barState:MODE_TRANSPARENT, isKeyguardShowing:false, navbarColorManagedByIme:false, stackAppearanceChanged:true, (AppearanceRegion{LIGHT_STATUS_BARS bounds=[0,0][1080,2340]}, ), packageName:etf.ri.rma.newsfeedapp
06-06 13:00:13.599  5355  5355 D NavigationBar: onSystemBarAttributesChanged() -  displayId:0, appearance:24, packageName: etf.ri.rma.newsfeedapp (APPEARANCE_LIGHT_STATUS_BARS APPEARANCE_LIGHT_NAVIGATION_BARS ), navbarColorManagedByIme:false
06-06 13:00:13.599  2342  5137 V WindowManager: Relayout hash=7e0881a, pid=7890, syncId=-1: mAttrs={(0,0)(fillxfill) sim={adjust=pan forwardNavigation} ty=BASE_APPLICATION
06-06 13:00:13.599  2342  5137 V WindowManager:   fl=81810100
06-06 13:00:13.599  2342  5137 V WindowManager:   pfl=12008040
06-06 13:00:13.599  2342  5137 V WindowManager:   bhv=DEFAULT
06-06 13:00:13.599  2342  5137 V WindowManager:   fitSides= naviIconColor=0}
06-06 13:00:13.600  5355  5355 D SamsungLightBarControlHelper: updateNavigationBar (BLACK button) isLightOpaque:false, hasLightNavigationBarFlag:true, packageName:etf.ri.rma.newsfeedapp, DirectReplying:false, NavBarColorMangedByIme:false, ForceDarkForScrim:false, QsCustomizing:false, PanelHasWhiteBg:false
06-06 13:00:13.600  5355  5355 D SysUiState: SysUiState changed: old=0x10000000 new=0x10020000
06-06 13:00:13.600  5355  5355 D SamsungLightBarControlHelper: updateStatusBar (BLACK icon) numStacks:1, StatusBarMode:MODE_TRANSPARENT, lightBarBounds:[Rect(0, 0 - 1080, 2340)], StatusBarState:SHADE, packageName:etf.ri.rma.newsfeedapp, isWhiteKeyguardStatusBar:false
06-06 13:00:13.600  1652  2311 I QC2CompStore: Setting heap usage to system
06-06 13:00:13.600  1574  1638 I HYPER-HAL: [RequestManager.cpp]acquire(): Acquired ID : 1445973  [1577 / 123]    HINT :      list : [TID_LOW_LATENCY / 0] [TID / 7920] [TID / 7921] [TID / 7890] [TID / 7917]
06-06 13:00:13.600  7012  7043 D C2SoftVpxEnc: bytes generated 34735
06-06 13:00:13.601  1715  1715 D SurfaceFlinger: Display 4630946970390616451 HWC layers:
06-06 13:00:13.601  1715  1715 D SurfaceFlinger:      DEVICE | 0xb4000073beb13a00 | 0100 | RGBA_8888    |  658.0   61.0 1682.0 2279.0 |    0    0 1080 2340 | Wallpaper BBQ wrapper 5_system#94
06-06 13:00:13.601  1715  1715 D SurfaceFlinger:      DEVICE | 0xb4000073beb080f0 | 0100 | RGBA_8888    |    0.0    0.0 1080.0 2340.0 |    0    0 1080 2340 | com.sec.android.app.launcher/com.sec[...]ctivities.LauncherActivity$_6421#632
06-06 13:00:13.601  1715  1715 D SurfaceFlinger:      DEVICE | 0xb4000073beb087b0 | 0100 | RGBA_8888    |    0.0    0.0 1080.0   87.0 |    0    0 1080   87 | StatusBar$_5355#90
06-06 13:00:13.601  1715  1715 D SurfaceFlinger:      DEVICE | 0xb4000073beb138e0 | 0100 | RGBA_8888    |    0.0    0.0   67.0  342.0 | 1013  438 1080  780 | com.sec.android.app.launcher/com.sam[...]ce.edge.CocktailBarService$_6421#145
06-06 13:00:13.601  1715  1715 D SurfaceFlinger:      DEVICE | 0xb4000073beb0fb90 | 0100 | RGBA_8888    |    0.0    0.0 1080.0  144.0 |    0 2196 1080 2340 | NavigationBar0$_5355#89
06-06 13:00:13.601  1715  1715 D SurfaceFlinger:
06-06 13:00:13.601  1574  1638 I HYPER-HAL: [RequestManager.cpp]acquire(): Acquired ID : 1447675  [1577 / 124]    HINT :      list : [UCLAMP_MIN_BOOST / 0] [TID / 7920] [TID / 7921] [TID / 7890] [TID / 7917]
06-06 13:00:13.601  6421  4145 I HoneySpace.SystemUiRepository: systemUiFlags: allow_gesture|awake
06-06 13:00:13.602  6421  6487 I HoneySpace.TaskbarEventTracker: invokeEvent() called with: event = SystemUiStateChanged(stateFlags=268566528)
06-06 13:00:13.602  1574  1638 I HYPER-HAL: [RequestManager.cpp]releaseLocked(): Released ID : 1445973
06-06 13:00:13.602  1574  1638 I HYPER-HAL: [RequestManager.cpp]releaseLocked(): Released ID : 1447675
06-06 13:00:13.605  1715  1715 I Layer   : id=594 Destroyed Splash Screen etf.ri.rma.newsfeedapp.test$_5355#594
06-06 13:00:13.605  1715  1715 I Layer   : id=634 Destroyed Surface(name=53a7541 StatusBar)/@0x3ba06c - animation-leash of insets_animation#634
06-06 13:00:13.605  1715  1715 I Layer   : id=633 Destroyed Surface(name=87e62a6 NavigationBar0)/@0xf64c4fb - animation-leash of insets_animation#633
06-06 13:00:13.605  1715  1715 I Layer   : id=638 Destroyed Transition Root: Task=1#638
06-06 13:00:13.605  7890  7890 I ViewRootImpl@16860e8[InstrumentationActivityInvoker$EmptyActivity]: Relayout returned: old=(0,0,1080,2340) new=(0,0,1080,2340) relayoutAsync=false req=(1080,2340)8 dur=7 res=0x402 s={false 0x0} ch=true seqId=0
06-06 13:00:13.607  6421  9457 I ViewRootImpl@cc9c4e9[LauncherActivity]: mWNT: t=0xb40000747f971a50 mBlastBufferQueue=0xb4000074df963770 fn= 16 mRenderHdrSdrRatio=1.0 caller= com.android.systemui.shared.launcher.ViewRootImplCompat.mergeWithNextTransaction:4 com.honeyspace.transition.utils.SurfaceTransactionApplier.scheduleApply$lambda$1:26 com.honeyspace.transition.utils.SurfaceTransactionApplier.c:0
06-06 13:00:13.614  6421  9458 I ViewRootImpl@cc9c4e9[LauncherActivity]: mWNT: t=0xb40000747f974650 mBlastBufferQueue=0xb4000074df963770 fn= 17 mRenderHdrSdrRatio=1.0 caller= com.android.systemui.shared.launcher.ViewRootImplCompat.mergeWithNextTransaction:4 com.honeyspace.transition.utils.SurfaceTransactionApplier.scheduleApply$lambda$1:26 com.honeyspace.transition.utils.SurfaceTransactionApplier.c:0
06-06 13:00:13.616  1715  1715 D SurfaceFlinger: Display 4630946970390616451 HWC layers:
06-06 13:00:13.616  1715  1715 D SurfaceFlinger:      DEVICE | 0xb4000073beb13a00 | 0100 | RGBA_8888    |  653.0   49.0 1687.0 2291.0 |    0    0 1080 2340 | Wallpaper BBQ wrapper 5_system#94
06-06 13:00:13.616  1715  1715 D SurfaceFlinger:      DEVICE | 0xb4000073beb15fb0 | 0100 | RGBA_8888    |    0.0    0.0 1080.0 2340.0 |    0    0 1080 2340 | com.sec.android.app.launcher/com.sec[...]ctivities.LauncherActivity$_6421#632
06-06 13:00:13.616  1715  1715 D SurfaceFlinger:      CLIENT | 0xb4000073beb11c30 | 0100 | RGBA_8888    |    0.0    0.0 1080.0 2340.0 |   79  170 1001 2170 | Splash Screen etf.ri.rma.newsfeedapp$_5355#659
06-06 13:00:13.616  1715  1715 D SurfaceFlinger:      DEVICE | 0xb4000073beb0f440 | 0100 | RGBA_8888    |    0.0    0.0 1080.0   87.0 |    0    0 1080   87 | StatusBar$_5355#90
06-06 13:00:13.616  1715  1715 D SurfaceFlinger:      DEVICE | 0xb4000073beb138e0 | 0100 | RGBA_8888    |    0.0    0.0   67.0  342.0 | 1013  438 1080  780 | com.sec.android.app.launcher/com.sam[...]ce.edge.CocktailBarService$_6421#145
06-06 13:00:13.616  1715  1715 D SurfaceFlinger:      DEVICE | 0xb4000073beb0f830 | 0100 | RGBA_8888    |    0.0    0.0 1080.0  144.0 |    0 2196 1080 2340 | NavigationBar0$_5355#89
06-06 13:00:13.616  1715  1715 D SurfaceFlinger:
06-06 13:00:13.617  7012  7043 D C2SoftVpxEnc: bytes generated 31951
06-06 13:00:13.623  6421  9457 I ViewRootImpl@cc9c4e9[LauncherActivity]: mWNT: t=0xb40000747f970450 mBlastBufferQueue=0xb4000074df963770 fn= 18 mRenderHdrSdrRatio=1.0 caller= com.android.systemui.shared.launcher.ViewRootImplCompat.mergeWithNextTransaction:4 com.honeyspace.transition.utils.SurfaceTransactionApplier.scheduleApply$lambda$1:26 com.honeyspace.transition.utils.SurfaceTransactionApplier.c:0
06-06 13:00:13.631  6421  9458 I ViewRootImpl@cc9c4e9[LauncherActivity]: mWNT: t=0xb40000747f972130 mBlastBufferQueue=0xb4000074df963770 fn= 19 mRenderHdrSdrRatio=1.0 caller= com.android.systemui.shared.launcher.ViewRootImplCompat.mergeWithNextTransaction:4 com.honeyspace.transition.utils.SurfaceTransactionApplier.scheduleApply$lambda$1:26 com.honeyspace.transition.utils.SurfaceTransactionApplier.c:0
06-06 13:00:13.632  7012  7043 D BufferPoolAccessor2.0: bufferpool2 0xb400007dbe05aed8 : 66(1801949 size) total buffers - 1(22468 size) used buffers - 83/260 (recycle/alloc) - 185/259 (fetch/transfer)
06-06 13:00:13.632  7012  7043 D C2SoftVpxEnc: bytes generated 22468
06-06 13:00:13.634  7790  7790 D DEBUG_IMAGE: News Title: Velika politička odluka donijeta danas, Image URL: https://interview.ba/wp-content/uploads/2024/09/fikret-1024x652.png
06-06 13:00:13.639  6421  9457 I ViewRootImpl@cc9c4e9[LauncherActivity]: mWNT: t=0xb40000747f9705b0 mBlastBufferQueue=0xb4000074df963770 fn= 20 mRenderHdrSdrRatio=1.0 caller= com.android.systemui.shared.launcher.ViewRootImplCompat.mergeWithNextTransaction:4 com.honeyspace.transition.utils.SurfaceTransactionApplier.scheduleApply$lambda$1:26 com.honeyspace.transition.utils.SurfaceTransactionApplier.c:0
06-06 13:00:13.641  2342  2416 W System  : A resource failed to call release.
06-06 13:00:13.641  2342  2416 W System  : A resource failed to call release.
06-06 13:00:13.641  2342  2416 W System  : A resource failed to call release.
06-06 13:00:13.641  2342  2416 W System  : A resource failed to call HardwareBuffer.close.
06-06 13:00:13.641  2342  2416 W System  : A resource failed to call release.
06-06 13:00:13.641  2342  2416 W System  : A resource failed to call HardwareBuffer.close.
06-06 13:00:13.642  2342  2416 W System  : A resource failed to call release.
06-06 13:00:13.645  7012  7043 D C2SoftVpxEnc: bytes generated 17122
06-06 13:00:13.645  7790  7790 D DEBUG_IMAGE: News Title: Nevjerovatan preokret na utakmici, Image URL: https://scsport.ba/wp-content/uploads/2023/02/verona566-860x464.jpg
06-06 13:00:13.647  6421  9458 I ViewRootImpl@cc9c4e9[LauncherActivity]: mWNT: t=0xb40000747f971d10 mBlastBufferQueue=0xb4000074df963770 fn= 21 mRenderHdrSdrRatio=1.0 caller= com.android.systemui.shared.launcher.ViewRootImplCompat.mergeWithNextTransaction:4 com.honeyspace.transition.utils.SurfaceTransactionApplier.scheduleApply$lambda$1:26 com.honeyspace.transition.utils.SurfaceTransactionApplier.c:0
06-06 13:00:13.652 24682 24682 I A       : onPause
06-06 13:00:13.655  6421  9457 I ViewRootImpl@cc9c4e9[LauncherActivity]: mWNT: t=0xb40000747f972290 mBlastBufferQueue=0xb4000074df963770 fn= 22 mRenderHdrSdrRatio=1.0 caller= com.android.systemui.shared.launcher.ViewRootImplCompat.mergeWithNextTransaction:4 com.honeyspace.transition.utils.SurfaceTransactionApplier.scheduleApply$lambda$1:26 com.honeyspace.transition.utils.SurfaceTransactionApplier.c:0
06-06 13:00:13.656  7012  7043 D C2SoftVpxEnc: bytes generated 6071
06-06 13:00:13.657  2342  5137 V WindowManager: Relayout Window{90e5bee u0 etf.ri.rma.newsfeedapp/etf.ri.rma.newsfeedapp.MainActivity}: viewVisibility=0 req=1080x2340 ty=1 d0
06-06 13:00:13.657  1715  1806 I SurfaceFlinger: id=670 createSurf, flag=44004, etf.ri.rma.newsfeedapp/etf.ri.rma.newsfeedapp.MainActivity$_7790#670
06-06 13:00:13.658  1715  1806 I SurfaceFlinger: id=671 createSurf, flag=24000, Surface(name=87e62a6 NavigationBar0)/@0xf64c4fb - animation-leash of insets_animation#671
06-06 13:00:13.658  1715  1806 I SurfaceFlinger: id=672 createSurf, flag=24000, Surface(name=53a7541 StatusBar)/@0x3ba06c - animation-leash of insets_animation#672
06-06 13:00:13.659  2342  5137 V WindowManager: Relayout hash=90e5bee, pid=7790, syncId=-1: mAttrs={(0,0)(fillxfill) sim={adjust=pan forwardNavigation} ty=BASE_APPLICATION wanim=0x1030303
06-06 13:00:13.659  2342  5137 V WindowManager:   fl=81810100
06-06 13:00:13.659  2342  5137 V WindowManager:   pfl=12008040
06-06 13:00:13.659  2342  5137 V WindowManager:   bhv=DEFAULT
06-06 13:00:13.659  2342  5137 V WindowManager:   fitSides= naviIconColor=0}
06-06 13:00:13.659  8184  8685 I SemDvfsHyPerManager: acquire hyper - TABaseBoost/8184@26, type = 1090523139
06-06 13:00:13.659  6421 28031 I HoneySpace.RecentTasks: onRecentTasksChanged
06-06 13:00:13.659  1574  1638 I HYPER-HAL: [RequestManager.cpp]acquire(): Acquired ID : 33706181  [8184 / 26]    HINT :      list : [TABoost / 1]
06-06 13:00:13.660  7790  7790 I BLASTBufferQueue_Java: new BLASTBufferQueue, mName= ViewRootImpl@c676a9e[MainActivity] mNativeObject= 0xb4000074df94e5f0 sc.mNativeObject= 0xb4000073af944d90 caller= android.view.ViewRootImpl.updateBlastSurfaceIfNeeded:3031 android.view.ViewRootImpl.relayoutWindow:10121 android.view.ViewRootImpl.performTraversals:4115 android.view.ViewRootImpl.doTraversal:3291 android.view.ViewRootImpl$TraversalRunnable.run:11329 android.view.Choreographer$CallbackRecord.run:1689 android.view.Choreographer$CallbackRecord.run:1698 android.view.Choreographer.doCallbacks:1153 android.view.Choreographer.doFrame:1079 android.view.Choreographer$FrameDisplayEventReceiver.run:1646
06-06 13:00:13.661  7790  7790 I BLASTBufferQueue_Java: update, w= 1080 h= 2340 mName = ViewRootImpl@c676a9e[MainActivity] mNativeObject= 0xb4000074df94e5f0 sc.mNativeObject= 0xb4000073af944d90 format= -1 caller= android.graphics.BLASTBufferQueue.<init>:89 android.view.ViewRootImpl.updateBlastSurfaceIfNeeded:3031 android.view.ViewRootImpl.relayoutWindow:10121 android.view.ViewRootImpl.performTraversals:4115 android.view.ViewRootImpl.doTraversal:3291 android.view.ViewRootImpl$TraversalRunnable.run:11329
06-06 13:00:13.661  7790  7790 I ViewRootImpl@c676a9e[MainActivity]: Relayout returned: old=(0,0,1080,2340) new=(0,0,1080,2340) relayoutAsync=false req=(1080,2340)0 dur=4 res=0x403 s={true 0xb4000074af977210} ch=true seqId=0
06-06 13:00:13.661  7790  7790 I ViewRootImpl@c676a9e[MainActivity]: performConfigurationChange setNightDimText nightDimLevel=0
06-06 13:00:13.661  7790  7790 D ViewRootImpl@c676a9e[MainActivity]: mThreadedRenderer.initialize() mSurface={isValid=true 0xb4000074af977210} hwInitialized=true
06-06 13:00:13.664  6421  9458 I ViewRootImpl@cc9c4e9[LauncherActivity]: mWNT: t=0xb40000747f972ef0 mBlastBufferQueue=0xb4000074df963770 fn= 23 mRenderHdrSdrRatio=1.0 caller= com.android.systemui.shared.launcher.ViewRootImplCompat.mergeWithNextTransaction:4 com.honeyspace.transition.utils.SurfaceTransactionApplier.scheduleApply$lambda$1:26 com.honeyspace.transition.utils.SurfaceTransactionApplier.c:0
06-06 13:00:13.665  5355  5355 D SamsungStatusBarGrayIconHelper: isGrayAppearance=false
06-06 13:00:13.665  5355  5355 D NavigationBar: onSystemBarAttributesChanged() -  displayId:0, appearance:16, packageName: etf.ri.rma.newsfeedapp (APPEARANCE_LIGHT_NAVIGATION_BARS ), navbarColorManagedByIme:false
06-06 13:00:13.666  7012  7043 D C2SoftVpxEnc: bytes generated 3244
06-06 13:00:13.671  7790  7790 D ViewRootImpl@c676a9e[MainActivity]: reportNextDraw android.view.ViewRootImpl.performTraversals:4723 android.view.ViewRootImpl.doTraversal:3291 android.view.ViewRootImpl$TraversalRunnable.run:11329 android.view.Choreographer$CallbackRecord.run:1689 android.view.Choreographer$CallbackRecord.run:1698
06-06 13:00:13.671  7790  7790 I ViewRootImpl@c676a9e[MainActivity]: Setup new sync=wmsSync-ViewRootImpl@c676a9e[MainActivity]#4
06-06 13:00:13.671  1715  1715 I Layer   : Layer::reparent [87e62a6 NavigationBar0#78] newParent : Surface(name=87e62a6 NavigationBar0)/@0xf64c4fb - animation-leash of insets_animation#671 , isRemovedFromCurrentState : 0 -------------------------
06-06 13:00:13.671  7790  7790 I ViewRootImpl@c676a9e[MainActivity]: Creating new active sync group ViewRootImpl@c676a9e[MainActivity]#5
06-06 13:00:13.671  1715  1715 I Layer   : Layer::reparent [87e62a6 NavigationBar0#78] End -------------------------
06-06 13:00:13.671  1715  1715 I Layer   : Layer::reparent [Surface(name=87e62a6 NavigationBar0)/@0xf64c4fb - animation-leash of insets_animation#663] newParentHandle : null -------------------------
06-06 13:00:13.671  1715  1715 I Layer   : id=663 removeFromCurrentState Surface(name=87e62a6 NavigationBar0)/@0xf64c4fb - animation-leash of insets_animation#663 (235)
06-06 13:00:13.671  1715  1715 I Layer   : Layer::reparent [Surface(name=87e62a6 NavigationBar0)/@0xf64c4fb - animation-leash of insets_animation#663] End -------------------------
06-06 13:00:13.671  1715  1715 I Layer   : Layer::reparent [53a7541 StatusBar#85] newParent : Surface(name=53a7541 StatusBar)/@0x3ba06c - animation-leash of insets_animation#672 , isRemovedFromCurrentState : 0 -------------------------
06-06 13:00:13.671  1715  1715 I Layer   : Layer::reparent [53a7541 StatusBar#85] End -------------------------
06-06 13:00:13.671  1715  1715 I Layer   : Layer::reparent [Surface(name=53a7541 StatusBar)/@0x3ba06c - animation-leash of insets_animation#666] newParentHandle : null -------------------------
06-06 13:00:13.671  1715  1715 I Layer   : id=666 removeFromCurrentState Surface(name=53a7541 StatusBar)/@0x3ba06c - animation-leash of insets_animation#666 (235)
06-06 13:00:13.671  1715  1715 I Layer   : Layer::reparent [Surface(name=53a7541 StatusBar)/@0x3ba06c - animation-leash of insets_animation#666] End -------------------------
06-06 13:00:13.671  7790  7790 I ViewRootImpl@c676a9e[MainActivity]: registerCallbacksForSync syncBuffer=false
06-06 13:00:13.671  1715  1715 I Layer   : id=665 Destroyed Surface(name=87e62a6 NavigationBar0)/@0xf64c4fb - animation-leash of insets_animation#663 (Mirror)#665
06-06 13:00:13.672  1715  1715 I Layer   : id=669 Destroyed Surface(name=53a7541 StatusBar)/@0x3ba06c - animation-leash of insets_animation#666 (Mirror)#669
06-06 13:00:13.672  1715  1715 I SurfaceFlinger: id=666 Removed Surface(name=53a7541 StatusBar)/@0x3ba06c - animation-leash of insets_animation#666 (233)
06-06 13:00:13.672  1715  1715 I SurfaceFlinger: id=663 Removed Surface(name=87e62a6 NavigationBar0)/@0xf64c4fb - animation-leash of insets_animation#663 (233)
06-06 13:00:13.673  6421  9457 I ViewRootImpl@cc9c4e9[LauncherActivity]: mWNT: t=0xb40000747f970710 mBlastBufferQueue=0xb4000074df963770 fn= 24 mRenderHdrSdrRatio=1.0 caller= com.android.systemui.shared.launcher.ViewRootImplCompat.mergeWithNextTransaction:4 com.honeyspace.transition.utils.SurfaceTransactionApplier.scheduleApply$lambda$1:26 com.honeyspace.transition.utils.SurfaceTransactionApplier.c:0
06-06 13:00:13.674  2342  5433 D InputDispatcher: Focus request (0): 90e5bee etf.ri.rma.newsfeedapp/etf.ri.rma.newsfeedapp.MainActivity but waiting because NO_WINDOW
06-06 13:00:13.677  7790  7828 I ViewRootImpl@c676a9e[MainActivity]: Received frameDrawingCallback syncResult=0 frameNum=1.
06-06 13:00:13.678  7790  7828 I ViewRootImpl@c676a9e[MainActivity]: mWNT: t=0xb40000747f96a2b0 mBlastBufferQueue=0xb4000074df94e5f0 fn= 1 mRenderHdrSdrRatio=1.0 caller= android.view.ViewRootImpl$8.onFrameDraw:13826 android.view.ThreadedRenderer$1.onFrameDraw:792 <bottom of call stack>
06-06 13:00:13.678  7790  7828 I ViewRootImpl@c676a9e[MainActivity]: Setting up sync and frameCommitCallback
06-06 13:00:13.678  7790  7818 I BLASTBufferQueue: [ViewRootImpl@c676a9e[MainActivity]#2](f:0,a:0,s:0) onFrameAvailable the first frame is available
06-06 13:00:13.678  7012  7043 D C2SoftVpxEnc: bytes generated 31961
06-06 13:00:13.679  7790  7818 I ViewRootImpl@c676a9e[MainActivity]: Received frameCommittedCallback lastAttemptedDrawFrameNum=1 didProduceBuffer=true
06-06 13:00:13.679  7790  7818 D OpenGLRenderer: CFMS:: SetUp Pid : 7790    Tid : 7818
06-06 13:00:13.679  7790  7790 I ViewRootImpl@c676a9e[MainActivity]: reportDrawFinished seqId=0
06-06 13:00:13.680  1715  1715 I Layer   : id=663 Destroyed Surface(name=87e62a6 NavigationBar0)/@0xf64c4fb - animation-leash of insets_animation#663
06-06 13:00:13.680  1715  1715 I Layer   : id=666 Destroyed Surface(name=53a7541 StatusBar)/@0x3ba06c - animation-leash of insets_animation#666
06-06 13:00:13.680  6421  9458 I ViewRootImpl@cc9c4e9[LauncherActivity]: mWNT: t=0xb40000747f95bd10 mBlastBufferQueue=0xb4000074df963770 fn= 25 mRenderHdrSdrRatio=1.0 caller= com.android.systemui.shared.launcher.ViewRootImplCompat.mergeWithNextTransaction:4 com.honeyspace.transition.utils.SurfaceTransactionApplier.scheduleApply$lambda$1:26 com.honeyspace.transition.utils.SurfaceTransactionApplier.c:0
06-06 13:00:13.681  7790  7790 I InsetsSourceConsumer: applyRequestedVisibilityToControl: visible=true, type=navigationBars, host=etf.ri.rma.newsfeedapp/etf.ri.rma.newsfeedapp.MainActivity
06-06 13:00:13.681  7790  7790 I InsetsSourceConsumer: applyRequestedVisibilityToControl: visible=true, type=statusBars, host=etf.ri.rma.newsfeedapp/etf.ri.rma.newsfeedapp.MainActivity
06-06 13:00:13.682  1715  6620 I SurfaceFlinger: id=676 createSurf, flag=24000, Surface(name=90e5bee etf.ri.rma.newsfeedapp/etf.ri.rma.newsfeedapp.MainActivity)/@0xe472d5f - animation-leash of starting_reveal#676
06-06 13:00:13.684  2342  2629 W ziparchive: Unable to open '/data/app/~~iv0fcnx4L502rO6Suz5MAg==/etf.ri.rma.newsfeedapp-X2lKCZXV0V5p124bIc4GlA==/base.dm': No such file or directory
06-06 13:00:13.684  2342  2629 I PkgPredictorService-SecIpmManagerServiceImpl: reportToNAP uid:10317 etf.ri.rma.newsfeedapp/etf.ri.rma.newsfeedapp.MainActivity thisTime:145
06-06 13:00:13.684  2342  2629 D PkgPredictorService-SecIpmManagerServiceImpl: reportToNAP: mHeavyLaunchCounter is false
06-06 13:00:13.684  2342  5455 I SemDvfsHyPerManager: acquire hyper - AMS_RESUME_TAIL/2342@16, type = -999
06-06 13:00:13.684  2342  5455 I SemDvfsHyPerManager: acquire hyper - AMS_ACT_LAZY/2342@17, type = -999
06-06 13:00:13.684  1574  1638 I HYPER-HAL: [RequestManager.cpp]acquire(): Acquired ID : 2781277  [2342 / 16]    HINT : AMS_RESUME_TAIL    list :
06-06 13:00:13.685  1574  1638 I HYPER-HAL: [RequestManager.cpp]acquire(): Acquired ID : 2783637  [2342 / 17]    HINT : AMS_ACT_LAZY    list :
06-06 13:00:13.686  2342  2630 D PkgPredictorService-SecIpmManagerServiceImpl: bg information pid:7890 uid:10318 pkgName:etf.ri.rma.newsfeedapp.test
06-06 13:00:13.686  7890  7890 I ViewRootImpl@16860e8[InstrumentationActivityInvoker$EmptyActivity]: stopped(true) old = false
06-06 13:00:13.686  7890  7890 D ViewRootImpl@16860e8[InstrumentationActivityInvoker$EmptyActivity]: WindowStopped on etf.ri.rma.newsfeedapp.test/androidx.test.core.app.InstrumentationActivityInvoker$EmptyActivity set to true
06-06 13:00:13.686  7890  7917 D OpenGLRenderer: CacheManager::trimMemory(20)
06-06 13:00:13.688  1715  1715 I Layer   : Layer::reparent [90e5bee etf.ri.rma.newsfeedapp/etf.ri.rma.newsfeedapp.MainActivity#658] newParent : Surface(name=90e5bee etf.ri.rma.newsfeedapp/etf.ri.rma.newsfeedapp.MainActivity)/@0xe472d5f - animation-leash of starting_reveal#676 , isRemovedFromCurrentState : 0 -------------------------
06-06 13:00:13.688  1715  1715 I Layer   : Layer::reparent [90e5bee etf.ri.rma.newsfeedapp/etf.ri.rma.newsfeedapp.MainActivity#658] End -------------------------
06-06 13:00:13.688  1715  1715 I Layer   : Layer [etf.ri.rma.newsfeedapp/etf.ri.rma.newsfeedapp.MainActivity$_7790#670] hidden!! flag(0)
06-06 13:00:13.688  2342  5433 V WindowManager: Relayout Window{358eeb5 u0 Splash Screen etf.ri.rma.newsfeedapp}: viewVisibility=0 req=1080x2340 ty=3 d0
06-06 13:00:13.689  6421  9457 I ViewRootImpl@cc9c4e9[LauncherActivity]: mWNT: t=0xb40000747f9659d0 mBlastBufferQueue=0xb4000074df963770 fn= 26 mRenderHdrSdrRatio=1.0 caller= com.android.systemui.shared.launcher.ViewRootImplCompat.mergeWithNextTransaction:4 com.honeyspace.transition.utils.SurfaceTransactionApplier.scheduleApply$lambda$1:26 com.honeyspace.transition.utils.SurfaceTransactionApplier.c:0
06-06 13:00:13.689  7012  7043 D C2SoftVpxEnc: bytes generated 2521
06-06 13:00:13.690  1574  1638 I HYPER-HAL: [RequestManager.cpp]releaseLocked(): Released ID : 2816782
06-06 13:00:13.690  1574  1638 I HYPER-HAL: [RequestManager.cpp]acquire(): Acquired ID : 1504402  [1577 / 157]    HINT :      list : [TID_LOW_LATENCY / 1] [TID / 7920] [TID / 7921] [TID / 7890] [TID / 7917]
06-06 13:00:13.691  2342  5433 V WindowManager: Relayout hash=358eeb5, pid=5355, syncId=-1: mAttrs={(0,0)(fillxfill) sim={adjust=pan} ty=APPLICATION_STARTING fmt=TRANSLUCENT wanim=0x1030303
06-06 13:00:13.691  2342  5433 V WindowManager:   fl=81030118
06-06 13:00:13.691  2342  5433 V WindowManager:   pfl=16000010
06-06 13:00:13.691  2342  5433 V WindowManager:   bhv=DEFAULT
06-06 13:00:13.691  2342  5433 V WindowManager:   fitSides= naviIconColor=0}
06-06 13:00:13.692  5355  5439 I BLASTBufferQueue_Java: update, w= 1080 h= 2340 mName = ViewRootImpl@d286bad[newsfeedapp] mNativeObject= 0xb4000074dfa12450 sc.mNativeObject= 0xb4000073af981e10 format= -3 caller= android.view.ViewRootImpl.updateBlastSurfaceIfNeeded:3020 android.view.ViewRootImpl.relayoutWindow:10121 android.view.ViewRootImpl.performTraversals:4115 android.view.ViewRootImpl.doTraversal:3291 android.view.ViewRootImpl$TraversalRunnable.run:11329 android.view.Choreographer$CallbackRecord.run:1689
06-06 13:00:13.692  5355  5439 I ViewRootImpl@d286bad[newsfeedapp]: Relayout returned: old=(0,0,1080,2340) new=(0,0,1080,2340) relayoutAsync=false req=(1080,2340)0 dur=4 res=0x400 s={true 0xb4000074af99d730} ch=false seqId=0
06-06 13:00:13.692  5355  5439 I ViewRootImpl@d286bad[newsfeedapp]: registerCallbackForPendingTransactions
06-06 13:00:13.692  1715  1715 D SurfaceFlinger: Display 4630946970390616451 HWC layers:
06-06 13:00:13.692  1715  1715 D SurfaceFlinger:      DEVICE | 0xb4000073beb13a00 | 0100 | RGBA_8888    |  638.0   17.0 1702.0 2323.0 |    0    0 1080 2340 | Wallpaper BBQ wrapper 5_system#94
06-06 13:00:13.692  1715  1715 D SurfaceFlinger:      DEVICE | 0xb4000073beb0a2b0 | 0100 | RGBA_8888    |    0.0    0.0 1080.0 2340.0 |    0    0 1080 2340 | com.sec.android.app.launcher/com.sec[...]ctivities.LauncherActivity$_6421#632
06-06 13:00:13.692  1715  1715 D SurfaceFlinger:      CLIENT | 0xb4000073beb11450 | 0102 | RGBA_8888    |    0.0    0.0 1080.0 2340.0 |   39   86 1041 2254 | etf.ri.rma.newsfeedapp/etf.ri.rma.newsfeedapp.MainActivity$_7790#670
06-06 13:00:13.692  1715  1715 D SurfaceFlinger:      CLIENT | 0xb4000073beb11c30 | 0100 | RGBA_8888    |    0.0    0.0 1080.0 2340.0 |   39   86 1041 2254 | Splash Screen etf.ri.rma.newsfeedapp$_5355#659
06-06 13:00:13.692  1715  1715 D SurfaceFlinger:      DEVICE | 0xb4000073beb044c0 | 0100 | RGBA_8888    |    0.0    0.0 1080.0   87.0 |    0    0 1080   87 | StatusBar$_5355#90
06-06 13:00:13.692  1715  1715 D SurfaceFlinger:      DEVICE | 0xb4000073beb138e0 | 0100 | RGBA_8888    |    0.0    0.0   67.0  342.0 | 1013  438 1080  780 | com.sec.android.app.launcher/com.sam[...]ce.edge.CocktailBarService$_6421#145
06-06 13:00:13.692  1715  1715 D SurfaceFlinger:
06-06 13:00:13.692  1715  1715 D SurfaceFlinger:  DEVICE | 0xb4000073beb07fd0 | 0100 | RGBA_8888    |    0.0    0.0 1080.0  144.0 |    0 2196 1080 2340 | NavigationBar0$_5355#89
06-06 13:00:13.692  1715  1715 D SurfaceFlinger:
06-06 13:00:13.692  5355  5447 I ViewRootImpl@d286bad[newsfeedapp]: mWNT: t=0xb40000747f95b4d0 mBlastBufferQueue=0xb4000074dfa12450 fn= 2 mRenderHdrSdrRatio=1.0 caller= android.view.SyncRtSurfaceTransactionApplier.applyTransaction:96 android.view.SyncRtSurfaceTransactionApplier.lambda$scheduleApply$0:69 android.view.SyncRtSurfaceTransactionApplier.$r8$lambda$SgowXC58rj3PR958kHUfRgLZmvE:0
06-06 13:00:13.692  1574  1638 I HYPER-HAL: [RequestManager.cpp]acquire(): Acquired ID : 1504402  [1577 / 157]    HINT :      list : [TID_LOW_LATENCY / 0] [TID / 7920] [TID / 7921] [TID / 7890] [TID / 7917]
06-06 13:00:13.692  5355  5447 I ViewRootImpl@d286bad[newsfeedapp]: mWNT: t=0xb40000747f9689f0 mBlastBufferQueue=0xb4000074dfa12450 fn= 2 mRenderHdrSdrRatio=1.0 caller= android.view.SyncRtSurfaceTransactionApplier.applyTransaction:96 android.view.SyncRtSurfaceTransactionApplier.lambda$scheduleApply$0:69 android.view.SyncRtSurfaceTransactionApplier.$r8$lambda$SgowXC58rj3PR958kHUfRgLZmvE:0
06-06 13:00:13.692  2342  6212 D InputDispatcher: Focus entered window (0): 90e5bee etf.ri.rma.newsfeedapp/etf.ri.rma.newsfeedapp.MainActivity
06-06 13:00:13.692  5355  5447 I ViewRootImpl@d286bad[newsfeedapp]: mWNT: t=0xb40000747f9798d0 mBlastBufferQueue=0xb4000074dfa12450 fn= 2 mRenderHdrSdrRatio=1.0 caller= android.view.ViewRootImpl$6.onFrameDraw:5639 android.view.ViewRootImpl$2.onFrameDraw:2144 android.view.ThreadedRenderer$1.onFrameDraw:792
06-06 13:00:13.693  7790  7790 I ViewRootImpl@c676a9e[MainActivity]: handleWindowFocusChanged: 1 0 call from android.view.ViewRootImpl.-$$Nest$mhandleWindowFocusChanged:0
06-06 13:00:13.693  7790  7790 D ViewRootImpl@c676a9e[MainActivity]: mThreadedRenderer.initializeIfNeeded()#2 mSurface={isValid=true 0xb4000074af977210}
06-06 13:00:13.694  7790  7790 D InputMethodManagerUtils: startInputInner - Id : 0
06-06 13:00:13.694  7790  7790 I InputMethodManager: startInputInner - IInputMethodManagerGlobalInvoker.startInputOrWindowGainedFocus
06-06 13:00:13.695  2342  5433 I ImeTracker: etf.ri.rma.newsfeedapp:a643ac87: onRequestHide at ORIGIN_SERVER_HIDE_INPUT reason HIDE_UNSPECIFIED_WINDOW
06-06 13:00:13.695  2342  5433 I ImeTracker: etf.ri.rma.newsfeedapp:a643ac87: onCancelled at PHASE_SERVER_SHOULD_HIDE
06-06 13:00:13.696  2342  5433 D InputTransport: Input channel constructed: 'ClientS', fd=975
06-06 13:00:13.696  2342  5433 D InputTransport: Input channel destroyed: 'ClientS', fd=975
06-06 13:00:13.696 11275 11275 I HBD     : HoneyBoardService onFinishInput
06-06 13:00:13.697  5355  5446 I ViewRootImpl@d286bad[newsfeedapp]: mWNT: t=0xb40000747f999010 mBlastBufferQueue=0xb4000074dfa12450 fn= 3 mRenderHdrSdrRatio=1.0 caller= android.view.SyncRtSurfaceTransactionApplier.applyTransaction:96 android.view.SyncRtSurfaceTransactionApplier.lambda$scheduleApply$0:69 android.view.SyncRtSurfaceTransactionApplier.$r8$lambda$SgowXC58rj3PR958kHUfRgLZmvE:0
06-06 13:00:13.697 11275 11275 I HBD     : a IC have been unbinding,  RemoteInputConnection{idHash=#326fa5}
06-06 13:00:13.697 11275 11275 I HBD     : HoneyBoardService [PF_CL][onFinishInput]  1 ms
06-06 13:00:13.698 11275 11275 I HBD     : HoneyBoardService [IMI] onStartInput - caller pid : 7790 , caller uid : 10317
06-06 13:00:13.698 11275 11275 I HBD     : j updateConfigs
06-06 13:00:13.698 11275 11275 I HBD     : j isEnabledNightMode : true
06-06 13:00:13.698 11275 11275 I HBD     : a IC have been binding, RemoteInputConnection{idHash=#21bff7a}
06-06 13:00:13.698 11275 11275 I HBD     : h [EditorInputType]setPrivateImeOptionsToTable privateImeOptions ( null )
06-06 13:00:13.698 11275 11275 I HBD     : b incognitoMode : false
06-06 13:00:13.698 11275 11275 I HBD     : b needOff = true , isForceOff = false, isNullInputClass : true
06-06 13:00:13.698 11275 11275 I HBD     : h getDefaultInputRange : UNKNOWN
06-06 13:00:13.698 11275 11275 I HBD     : h getDefaultInputRange : UNKNOWN
06-06 13:00:13.698 11275 11275 I HBD     : h getDefaultInputRange : UNKNOWN
06-06 13:00:13.698  1715  2430 I SurfaceFlinger: id=678 createSurf, flag=24004, Surface(name=ac5a498 InputMethod)/@0x1895ba - animation-leash of insets_animation#678
06-06 13:00:13.698  5355  5355 D SamsungStatusBarGrayIconHelper: isGrayAppearance=false
06-06 13:00:13.698  7012  7043 D C2SoftVpxEnc: bytes generated 2384
06-06 13:00:13.699  5355  5355 D SamsungLightBarControlHelper: onStatusBarAppearanceChanged() -  sbModeChanged:false, statusBarMode:0, barState:MODE_TRANSPARENT, isKeyguardShowing:false, navbarColorManagedByIme:false, stackAppearanceChanged:true, (AppearanceRegion{ bounds=[0,0][1080,2340]}, ), packageName:etf.ri.rma.newsfeedapp
06-06 13:00:13.699  5355  5355 D NavigationBar: onSystemBarAttributesChanged() -  displayId:0, appearance:0, packageName: etf.ri.rma.newsfeedapp, navbarColorManagedByIme:false
06-06 13:00:13.699  5355  5355 D SamsungLightBarControlHelper: updateNavigationBar (WHITE button) isLightOpaque:false, hasLightNavigationBarFlag:false, packageName:etf.ri.rma.newsfeedapp, DirectReplying:false, NavBarColorMangedByIme:false, ForceDarkForScrim:false, QsCustomizing:false, PanelHasWhiteBg:false
06-06 13:00:13.699  2342  2629 I ActivityTaskManager: Displayed etf.ri.rma.newsfeedapp/.MainActivity for user 0: +145ms
06-06 13:00:13.700 11275 11275 I HBD     : b needOff = true , isForceOff = false, isNullInputClass : true
06-06 13:00:13.700 11275 11275 I HBD     : b update cached prediction status : false
06-06 13:00:13.700 11275 11275 I HBD     : h getDefaultInputRange : UNKNOWN
06-06 13:00:13.700 11275 11275 I HBD     : a currentState : 0
06-06 13:00:13.700  6421  9458 I ViewRootImpl@cc9c4e9[LauncherActivity]: mWNT: t=0xb40000747f963350 mBlastBufferQueue=0xb4000074df963770 fn= 27 mRenderHdrSdrRatio=1.0 caller= com.android.systemui.shared.launcher.ViewRootImplCompat.mergeWithNextTransaction:4 com.honeyspace.transition.utils.SurfaceTransactionApplier.scheduleApply$lambda$1:26 com.honeyspace.transition.utils.SurfaceTransactionApplier.c:0
06-06 13:00:13.700 11275 11275 I HBD     : a [UpdatePolicy] [post] a: 0 cl: 65537 kit: [0/0] vt: 0 ir: 1
06-06 13:00:13.700  7273  7273 E pageboostd: Received HALT command code 2
06-06 13:00:13.700  7890  7890 W WindowOnBackDispatcher: sendCancelIfRunning: isInProgress=falsecallback=android.view.ViewRootImpl$$ExternalSyntheticLambda19@bd6a394
06-06 13:00:13.701  7890  7917 D OpenGLRenderer: CacheManager::trimMemory(20)
06-06 13:00:13.701  7890  7890 I ViewRootImpl@16860e8[InstrumentationActivityInvoker$EmptyActivity]: dispatchDetachedFromWindow
06-06 13:00:13.701 11275 11275 I HBD     : a [NRIC] resetNoResponseState
06-06 13:00:13.701 11275 11275 I HBD     : b needOff = true , isForceOff = false, isNullInputClass : true
06-06 13:00:13.701 11275 11275 I HBD     : b update cached prediction status : false
06-06 13:00:13.701  7790  7790 I InsetsSourceConsumer: applyRequestedVisibilityToControl: visible=false, type=ime, host=etf.ri.rma.newsfeedapp/etf.ri.rma.newsfeedapp.MainActivity
06-06 13:00:13.702  2342  5455 D InputTransport: Input channel destroyed: '7e0881a', fd=958
06-06 13:00:13.702  2342  5455 W InputManager-JNI: Input channel object '7e0881a etf.ri.rma.newsfeedapp.test/androidx.test.core.app.InstrumentationActivityInvoker$EmptyActivity (client)' was disposed without first being removed with the input manager!
06-06 13:00:13.702  2342  5455 D InputTransport: Input channel destroyed: '7e0881a', fd=1142
06-06 13:00:13.702  1574  1638 I HYPER-HAL: [RequestManager.cpp]acquire(): Acquired ID : 1504402  [1577 / 157]    HINT :      list : [TID_LOW_LATENCY / 0] [TID / 7920] [TID / 7921] [TID / 7890] [TID / 7917]
06-06 13:00:13.702 11275 11275 I HBD     : HoneyBoardService [PF_OP][onStartInput]  5 ms
06-06 13:00:13.702  1574  1638 I HYPER-HAL: [RequestManager.cpp]acquire(): Acquired ID : 1506138  [1577 / 158]    HINT :      list : [UCLAMP_MIN_BOOST / 0] [TID / 7920] [TID / 7921] [TID / 7890] [TID / 7917]
06-06 13:00:13.702  1574  1638 I HYPER-HAL: [RequestManager.cpp]releaseLocked(): Released ID : 1504402
06-06 13:00:13.702  1574  1638 I HYPER-HAL: [RequestManager.cpp]releaseLocked(): Released ID : 1506138
06-06 13:00:13.703  7890  7890 D InputTransport: Input channel destroyed: '7e0881a', fd=102
06-06 13:00:13.703 11275 11275 I InputMethodService: scheduleImeSurfaceRemoval: removeImeSurface is posted.
06-06 13:00:13.703  1715  1807 I SurfaceFlinger: id=603 Removed f3635b0 ActivityRecordInputSink etf.ri.rma.newsfeedapp.test/androidx.test.core.app.InstrumentationActivityInvoker$EmptyActivity#603 (234)
06-06 13:00:13.704  1715  1807 I SurfaceFlinger: id=679 createSurf, flag=24004, Task=14#679
06-06 13:00:13.705  1715  1715 I Layer   : Layer::reparent [Surface(name=ac5a498 InputMethod)/@0x1895ba - animation-leash of insets_animation#649] newParentHandle : null -------------------------
06-06 13:00:13.705  1715  1715 I Layer   : id=649 removeFromCurrentState Surface(name=ac5a498 InputMethod)/@0x1895ba - animation-leash of insets_animation#649 (235)
06-06 13:00:13.705  1715  1715 I Layer   : id=154 removeFromCurrentState ac5a498 InputMethod#154 (235)
06-06 13:00:13.705  1715  1715 I Layer   : Layer::reparent [Surface(name=ac5a498 InputMethod)/@0x1895ba - animation-leash of insets_animation#649] End -------------------------
06-06 13:00:13.705  1715  1715 I Layer   : Layer::reparent [ImeContainer#17] newParent : ActivityRecord{50076a8 u0 etf.ri.rma.newsfeedapp/.MainActivity t15}#653 , isRemovedFromCurrentState : 0 -------------------------
06-06 13:00:13.705  1715  1715 I Layer   : Layer::reparent [ImeContainer#17] End -------------------------
06-06 13:00:13.705  1715  1715 I Layer   : Layer::reparent [ac5a498 InputMethod#154] newParent : Surface(name=ac5a498 InputMethod)/@0x1895ba - animation-leash of insets_animation#678 , isRemovedFromCurrentState : 0 -------------------------
06-06 13:00:13.705  1715  1715 I Layer   : id=154 addToCurrentState ac5a498 InputMethod#154 (235)
06-06 13:00:13.705  1715  1715 I Layer   : Layer::reparent [ac5a498 InputMethod#154] End -------------------------
06-06 13:00:13.705  1715  1715 I Layer   : Layer::reparent [etf.ri.rma.newsfeedapp.test/androidx.test.core.app.InstrumentationActivityInvoker$EmptyActivity$_7890#613] newParentHandle : null -------------------------
06-06 13:00:13.705  1715  1715 I Layer   : id=613 removeFromCurrentState etf.ri.rma.newsfeedapp.test/androidx.test.core.app.InstrumentationActivityInvoker$EmptyActivity$_7890#613 (235)
06-06 13:00:13.705  1715  1715 I Layer   : Layer::reparent [etf.ri.rma.newsfeedapp.test/androidx.test.core.app.InstrumentationActivityInvoker$EmptyActivity$_7890#613] End -------------------------
06-06 13:00:13.705  1715  1715 I Layer   : Layer::reparent [7e0881a etf.ri.rma.newsfeedapp.test/androidx.test.core.app.InstrumentationActivityInvoker$EmptyActivity#605] newParentHandle : null -------------------------
06-06 13:00:13.705  1715  1715 I Layer   : id=605 removeFromCurrentState 7e0881a etf.ri.rma.newsfeedapp.test/androidx.test.core.app.InstrumentationActivityInvoker$EmptyActivity#605 (235)
06-06 13:00:13.705  1715  1715 I Layer   : Layer::reparent [7e0881a etf.ri.rma.newsfeedapp.test/androidx.test.core.app.InstrumentationActivityInvoker$EmptyActivity#605] End -------------------------
06-06 13:00:13.705  1715  1715 I Layer   : id=650 Destroyed Surface(name=ac5a498 InputMethod)/@0x1895ba - animation-leash of insets_animation#649 (Mirror)#650
06-06 13:00:13.705  1715  1715 I Layer   : id=612 Destroyed 7e0881a etf.ri.rma.newsfeedapp.test/androidx.test.core.app.InstrumentationActivityInvoker$EmptyActivity#605 (Mirror)#612
06-06 13:00:13.705  7890  7917 D OpenGLRenderer: CacheManager::trimMemory(40)
06-06 13:00:13.705  5355  5447 I ViewRootImpl@d286bad[newsfeedapp]: mWNT: t=0xb40000747f999010 mBlastBufferQueue=0xb4000074dfa12450 fn= 4 mRenderHdrSdrRatio=1.0 caller= android.view.SyncRtSurfaceTransactionApplier.applyTransaction:96 android.view.SyncRtSurfaceTransactionApplier.lambda$scheduleApply$0:69 android.view.SyncRtSurfaceTransactionApplier.$r8$lambda$SgowXC58rj3PR958kHUfRgLZmvE:0
06-06 13:00:13.705  7890  7917 D OpenGLRenderer: RenderThread::destroyRenderingContext()
06-06 13:00:13.705  1715  1715 I SurfaceFlinger: id=605 Removed 7e0881a etf.ri.rma.newsfeedapp.test/androidx.test.core.app.InstrumentationActivityInvoker$EmptyActivity#605 (234)
06-06 13:00:13.705  1715  1715 I SurfaceFlinger: id=613 Removed etf.ri.rma.newsfeedapp.test/androidx.test.core.app.InstrumentationActivityInvoker$EmptyActivity$_7890#613 (234)
06-06 13:00:13.705  1715  1715 I SurfaceFlinger: id=649 Removed Surface(name=ac5a498 InputMethod)/@0x1895ba - animation-leash of insets_animation#649 (234)
06-06 13:00:13.706  1715  1715 I Layer   : id=618 Destroyed etf.ri.rma.newsfeedapp.test/androidx.test.core.app.InstrumentationActivityInvoker$EmptyActivity$_7890#613 (Mirror)#618
06-06 13:00:13.706  5355  5355 D SamsungLightBarControlHelper: updateStatusBar (WHITE icon) numStacks:1, StatusBarMode:MODE_TRANSPARENT, lightBarBounds:[], StatusBarState:SHADE, packageName:etf.ri.rma.newsfeedapp, isWhiteKeyguardStatusBar:false
06-06 13:00:13.707  5355  5355 D NavigationBar: setImeWindowStatus show legacy ime switcher = false
06-06 13:00:13.707  5355  5355 D NavigationBar: setImeWindowStatus displayId=0 vis=0 backDisposition=0 showImeSwitcher=false imeShown=false
06-06 13:00:13.707  6421  9457 I ViewRootImpl@cc9c4e9[LauncherActivity]: mWNT: t=0xb40000747f96adb0 mBlastBufferQueue=0xb4000074df963770 fn= 28 mRenderHdrSdrRatio=1.0 caller= com.android.systemui.shared.launcher.ViewRootImplCompat.mergeWithNextTransaction:4 com.honeyspace.transition.utils.SurfaceTransactionApplier.scheduleApply$lambda$1:26 com.honeyspace.transition.utils.SurfaceTransactionApplier.c:0
06-06 13:00:13.709  6421 28031 I HoneySpace.RecentTasks: onRecentTasksChanged
06-06 13:00:13.709  6421  6488 I HoneySpace.TopTaskSource: onTaskRemoved: 14
06-06 13:00:13.710  7012  7043 D C2SoftVpxEnc: bytes generated 10225
06-06 13:00:13.710  6421  6488 I HoneySpace.TopTaskSource: onTaskRemoved: 14
06-06 13:00:13.713  1715  1715 I Layer   : Layer::reparent [ActivityRecord{6c3fbae u0 etf.ri.rma.newsfeedapp.test/androidx.test.core.app.InstrumentationActivityInvoker$EmptyActivity t14}#592] newParentHandle : null -------------------------
06-06 13:00:13.713  1715  1715 I Layer   : id=592 removeFromCurrentState ActivityRecord{6c3fbae u0 etf.ri.rma.newsfeedapp.test/androidx.test.core.app.InstrumentationActivityInvoker$EmptyActivity t14}#592 (233)
06-06 13:00:13.713  1715  1715 I Layer   : id=603 removeFromCurrentState f3635b0 ActivityRecordInputSink etf.ri.rma.newsfeedapp.test/androidx.test.core.app.InstrumentationActivityInvoker$EmptyActivity#603 (233)
06-06 13:00:13.713  1715  1715 I Layer   : Layer::reparent [ActivityRecord{6c3fbae u0 etf.ri.rma.newsfeedapp.test/androidx.test.core.app.InstrumentationActivityInvoker$EmptyActivity t14}#592] End -------------------------
06-06 13:00:13.713  1715  1715 I Layer   : Layer::reparent [Task=14#591] newParentHandle : null -------------------------
06-06 13:00:13.713  1715  1715 I Layer   : id=591 removeFromCurrentState Task=14#591 (233)
06-06 13:00:13.713  1715  1715 I Layer   : Layer::reparent [Task=14#591] End -------------------------
06-06 13:00:13.713  1715  1715 I Layer   : Layer::reparent [Task=14#679] newParentHandle : null -------------------------
06-06 13:00:13.713  1715  1715 I Layer   : id=679 removeFromCurrentState Task=14#679 (233)
06-06 13:00:13.713  1715  1715 I Layer   : Layer::reparent [Task=14#679] End -------------------------
06-06 13:00:13.713  1715  1715 I Layer   : id=649 Destroyed Surface(name=ac5a498 InputMethod)/@0x1895ba - animation-leash of insets_animation#649
06-06 13:00:13.713  1715  1715 I Layer   : id=605 Destroyed 7e0881a etf.ri.rma.newsfeedapp.test/androidx.test.core.app.InstrumentationActivityInvoker$EmptyActivity#605
06-06 13:00:13.713  5355  5446 I ViewRootImpl@d286bad[newsfeedapp]: mWNT: t=0xb40000747f964270 mBlastBufferQueue=0xb4000074dfa12450 fn= 5 mRenderHdrSdrRatio=1.0 caller= android.view.SyncRtSurfaceTransactionApplier.applyTransaction:96 android.view.SyncRtSurfaceTransactionApplier.lambda$scheduleApply$0:69 android.view.SyncRtSurfaceTransactionApplier.$r8$lambda$SgowXC58rj3PR958kHUfRgLZmvE:0
06-06 13:00:13.713  1715  1715 I Layer   : id=613 Destroyed etf.ri.rma.newsfeedapp.test/androidx.test.core.app.InstrumentationActivityInvoker$EmptyActivity$_7890#613
06-06 13:00:13.713  1715  1715 I Layer   : id=595 Destroyed Task=14#591 (Mirror)#595
06-06 13:00:13.713  1715  1715 I Layer   : id=596 Destroyed ActivityRecord{6c3fbae u0 etf.ri.rma.newsfeedapp.test/androidx.test.core.app.InstrumentationActivityInvoker$EmptyActivity t14}#592 (Mirror)#596
06-06 13:00:13.713  1715  1715 I Layer   : id=611 Destroyed f3635b0 ActivityRecordInputSink etf.ri.rma.newsfeedapp.test/androidx.test.core.app.InstrumentationActivityInvoker$EmptyActivity#603 (Mirror)#611
06-06 13:00:13.714  1715  1715 I SurfaceFlinger: id=679 Removed Task=14#679 (227)
06-06 13:00:13.714  1715  1715 I SurfaceFlinger: id=592 Removed ActivityRecord{6c3fbae u0 etf.ri.rma.newsfeedapp.test/androidx.test.core.app.InstrumentationActivityInvoker$EmptyActivity t14}#592 (227)
06-06 13:00:13.715  6421  9458 I ViewRootImpl@cc9c4e9[LauncherActivity]: mWNT: t=0xb40000747f9664d0 mBlastBufferQueue=0xb4000074df963770 fn= 29 mRenderHdrSdrRatio=1.0 caller= com.android.systemui.shared.launcher.ViewRootImplCompat.mergeWithNextTransaction:4 com.honeyspace.transition.utils.SurfaceTransactionApplier.scheduleApply$lambda$1:26 com.honeyspace.transition.utils.SurfaceTransactionApplier.c:0
06-06 13:00:13.719  7012  7043 D C2SoftVpxEnc: bytes generated 6074
06-06 13:00:13.721  1715  1715 I Layer   : id=592 Destroyed ActivityRecord{6c3fbae u0 etf.ri.rma.newsfeedapp.test/androidx.test.core.app.InstrumentationActivityInvoker$EmptyActivity t14}#592
06-06 13:00:13.721  1715  1715 I Layer   : id=603 Destroyed f3635b0 ActivityRecordInputSink etf.ri.rma.newsfeedapp.test/androidx.test.core.app.InstrumentationActivityInvoker$EmptyActivity#603
06-06 13:00:13.721  1715  1715 I Layer   : id=679 Destroyed Task=14#679
06-06 13:00:13.721  5355  5447 I ViewRootImpl@d286bad[newsfeedapp]: mWNT: t=0xb40000747f964270 mBlastBufferQueue=0xb4000074dfa12450 fn= 6 mRenderHdrSdrRatio=1.0 caller= android.view.SyncRtSurfaceTransactionApplier.applyTransaction:96 android.view.SyncRtSurfaceTransactionApplier.lambda$scheduleApply$0:69 android.view.SyncRtSurfaceTransactionApplier.$r8$lambda$SgowXC58rj3PR958kHUfRgLZmvE:0
06-06 13:00:13.723  6421  9457 I ViewRootImpl@cc9c4e9[LauncherActivity]: mWNT: t=0xb40000747f966370 mBlastBufferQueue=0xb4000074df963770 fn= 30 mRenderHdrSdrRatio=1.0 caller= com.android.systemui.shared.launcher.ViewRootImplCompat.mergeWithNextTransaction:4 com.honeyspace.transition.utils.SurfaceTransactionApplier.scheduleApply$lambda$1:26 com.honeyspace.transition.utils.SurfaceTransactionApplier.c:0
06-06 13:00:13.730  5355  5446 I ViewRootImpl@d286bad[newsfeedapp]: mWNT: t=0xb40000747f986030 mBlastBufferQueue=0xb4000074dfa12450 fn= 7 mRenderHdrSdrRatio=1.0 caller= android.view.SyncRtSurfaceTransactionApplier.applyTransaction:96 android.view.SyncRtSurfaceTransactionApplier.lambda$scheduleApply$0:69 android.view.SyncRtSurfaceTransactionApplier.$r8$lambda$SgowXC58rj3PR958kHUfRgLZmvE:0
06-06 13:00:13.732  6421  9458 I ViewRootImpl@cc9c4e9[LauncherActivity]: mWNT: t=0xb40000747f95e0d0 mBlastBufferQueue=0xb4000074df963770 fn= 31 mRenderHdrSdrRatio=1.0 caller= com.android.systemui.shared.launcher.ViewRootImplCompat.mergeWithNextTransaction:4 com.honeyspace.transition.utils.SurfaceTransactionApplier.scheduleApply$lambda$1:26 com.honeyspace.transition.utils.SurfaceTransactionApplier.c:0
06-06 13:00:13.736  1652  2311 I QC2CompStore: Setting heap usage to system
06-06 13:00:13.737  7012  7043 D C2SoftVpxEnc: bytes generated 77795
06-06 13:00:13.738  6421  6421 I HoneySpace.AppCloseAnimationDelegate: animatorSet end
06-06 13:00:13.739  6421  6421 I HoneySpace.AnimationResult: finish, true
06-06 13:00:13.739  6421  9457 I ViewRootImpl@cc9c4e9[LauncherActivity]: mWNT: t=0xb40000747f94e530 mBlastBufferQueue=0xb4000074df963770 fn= 32 mRenderHdrSdrRatio=1.0 caller= com.android.systemui.shared.launcher.ViewRootImplCompat.mergeWithNextTransaction:4 com.honeyspace.transition.utils.SurfaceTransactionApplier.scheduleApply$lambda$1:26 com.honeyspace.transition.utils.SurfaceTransactionApplier.c:0
06-06 13:00:13.741  1930  5588 I CameraService: onUidStateChanged: uid=10046, procState is changed. (1 -> 0)
06-06 13:00:13.742  2342  5455 V WindowManager: Relayout Window{358eeb5 u0 Splash Screen etf.ri.rma.newsfeedapp}: viewVisibility=8 req=1080x2340 ty=3 d0
06-06 13:00:13.743  1574  1638 I HYPER-HAL: [RequestManager.cpp]acquire(): Acquired ID : 1497468  [1577 / 153]    HINT :      list : [TID_LOW_LATENCY / 0] [TID / 5446] [TID / 5447] [TID / 5439] [TID / 5445]
06-06 13:00:13.743  1574  1638 I HYPER-HAL: [RequestManager.cpp]acquire(): Acquired ID : 1499200  [1577 / 154]    HINT :      list : [UCLAMP_MIN_BOOST / 0] [TID / 5446] [TID / 5447] [TID / 5439] [TID / 5445]
06-06 13:00:13.743  1574  1638 I HYPER-HAL: [RequestManager.cpp]releaseLocked(): Released ID : 1497468
06-06 13:00:13.743  1574  1638 I HYPER-HAL: [RequestManager.cpp]releaseLocked(): Released ID : 1499200
