06-06 13:00:13.417  5355  5355 D SamsungLightBarControlHelper: onStatusBarAppearanceChanged() -  sbModeChanged:false, statusBarMode:0, barState:MODE_TRANSPARENT, isKeyguardShowing:false, navbarColorManagedByIme:false, stackAppearanceChanged:true, (AppearanceRegion{LIGHT_STATUS_BARS bounds=[0,0][1080,2340]}, ), packageName:etf.ri.rma.newsfeedapp.test
06-06 13:00:13.417  5355  5355 D NavigationBar: onSystemBarAttributesChanged() -  displayId:0, appearance:24, packageName: etf.ri.rma.newsfeedapp.test (APPEARANCE_LIGHT_STATUS_BARS APPEARANCE_LIGHT_NAVIGATION_BARS ), navbarColorManagedByIme:false
06-06 13:00:13.417  5355  5355 D SamsungLightBarControlHelper: updateNavigationBar (BLACK button) isLightOpaque:false, hasLightNavigationBarFlag:true, packageName:etf.ri.rma.newsfeedapp.test, DirectReplying:false, NavBarColorMangedByIme:false, ForceDarkForScrim:false, QsCustomizing:false, PanelHasWhiteBg:false
06-06 13:00:13.418  5355  5439 I InsetsSourceConsumer: applyRequestedVisibilityToControl: visible=true, type=navigationBars, host=Splash Screen etf.ri.rma.newsfeedapp.test
06-06 13:00:13.418  1715  1807 I SurfaceFlinger: id=616 createSurf, flag=24000, Surface(name=87e62a6 NavigationBar0)/@0xf64c4fb - animation-leash of insets_animation#616
06-06 13:00:13.418  5355  5439 I InsetsSourceConsumer: applyRequestedVisibilityToControl: visible=true, type=statusBars, host=Splash Screen etf.ri.rma.newsfeedapp.test
06-06 13:00:13.418  1715  6620 I SurfaceFlinger: id=617 createSurf, flag=24000, Surface(name=53a7541 StatusBar)/@0x3ba06c - animation-leash of insets_animation#617
06-06 13:00:13.419  5355  5355 D SamsungLightBarControlHelper: updateStatusBar (BLACK icon) numStacks:1, StatusBarMode:MODE_TRANSPARENT, lightBarBounds:[Rect(0, 0 - 1080, 2340)], StatusBarState:SHADE, packageName:etf.ri.rma.newsfeedapp.test, isWhiteKeyguardStatusBar:false
06-06 13:00:13.419  2342  5137 V WindowManager: Relayout hash=7e0881a, pid=7890, syncId=-1: mAttrs={(0,0)(fillxfill) sim={adjust=pan forwardNavigation} ty=BASE_APPLICATION
06-06 13:00:13.419  2342  5137 V WindowManager:   fl=81810100
06-06 13:00:13.419  2342  5137 V WindowManager:   pfl=12008040
06-06 13:00:13.419  2342  5137 V WindowManager:   bhv=DEFAULT
06-06 13:00:13.419  2342  5137 V WindowManager:   fitSides= naviIconColor=0}
06-06 13:00:13.420  7890  7890 I BLASTBufferQueue_Java: new BLASTBufferQueue, mName= ViewRootImpl@16860e8[InstrumentationActivityInvoker$EmptyActivity] mNativeObject= 0xb4000074df93f230 sc.mNativeObject= 0xb4000073af939390 caller= android.view.ViewRootImpl.updateBlastSurfaceIfNeeded:3031 android.view.ViewRootImpl.relayoutWindow:10121 android.view.ViewRootImpl.performTraversals:4115 android.view.ViewRootImpl.doTraversal:3291 android.view.ViewRootImpl$TraversalRunnable.run:11329 android.view.Choreographer$CallbackRecord.run:1689 android.view.Choreographer$CallbackRecord.run:1698 android.view.Choreographer.doCallbacks:1153 android.view.Choreographer.doFrame:1079 android.view.Choreographer$FrameDisplayEventReceiver.run:1646
06-06 13:00:13.420  7890  7890 I BLASTBufferQueue_Java: update, w= 1080 h= 2340 mName = ViewRootImpl@16860e8[InstrumentationActivityInvoker$EmptyActivity] mNativeObject= 0xb4000074df93f230 sc.mNativeObject= 0xb4000073af939390 format= -1 caller= android.graphics.BLASTBufferQueue.<init>:89 android.view.ViewRootImpl.updateBlastSurfaceIfNeeded:3031 android.view.ViewRootImpl.relayoutWindow:10121 android.view.ViewRootImpl.performTraversals:4115 android.view.ViewRootImpl.doTraversal:3291 android.view.ViewRootImpl$TraversalRunnable.run:11329
06-06 13:00:13.420  7890  7890 I ViewRootImpl@16860e8[InstrumentationActivityInvoker$EmptyActivity]: Relayout returned: old=(0,0,1080,2340) new=(0,0,1080,2340) relayoutAsync=false req=(1080,2340)0 dur=6 res=0x403 s={true 0xb4000074af94c8d0} ch=true seqId=0
06-06 13:00:13.420  7890  7890 I ViewRootImpl@16860e8[InstrumentationActivityInvoker$EmptyActivity]: performConfigurationChange setNightDimText nightDimLevel=0
06-06 13:00:13.421  7890  7890 D ViewRootImpl@16860e8[InstrumentationActivityInvoker$EmptyActivity]: mThreadedRenderer.initialize() mSurface={isValid=true 0xb4000074af94c8d0} hwInitialized=true
06-06 13:00:13.421  1715  1715 I Layer   : Layer [DimTransitionLayer for Surface(name=Task=14)/@0x34e09a5#607] hidden!! flag(0)
06-06 13:00:13.421  1715  1715 I Layer   : Layer::reparent [Task=13#562] newParent : Transition Root: Task=14#599 , isRemovedFromCurrentState : 0 -------------------------
06-06 13:00:13.421  1715  1715 I Layer   : Layer::reparent [Task=13#562] End -------------------------
06-06 13:00:13.421  1715  1715 I Layer   : Layer [Task=14#591] hidden!! flag(0)
06-06 13:00:13.421  1715  1715 I Layer   : Layer::reparent [Task=14#591] newParent : Transition Root: Task=14#599 , isRemovedFromCurrentState : 0 -------------------------
06-06 13:00:13.421  1715  1715 I Layer   : Layer::reparent [Task=14#591] End -------------------------
06-06 13:00:13.421  1715  1715 I Layer   : Layer [Splash Screen etf.ri.rma.newsfeedapp.test$_5355#594] hidden!! flag(0)
06-06 13:00:13.421  1715  1715 I Layer   : Layer [Transition Root: Task=14#599] hidden!! flag(0)
06-06 13:00:13.421  1715  1715 I Layer   : Layer [bd3d286 Splash Screen etf.ri.rma.newsfeedapp.test#593] hidden!! flag(0)
06-06 13:00:13.421  1715  1715 I Layer   : Layer [Bottom Edge Extension#602] hidden!! flag(0)
06-06 13:00:13.421  1715  1715 I Layer   : Layer [ActivityRecord{6c3fbae u0 etf.ri.rma.newsfeedapp.test/androidx.test.core.app.InstrumentationActivityInvoker$EmptyActivity t14}#592] hidden!! flag(0)
06-06 13:00:13.421  1715  1715 I Layer   : Layer [7e0881a etf.ri.rma.newsfeedapp.test/androidx.test.core.app.InstrumentationActivityInvoker$EmptyActivity#605] hidden!! flag(0)
06-06 13:00:13.421  1715  1715 I Layer   : Layer::reparent [87e62a6 NavigationBar0#78] newParent : Surface(name=87e62a6 NavigationBar0)/@0xf64c4fb - animation-leash of insets_animation#614 , isRemovedFromCurrentState : 0 -------------------------
06-06 13:00:13.421  1715  1715 I Layer   : Layer::reparent [87e62a6 NavigationBar0#78] End -------------------------
06-06 13:00:13.421  7890  7890 D ViewRootImpl@16860e8[InstrumentationActivityInvoker$EmptyActivity]: reportNextDraw android.view.ViewRootImpl.performTraversals:4723 android.view.ViewRootImpl.doTraversal:3291 android.view.ViewRootImpl$TraversalRunnable.run:11329 android.view.Choreographer$CallbackRecord.run:1689 android.view.Choreographer$CallbackRecord.run:1698
06-06 13:00:13.421  1715  1715 I Layer   : Layer::reparent [Surface(name=87e62a6 NavigationBar0)/@0xf64c4fb - animation-leash of insets_animation#581] newParentHandle : null -------------------------
06-06 13:00:13.421  1715  1715 I Layer   : id=581 removeFromCurrentState Surface(name=87e62a6 NavigationBar0)/@0xf64c4fb - animation-leash of insets_animation#581 (234)
06-06 13:00:13.421  1715  1715 I Layer   : Layer::reparent [Surface(name=87e62a6 NavigationBar0)/@0xf64c4fb - animation-leash of insets_animation#581] End -------------------------
06-06 13:00:13.421  1715  1715 I Layer   : Layer::reparent [53a7541 StatusBar#85] newParent : Surface(name=53a7541 StatusBar)/@0x3ba06c - animation-leash of insets_animation#615 , isRemovedFromCurrentState : 0 -------------------------
06-06 13:00:13.421  1715  1715 I Layer   : Layer::reparent [53a7541 StatusBar#85] End -------------------------
06-06 13:00:13.421  1715  1715 I Layer   : Layer::reparent [Surface(name=53a7541 StatusBar)/@0x3ba06c - animation-leash of insets_animation#582] newParentHandle : null -------------------------
06-06 13:00:13.421  1715  1715 I Layer   : id=582 removeFromCurrentState Surface(name=53a7541 StatusBar)/@0x3ba06c - animation-leash of insets_animation#582 (234)
06-06 13:00:13.421  1715  1715 I Layer   : Layer::reparent [Surface(name=53a7541 StatusBar)/@0x3ba06c - animation-leash of insets_animation#582] End -------------------------
06-06 13:00:13.421  7890  7890 I ViewRootImpl@16860e8[InstrumentationActivityInvoker$EmptyActivity]: Setup new sync=wmsSync-ViewRootImpl@16860e8[InstrumentationActivityInvoker$EmptyActivity]#2
06-06 13:00:13.421  7890  7890 I ViewRootImpl@16860e8[InstrumentationActivityInvoker$EmptyActivity]: Creating new active sync group ViewRootImpl@16860e8[InstrumentationActivityInvoker$EmptyActivity]#3
06-06 13:00:13.422  7890  7890 I ViewRootImpl@16860e8[InstrumentationActivityInvoker$EmptyActivity]: registerCallbacksForSync syncBuffer=false
06-06 13:00:13.422  1715  1715 I Layer   : id=585 Destroyed Surface(name=87e62a6 NavigationBar0)/@0xf64c4fb - animation-leash of insets_animation#581 (Mirror)#585
06-06 13:00:13.422  1715  1715 I Layer   : id=584 Destroyed Surface(name=53a7541 StatusBar)/@0x3ba06c - animation-leash of insets_animation#582 (Mirror)#584
06-06 13:00:13.422  1715  1715 I SurfaceFlinger: id=582 Removed Surface(name=53a7541 StatusBar)/@0x3ba06c - animation-leash of insets_animation#582 (237)
06-06 13:00:13.422  1715  1715 I SurfaceFlinger: id=581 Removed Surface(name=87e62a6 NavigationBar0)/@0xf64c4fb - animation-leash of insets_animation#581 (237)
06-06 13:00:13.422  7890  7921 I ViewRootImpl@16860e8[InstrumentationActivityInvoker$EmptyActivity]: Received frameDrawingCallback syncResult=0 frameNum=1.
06-06 13:00:13.422  7890  7921 I ViewRootImpl@16860e8[InstrumentationActivityInvoker$EmptyActivity]: mWNT: t=0xb40000747f9475d0 mBlastBufferQueue=0xb4000074df93f230 fn= 1 mRenderHdrSdrRatio=1.0 caller= android.view.ViewRootImpl$8.onFrameDraw:13826 android.view.ThreadedRenderer$1.onFrameDraw:792 <bottom of call stack>
06-06 13:00:13.422  1652  2311 I QC2CompStore: Setting heap usage to system
06-06 13:00:13.422  7890  7921 I ViewRootImpl@16860e8[InstrumentationActivityInvoker$EmptyActivity]: Setting up sync and frameCommitCallback
06-06 13:00:13.423  7012  7043 D C2SoftVpxEnc: bytes generated 45866
06-06 13:00:13.424  5355  5355 D SamsungStatusBarGrayIconHelper: isGrayAppearance=false
06-06 13:00:13.424  5355  5355 D NavigationBar: onSystemBarAttributesChanged() -  displayId:0, appearance:16, packageName: etf.ri.rma.newsfeedapp.test (APPEARANCE_LIGHT_NAVIGATION_BARS ), navbarColorManagedByIme:false
06-06 13:00:13.425  1715  6620 I SurfaceFlinger: id=623 createSurf, flag=44404, Top Edge Extension#623
06-06 13:00:13.426  7890  7917 I BLASTBufferQueue: [ViewRootImpl@16860e8[InstrumentationActivityInvoker$EmptyActivity]#1](f:0,a:0,s:0) onFrameAvailable the first frame is available
06-06 13:00:13.426  1715  1715 I Layer   : id=624 Destroyed Screenshot Parent#624
06-06 13:00:13.426  7890  7917 I ViewRootImpl@16860e8[InstrumentationActivityInvoker$EmptyActivity]: Received frameCommittedCallback lastAttemptedDrawFrameNum=1 didProduceBuffer=true
06-06 13:00:13.427  7890  7917 D OpenGLRenderer: CFMS:: SetUp Pid : 7890    Tid : 7917
06-06 13:00:13.427  7890  7890 I ViewRootImpl@16860e8[InstrumentationActivityInvoker$EmptyActivity]: reportDrawFinished seqId=0
06-06 13:00:13.427  1715  6620 I SurfaceFlinger: id=625 createSurf, flag=4400, bbq-wrapper#625
06-06 13:00:13.427  5355  5445 D NativeCustomFrequencyManager: [NativeCFMS] BpCustomFrequencyManager::BpCustomFrequencyManager()
06-06 13:00:13.428  2342  5137 D InputDispatcher: Focused application(0): ActivityRecord{4bdcf41 u0 com.sec.android.app.launcher/.activities.LauncherActivity t8}
06-06 13:00:13.428  2342  5206 D AS.MultiSoundManager: mForegroundUid = 10150
06-06 13:00:13.428  1715  6620 I SurfaceFlinger: id=626 createSurf, flag=24000, Surface(name=87e62a6 NavigationBar0)/@0xf64c4fb - animation-leash of insets_animation#626
06-06 13:00:13.428  5355  5445 I BLASTBufferQueue: [bbq-adapter#16](f:0,a:0,s:0) onFrameAvailable the first frame is available
06-06 13:00:13.428  1574  1638 I HYPER-HAL: [RequestManager.cpp]acquire(): Acquired ID : 1452787  [1577 / 127]    HINT :      list : [TID_LOW_LATENCY / 1] [TID / 5446] [TID / 5447] [TID / 5420] [TID / 5445]
06-06 13:00:13.429  1715  1807 I SurfaceFlinger: id=627 createSurf, flag=24000, Surface(name=53a7541 StatusBar)/@0x3ba06c - animation-leash of insets_animation#627
06-06 13:00:13.429  5355  5445 D OpenGLRenderer: CFMS:: SetUp Pid : 5355    Tid : 5445
06-06 13:00:13.429  5355  5355 D SamsungStatusBarGrayIconHelper: isGrayAppearance=false
06-06 13:00:13.429  5355  5355 D NavigationBar: onSystemBarAttributesChanged() -  displayId:0, appearance:24, packageName: etf.ri.rma.newsfeedapp.test (APPEARANCE_LIGHT_STATUS_BARS APPEARANCE_LIGHT_NAVIGATION_BARS ), navbarColorManagedByIme:false
06-06 13:00:13.429  2342  5206 D AS.MultiSoundManager: mForegroundUid = 10150
06-06 13:00:13.430  1715  1715 I Layer   : Layer::reparent [87e62a6 NavigationBar0#78] newParent : Surface(name=87e62a6 NavigationBar0)/@0xf64c4fb - animation-leash of insets_animation#616 , isRemovedFromCurrentState : 0 -------------------------
06-06 13:00:13.430  1715  1715 I Layer   : Layer::reparent [87e62a6 NavigationBar0#78] End -------------------------
06-06 13:00:13.430  1715  1715 I Layer   : Layer::reparent [Surface(name=87e62a6 NavigationBar0)/@0xf64c4fb - animation-leash of insets_animation#614] newParentHandle : null -------------------------
06-06 13:00:13.430  1715  1715 I Layer   : id=614 removeFromCurrentState Surface(name=87e62a6 NavigationBar0)/@0xf64c4fb - animation-leash of insets_animation#614 (241)
06-06 13:00:13.430  1715  1715 I Layer   : Layer::reparent [Surface(name=87e62a6 NavigationBar0)/@0xf64c4fb - animation-leash of insets_animation#614] End -------------------------
06-06 13:00:13.430  1715  1715 I Layer   : Layer::reparent [53a7541 StatusBar#85] newParent : Surface(name=53a7541 StatusBar)/@0x3ba06c - animation-leash of insets_animation#617 , isRemovedFromCurrentState : 0 -------------------------
06-06 13:00:13.430  1715  1715 I Layer   : Layer::reparent [53a7541 StatusBar#85] End -------------------------
06-06 13:00:13.430  1715  1715 I Layer   : Layer::reparent [Surface(name=53a7541 StatusBar)/@0x3ba06c - animation-leash of insets_animation#615] newParentHandle : null -------------------------
06-06 13:00:13.430  1715  1715 I Layer   : id=615 removeFromCurrentState Surface(name=53a7541 StatusBar)/@0x3ba06c - animation-leash of insets_animation#615 (241)
06-06 13:00:13.430  1715  1715 I Layer   : Layer::reparent [Surface(name=53a7541 StatusBar)/@0x3ba06c - animation-leash of insets_animation#615] End -------------------------
06-06 13:00:13.430  1715  1715 I Layer   : Layer [Top Edge Extension#623] hidden!! flag(0)
06-06 13:00:13.430  1715  1715 I Layer   : id=582 Destroyed Surface(name=53a7541 StatusBar)/@0x3ba06c - animation-leash of insets_animation#582
06-06 13:00:13.430  1715  1715 I Layer   : id=581 Destroyed Surface(name=87e62a6 NavigationBar0)/@0xf64c4fb - animation-leash of insets_animation#581
06-06 13:00:13.430  1574  1638 I HYPER-HAL: [RequestManager.cpp]acquire(): Acquired ID : 1452787  [1577 / 127]    HINT :      list : [TID_LOW_LATENCY / 0] [TID / 5446] [TID / 5447] [TID / 5420] [TID / 5445]
06-06 13:00:13.430  1574  1638 I HYPER-HAL: [RequestManager.cpp]acquire(): Acquired ID : 1454493  [1577 / 128]    HINT :      list : [UCLAMP_MIN_BOOST / 0] [TID / 5446] [TID / 5447] [TID / 5420] [TID / 5445]
06-06 13:00:13.430  1715  1715 I Layer   : id=621 Destroyed Surface(name=87e62a6 NavigationBar0)/@0xf64c4fb - animation-leash of insets_animation#614 (Mirror)#621
06-06 13:00:13.430  1715  1715 I Layer   : id=619 Destroyed Surface(name=53a7541 StatusBar)/@0x3ba06c - animation-leash of insets_animation#615 (Mirror)#619
06-06 13:00:13.430  1574  1638 I HYPER-HAL: [RequestManager.cpp]releaseLocked(): Released ID : 1452787
06-06 13:00:13.430  1715  1715 I SurfaceFlinger: id=615 Removed Surface(name=53a7541 StatusBar)/@0x3ba06c - animation-leash of insets_animation#615 (241)
06-06 13:00:13.430  1715  1715 I SurfaceFlinger: id=614 Removed Surface(name=87e62a6 NavigationBar0)/@0xf64c4fb - animation-leash of insets_animation#614 (241)
06-06 13:00:13.430  1574  1638 I HYPER-HAL: [RequestManager.cpp]releaseLocked(): Released ID : 1454493
06-06 13:00:13.431  2342  6911 D SecContentProvider: query(), uri = 17 selection = isSettingsChangesAllowed
06-06 13:00:13.431  2342  5433 D InputDispatcher: Focus request (0): 7e0881a etf.ri.rma.newsfeedapp.test/androidx.test.core.app.InstrumentationActivityInvoker$EmptyActivity but waiting because NOT_VISIBLE
06-06 13:00:13.432  7890  7890 I InsetsSourceConsumer: applyRequestedVisibilityToControl: visible=true, type=navigationBars, host=etf.ri.rma.newsfeedapp.test/androidx.test.core.app.InstrumentationActivityInvoker$EmptyActivity
06-06 13:00:13.433  7890  7890 I InsetsSourceConsumer: applyRequestedVisibilityToControl: visible=true, type=statusBars, host=etf.ri.rma.newsfeedapp.test/androidx.test.core.app.InstrumentationActivityInvoker$EmptyActivity
06-06 13:00:13.433  2342  2633 I SemDvfsHyPerManager: acquire hyper - AMS_RESUME_TAIL/2342@16, type = -999
06-06 13:00:13.433  2342  2633 I SemDvfsHyPerManager: acquire hyper - AMS_ACT_LAZY/2342@17, type = -999
06-06 13:00:13.433  2342  2629 W ziparchive: Unable to open '/data/app/~~q6ihDQ-r40yk9rxY5zxFLg==/etf.ri.rma.newsfeedapp.test-m0vtkMP855jZIMp5wBuJ0A==/base.dm': No such file or directory
06-06 13:00:13.434  1574  1638 I HYPER-HAL: [RequestManager.cpp]acquire(): Acquired ID : 2781277  [2342 / 16]    HINT : AMS_RESUME_TAIL    list :
06-06 13:00:13.435  6421  6488 I HoneySpace.TopTaskSource: onTaskMovedToFront : taskId = 8
06-06 13:00:13.435  1574  1638 I HYPER-HAL: [RequestManager.cpp]acquire(): Acquired ID : 2783637  [2342 / 17]    HINT : AMS_ACT_LAZY    list :
06-06 13:00:13.435  5355  5439 I InsetsSourceConsumer: applyRequestedVisibilityToControl: visible=true, type=navigationBars, host=Splash Screen etf.ri.rma.newsfeedapp.test
06-06 13:00:13.435  6421  6488 I HoneySpace.TopTaskSource: onTaskFocusChanged(): taskId = 8
06-06 13:00:13.435  6421  6490 I HoneySpace.TopTaskUseCase: topTasks 8 ComponentInfo{com.sec.android.app.launcher/com.sec.android.app.launcher.Launcher}
06-06 13:00:13.435  5355  5439 I InsetsSourceConsumer: applyRequestedVisibilityToControl: visible=true, type=statusBars, host=Splash Screen etf.ri.rma.newsfeedapp.test
06-06 13:00:13.435  6421  6488 I HoneySpace.TopTaskSource: onTaskFocusChanged(): taskId = 8
06-06 13:00:13.435  6421  6488 I HoneySpace.TopTaskSource: onTaskMovedToFront : taskId = 8
06-06 13:00:13.436  6421  6488 I HoneySpace.TopTaskSource: onTaskMovedToFront : taskId = 8
06-06 13:00:13.437  2342  5455 I SemDvfsHyPerManager: acquire hyper - AMS_APP_HOME/2342@29, type = -999
06-06 13:00:13.437  8184  8184 I SemDvfsHyPerManager: acquire hyper - APP_START_HOME/8184@20, type = -999
06-06 13:00:13.438  1715  1715 I Layer   : Layer::reparent [Surface(name=53a7541 StatusBar)/@0x3ba06c - animation-leash of insets_animation#617] newParentHandle : null -------------------------
06-06 13:00:13.438  1715  1715 I Layer   : id=617 removeFromCurrentState Surface(name=53a7541 StatusBar)/@0x3ba06c - animation-leash of insets_animation#617 (241)
06-06 13:00:13.438  1715  1715 I Layer   : id=85 removeFromCurrentState 53a7541 StatusBar#85 (241)
06-06 13:00:13.438  1715  1715 I Layer   : id=90 removeFromCurrentState StatusBar$_5355#90 (241)
06-06 13:00:13.438  1715  1715 I Layer   : Layer::reparent [Surface(name=53a7541 StatusBar)/@0x3ba06c - animation-leash of insets_animation#617] End -------------------------
06-06 13:00:13.438  1715  1715 I Layer   : Layer::reparent [87e62a6 NavigationBar0#78] newParent : Surface(name=87e62a6 NavigationBar0)/@0xf64c4fb - animation-leash of insets_animation#626 , isRemovedFromCurrentState : 0 -------------------------
06-06 13:00:13.438  1715  1715 I Layer   : Layer::reparent [87e62a6 NavigationBar0#78] End -------------------------
06-06 13:00:13.438  1715  1715 I Layer   : Layer::reparent [Surface(name=87e62a6 NavigationBar0)/@0xf64c4fb - animation-leash of insets_animation#616] newParentHandle : null -------------------------
06-06 13:00:13.438  1715  1715 I Layer   : id=616 removeFromCurrentState Surface(name=87e62a6 NavigationBar0)/@0xf64c4fb - animation-leash of insets_animation#616 (241)
06-06 13:00:13.438  1715  1715 I Layer   : Layer::reparent [Surface(name=87e62a6 NavigationBar0)/@0xf64c4fb - animation-leash of insets_animation#616] End -------------------------
06-06 13:00:13.438  1715  1715 I Layer   : Layer::reparent [53a7541 StatusBar#85] newParent : Surface(name=53a7541 StatusBar)/@0x3ba06c - animation-leash of insets_animation#627 , isRemovedFromCurrentState : 0 -------------------------
06-06 13:00:13.438  1715  1715 I Layer   : id=85 addToCurrentState 53a7541 StatusBar#85 (241)
06-06 13:00:13.438  1715  1715 I Layer   : id=90 addToCurrentState StatusBar$_5355#90 (241)
06-06 13:00:13.438  1715  1715 I Layer   : Layer::reparent [53a7541 StatusBar#85] End -------------------------
06-06 13:00:13.438  1715  1715 I Layer   : id=614 Destroyed Surface(name=87e62a6 NavigationBar0)/@0xf64c4fb - animation-leash of insets_animation#614
06-06 13:00:13.438  1715  1715 I Layer   : id=615 Destroyed Surface(name=53a7541 StatusBar)/@0x3ba06c - animation-leash of insets_animation#615
06-06 13:00:13.438  6421  6421 I ViewRootImpl@cc9c4e9[LauncherActivity]: handleAppVisibility mAppVisible = false visible = true
06-06 13:00:13.438  1715  1715 I Layer   : id=622 Destroyed Surface(name=87e62a6 NavigationBar0)/@0xf64c4fb - animation-leash of insets_animation#616 (Mirror)#622
06-06 13:00:13.438  1715  1715 I Layer   : id=620 Destroyed Surface(name=53a7541 StatusBar)/@0x3ba06c - animation-leash of insets_animation#617 (Mirror)#620
06-06 13:00:13.438  1574  1638 I HYPER-HAL: [RequestManager.cpp]releaseLocked(): Released ID : 2816782
06-06 13:00:13.438  1574  1638 I HYPER-HAL: [RequestManager.cpp]acquire(): Acquired ID : 2812035  [2342 / 29]    HINT : AMS_APP_HOME    list :
06-06 13:00:13.438  1574  1638 I HYPER-HAL: [RequestManager.cpp]acquire(): Acquired ID : 33656930  [8184 / 20]    HINT : APP_START    list : [KERNEL_APP_START_NOTIFY / 0] [TIMEOUT / 1500]
06-06 13:00:13.439  7012  7043 D C2SoftVpxEnc: bytes generated 39439
06-06 13:00:13.440  1715  1807 I SurfaceFlinger: id=616 Removed Surface(name=87e62a6 NavigationBar0)/@0xf64c4fb - animation-leash of insets_animation#616 (237)
06-06 13:00:13.440  1715  6620 I SurfaceFlinger: id=617 Removed Surface(name=53a7541 StatusBar)/@0x3ba06c - animation-leash of insets_animation#617 (237)
06-06 13:00:13.440  6421  6421 I ViewRootImpl@cc9c4e9[LauncherActivity]: stopped(false) old = true
06-06 13:00:13.440  6421  6421 I HoneySpace.Launcher: !@Boot_EBS_D: Launcher.onStart()
06-06 13:00:13.440  2342  2629 I PkgPredictorService-SecIpmManagerServiceImpl: reportToNAP uid:10318 etf.ri.rma.newsfeedapp.test/androidx.test.core.app.InstrumentationActivityInvoker$EmptyActivity thisTime:61
06-06 13:00:13.440  2342  2629 D PkgPredictorService-SecIpmManagerServiceImpl: reportToNAP: mHeavyLaunchCounter is false
06-06 13:00:13.441  6421  6421 I HoneySpace.Launcher: !@Boot_EBS_D: Launcher.onResume()
06-06 13:00:13.441  6421  6421 I HoneySpace.Launcher: updateLauncherShowing false -> true
06-06 13:00:13.441  2342  7097 D PkgPredictorService-SecIpmManagerServiceImpl: ACTION_FOREGROUND_FINISH_EVENT sCurForegroundApp :etf.ri.rma.newsfeedapp.test
06-06 13:00:13.441  6421  6421 I HoneySpace.ShellTransitionManager: myHomeResumed
06-06 13:00:13.441  6421  4145 I HoneySpace.PredictionDataSourceImpl: requestPredictionUpdate 0 true
06-06 13:00:13.442  2342  5453 I AppWidgetServiceImpl: startListening callbacks : com.android.internal.appwidget.IAppWidgetHost$Stub$Proxy@81d5f59
06-06 13:00:13.442 24682 24682 I A       : onStart
06-06 13:00:13.442  6421  4145 I HoneySpace.PredictionDataSourceImpl: requestPredictionUpdate 1 true
06-06 13:00:13.442  6421  6421 I SearchHoneyPot: onViewCreated: onResume
06-06 13:00:13.442  6421  5991 I HoneySpace.SPayHandler: same state show=true currentDefaultPage=true
06-06 13:00:13.443 24682 24682 I A       : onResume
06-06 13:00:13.446  2342  2629 I ActivityTaskManager: Displayed etf.ri.rma.newsfeedapp.test/androidx.test.core.app.InstrumentationActivityInvoker$EmptyActivity for user 0: +61ms
06-06 13:00:13.446  7273  7273 E pageboostd: Received HALT command code 2
06-06 13:00:13.446  1715  1715 I Layer   : id=616 Destroyed Surface(name=87e62a6 NavigationBar0)/@0xf64c4fb - animation-leash of insets_animation#616
06-06 13:00:13.446  1715  1715 I Layer   : id=617 Destroyed Surface(name=53a7541 StatusBar)/@0x3ba06c - animation-leash of insets_animation#617
06-06 13:00:13.447  2342  5455 V WindowManager: Relayout Window{da5c5e7 u0 com.sec.android.app.launcher/com.sec.android.app.launcher.activities.LauncherActivity}: viewVisibility=0 req=1080x2340 ty=1 d0
06-06 13:00:13.449  1715  6620 I SurfaceFlinger: id=632 createSurf, flag=44004, com.sec.android.app.launcher/com.sec.android.app.launcher.activities.LauncherActivity$_6421#632
06-06 13:00:13.452  1715  6620 I SurfaceFlinger: id=633 createSurf, flag=24000, Surface(name=87e62a6 NavigationBar0)/@0xf64c4fb - animation-leash of insets_animation#633
06-06 13:00:13.452  1715  6620 I SurfaceFlinger: id=634 createSurf, flag=24000, Surface(name=53a7541 StatusBar)/@0x3ba06c - animation-leash of insets_animation#634
06-06 13:00:13.453  2342  5455 V WindowManager: Relayout hash=da5c5e7, pid=6421, syncId=-1: mAttrs={(0,0)(fillxfill) sim={adjust=nothing} layoutInDisplayCutoutMode=shortEdges ty=BASE_APPLICATION fmt=TRANSPARENT wanim=0x10302f2
06-06 13:00:13.453  2342  5455 V WindowManager:   fl=81910100
06-06 13:00:13.453  2342  5455 V WindowManager:   pfl=1a008040
06-06 13:00:13.453  2342  5455 V WindowManager:   bhv=SHOW_TRANSIENT_BARS_BY_SWIPE
06-06 13:00:13.453  2342  5455 V WindowManager:   fitSides= naviIconColor=0}
06-06 13:00:13.454  6421  6421 I BLASTBufferQueue_Java: new BLASTBufferQueue, mName= ViewRootImpl@cc9c4e9[LauncherActivity] mNativeObject= 0xb4000074df963770 sc.mNativeObject= 0xb4000073af93cd50 caller= android.view.ViewRootImpl.updateBlastSurfaceIfNeeded:3031 android.view.ViewRootImpl.relayoutWindow:10121 android.view.ViewRootImpl.performTraversals:4115 android.view.ViewRootImpl.doTraversal:3291 android.view.ViewRootImpl$TraversalRunnable.run:11329 android.view.Choreographer$CallbackRecord.run:1689 android.view.Choreographer$CallbackRecord.run:1698 android.view.Choreographer.doCallbacks:1153 android.view.Choreographer.doFrame:1079 android.view.Choreographer$FrameDisplayEventReceiver.run:1646
06-06 13:00:13.454  6421  6421 I BLASTBufferQueue_Java: update, w= 1080 h= 2340 mName = ViewRootImpl@cc9c4e9[LauncherActivity] mNativeObject= 0xb4000074df963770 sc.mNativeObject= 0xb4000073af93cd50 format= -2 caller= android.graphics.BLASTBufferQueue.<init>:89 android.view.ViewRootImpl.updateBlastSurfaceIfNeeded:3031 android.view.ViewRootImpl.relayoutWindow:10121 android.view.ViewRootImpl.performTraversals:4115 android.view.ViewRootImpl.doTraversal:3291 android.view.ViewRootImpl$TraversalRunnable.run:11329
06-06 13:00:13.454  6421  6421 I ViewRootImpl@cc9c4e9[LauncherActivity]: Relayout returned: old=(0,0,1080,2340) new=(0,0,1080,2340) relayoutAsync=false req=(1080,2340)0 dur=8 res=0x403 s={true 0xb4000074af997100} ch=true seqId=0
06-06 13:00:13.455  1715  1715 I Layer   : Layer::reparent [87e62a6 NavigationBar0#78] newParent : Surface(name=87e62a6 NavigationBar0)/@0xf64c4fb - animation-leash of insets_animation#633 , isRemovedFromCurrentState : 0 -------------------------
06-06 13:00:13.455  1715  1715 I Layer   : Layer::reparent [87e62a6 NavigationBar0#78] End -------------------------
06-06 13:00:13.455  1715  1715 I Layer   : Layer::reparent [Surface(name=87e62a6 NavigationBar0)/@0xf64c4fb - animation-leash of insets_animation#626] newParentHandle : null -------------------------
06-06 13:00:13.455  1715  1715 I Layer   : id=626 removeFromCurrentState Surface(name=87e62a6 NavigationBar0)/@0xf64c4fb - animation-leash of insets_animation#626 (238)
06-06 13:00:13.455  1715  1715 I Layer   : Layer::reparent [Surface(name=87e62a6 NavigationBar0)/@0xf64c4fb - animation-leash of insets_animation#626] End -------------------------
06-06 13:00:13.455  1715  1715 I Layer   : Layer::reparent [53a7541 StatusBar#85] newParent : Surface(name=53a7541 StatusBar)/@0x3ba06c - animation-leash of insets_animation#634 , isRemovedFromCurrentState : 0 -------------------------
06-06 13:00:13.455  1715  1715 I Layer   : Layer::reparent [53a7541 StatusBar#85] End -------------------------
06-06 13:00:13.455  1715  1715 I Layer   : Layer::reparent [Surface(name=53a7541 StatusBar)/@0x3ba06c - animation-leash of insets_animation#627] newParentHandle : null -------------------------
06-06 13:00:13.455  6421  6421 I ViewRootImpl@cc9c4e9[LauncherActivity]: Setup new sync=wmsSync-ViewRootImpl@cc9c4e9[LauncherActivity]#14
06-06 13:00:13.455  1715  1715 I Layer   : id=627 removeFromCurrentState Surface(name=53a7541 StatusBar)/@0x3ba06c - animation-leash of insets_animation#627 (238)
06-06 13:00:13.455  1715  1715 I Layer   : Layer::reparent [Surface(name=53a7541 StatusBar)/@0x3ba06c - animation-leash of insets_animation#627] End -------------------------
06-06 13:00:13.455  6421  6421 I ViewRootImpl@cc9c4e9[LauncherActivity]: Creating new active sync group ViewRootImpl@cc9c4e9[LauncherActivity]#15
06-06 13:00:13.455  1715  1715 I Layer   : id=630 Destroyed Surface(name=53a7541 StatusBar)/@0x3ba06c - animation-leash of insets_animation#627 (Mirror)#630
06-06 13:00:13.455  1715  1715 I Layer   : id=631 Destroyed Surface(name=87e62a6 NavigationBar0)/@0xf64c4fb - animation-leash of insets_animation#626 (Mirror)#631
06-06 13:00:13.455  1715  1715 I SurfaceFlinger: id=627 Removed Surface(name=53a7541 StatusBar)/@0x3ba06c - animation-leash of insets_animation#627 (239)
06-06 13:00:13.455  1715  1715 I SurfaceFlinger: id=626 Removed Surface(name=87e62a6 NavigationBar0)/@0xf64c4fb - animation-leash of insets_animation#626 (239)
06-06 13:00:13.455  6421  6421 I ViewRootImpl@cc9c4e9[LauncherActivity]: registerCallbacksForSync syncBuffer=false
06-06 13:00:13.457  6421  9458 I ViewRootImpl@cc9c4e9[LauncherActivity]: Received frameDrawingCallback syncResult=0 frameNum=1.
06-06 13:00:13.457  6421  9453 W qdgralloc: getInterlacedFlag: getMetaData returned 3, defaulting to interlaced_flag = 0
06-06 13:00:13.457  6421  9458 I ViewRootImpl@cc9c4e9[LauncherActivity]: mWNT: t=0xb40000747f95c130 mBlastBufferQueue=0xb4000074df963770 fn= 1 mRenderHdrSdrRatio=1.0 caller= android.view.ViewRootImpl$8.onFrameDraw:13826 android.view.ThreadedRenderer$1.onFrameDraw:792 <bottom of call stack>
06-06 13:00:13.457  6421  9458 I ViewRootImpl@cc9c4e9[LauncherActivity]: Setting up sync and frameCommitCallback
06-06 13:00:13.458  6421  9453 I BLASTBufferQueue: [ViewRootImpl@cc9c4e9[LauncherActivity]#4](f:0,a:0,s:0) onFrameAvailable the first frame is available
06-06 13:00:13.458  1652  2311 I QC2CompStore: Setting heap usage to system
06-06 13:00:13.458  6421  9453 I ViewRootImpl@cc9c4e9[LauncherActivity]: Received frameCommittedCallback lastAttemptedDrawFrameNum=1 didProduceBuffer=true
06-06 13:00:13.458  7012  7043 D C2SoftVpxEnc: bytes generated 37757
06-06 13:00:13.459  5355  5355 D SamsungStatusBarGrayIconHelper: isGrayAppearance=false
06-06 13:00:13.460  6421  6421 I ViewRootImpl@cc9c4e9[LauncherActivity]: reportDrawFinished seqId=0
06-06 13:00:13.460  5355  5355 D NavigationBar: onSystemBarAttributesChanged() -  displayId:0, appearance:16, packageName: com.sec.android.app.launcher (APPEARANCE_LIGHT_NAVIGATION_BARS ), navbarColorManagedByIme:false
06-06 13:00:13.460  5355  5355 D SysUiState: SysUiState changed: old=0x10020000 new=0x10000000
06-06 13:00:13.460  1715  1715 D SurfaceFlinger: Display 4630946970390616451 HWC layers:
06-06 13:00:13.460  1715  1715 D SurfaceFlinger:      DEVICE | 0xb4000073beb0dd30 | 0102 | RGBA_8888    |    0.0    0.0 1080.0    4.0 |    0 2336 1080 2340 | bbq-wrapper#606
06-06 13:00:13.460  1715  1715 D SurfaceFlinger:      DEVICE | 0xb4000073beaf9c90 | 0102 | RGBA_8888    |    0.0    4.0 1080.0 2340.0 |    0    0 1080 2336 | etf.ri.rma.newsfeedapp/etf.ri.rma.newsfeedapp.MainActivity$_7790#580
06-06 13:00:13.460  1715  1715 D SurfaceFlinger:      DEVICE | 0xb4000073beb14660 | 0102 | RGBA_8888    |    0.0   22.0 1080.0  438.0 |    0    0 1080  416 | bbq-wrapper#625
06-06 13:00:13.460  1715  1715 D SurfaceFlinger:  SOLID_COLOR |              | 0000 |  Unknown  |    0.0    0.0    0.0    0.0 |    0    0 1080 2340 | DimTransitionLayer for Surface(name=Task=14)/@0x34e09a5#607
06-06 13:00:13.460  1715  1715 D SurfaceFlinger:      DEVICE | 0xb4000073beb14780 | 0100 | RGBA_8888    |    0.0    0.0 1080.0 1924.0 |    0  416 1080 2340 | Splash Screen etf.ri.rma.newsfeedapp.test$_5355#594
06-06 13:00:13.460  1715  1715 D SurfaceFlinger:      DEVICE | 0xb4000073beb044c0 | 0100 | RGBA_8888    |    0.0    0.0 1080.0   87.0 |    0    0 1080   87 | StatusBar$_5355#90
06-06 13:00:13.460  1715  1715 D SurfaceFlinger:      DEVICE | 0xb4000073beb138e0 | 0100 | RGBA_8888    |    0.0    0.0   67.0  342.0 | 1013  438 1080  78
06-06 13:00:13.460  1715  1715 D SurfaceFlinger: 0 | com.sec.android.app.launcher/com.sam[...]ce.edge.CocktailBarService$_6421#145
06-06 13:00:13.460  1715  1715 D SurfaceFlinger:      DEVICE | 0xb4000073beb07fd0 | 0100 | RGBA_8888    |    0.0    0.0 1080.0  144.0 |    0 2196 1080 2340 | NavigationBar0$_5355#89
06-06 13:00:13.460  1715  1715 D SurfaceFlinger:
06-06 13:00:13.461  6421  6596 I HoneySpace.SystemUiRepository: systemUiFlags: awake
06-06 13:00:13.463  1715  1715 I Layer   : id=627 Destroyed Surface(name=53a7541 StatusBar)/@0x3ba06c - animation-leash of insets_animation#627
06-06 13:00:13.463  1715  1715 I Layer   : id=626 Destroyed Surface(name=87e62a6 NavigationBar0)/@0xf64c4fb - animation-leash of insets_animation#626
06-06 13:00:13.464  6421  9666 I HoneySpace.PredictionDataSourceImpl: TYPE_SUGGESTED_APPS updated: 9
06-06 13:00:13.465  6421  6421 I InsetsSourceConsumer: applyRequestedVisibilityToControl: visible=true, type=navigationBars, host=com.sec.android.app.launcher/com.sec.android.app.launcher.activities.LauncherActivity
06-06 13:00:13.466  2342  2630 D PkgPredictorService-SecIpmManagerServiceImpl: onForegroundActivitiesChanged pid:6421 uid:10150
06-06 13:00:13.466  2342  5453 D InputDispatcher: Focus request (0): da5c5e7 com.sec.android.app.launcher/com.sec.android.app.launcher.activities.LauncherActivity but waiting because NO_WINDOW
06-06 13:00:13.466  6421  6421 I InsetsSourceConsumer: applyRequestedVisibilityToControl: visible=true, type=statusBars, host=com.sec.android.app.launcher/com.sec.android.app.launcher.activities.LauncherActivity
06-06 13:00:13.466  2342  7097 V PkgPredictorService-SecIpmManagerServiceImpl: discard foreground app:com.sec.android.app.launcher 1|true
06-06 13:00:13.466  6421  6487 I HoneySpace.TaskbarEventTracker: invokeEvent() called with: event = SystemUiStateChanged(stateFlags=268435456)
06-06 13:00:13.467  6421  6421 I Edge.ActivityUtils: HomePackage : com.sec.android.app.launcher, resumePackageName : com.sec.android.app.launcher
06-06 13:00:13.467  5355  5406 I WallpaperService: dispatchAppVisibility: system, visible=true
06-06 13:00:13.467  5355  5533 I WallpaperService: updateSurface system forceRelayout=false forceReport=false redrawNeeded=false myWidth=2340 myHeight=2340 fixedSize=true x = 0 y = 0 mWidth=2340 mHeight=2340
06-06 13:00:13.467  5355  5533 I WallpaperService: reportVisibility: visibility changed. visible=true
06-06 13:00:13.467  5355  5533 I ImageWallpaper[CanvasEngine_d0_w1]:  onVisibilityChanged: visible=true , displayId=0
06-06 13:00:13.468  7970  7999 W ogle.android.as: Reducing the number of considered missed Gc histogram windows from 926 to 100
06-06 13:00:13.468  1715  2430 I SurfaceFlinger: id=638 createSurf, flag=84004, Transition Root: Task=1#638
06-06 13:00:13.469  2342  2633 I SurfaceControl: show, t=StartTransaction_SyncId<21>, sc=Surface(name=ActivityRecord{4bdcf41 u0 com.sec.android.app.launcher/.activities.LauncherActivity t8})/@0xccf162b, caller=com.android.server.wm.Transition.onTransactionReady:1962 com.android.server.wm.BLASTSyncEngine$SyncGroup.finishNow:310 com.android.server.wm.BLASTSyncEngine$SyncGroup.tryFinish:242 com.android.server.wm.BLASTSyncEngine$SyncGroup.-$$Nest$mtryFinish:0 com.android.server.wm.BLASTSyncEngine.onSurfacePlacement:670 com.android.server.wm.RootWindowContainer.performSurfacePlacementNoTrace:988
06-06 13:00:13.469  2342  2633 I SurfaceControl: show, t=StartTransaction_SyncId<21>, sc=Surface(name=Task=8)/@0xd2fba88, caller=com.android.server.wm.Transition.onTransactionReady:1979 com.android.server.wm.BLASTSyncEngine$SyncGroup.finishNow:310 com.android.server.wm.BLASTSyncEngine$SyncGroup.tryFinish:242 com.android.server.wm.BLASTSyncEngine$SyncGroup.-$$Nest$mtryFinish:0 com.android.server.wm.BLASTSyncEngine.onSurfacePlacement:670 com.android.server.wm.RootWindowContainer.performSurfacePlacementNoTrace:988
06-06 13:00:13.469  2342  2633 D ScreenCapture: [Capture_TEST] : setIsScreenShotBySystem true
06-06 13:00:13.470  6421  9674 I HoneySpace.PredictionDataSourceImpl: TYPE_RECOMMENDED_WIDGETS updated: 8
06-06 13:00:13.471  1715  1715 I Layer   : id=639 Destroyed Screenshot Parent#639
06-06 13:00:13.471  1715  1715 I Layer   : Layer [com.android.systemui.wallpapers.ImageWallpaper_system$_5355#93] hidden!! flag(0)
06-06 13:00:13.475  5355  5420 I SurfaceControl: hide, t=FinishTransaction_SyncId<21>, sc=Surface(name=Task=14)/@0x90300ef, caller=com.android.wm.shell.transition.Transitions.dispatchReady:681 com.android.wm.shell.transition.Transitions.onTransitionReady:118 com.android.wm.shell.transition.Transitions$TransitionPlayerImpl$$ExternalSyntheticLambda0.run:13 android.os.Handler.handleCallback:958 android.os.Handler.dispatchMessage:99 android.os.Looper.loopOnce:230
06-06 13:00:13.475  5355  5420 I SurfaceControl: show, t=StartTransaction_SyncId<21>, sc=Surface(name=Task=1)/@0xb3969ce, caller=com.android.wm.shell.transition.Transitions.dispatchReady:686 com.android.wm.shell.transition.Transitions.onTransitionReady:118 com.android.wm.shell.transition.Transitions$TransitionPlayerImpl$$ExternalSyntheticLambda0.run:13 android.os.Handler.handleCallback:958 android.os.Handler.dispatchMessage:99 android.os.Looper.loopOnce:230
06-06 13:00:13.475  5355  5420 I SurfaceControl: show, t=FinishTransaction_SyncId<21>, sc=Surface(name=Task=1)/@0xb3969ce, caller=com.android.wm.shell.transition.Transitions.dispatchReady:733 com.android.wm.shell.transition.Transitions.onTransitionReady:118 com.android.wm.shell.transition.Transitions$TransitionPlayerImpl$$ExternalSyntheticLambda0.run:13 android.os.Handler.handleCallback:958 android.os.Handler.dispatchMessage:99 android.os.Looper.loopOnce:230
06-06 13:00:13.476  2342  2630 D NetworkPolicy: already checked 10150
06-06 13:00:13.477  5355  5420 I SurfaceControl: apply is called, name=FinishTransaction_SyncId<20>, caller=android.view.SurfaceControl$Transaction.apply:2921 com.android.wm.shell.transition.Transitions.onFinish:302 com.android.wm.shell.transition.Transitions$$ExternalSyntheticLambda6.onTransitionFinished:15 com.android.wm.shell.transition.DefaultTransitionHandler$$ExternalSyntheticLambda5.run:125 com.android.wm.shell.transition.DefaultTransitionHandler$$ExternalSyntheticLambda3.run:52 android.os.Handler.handleCallback:958
06-06 13:00:13.477  1652  2311 I QC2CompStore: Setting heap usage to system
06-06 13:00:13.477  7012  7043 D C2SoftVpxEnc: bytes generated 33747
06-06 13:00:13.479  7790  7790 I ViewRootImpl@22a9976[MainActivity]: handleAppVisibility mAppVisible = true visible = false
06-06 13:00:13.479 26692 27175 I Rubin   : [97] zb.a.c(Unknown Source) : Notify com.samsung.android.rubin.inferenceengine.contextanalytics.engine.loggers.AppUsageLogger's database is updated.
06-06 13:00:13.479  5355  5420 I SurfaceControl: show, t=StartTransaction_SyncId<21>, sc=Surface(name=Transition Root: Task=1)/@0x86a67fc, caller=com.android.wm.shell.transition.Transitions.playTransition:80 com.android.wm.shell.transition.Transitions.processReadyQueue:185 com.android.wm.shell.transition.Transitions.onFinish:449 com.android.wm.shell.transition.Transitions$$ExternalSyntheticLambda6.onTransitionFinished:15 com.android.wm.shell.transition.DefaultTransitionHandler$$ExternalSyntheticLambda5.run:125 com.android.wm.shell.transition.DefaultTransitionHandler$$ExternalSyntheticLambda3.run:52
06-06 13:00:13.480  1715  1715 I Layer   : Layer [Task=8#138] hidden!! flag(0)
06-06 13:00:13.480  1715  1715 I Layer   : Layer [Task=1#52] hidden!! flag(0)
06-06 13:00:13.480  1715  1715 I Layer   : Layer::reparent [DimTransitionLayer for Surface(name=Task=14)/@0x34e09a5#607] newParentHandle : null -------------------------
06-06 13:00:13.480  1715  1715 I Layer   : id=607 removeFromCurrentState DimTransitionLayer for Surface(name=Task=14)/@0x34e09a5#607 (239)
06-06 13:00:13.480  1715  1715 I Layer   : Layer::reparent [DimTransitionLayer for Surface(name=Task=14)/@0x34e09a5#607] End -------------------------
06-06 13:00:13.480  1715  1715 I Layer   : Layer::reparent [DimTransitionLayer for Surface(name=Task=14)/@0x34e09a5#607] newParentHandle : null -------------------------
06-06 13:00:13.480  1715  1715 I Layer   : id=607 removeFromCurrentState DimTransitionLayer for Surface(name=Task=14)/@0x34e09a5#607 (239)
06-06 13:00:13.480  1715  1715 I Layer   : Layer::reparent [DimTransitionLayer for Surface(name=Task=14)/@0x34e09a5#607] End -------------------------
06-06 13:00:13.480  1715  1715 I Layer   : Layer::reparent [Top Edge Extension#623] newParentHandle : null -------------------------
06-06 13:00:13.480  1715  1715 I Layer   : id=623 removeFromCurrentState Top Edge Extension#623 (239)
06-06 13:00:13.480  1715  1715 I Layer   : id=625 removeFromCurrentState bbq-wrapper#625 (239)
06-06 13:00:13.480  1715  1715 I Layer   : Layer::reparent [Top Edge Extension#623] End -------------------------
06-06 13:00:13.480  1715  1715 I Layer   : Layer::reparent [Bottom Edge Extension#602] newParentHandle : null -------------------------
06-06 13:00:13.480  1715  1715 I Layer   : id=602 removeFromCurrentState Bottom Edge Extension#602 (239)
06-06 13:00:13.480  1715  1715 I Layer   : id=606 removeFromCurrentState bbq-wrapper#606 (239)
06-06 13:00:13.480  1715  1715 I Layer   : Layer::reparent [Bottom Edge Extension#602] End -------------------------
06-06 13:00:13.480  1715  1715 I Layer   : Layer::reparent [Task=14#591] newParent : DefaultTaskDisplayArea_d0#12 , isRemovedFromCurrentState : 0 -------------------------
06-06 13:00:13.480  1715  1715 I Layer   : Layer::reparent [Task=14#591] End -------------------------
06-06 13:00:13.480  1715  1715 I Layer   : Layer [Task=13#562] hidden!! flag(1)
06-06 13:00:13.480  1715  1715 I Layer   : Layer::reparent [Task=13#562] newParent : DefaultTaskDisplayArea_d0#12 , isRemovedFromCurrentState : 0 -------------------------
06-06 13:00:13.480  1715  1715 I Layer   : Layer::reparent [Task=13#562] End -------------------------
06-06 13:00:13.480  1715  1715 I Layer   : Layer::reparent [Transition Root: Task=14#599] newParentHandle : null -------------------------
06-06 13:00:13.480  1715  1715 I Layer   : id=599 removeFromCurrentState Transition Root: Task=14#599 (239)
06-06 13:00:13.480  1715  1715 I Layer   : Layer::reparent [Transition Root: Task=14#599] End -------------------------
06-06 13:00:13.480  1715  1715 I Layer   : Layer::reparent [Transition Root: Task=14#599] newParentHandle : null -------------------------
06-06 13:00:13.480  1715  1715 I Layer   : id=599 removeFromCurrentState Transition Root: Task=14#599 (239)
06-06 13:00:13.480  1715  1715 I Layer   : Layer::reparent [Transition Root: Task=14#599] End -------------------------
06-06 13:00:13.480  7790  7790 I ViewRootImpl@22a9976[MainActivity]: destroyHardwareResources: Callers=android.view.ViewRootImpl.performTraversals:3937 android.view.ViewRootImpl.doTraversal:3291 android.view.ViewRootImpl$TraversalRunnable.run:11329 android.view.Choreographer$CallbackRecord.run:1689 android.view.Choreographer$CallbackRecord.run:1698 android.view.Choreographer.doCallbacks:1153 android.view.Choreographer.doFrame:1079 android.view.Choreographer$FrameDisplayEventReceiver.run:1646 android.os.Handler.handleCallback:958 android.os.Handler.dispatchMessage:99
06-06 13:00:13.480  1715  1715 I Layer   : id=609 Destroyed Bottom Edge Extension#602 (Mirror)#609
06-06 13:00:13.480  1715  1715 I Layer   : id=628 Destroyed Top Edge Extension#623 (Mirror)#628
06-06 13:00:13.480  1715  1715 I Layer   : id=601 Destroyed Transition Root: Task=14#599 (Mirror)#601
06-06 13:00:13.480  1715  1715 I SurfaceFlinger: id=599 Removed Transition Root: Task=14#599 (236)
06-06 13:00:13.480  1715  1715 I SurfaceFlinger: id=602 Removed Bottom Edge Extension#602 (236)
06-06 13:00:13.480  1715  1715 I SurfaceFlinger: id=623 Removed Top Edge Extension#623 (236)
06-06 13:00:13.480  1715  1715 I SurfaceFlinger: id=607 Removed DimTransitionLayer for Surface(name=Task=14)/@0x34e09a5#607 (236)
06-06 13:00:13.481  1715  1715 I SurfaceFlinger: id=625 Removed bbq-wrapper#625 (236)
06-06 13:00:13.481  1715  1715 I SurfaceFlinger: id=606 Removed bbq-wrapper#606 (236)
06-06 13:00:13.481  1715  1715 I Layer   : id=608 Destroyed DimTransitionLayer for Surface(name=Task=14)/@0x34e09a5#607 (Mirror)#608
06-06 13:00:13.481  7790  7818 D OpenGLRenderer: CacheManager::trimMemory(20)
06-06 13:00:13.481  1715  1715 I Layer   : id=629 Destroyed bbq-wrapper#625 (Mirror)#629
06-06 13:00:13.481  1715  1715 I Layer   : id=610 Destroyed bbq-wrapper#606 (Mirror)#610
06-06 13:00:13.481  1715  1806 I SurfaceFlinger: id=641 createSurf, flag=84000, Surface(name=Task=1)/@0x572d992_transition-leash#641
06-06 13:00:13.481  6421 10594 I SurfaceControl: show, t=StartTransaction_SyncId<21>, sc=Surface(name=Task=1)/@0x572d992, caller=com.android.wm.shell.util.TransitionUtil.createLeash:127 com.android.wm.shell.util.TransitionUtil.newTarget:2 com.android.wm.shell.util.TransitionUtil.newTarget:1 com.android.systemui.shared.system.RemoteAnimationTargetCompat.wrap:48 com.android.systemui.shared.system.RemoteAnimationTargetCompat.wrapApps:5 com.android.systemui.shared.system.RemoteAnimationRunnerCompat$1.startAnimation:19
06-06 13:00:13.481  1715  1806 I SurfaceFlinger: id=642 createSurf, flag=84000, Surface(name=Task=14)/@0x93d2760_transition-leash#642
06-06 13:00:13.482  6421 10594 I SurfaceControl: show, t=StartTransaction_SyncId<21>, sc=Surface(name=Task=14)/@0x93d2760, caller=com.android.wm.shell.util.TransitionUtil.createLeash:127 com.android.wm.shell.util.TransitionUtil.newTarget:2 com.android.wm.shell.util.TransitionUtil.newTarget:1 com.android.systemui.shared.system.RemoteAnimationTargetCompat.wrap:48 com.android.systemui.shared.system.RemoteAnimationTargetCompat.wrapApps:5 com.android.systemui.shared.system.RemoteAnimationRunnerCompat$1.startAnimation:19
06-06 13:00:13.482  1574  1638 I HYPER-HAL: [RequestManager.cpp]acquire(): Acquired ID : 1445973  [1577 / 123]    HINT :      list : [TID_LOW_LATENCY / 0] [TID / 7920] [TID / 7921] [TID / 7890] [TID / 7917]
06-06 13:00:13.482  6421 10594 I SurfaceControl: apply is called, name=StartTransaction_SyncId<21>, caller=android.view.SurfaceControl$Transaction.apply:2921 com.android.systemui.shared.system.RemoteAnimationRunnerCompat$1.startAnimation:658 android.window.IRemoteTransition$Stub.onTransact:131 android.os.Binder.execTransactInternal:1380 android.os.Binder.execTransact:1311 <bottom of call stack>
06-06 13:00:13.482  1574  1638 I HYPER-HAL: [RequestManager.cpp]acquire(): Acquired ID : 1432393  [1577 / 115]    HINT :      list : [TID_LOW_LATENCY / 0] [TID / 7828] [TID / 7829] [TID / 7790] [TID / 7818]
06-06 13:00:13.482  6421 10594 I HoneySpace.ShellAnimationRunner: [onAnimationStart] appTarget(0) : taskId-1, mode-0
06-06 13:00:13.482  6421 10594 I HoneySpace.ShellAnimationRunner: [onAnimationStart] appTarget(1) : taskId-14, mode-1
06-06 13:00:13.482  1574  1638 I HYPER-HAL: [RequestManager.cpp]acquire(): Acquired ID : 1434087  [1577 / 116]    HINT :      list : [UCLAMP_MIN_BOOST / 0] [TID / 7828] [TID / 7829] [TID / 7790] [TID / 7818]
06-06 13:00:13.482  1574  1638 I HYPER-HAL: [RequestManager.cpp]releaseLocked(): Released ID : 1432393
06-06 13:00:13.482  1574  1638 I HYPER-HAL: [RequestManager.cpp]releaseLocked(): Released ID : 1434087
06-06 13:00:13.482 11224 11224 D HidDeviceService: handleMessage(): msg.what=8
06-06 13:00:13.482  6421  6421 I HoneySpace.ShellAnimationRunner: finishExistingAnimation, null
06-06 13:00:13.482  6421  6421 I HoneySpace.AppCloseAnimationDelegate: onAnimationStart
06-06 13:00:13.483  6421  6421 I HoneySpace.AppCloseAnimationDelegate: getCurrentShellAnimator : useSpringAnim-false, target-null
06-06 13:00:13.483  5355  5355 D SamsungStatusBarGrayIconHelper: isGrayAppearance=false
06-06 13:00:13.483  5355  5355 D SamsungLightBarControlHelper: onStatusBarAppearanceChanged() -  sbModeChanged:false, statusBarMode:0, barState:MODE_TRANSPARENT, isKeyguardShowing:false, navbarColorManagedByIme:false, stackAppearanceChanged:true, (AppearanceRegion{ bounds=[0,0][1080,2340]}, ), packageName:com.sec.android.app.launcher
06-06 13:00:13.483  6421  6421 I HoneySpace.ContentsAnimator: from : 0.0
06-06 13:00:13.483  6421  6421 I HoneySpace.HoneyScreenManagerImpl: Close floating task bar
06-06 13:00:13.483  5355  5355 D NavigationBar: onSystemBarAttributesChanged() -  displayId:0, appearance:0, packageName: com.sec.android.app.launcher, navbarColorManagedByIme:false
06-06 13:00:13.483  6421  6421 I HoneySpace.ContentsAnimator: ContentsAnimator start
06-06 13:00:13.483  5355  5355 D SamsungLightBarControlHelper: updateNavigationBar (WHITE button) isLightOpaque:false, hasLightNavigationBarFlag:false, packageName:com.sec.android.app.launcher, DirectReplying:false, NavBarColorMangedByIme:false, ForceDarkForScrim:false, QsCustomizing:false, PanelHasWhiteBg:false
06-06 13:00:13.483  6421  6421 I HoneySpace.TransitionUtils: areAllTargetsTranslucent - false
