06-06 13:00:25.977  6421  6421 I ViewRootImpl@cc9c4e9[LauncherActivity]: Setup new sync=wmsSync-ViewRootImpl@cc9c4e9[LauncherActivity]#22
06-06 13:00:25.977  6421  6421 I ViewRootImpl@cc9c4e9[LauncherActivity]: Creating new active sync group ViewRootImpl@cc9c4e9[LauncherActivity]#23
06-06 13:00:25.977  6421  6421 I ViewRootImpl@cc9c4e9[LauncherActivity]: registerCallbacksForSync syncBuffer=false
06-06 13:00:25.977  1574  1638 I HYPER-HAL: [RequestManager.cpp]acquire(): Acquired ID : 1660998  [1577 / 245]    HINT :      list : [TID_LOW_LATENCY / 1] [TID / 5446] [TID / 5447] [TID / 5439] [TID / 5445]
06-06 13:00:25.979  6421  9458 I ViewRootImpl@cc9c4e9[LauncherActivity]: Received frameDrawingCallback syncResult=0 frameNum=1.
06-06 13:00:25.979  6421  9458 I ViewRootImpl@cc9c4e9[LauncherActivity]: mWNT: t=0xb40000747f950210 mBlastBufferQueue=0xb4000074df963770 fn= 1 mRenderHdrSdrRatio=1.0 caller= android.view.ViewRootImpl$8.onFrameDraw:13826 android.view.ThreadedRenderer$1.onFrameDraw:792 <bottom of call stack>
06-06 13:00:25.979  6421  9458 I ViewRootImpl@cc9c4e9[LauncherActivity]: Setting up sync and frameCommitCallback
06-06 13:00:25.979  6421  7247 I HoneySpace.SystemUiRepository: systemUiFlags: awake
06-06 13:00:25.979  6421  9453 W qdgralloc: getInterlacedFlag: getMetaData returned 3, defaulting to interlaced_flag = 0
06-06 13:00:25.979  1574  1638 I HYPER-HAL: [RequestManager.cpp]acquire(): Acquired ID : 1660998  [1577 / 245]    HINT :      list : [TID_LOW_LATENCY / 0] [TID / 5446] [TID / 5447] [TID / 5439] [TID / 5445]
06-06 13:00:25.980  6421  9453 I BLASTBufferQueue: [ViewRootImpl@cc9c4e9[LauncherActivity]#8](f:0,a:0,s:0) onFrameAvailable the first frame is available
06-06 13:00:25.980  1715  1715 I Layer   : Layer::reparent [87e62a6 NavigationBar0#78] newParent : Surface(name=87e62a6 NavigationBar0)/@0xf64c4fb - animation-leash of insets_animation#996 , isRemovedFromCurrentState : 0 -------------------------
06-06 13:00:25.980  1715  1715 I Layer   : Layer::reparent [87e62a6 NavigationBar0#78] End -------------------------
06-06 13:00:25.980  1715  1715 I Layer   : Layer::reparent [Surface(name=87e62a6 NavigationBar0)/@0xf64c4fb - animation-leash of insets_animation#987] newParentHandle : null -------------------------
06-06 13:00:25.980  1715  1715 I Layer   : id=987 removeFromCurrentState Surface(name=87e62a6 NavigationBar0)/@0xf64c4fb - animation-leash of insets_animation#987 (254)
06-06 13:00:25.980  1715  1715 I Layer   : Layer::reparent [Surface(name=87e62a6 NavigationBar0)/@0xf64c4fb - animation-leash of insets_animation#987] End -------------------------
06-06 13:00:25.980  1715  1715 I Layer   : Layer::reparent [53a7541 StatusBar#85] newParent : Surface(name=53a7541 StatusBar)/@0x3ba06c - animation-leash of insets_animation#997 , isRemovedFromCurrentState : 0 -------------------------
06-06 13:00:25.980  1715  1715 I Layer   : Layer::reparent [53a7541 StatusBar#85] End -------------------------
06-06 13:00:25.980  1715  1715 I Layer   : Layer::reparent [Surface(name=53a7541 StatusBar)/@0x3ba06c - animation-leash of insets_animation#988] newParentHandle : null -------------------------
06-06 13:00:25.980  1715  1715 I Layer   : id=988 removeFromCurrentState Surface(name=53a7541 StatusBar)/@0x3ba06c - animation-leash of insets_animation#988 (254)
06-06 13:00:25.980  1715  1715 I Layer   : Layer::reparent [Surface(name=53a7541 StatusBar)/@0x3ba06c - animation-leash of insets_animation#988] End -------------------------
06-06 13:00:25.981  6421  9453 I ViewRootImpl@cc9c4e9[LauncherActivity]: Received frameCommittedCallback lastAttemptedDrawFrameNum=1 didProduceBuffer=true
06-06 13:00:25.981  1715  1715 I Layer   : id=990 Destroyed Surface(name=53a7541 StatusBar)/@0x3ba06c - animation-leash of insets_animation#988 (Mirror)#990
06-06 13:00:25.981  1715  1715 I Layer   : id=991 Destroyed Surface(name=87e62a6 NavigationBar0)/@0xf64c4fb - animation-leash of insets_animation#987 (Mirror)#991
06-06 13:00:25.981  6421  6421 I ViewRootImpl@cc9c4e9[LauncherActivity]: reportDrawFinished seqId=0
06-06 13:00:25.981  1715  1715 I SurfaceFlinger: id=988 Removed Surface(name=53a7541 StatusBar)/@0x3ba06c - animation-leash of insets_animation#988 (252)
06-06 13:00:25.981  1715  1715 I SurfaceFlinger: id=987 Removed Surface(name=87e62a6 NavigationBar0)/@0xf64c4fb - animation-leash of insets_animation#987 (252)
06-06 13:00:25.982  2342  5453 D InputDispatcher: Focus request (0): da5c5e7 com.sec.android.app.launcher/com.sec.android.app.launcher.activities.LauncherActivity but waiting because NO_WINDOW
06-06 13:00:25.982  5355  8283 I WallpaperService: dispatchAppVisibility: system, visible=true
06-06 13:00:25.983  5355  5533 I WallpaperService: updateSurface system forceRelayout=false forceReport=false redrawNeeded=false myWidth=2340 myHeight=2340 fixedSize=true x = 0 y = 0 mWidth=2340 mHeight=2340
06-06 13:00:25.983  5355  5533 I WallpaperService: reportVisibility: visibility changed. visible=true
06-06 13:00:25.983  5355  5533 I ImageWallpaper[CanvasEngine_d0_w1]:  onVisibilityChanged: visible=true , displayId=0
06-06 13:00:25.983  1715  1806 I SurfaceFlinger: id=951 Removed Surface(name=ea72c01 etf.ri.rma.newsfeedapp/etf.ri.rma.newsfeedapp.MainActivity)/@0x97cd28c - animation-leash of starting_reveal#951 (252)
06-06 13:00:25.984  1574  1638 I HYPER-HAL: [RequestManager.cpp]acquire(): Acquired ID : 1662822  [1577 / 246]    HINT :      list : [UCLAMP_MIN_BOOST / 0] [TID / 5446] [TID / 5447] [TID / 5439] [TID / 5445]
06-06 13:00:25.984  1715  1807 I SurfaceFlinger: id=1001 createSurf, flag=84004, Transition Root: Task=1#1001
06-06 13:00:25.984  1574  1638 I HYPER-HAL: [RequestManager.cpp]releaseLocked(): Released ID : 1660998
06-06 13:00:25.984  1574  1638 I HYPER-HAL: [RequestManager.cpp]releaseLocked(): Released ID : 1662822
06-06 13:00:25.984  1574  1638 I HYPER-HAL: [RequestManager.cpp]acquire(): Acquired ID : 1664647  [1577 / 247]    HINT :      list : [TID_LOW_LATENCY / 1] [TID / 5446] [TID / 5447] [TID / 5420] [TID / 5445]
06-06 13:00:25.984  1574  1638 I HYPER-HAL: [RequestManager.cpp]acquire(): Acquired ID : 1664647  [1577 / 247]    HINT :      list : [TID_LOW_LATENCY / 0] [TID / 5446] [TID / 5447] [TID / 5420] [TID / 5445]
06-06 13:00:25.985  1574  1638 I HYPER-HAL: [RequestManager.cpp]acquire(): Acquired ID : 1666473  [1577 / 248]    HINT :      list : [UCLAMP_MIN_BOOST / 0] [TID / 5446] [TID / 5447] [TID / 5420] [TID / 5445]
06-06 13:00:25.985  1574  1638 I HYPER-HAL: [RequestManager.cpp]releaseLocked(): Released ID : 1664647
06-06 13:00:25.985  1574  1638 I HYPER-HAL: [RequestManager.cpp]releaseLocked(): Released ID : 1666473
06-06 13:00:25.985  1574  1638 I HYPER-HAL: [RequestManager.cpp]acquire(): Acquired ID : 1668300  [1577 / 249]    HINT :      list : [TID_LOW_LATENCY / 1] [TID / 5446] [TID / 5447] [TID / 5439] [TID / 5445]
06-06 13:00:25.985  2342  2633 I SurfaceControl: show, t=StartTransaction_SyncId<33>, sc=Surface(name=ActivityRecord{4bdcf41 u0 com.sec.android.app.launcher/.activities.LauncherActivity t8})/@0xccf162b, caller=com.android.server.wm.Transition.onTransactionReady:1962 com.android.server.wm.BLASTSyncEngine$SyncGroup.finishNow:310 com.android.server.wm.BLASTSyncEngine$SyncGroup.tryFinish:242 com.android.server.wm.BLASTSyncEngine$SyncGroup.-$$Nest$mtryFinish:0 com.android.server.wm.BLASTSyncEngine.onSurfacePlacement:670 com.android.server.wm.RootWindowContainer.performSurfacePlacementNoTrace:988
06-06 13:00:25.985  2342  2633 I SurfaceControl: show, t=StartTransaction_SyncId<33>, sc=Surface(name=Task=8)/@0xd2fba88, caller=com.android.server.wm.Transition.onTransactionReady:1979 com.android.server.wm.BLASTSyncEngine$SyncGroup.finishNow:310 com.android.server.wm.BLASTSyncEngine$SyncGroup.tryFinish:242 com.android.server.wm.BLASTSyncEngine$SyncGroup.-$$Nest$mtryFinish:0 com.android.server.wm.BLASTSyncEngine.onSurfacePlacement:670 com.android.server.wm.RootWindowContainer.performSurfacePlacementNoTrace:988
06-06 13:00:25.985  1715  1715 D SurfaceFlinger: Display 4630946970390616451 HWC layers:
06-06 13:00:25.985  1715  1715 D SurfaceFlinger:      DEVICE | 0xb4000073beb101c0 | 0102 | RGBA_8888    |    0.0    0.0 1080.0    4.0 |    0 2336 1080 2340 | bbq-wrapper#971
06-06 13:00:25.985  1715  1715 D SurfaceFlinger:      DEVICE | 0xb4000073beaf6210 | 0102 | RGBA_8888    |    0.0    4.0 1080.0 2340.0 |    0    0 1080 2336 | etf.ri.rma.newsfeedapp/etf.ri.rma.newsfeedapp.MainActivity$_7790#945
06-06 13:00:25.985  1715  1715 D SurfaceFlinger:      DEVICE | 0xb4000073beaf9a50 | 0102 | RGBA_8888    |    0.0   22.0 1080.0  438.0 |    0    0 1080  416 | bbq-wrapper#993
06-06 13:00:25.985  1715  1715 D SurfaceFlinger:  SOLID_COLOR |              | 0000 |  Unknown  |    0.0    0.0    0.0    0.0 |    0    0 1080 2340 | DimTransitionLayer for Surface(name=Task=22)/@0xe6552d8#981
06-06 13:00:25.985  1715  1715 D SurfaceFlinger:      DEVICE | 0xb4000073beafff00 | 0100 | RGBA_8888    |    0.0    0.0 1080.0 1924.0 |    0  416 1080 2340 | Splash Screen etf.ri.rma.newsfeedapp.test$_5355#962
06-06 13:00:25.985  1715  1715 D SurfaceFlinger:      DEVICE | 0xb4000073beb087b0 | 0100 | RGBA_8888    |    0.0    0.0 1080.0   87.0 |    0    0 1080   87 | StatusBar$_5355#90
06-06 13:00:25.985  1715  1715 D SurfaceFlinger:      DEVICE | 0xb4000073beb138e0 | 0100 | RGBA_8888    |    0.0    0.0   67.0  342.0 | 1013  438 1080  78
06-06 13:00:25.985  1715  1715 D SurfaceFlinger: 0 | com.sec.android.app.launcher/com.sam[...]ce.edge.CocktailBarService$_6421#145
06-06 13:00:25.985  1715  1715 D SurfaceFlinger:      DEVICE | 0xb4000073beb0f830 | 0100 | RGBA_8888    |    0.0    0.0 1080.0  144.0 |    0 2196 1080 2340 | NavigationBar0$_5355#89
06-06 13:00:25.985  1715  1715 D SurfaceFlinger:
06-06 13:00:25.985  2342  2633 D ScreenCapture: [Capture_TEST] : setIsScreenShotBySystem true
06-06 13:00:25.986  1715  1807 I SurfaceFlinger: id=916 Removed Surface(name=f3ef1fd etf.ri.rma.newsfeedapp.test/androidx.test.core.app.InstrumentationActivityInvoker$EmptyActivity)/@0xd9a585e - animation-leash of starting_reveal#916 (253)
06-06 13:00:25.986  1715  1715 I Layer   : id=1002 Destroyed Screenshot Parent#1002
06-06 13:00:25.987  6421  6421 I InsetsSourceConsumer: applyRequestedVisibilityToControl: visible=true, type=navigationBars, host=com.sec.android.app.launcher/com.sec.android.app.launcher.activities.LauncherActivity
06-06 13:00:25.987  6421  6421 I InsetsSourceConsumer: applyRequestedVisibilityToControl: visible=true, type=statusBars, host=com.sec.android.app.launcher/com.sec.android.app.launcher.activities.LauncherActivity
06-06 13:00:25.987  2342  2630 D PkgPredictorService-SecIpmManagerServiceImpl: onForegroundActivitiesChanged pid:6421 uid:10150
06-06 13:00:25.987  1574  1638 I HYPER-HAL: [RequestManager.cpp]acquire(): Acquired ID : 1668300  [1577 / 249]    HINT :      list : [TID_LOW_LATENCY / 0] [TID / 5446] [TID / 5447] [TID / 5439] [TID / 5445]
06-06 13:00:25.988  1574  1638 I HYPER-HAL: [RequestManager.cpp]acquire(): Acquired ID : 1670128  [1577 / 250]    HINT :      list : [UCLAMP_MIN_BOOST / 0] [TID / 5446] [TID / 5447] [TID / 5439] [TID / 5445]
06-06 13:00:25.988  2342  7097 V PkgPredictorService-SecIpmManagerServiceImpl: discard foreground app:com.sec.android.app.launcher 1|true
06-06 13:00:25.988  6421  6421 I Edge.ActivityUtils: HomePackage : com.sec.android.app.launcher, resumePackageName : com.sec.android.app.launcher
06-06 13:00:25.988  6421  6487 I HoneySpace.TaskbarEventTracker: invokeEvent() called with: event = SystemUiStateChanged(stateFlags=268435456)
06-06 13:00:25.989  1715  1715 I Layer   : Layer [com.android.systemui.wallpapers.ImageWallpaper_system$_5355#93] hidden!! flag(0)
06-06 13:00:25.989  1574  1638 I HYPER-HAL: [RequestManager.cpp]releaseLocked(): Released ID : 1668300
06-06 13:00:25.989  1574  1638 I HYPER-HAL: [RequestManager.cpp]releaseLocked(): Released ID : 1670128
06-06 13:00:25.989  1715  1715 I Layer   : id=916 Destroyed Surface(name=f3ef1fd etf.ri.rma.newsfeedapp.test/androidx.test.core.app.InstrumentationActivityInvoker$EmptyActivity)/@0xd9a585e - animation-leash of starting_reveal#916
06-06 13:00:25.989  1715  1715 I Layer   : id=951 Destroyed Surface(name=ea72c01 etf.ri.rma.newsfeedapp/etf.ri.rma.newsfeedapp.MainActivity)/@0x97cd28c - animation-leash of starting_reveal#951
06-06 13:00:25.989  1715  1715 I Layer   : id=988 Destroyed Surface(name=53a7541 StatusBar)/@0x3ba06c - animation-leash of insets_animation#988
06-06 13:00:25.989  1715  1715 I Layer   : id=987 Destroyed Surface(name=87e62a6 NavigationBar0)/@0xf64c4fb - animation-leash of insets_animation#987
06-06 13:00:25.989  1574  1638 I HYPER-HAL: [RequestManager.cpp]acquire(): Acquired ID : 1671957  [1577 / 251]    HINT :      list : [TID_LOW_LATENCY / 1] [TID / 5446] [TID / 5447] [TID / 5420] [TID / 5445]
06-06 13:00:25.990  1574  1638 I HYPER-HAL: [RequestManager.cpp]acquire(): Acquired ID : 1671957  [1577 / 251]    HINT :      list : [TID_LOW_LATENCY / 0] [TID / 5446] [TID / 5447] [TID / 5420] [TID / 5445]
06-06 13:00:25.990  1574  1638 I HYPER-HAL: [RequestManager.cpp]acquire(): Acquired ID : 1673787  [1577 / 252]    HINT :      list : [UCLAMP_MIN_BOOST / 0] [TID / 5446] [TID / 5447] [TID / 5420] [TID / 5445]
06-06 13:00:25.990  1574  1638 I HYPER-HAL: [RequestManager.cpp]releaseLocked(): Released ID : 1671957
06-06 13:00:25.990  7012  7043 D C2SoftVpxEnc: bytes generated 3031
06-06 13:00:25.990  1574  1638 I HYPER-HAL: [RequestManager.cpp]releaseLocked(): Released ID : 1673787
06-06 13:00:25.991  5355  5420 I SurfaceControl: hide, t=FinishTransaction_SyncId<33>, sc=Surface(name=Task=22)/@0xd43a095, caller=com.android.wm.shell.transition.Transitions.dispatchReady:681 com.android.wm.shell.transition.Transitions.onTransitionReady:118 com.android.wm.shell.transition.Transitions$TransitionPlayerImpl$$ExternalSyntheticLambda0.run:13 android.os.Handler.handleCallback:958 android.os.Handler.dispatchMessage:99 android.os.Looper.loopOnce:230
06-06 13:00:25.991  5355  5420 I SurfaceControl: show, t=StartTransaction_SyncId<33>, sc=Surface(name=Task=1)/@0xe3bc84c, caller=com.android.wm.shell.transition.Transitions.dispatchReady:686 com.android.wm.shell.transition.Transitions.onTransitionReady:118 com.android.wm.shell.transition.Transitions$TransitionPlayerImpl$$ExternalSyntheticLambda0.run:13 android.os.Handler.handleCallback:958 android.os.Handler.dispatchMessage:99 android.os.Looper.loopOnce:230
06-06 13:00:25.991  5355  5420 I SurfaceControl: show, t=FinishTransaction_SyncId<33>, sc=Surface(name=Task=1)/@0xe3bc84c, caller=com.android.wm.shell.transition.Transitions.dispatchReady:733 com.android.wm.shell.transition.Transitions.onTransitionReady:118 com.android.wm.shell.transition.Transitions$TransitionPlayerImpl$$ExternalSyntheticLambda0.run:13 android.os.Handler.handleCallback:958 android.os.Handler.dispatchMessage:99 android.os.Looper.loopOnce:230
06-06 13:00:25.993  5355  5420 I SurfaceControl: apply is called, name=FinishTransaction_SyncId<32>, caller=android.view.SurfaceControl$Transaction.apply:2921 com.android.wm.shell.transition.Transitions.onFinish:302 com.android.wm.shell.transition.Transitions$$ExternalSyntheticLambda6.onTransitionFinished:15 com.android.wm.shell.transition.DefaultTransitionHandler$$ExternalSyntheticLambda5.run:125 com.android.wm.shell.transition.DefaultTransitionHandler$$ExternalSyntheticLambda3.run:52 android.os.Handler.handleCallback:958
06-06 13:00:25.993  2342  2630 D NetworkPolicy: already checked 10150
06-06 13:00:25.994  1574  1638 I HYPER-HAL: [RequestManager.cpp]acquire(): Acquired ID : 1675618  [1577 / 253]    HINT :      list : [TID_LOW_LATENCY / 1] [TID / 5446] [TID / 5447] [TID / 5420] [TID / 5445]
06-06 13:00:25.995 11224 11224 D HidDeviceService: handleMessage(): msg.what=8
06-06 13:00:25.995 26692 27175 I Rubin   : [97] zb.a.c(Unknown Source) : Notify com.samsung.android.rubin.inferenceengine.contextanalytics.engine.loggers.AppUsageLogger's database is updated.
06-06 13:00:25.996  1574  1638 I HYPER-HAL: [RequestManager.cpp]acquire(): Acquired ID : 1617522  [1577 / 221]    HINT :      list : [TID_LOW_LATENCY / 0] [TID / 7920] [TID / 7921] [TID / 7890] [TID / 7917]
06-06 13:00:25.996  1574  1638 I HYPER-HAL: [RequestManager.cpp]acquire(): Acquired ID : 1675618  [1577 / 253]    HINT :      list : [TID_LOW_LATENCY / 0] [TID / 5446] [TID / 5447] [TID / 5420] [TID / 5445]
06-06 13:00:25.996  1574  1638 I HYPER-HAL: [RequestManager.cpp]acquire(): Acquired ID : 1677450  [1577 / 254]    HINT :      list : [UCLAMP_MIN_BOOST / 0] [TID / 5446] [TID / 5447] [TID / 5420] [TID / 5445]
06-06 13:00:25.996  1574  1638 I HYPER-HAL: [RequestManager.cpp]releaseLocked(): Released ID : 1675618
06-06 13:00:25.996  1574  1638 I HYPER-HAL: [RequestManager.cpp]releaseLocked(): Released ID : 1677450
06-06 13:00:25.996  1574  1638 I HYPER-HAL: [RequestManager.cpp]acquire(): Acquired ID : 1679283  [1577 / 255]    HINT :      list : [TID_LOW_LATENCY / 1] [TID / 5446] [TID / 5447] [TID / 5439] [TID / 5445]
06-06 13:00:25.997  1574  1638 I HYPER-HAL: [RequestManager.cpp]acquire(): Acquired ID : 1679283  [1577 / 255]    HINT :      list : [TID_LOW_LATENCY / 0] [TID / 5446] [TID / 5447] [TID / 5439] [TID / 5445]
06-06 13:00:25.997  1574  1638 I HYPER-HAL: [RequestManager.cpp]acquire(): Acquired ID : 1681117  [1577 / 256]    HINT :      list : [UCLAMP_MIN_BOOST / 0] [TID / 5446] [TID / 5447] [TID / 5439] [TID / 5445]
06-06 13:00:25.997  1574  1638 I HYPER-HAL: [RequestManager.cpp]releaseLocked(): Released ID : 1679283
06-06 13:00:25.997  1574  1638 I HYPER-HAL: [RequestManager.cpp]releaseLocked(): Released ID : 1681117
06-06 13:00:25.997  6421  9666 I HoneySpace.PredictionDataSourceImpl: TYPE_SUGGESTED_APPS updated: 9
06-06 13:00:25.997  1715  1715 I Layer   : Layer [Task=8#138] hidden!! flag(0)
06-06 13:00:25.997  1715  1715 I Layer   : Layer [Task=1#52] hidden!! flag(0)
06-06 13:00:25.997  1715  1715 I Layer   : Layer::reparent [DimTransitionLayer for Surface(name=Task=22)/@0xe6552d8#981] newParentHandle : null -------------------------
06-06 13:00:25.997  1715  1715 I Layer   : id=981 removeFromCurrentState DimTransitionLayer for Surface(name=Task=22)/@0xe6552d8#981 (250)
06-06 13:00:25.997  1715  1715 I Layer   : Layer::reparent [DimTransitionLayer for Surface(name=Task=22)/@0xe6552d8#981] End -------------------------
06-06 13:00:25.997  1715  1715 I Layer   : Layer::reparent [Top Edge Extension#986] newParentHandle : null -------------------------
06-06 13:00:25.997  1715  1715 I Layer   : id=986 removeFromCurrentState Top Edge Extension#986 (250)
06-06 13:00:25.997  1715  1715 I Layer   : id=993 removeFromCurrentState bbq-wrapper#993 (250)
06-06 13:00:25.997  1715  1715 I Layer   : Layer::reparent [Top Edge Extension#986] End -------------------------
06-06 13:00:25.997  1715  1715 I Layer   : Layer::reparent [DimTransitionLayer for Surface(name=Task=22)/@0xe6552d8#981] newParentHandle : null -------------------------
06-06 13:00:25.997  1715  1715 I Layer   : id=981 removeFromCurrentState DimTransitionLayer for Surface(name=Task=22)/@0xe6552d8#981 (250)
06-06 13:00:25.997  1715  1715 I Layer   : Layer::reparent [DimTransitionLayer for Surface(name=Task=22)/@0xe6552d8#981] End -------------------------
06-06 13:00:25.997  1715  1715 I Layer   : Layer::reparent [Transition Root: Task=22#963] newParentHandle : null -------------------------
06-06 13:00:25.997  1715  1715 I Layer   : id=963 removeFromCurrentState Transition Root: Task=22#963 (250)
06-06 13:00:25.997  1715  1715 I Layer   : id=927 removeFromCurrentState Task=21#927 (250)
06-06 13:00:25.997  1715  1715 I Layer   : id=968 removeFromCurrentState Bottom Edge Extension#968 (250)
06-06 13:00:25.997  1715  1715 I Layer   : id=971 removeFromCurrentState bbq-wrapper#971 (250)
06-06 13:00:25.997  1715  1715 I Layer   : id=928 removeFromCurrentState ActivityRecord{790d641 u0 etf.ri.rma.newsfeedapp/.MainActivity t21}#928 (250)
06-06 13:00:25.997  1715  1715 I Layer   : id=937 removeFromCurrentState 2170b4b ActivityRecordInputSink etf.ri.rma.newsfeedapp/.MainActivity#937 (250)
06-06 13:00:25.997  1715  1715 I Layer   : id=936 removeFromCurrentState ea72c01 etf.ri.rma.newsfeedapp/etf.ri.rma.newsfeedapp.MainActivity#936 (250)
06-06 13:00:25.997  1715  1715 I Layer   : id=945 removeFromCurrentState etf.ri.rma.newsfeedapp/etf.ri.rma.newsfeedapp.MainActivity$_7790#945 (250)
06-06 13:00:25.997  1715  1715 I Layer   : id=17 removeFromCurrentState ImeContainer#17 (250)
06-06 13:00:25.997  1715  1715 I Layer   : id=98 removeFromCurrentState WindowToken{f7b1b09 type=2011 android.os.Binder@15b9410}#98 (250)
06-06 13:00:25.997  1715  1715 I Layer   : id=953 removeFromCurrentState Surface(name=ac5a498 InputMethod)/@0x1895ba - animation-leash of insets_animation#953 (250)
06-06 13:00:25.997  1715  1715 I Layer   : id=154 removeFromCurrentState ac5a498 InputMethod#154 (250)
06-06 13:00:25.997  1715  1715 I Layer   : id=956 removeFromCurrentState Task=22#956 (250)
06-06 13:00:25.997  1715  1715 I Layer   : id=957 removeFromCurrentState ActivityRecord{ee35b9 u0 etf.ri.rma.newsfeedapp.test/androidx.test.core.app.InstrumentationActivityInvoker$EmptyActivity t22}#957 (250)
06-06 13:00:25.997  1715  1715 I Layer   : id=967 removeFromCurrentState 16dd003 ActivityRecordInputSink etf.ri.rma.newsfeedapp.test/androidx.test.core.app.InstrumentationActivityInvoker$EmptyActivity#967 (250)
06-06 13:00:25.997  1715  1715 I Layer   : id=969 removeFromCurrentState 3a73a2f etf.ri.rma.newsfeedapp.test/androidx.test.core.app.InstrumentationActivityInvoker$EmptyActivity#969 (250)
06-06 13:00:25.997  1715  1715 I Layer   : id=972 removeFromCurrentState etf.ri.rma.newsfeedapp.test/androidx.test.core.app.InstrumentationActivityInvoker$EmptyActivity$_7890#972 (250)
06-06 13:00:25.997  1715  1715 I Layer   : id=958 removeFromCurrentState 10c6a98 Splash Screen etf.ri.rma.newsfeedapp.test#958 (250)
06-06 13:00:25.997  1715  1715 I Layer   : id=962 removeFromCurrentState Splash Screen etf.ri.rma.newsfeedapp.test$_5355#962 (250)
06-06 13:00:25.997  1715  1715 I Layer   : Layer::reparent [Transition Root: Task=22#963] End -------------------------
06-06 13:00:25.997  1715  1715 I Layer   : Layer::reparent [Bottom Edge Extension#968] newParentHandle : null -------------------------
06-06 13:00:25.997  1715  1715 I Layer   : id=968 removeFromCurrentState Bottom Edge Extension#968 (250)
06-06 13:00:25.997  1715  1715 I Layer   : id=971 removeFromCurrentState bbq-wrapper#971 (250)
06-06 13:00:25.997  1715  1715 I Layer   : Layer::reparent [Bottom Edge Extension#968] End -------------------------
06-06 13:00:25.997  1715  1715 I Layer   : Layer::reparent [Task=22#956] newParent : DefaultTaskDisplayArea_d0#12 , isRemovedFromCurrentState : 0 -------------------------
06-06 13:00:25.997  1715  1715 I Layer   : id=956 addToCurrentState Task=22#956 (250)
06-06 13:00:25.997  1715  1715 I Layer   : id=957 addToCurrentState ActivityRecord{ee35b9 u0 etf.ri.rma.newsfeedapp.test/androidx.test.core.app.InstrumentationActivityInvoker$EmptyActivity t22}#957 (250)
06-06 13:00:25.997  1715  1715 I Layer   : id=967 addToCurrentState 16dd003 ActivityRecordInputSink etf.ri.rma.newsfeedapp.test/androidx.test.core.app.InstrumentationActivityInvoker$EmptyActivity#967 (250)
06-06 13:00:25.997  1715  1715 I Layer   : id=969 addToCurrentState 3a73a2f etf.ri.rma.newsfeedapp.test/androidx.test.core.app.InstrumentationActivityInvoker$EmptyActivity#969 (250)
06-06 13:00:25.997  1715  1715 I Layer   : id=972 addToCurrentState etf.ri.rma.newsfeedapp.test/androidx.test.core.app.InstrumentationActivityInvoker$EmptyActivity$_7890#972 (250)
06-06 13:00:25.997  1715  1715 I Layer   : id=958 addToCurrentState 10c6a98 Splash Screen etf.ri.rma.newsfeedapp.test#958 (250)
06-06 13:00:25.997  1715  1715 I Layer   : id=962 addToCurrentState Splash Screen etf.ri.rma.newsfeedapp.test$_5355#962 (250)
06-06 13:00:25.997  1715  1715 I Layer   : Layer::reparent [Task=22#956] End -------------------------
06-06 13:00:25.997  1715  1715 I Layer   : Layer [Task=21#927] hidden!! flag(1)
06-06 13:00:25.997  1715  1715 I Layer   : Layer::reparent [Task=21#927] newParent : DefaultTaskDisplayArea_d0#12 , isRemovedFromCurrentState : 0 -------------------------
06-06 13:00:25.997  1715  1715 I Layer   : id=927 addToCurrentState Task=21#927 (250)
06-06 13:00:25.997  1715  1715 I Layer   : id=928 addToCurrentState ActivityRecord{790d641 u0 etf.ri.rma.newsfeedapp/.MainActivity t21}#928 (250)
06-06 13:00:25.997  1715  1715 I Layer   : id=937 addToCurrentState 2170b4b ActivityRecordInputSink etf.ri.rma.newsfeedapp/.MainActivity#937 (250)
06-06 13:00:25.997  1715  1715 I Layer   : id=936 addToCurrentState ea72c01 etf.ri.rma.newsfeedapp/etf.ri.rma.newsfeedapp.MainActivity#936 (250)
06-06 13:00:25.997  1715  1715 I Layer   : id=945 addToCurrentState etf.ri.rma.newsfeedapp/etf.ri.rma.newsfeedapp.MainActivity$_7790#945 (250)
06-06 13:00:25.997  1715  1715 I Layer   : id=17 addToCurrentState ImeContainer#17 (250)
06-06 13:00:25.997  1715  1715 I Layer   : id=98 addToCurrentState WindowToken{f7b1b09 type=2011 android.os.Binder@15b9410}#98 (250)
06-06 13:00:25.997  1715  1715 I Layer   : id=953 addToCurrentState Surface(name=ac5a498 InputMethod)/@0x1895ba - animation-leash of insets_animation#953 (250)
06-06 13:00:25.997  1715  1715 I Layer   : id=154 addToCurrentState ac5a498 InputMethod#154 (250)
06-06 13:00:25.997  1715  1715 I Layer   : Layer::reparent [Task=21#927] End -------------------------
06-06 13:00:25.997  1715  1715 I Layer   : Layer::reparent [Transition Root: Task=22#963] newParentHandle : null -------------------------
06-06 13:00:25.997  1715  1715 I Layer   : id=963 removeFromCurrentState Transition Root: Task=22#963 (250)
06-06 13:00:25.997  1715  1715 I Layer   : Layer::reparent [Transition Root: Task=22#963] End -------------------------
06-06 13:00:25.998  1715  1715 I Layer   : id=964 Destroyed Transition Root: Task=22#963 (Mirror)#964
06-06 13:00:25.998  1715  1715 I Layer   : id=989 Destroyed Top Edge Extension#986 (Mirror)#989
06-06 13:00:25.998  1715  1715 I Layer   : id=973 Destroyed Bottom Edge Extension#968 (Mirror)#973
06-06 13:00:25.998  1715  1715 I SurfaceFlinger: id=968 Removed Bottom Edge Extension#968 (247)
06-06 13:00:25.998  1715  1715 I SurfaceFlinger: id=963 Removed Transition Root: Task=22#963 (247)
06-06 13:00:25.998  1715  1715 I SurfaceFlinger: id=986 Removed Top Edge Extension#986 (247)
06-06 13:00:25.998  1715  1715 I SurfaceFlinger: id=981 Removed DimTransitionLayer for Surface(name=Task=22)/@0xe6552d8#981 (247)
06-06 13:00:25.998  1715  1715 I SurfaceFlinger: id=993 Removed bbq-wrapper#993 (247)
06-06 13:00:25.998  1715  1715 I SurfaceFlinger: id=971 Removed bbq-wrapper#971 (247)
06-06 13:00:25.998  1715  3404 I SurfaceFlinger: id=856 Removed Surface(name=d9e191a etf.ri.rma.newsfeedapp/etf.ri.rma.newsfeedapp.MainActivity)/@0xd368d15 - animation-leash of starting_reveal#856 (247)
06-06 13:00:25.998  1715  1715 I Layer   : id=982 Destroyed DimTransitionLayer for Surface(name=Task=22)/@0xe6552d8#981 (Mirror)#982
06-06 13:00:25.998  1715  1715 I Layer   : id=994 Destroyed bbq-wrapper#993 (Mirror)#994
06-06 13:00:25.998  1715  1715 I Layer   : id=974 Destroyed bbq-wrapper#971 (Mirror)#974
06-06 13:00:25.999  5355  5420 I SurfaceControl: show, t=StartTransaction_SyncId<33>, sc=Surface(name=Transition Root: Task=1)/@0x8f6f5aa, caller=com.android.wm.shell.transition.Transitions.playTransition:80 com.android.wm.shell.transition.Transitions.processReadyQueue:185 com.android.wm.shell.transition.Transitions.onFinish:449 com.android.wm.shell.transition.Transitions$$ExternalSyntheticLambda6.onTransitionFinished:15 com.android.wm.shell.transition.DefaultTransitionHandler$$ExternalSyntheticLambda5.run:125 com.android.wm.shell.transition.DefaultTransitionHandler$$ExternalSyntheticLambda3.run:52
06-06 13:00:25.999  1715  3404 I SurfaceFlinger: id=825 Removed Surface(name=ce8b7de etf.ri.rma.newsfeedapp.test/androidx.test.core.app.InstrumentationActivityInvoker$EmptyActivity)/@0x3d74757 - animation-leash of starting_reveal#825 (244)
06-06 13:00:25.999  5355  5355 D SamsungStatusBarGrayIconHelper: isGrayAppearance=false
06-06 13:00:25.999  7790  7790 I ViewRootImpl@1bb2554[MainActivity]: handleAppVisibility mAppVisible = true visible = false
06-06 13:00:25.999  5355  5355 D SamsungLightBarControlHelper: onStatusBarAppearanceChanged() -  sbModeChanged:false, statusBarMode:0, barState:MODE_TRANSPARENT, isKeyguardShowing:false, navbarColorManagedByIme:false, stackAppearanceChanged:true, (AppearanceRegion{ bounds=[0,0][1080,2340]}, ), packageName:com.sec.android.app.launcher
06-06 13:00:25.999  5355  5355 D NavigationBar: onSystemBarAttributesChanged() -  displayId:0, appearance:0, packageName: com.sec.android.app.launcher, navbarColorManagedByIme:false
06-06 13:00:25.999  5355  5355 D SamsungLightBarControlHelper: updateNavigationBar (WHITE button) isLightOpaque:false, hasLightNavigationBarFlag:false, packageName:com.sec.android.app.launcher, DirectReplying:false, NavBarColorMangedByIme:false, ForceDarkForScrim:false, QsCustomizing:false, PanelHasWhiteBg:false
06-06 13:00:26.000  5355  5355 D SamsungLightBarControlHelper: updateStatusBar (WHITE icon) numStacks:1, StatusBarMode:MODE_TRANSPARENT, lightBarBounds:[], StatusBarState:SHADE, packageName:com.sec.android.app.launcher, isWhiteKeyguardStatusBar:false
06-06 13:00:26.000  1715  6620 I SurfaceFlinger: id=1004 createSurf, flag=84000, Surface(name=Task=1)/@0x1e6d3bd_transition-leash#1004
06-06 13:00:26.000  2342  2630 D PkgPredictorService-SecIpmManagerServiceImpl: bg information pid:7790 uid:10317 pkgName:etf.ri.rma.newsfeedapp
06-06 13:00:26.000  6421  6580 I SurfaceControl: show, t=StartTransaction_SyncId<33>, sc=Surface(name=Task=1)/@0x1e6d3bd, caller=com.android.wm.shell.util.TransitionUtil.createLeash:127 com.android.wm.shell.util.TransitionUtil.newTarget:2 com.android.wm.shell.util.TransitionUtil.newTarget:1 com.android.systemui.shared.system.RemoteAnimationTargetCompat.wrap:48 com.android.systemui.shared.system.RemoteAnimationTargetCompat.wrapApps:5 com.android.systemui.shared.system.RemoteAnimationRunnerCompat$1.startAnimation:19
06-06 13:00:26.001  1715  6620 I SurfaceFlinger: id=1005 createSurf, flag=84000, Surface(name=Task=22)/@0xe82a103_transition-leash#1005
06-06 13:00:26.001  7012  7043 D C2SoftVpxEnc: bytes generated 3033
06-06 13:00:26.001  6421  6580 I SurfaceControl: show, t=StartTransaction_SyncId<33>, sc=Surface(name=Task=22)/@0xe82a103, caller=com.android.wm.shell.util.TransitionUtil.createLeash:127 com.android.wm.shell.util.TransitionUtil.newTarget:2 com.android.wm.shell.util.TransitionUtil.newTarget:1 com.android.systemui.shared.system.RemoteAnimationTargetCompat.wrap:48 com.android.systemui.shared.system.RemoteAnimationTargetCompat.wrapApps:5 com.android.systemui.shared.system.RemoteAnimationRunnerCompat$1.startAnimation:19
06-06 13:00:26.001  6421  6580 I SurfaceControl: apply is called, name=StartTransaction_SyncId<33>, caller=android.view.SurfaceControl$Transaction.apply:2921 com.android.systemui.shared.system.RemoteAnimationRunnerCompat$1.startAnimation:658 android.window.IRemoteTransition$Stub.onTransact:131 android.os.Binder.execTransactInternal:1380 android.os.Binder.execTransact:1311 <bottom of call stack>
06-06 13:00:26.001  1715  1715 D SurfaceFlinger: Display 4630946970390616451 HWC layers:
06-06 13:00:26.001  1715  1715 D SurfaceFlinger:      DEVICE | 0xb4000073beb13a00 | 0100 | RGBA_8888    |  630.0    0.0 1710.0 2340.0 |    0    0 1080 2340 | Wallpaper BBQ wrapper 5_system#94
06-06 13:00:26.001  1715  1715 D SurfaceFlinger:      DEVICE | 0xb4000073beafff00 | 0100 | RGBA_8888    |    0.0    0.0 1080.0 2340.0 |    0    0 1080 2340 | Splash Screen etf.ri.rma.newsfeedapp.test$_5355#962
06-06 13:00:26.001  1715  1715 D SurfaceFlinger:      DEVICE | 0xb4000073beb0f440 | 0100 | RGBA_8888    |    0.0    0.0 1080.0   87.0 |    0    0 1080   87 | StatusBar$_5355#90
06-06 13:00:26.001  1715  1715 D SurfaceFlinger:      DEVICE | 0xb4000073beb138e0 | 0100 | RGBA_8888    |    0.0    0.0   67.0  342.0 | 1013  438 1080  780 | com.sec.android.app.launcher/com.sam[...]ce.edge.CocktailBarService$_6421#145
06-06 13:00:26.001  1715  1715 D SurfaceFlinger:      DEVICE | 0xb4000073beb0fb90 | 0100 | RGBA_8888    |    0.0    0.0 1080.0  144.0 |    0 2196 1080 2340 | NavigationBar0$_5355#89
06-06 13:00:26.001  1715  1715 D SurfaceFlinger:
06-06 13:00:26.001  6421  6580 I HoneySpace.ShellAnimationRunner: [onAnimationStart] appTarget(0) : taskId-1, mode-0
06-06 13:00:26.001  6421  6580 I HoneySpace.ShellAnimationRunner: [onAnimationStart] appTarget(1) : taskId-22, mode-1
06-06 13:00:26.001  6421  6421 I HoneySpace.ShellAnimationRunner: finishExistingAnimation, null
06-06 13:00:26.001  6421  6421 I HoneySpace.AppCloseAnimationDelegate: onAnimationStart
06-06 13:00:26.002  6421  6421 I HoneySpace.AppCloseAnimationDelegate: getCurrentShellAnimator : useSpringAnim-false, target-null
06-06 13:00:26.002  6421  6421 I HoneySpace.ContentsAnimator: from : 0.0
06-06 13:00:26.002  6421  6421 I HoneySpace.HoneyScreenManagerImpl: Close floating task bar
06-06 13:00:26.002  6421  6421 I HoneySpace.ContentsAnimator: ContentsAnimator start
06-06 13:00:26.002  1574  1638 I HYPER-HAL: [RequestManager.cpp]acquire(): Acquired ID : 1682952  [1577 / 257]    HINT :      list : [TID_LOW_LATENCY / 1] [TID / 5446] [TID / 5447] [TID / 5439] [TID / 5445]
06-06 13:00:26.002  6421  6421 I HoneySpace.TransitionUtils: areAllTargetsTranslucent - false
06-06 13:00:26.002  6421  6421 I HoneySpace.WallpaperAnimator: isOpen: false, from: 1.2, to: 1.0
06-06 13:00:26.003  1574  1638 I HYPER-HAL: [RequestManager.cpp]acquire(): Acquired ID : 1682952  [1577 / 257]    HINT :      list : [TID_LOW_LATENCY / 0] [TID / 5446] [TID / 5447] [TID / 5439] [TID / 5445]
06-06 13:00:26.003  1574  1638 I HYPER-HAL: [RequestManager.cpp]acquire(): Acquired ID : 1684788  [1577 / 258]    HINT :      list : [UCLAMP_MIN_BOOST / 0] [TID / 5446] [TID / 5447] [TID / 5439] [TID / 5445]
06-06 13:00:26.003  1715  6620 I SurfaceFlinger: id=1006 createSurf, flag=24000, Surface(name=RemoteWallpaperAnim:1:1)/@0xbe3243d - animation-leash of remote_wallpaper#1006
06-06 13:00:26.003  1574  1638 I HYPER-HAL: [RequestManager.cpp]releaseLocked(): Released ID : 1682952
06-06 13:00:26.003  1574  1638 I HYPER-HAL: [RequestManager.cpp]releaseLocked(): Released ID : 1684788
06-06 13:00:26.003 12352 12590 I PolicyManager: [#CMH#] Is foreground game app: false
06-06 13:00:26.003  1574  1638 I HYPER-HAL: [RequestManager.cpp]acquire(): Acquired ID : 1686625  [1577 / 259]    HINT :      list : [TID_LOW_LATENCY / 1] [TID / 5446] [TID / 5447] [TID / 5420] [TID / 5445]
06-06 13:00:26.004  6421  6421 I HoneySpace.WallpaperAnimator: wallpaper animation start
06-06 13:00:26.004  6421  6421 I HoneySpace.AnimationResult: setAnimation, animation: false
06-06 13:00:26.005  1574  1638 I HYPER-HAL: [RequestManager.cpp]acquire(): Acquired ID : 1686625  [1577 / 259]    HINT :      list : [TID_LOW_LATENCY / 0] [TID / 5446] [TID / 5447] [TID / 5420] [TID / 5445]
06-06 13:00:26.005  1574  1638 I HYPER-HAL: [RequestManager.cpp]acquire(): Acquired ID : 1688463  [1577 / 260]    HINT :      list : [UCLAMP_MIN_BOOST / 0] [TID / 5446] [TID / 5447] [TID / 5420] [TID / 5445]
06-06 13:00:26.005  1574  1638 I HYPER-HAL: [RequestManager.cpp]releaseLocked(): Released ID : 1686625
06-06 13:00:26.005  1574  1638 I HYPER-HAL: [RequestManager.cpp]releaseLocked(): Released ID : 1688463
06-06 13:00:26.005  1574  1638 I HYPER-HAL: [RequestManager.cpp]acquire(): Acquired ID : 1690302  [1577 / 261]    HINT :      list : [TID_LOW_LATENCY / 1] [TID / 5446] [TID / 5447] [TID / 5420] [TID / 5445]
06-06 13:00:26.005  1715  1715 I Layer   : Layer [etf.ri.rma.newsfeedapp/etf.ri.rma.newsfeedapp.MainActivity$_7790#945] hidden!! flag(1)
06-06 13:00:26.005  1715  1715 I Layer   : Layer [ActivityRecord{790d641 u0 etf.ri.rma.newsfeedapp/.MainActivity t21}#928] hidden!! flag(1)
06-06 13:00:26.005  1715  1715 I Layer   : Layer::reparent [Surface(name=Task=22)/@0xe82a103_transition-leash#1005] newParent : Transition Root: Task=1#1001 , isRemovedFromCurrentState : 0 -------------------------
06-06 13:00:26.005  1715  1715 I Layer   : Layer::reparent [Surface(name=Task=22)/@0xe82a103_transition-leash#1005] End -------------------------
06-06 13:00:26.005  1715  1715 I Layer   : Layer::reparent [Surface(name=Task=1)/@0x1e6d3bd_transition-leash#1004] newParent : Transition Root: Task=1#1001 , isRemovedFromCurrentState : 0 -------------------------
06-06 13:00:26.005  1715  1715 I Layer   : Layer::reparent [Surface(name=Task=1)/@0x1e6d3bd_transition-leash#1004] End -------------------------
06-06 13:00:26.005  1715  1715 I Layer   : Layer::reparent [Task=22#956] newParent : Surface(name=Task=22)/@0xe82a103_transition-leash#1005 , isRemovedFromCurrentState : 0 -------------------------
06-06 13:00:26.005  1715  1715 I Layer   : Layer::reparent [Task=22#956] End -------------------------
06-06 13:00:26.005  1715  1715 I Layer   : Layer [ActivityRecord{4bdcf41 u0 com.sec.android.app.launcher/.activities.LauncherActivity t8}#139] hidden!! flag(0)
06-06 13:00:26.005  1715  1715 I Layer   : Layer::reparent [Task=1#52] newParent : Surface(name=Task=1)/@0x1e6d3bd_transition-leash#1004 , isRemovedFromCurrentState : 0 -------------------------
06-06 13:00:26.005  1715  1715 I Layer   : Layer::reparent [Task=1#52] End -------------------------
06-06 13:00:26.005  1715  1715 I Layer   : Layer [com.sec.android.app.launcher/com.sec.android.app.launcher.activities.LauncherActivity$_6421#995] hidden!! flag(0)
06-06 13:00:26.005  1715  1715 I Layer   : Layer [etf.ri.rma.newsfeedapp.test/androidx.test.core.app.InstrumentationActivityInvoker$EmptyActivity$_7890#972] hidden!! flag(0)
06-06 13:00:26.006  1715  1715 I Layer   : Layer [Transition Root: Task=1#1001] hidden!! flag(0)
06-06 13:00:26.006  1715  1715 I Layer   : id=963 Destroyed Transition Root: Task=22#963
06-06 13:00:26.006  1715  1715 I Layer   : id=856 Destroyed Surface(name=d9e191a etf.ri.rma.newsfeedapp/etf.ri.rma.newsfeedapp.MainActivity)/@0xd368d15 - animation-leash of starting_reveal#856
06-06 13:00:26.006  1715  1715 I Layer   : id=981 Destroyed DimTransitionLayer for Surface(name=Task=22)/@0xe6552d8#981
06-06 13:00:26.006  1715  1715 I Layer   : id=986 Destroyed Top Edge Extension#986
06-06 13:00:26.006  1715  1715 I Layer   : id=993 Destroyed bbq-wrapper#993
06-06 13:00:26.006  1715  1715 I Layer   : id=825 Destroyed Surface(name=ce8b7de etf.ri.rma.newsfeedapp.test/androidx.test.core.app.InstrumentationActivityInvoker$EmptyActivity)/@0x3d74757 - animation-leash of starting_reveal#825
06-06 13:00:26.006  1715  1715 I Layer   : id=968 Destroyed Bottom Edge Extension#968
06-06 13:00:26.006  1715  1715 I Layer   : id=971 Destroyed bbq-wrapper#971
06-06 13:00:26.006  6421  9453 W qdgralloc: getInterlacedFlag: getMetaData returned 3, defaulting to interlaced_flag = 0
06-06 13:00:26.006  6421  9457 I ViewRootImpl@cc9c4e9[LauncherActivity]: mWNT: t=0xb40000747f970b30 mBlastBufferQueue=0xb4000074df963770 fn= 2 mRenderHdrSdrRatio=1.0 caller= com.android.systemui.shared.launcher.ViewRootImplCompat.mergeWithNextTransaction:4 com.honeyspace.transition.utils.SurfaceTransactionApplier.scheduleApply$lambda$1:26 com.honeyspace.transition.utils.SurfaceTransactionApplier.c:0
06-06 13:00:26.006  6421  9457 I ViewRootImpl@cc9c4e9[LauncherActivity]: mWNT: t=0xb40000747f96e350 mBlastBufferQueue=0xb4000074df963770 fn= 2 mRenderHdrSdrRatio=1.0 caller= com.android.systemui.shared.launcher.ViewRootImplCompat.mergeWithNextTransaction:4 com.honeyspace.transition.utils.SurfaceTransactionApplier.scheduleApply$lambda$1:26 com.honeyspace.transition.utils.SurfaceTransactionApplier.c:0
06-06 13:00:26.006  6421  9457 I ViewRootImpl@cc9c4e9[LauncherActivity]: mWNT: t=0xb40000747f95e0d0 mBlastBufferQueue=0xb4000074df963770 fn= 2 mRenderHdrSdrRatio=1.0 caller= com.android.systemui.shared.launcher.ViewRootImplCompat.mergeWithNextTransaction:4 com.honeyspace.transition.utils.SurfaceTransactionApplier.scheduleApply$lambda$1:26 com.honeyspace.transition.utils.SurfaceTransactionApplier.c:0
06-06 13:00:26.008  6421  9674 I HoneySpace.PredictionDataSourceImpl: TYPE_RECOMMENDED_WIDGETS updated: 8
06-06 13:00:26.008  1715  1806 I SurfaceFlinger: id=1010 createSurf, flag=24000, Surface(name=3a73a2f etf.ri.rma.newsfeedapp.test/androidx.test.core.app.InstrumentationActivityInvoker$EmptyActivity)/@0x116e975 - animation-leash of starting_reveal#1010
06-06 13:00:26.009  1574  1638 I HYPER-HAL: [RequestManager.cpp]acquire(): Acquired ID : 1693983  [1577 / 263]    HINT :      list : [TID_LOW_LATENCY / 1] [TID / 5446] [TID / 5447] [TID / 5439] [TID / 5445]
06-06 13:00:26.009  1715  6620 I SurfaceFlinger: id=766 Removed Surface(name=ba9b0c8 etf.ri.rma.newsfeedapp/etf.ri.rma.newsfeedapp.MainActivity)/@0x847a3b1 - animation-leash of starting_reveal#766 (243)
06-06 13:00:26.010  1574  1638 I HYPER-HAL: [RequestManager.cpp]acquire(): Acquired ID : 1690302  [1577 / 261]    HINT :      list : [TID_LOW_LATENCY / 0] [TID / 5446] [TID / 5447] [TID / 5420] [TID / 5445]
06-06 13:00:26.010  1715  1715 D SurfaceFlinger: Display 4630946970390616451 HWC layers:
06-06 13:00:26.010  1715  1715 D SurfaceFlinger:      DEVICE | 0xb4000073beafb550 | 0102 | RGBA_8888    |    0.0    0.0 1080.0 2340.0 |    0    0 1080 2340 | etf.ri.rma.newsfeedapp.test/androidx[...]ivityInvoker$EmptyActivity$_7890#972
06-06 13:00:26.010  1715  1715 D SurfaceFlinger:      DEVICE | 0xb4000073beafff00 | 0100 | RGBA_8888    |    0.0    0.0 1080.0 2340.0 |    0    0 1080 2340 | Splash Screen etf.ri.rma.newsfeedapp.test$_5355#962
06-06 13:00:26.010  1715  1715 D SurfaceFlinger:      DEVICE | 0xb4000073beb044c0 | 0100 | RGBA_8888    |    0.0    0.0 1080.0   87.0 |    0    0 1080   87 | StatusBar$_5355#90
06-06 13:00:26.010  1715  1715 D SurfaceFlinger:      DEVICE | 0xb4000073beb138e0 | 0100 | RGBA_8888    |    0.0    0.0   67.0  342.0 | 1013  438 1080  780 | com.sec.android.app.launcher/com.sam[...]ce.edge.CocktailBarService$_6421#145
06-06 13:00:26.010  1715  1715 D SurfaceFlinger:      DEVICE | 0xb4000073beb0d1f0 | 0100 | RGBA_8888    |    0.0    0.0 1080.0  144.0 |    0 2196 1080 2340 | NavigationBar0$_5355#89
06-06 13:00:26.010  1715  1715 D SurfaceFlinger:
06-06 13:00:26.010  1574  1638 I HYPER-HAL: [RequestManager.cpp]acquire(): Acquired ID : 1692142  [1577 / 262]    HINT :      list : [UCLAMP_MIN_BOOST / 0] [TID / 5446] [TID / 5447] [TID / 5420] [TID / 5445]
06-06 13:00:26.010  1574  1638 I HYPER-HAL: [RequestManager.cpp]releaseLocked(): Released ID : 1690302
06-06 13:00:26.010  1574  1638 I HYPER-HAL: [RequestManager.cpp]releaseLocked(): Released ID : 1692142
06-06 13:00:26.010  1574  1638 I HYPER-HAL: [RequestManager.cpp]acquire(): Acquired ID : 1693983  [1577 / 263]    HINT :      list : [TID_LOW_LATENCY / 0] [TID / 5446] [TID / 5447] [TID / 5439] [TID / 5445]
06-06 13:00:26.010  1574  1638 I HYPER-HAL: [RequestManager.cpp]acquire(): Acquired ID : 1695825  [1577 / 264]    HINT :      list : [UCLAMP_MIN_BOOST / 0] [TID / 5446] [TID / 5447] [TID / 5439] [TID / 5445]
06-06 13:00:26.010  1574  1638 I HYPER-HAL: [RequestManager.cpp]releaseLocked(): Released ID : 1693983
06-06 13:00:26.010  1574  1638 I HYPER-HAL: [RequestManager.cpp]releaseLocked(): Released ID : 1695825
06-06 13:00:26.011  7790  7790 I ViewRootImpl@1bb2554[MainActivity]: destroyHardwareResources: Callers=android.view.ViewRootImpl.performTraversals:3937 android.view.ViewRootImpl.doTraversal:3291 android.view.ViewRootImpl$TraversalRunnable.run:11329 android.view.Choreographer$CallbackRecord.run:1689 android.view.Choreographer$CallbackRecord.run:1698 android.view.Choreographer.doCallbacks:1153 android.view.Choreographer.doFrame:1079 android.view.Choreographer$FrameDisplayEventReceiver.run:1646 android.os.Handler.handleCallback:958 android.os.Handler.dispatchMessage:99
06-06 13:00:26.011  7012  7043 D C2SoftVpxEnc: bytes generated 3031
06-06 13:00:26.011  1574  1638 I HYPER-HAL: [RequestManager.cpp]acquire(): Acquired ID : 1697668  [1577 / 265]    HINT :      list : [TID_LOW_LATENCY / 1] [TID / 5446] [TID / 5447] [TID / 5439] [TID / 5445]
06-06 13:00:26.012  7790  7818 D OpenGLRenderer: CacheManager::trimMemory(20)
06-06 13:00:26.012  2342  5137 V WindowManager: Relayout Window{ea72c01 u0 etf.ri.rma.newsfeedapp/etf.ri.rma.newsfeedapp.MainActivity}: viewVisibility=8 req=1080x2340 ty=1 d0
06-06 13:00:26.012  1715  6620 I SurfaceFlinger: id=735 Removed Surface(name=830a52c etf.ri.rma.newsfeedapp.test/androidx.test.core.app.InstrumentationActivityInvoker$EmptyActivity)/@0x253da02 - animation-leash of starting_reveal#735 (243)
06-06 13:00:26.012  1574  1638 I HYPER-HAL: [RequestManager.cpp]acquire(): Acquired ID : 1697668  [1577 / 265]    HINT :      list : [TID_LOW_LATENCY / 0] [TID / 5446] [TID / 5447] [TID / 5439] [TID / 5445]
06-06 13:00:26.013  1574  1638 I HYPER-HAL: [RequestManager.cpp]acquire(): Acquired ID : 1699512  [1577 / 266]    HINT :      list : [UCLAMP_MIN_BOOST / 0] [TID / 5446] [TID / 5447] [TID / 5439] [TID / 5445]
06-06 13:00:26.013  1574  1638 I HYPER-HAL: [RequestManager.cpp]releaseLocked(): Released ID : 1697668
06-06 13:00:26.013  1574  1638 I HYPER-HAL: [RequestManager.cpp]releaseLocked(): Released ID : 1699512
06-06 13:00:26.013  2342  5137 V WindowManager: Relayout hash=ea72c01, pid=7790, syncId=-1: mAttrs={(0,0)(fillxfill) sim={adjust=pan forwardNavigation} ty=BASE_APPLICATION wanim=0x1030303
06-06 13:00:26.013  2342  5137 V WindowManager:   fl=81810100
06-06 13:00:26.013  2342  5137 V WindowManager:   pfl=12008040
06-06 13:00:26.013  2342  5137 V WindowManager:   bhv=DEFAULT
06-06 13:00:26.013  2342  5137 V WindowManager:   fitSides= naviIconColor=0}
06-06 13:00:26.014  1715  1715 I Layer   : Layer::reparent [RemoteWallpaperAnim:1:1#8] newParent : Surface(name=RemoteWallpaperAnim:1:1)/@0xbe3243d - animation-leash of remote_wallpaper#1006 , isRemovedFromCurrentState : 0 -------------------------
06-06 13:00:26.014  1715  1715 I Layer   : Layer::reparent [RemoteWallpaperAnim:1:1#8] End -------------------------
06-06 13:00:26.014  1715  1715 I Layer   : Layer::reparent [3a73a2f etf.ri.rma.newsfeedapp.test/androidx.test.core.app.InstrumentationActivityInvoker$EmptyActivity#969] newParent : Surface(name=3a73a2f etf.ri.rma.newsfeedapp.test/androidx.test.core.app.InstrumentationActivityInvoker$EmptyActivity)/@0x116e975 - animation-leash of starting_reveal#1010 , isRemovedFromCurrentState : 0 -------------------------
06-06 13:00:26.014  1715  1715 I Layer   : Layer::reparent [3a73a2f etf.ri.rma.newsfeedapp.test/androidx.test.core.app.InstrumentationActivityInvoker$EmptyActivity#969] End -------------------------
06-06 13:00:26.014  1715  1715 I Layer   : id=735 Destroyed Surface(name=830a52c etf.ri.rma.newsfeedapp.test/androidx.test.core.app.InstrumentationActivityInvoker$EmptyActivity)/@0x253da02 - animation-leash of starting_reveal#735
06-06 13:00:26.014  1715  1715 I Layer   : id=766 Destroyed Surface(name=ba9b0c8 etf.ri.rma.newsfeedapp/etf.ri.rma.newsfeedapp.MainActivity)/@0x847a3b1 - animation-leash of starting_reveal#766
06-06 13:00:26.014  1574  1638 I HYPER-HAL: [RequestManager.cpp]acquire(): Acquired ID : 1701357  [1577 / 267]    HINT :      list : [TID_LOW_LATENCY / 1] [TID / 5446] [TID / 5447] [TID / 5420] [TID / 5445]
06-06 13:00:26.015  6421  9458 I ViewRootImpl@cc9c4e9[LauncherActivity]: mWNT: t=0xb40000747f9419b0 mBlastBufferQueue=0xb4000074df963770 fn= 3 mRenderHdrSdrRatio=1.0 caller= com.android.systemui.shared.launcher.ViewRootImplCompat.mergeWithNextTransaction:4 com.honeyspace.transition.utils.SurfaceTransactionApplier.scheduleApply$lambda$1:26 com.honeyspace.transition.utils.SurfaceTransactionApplier.c:0
06-06 13:00:26.015  6421  9453 W qdgralloc: getInterlacedFlag: getMetaData returned 3, defaulting to interlaced_flag = 0
06-06 13:00:26.015  2342  5137 D InputDispatcher: Focus entered window (0): da5c5e7 com.sec.android.app.launcher/com.sec.android.app.launcher.activities.LauncherActivity
06-06 13:00:26.016  6421  6421 I ViewRootImpl@cc9c4e9[LauncherActivity]: handleWindowFocusChanged: 1 0 call from android.view.ViewRootImpl.-$$Nest$mhandleWindowFocusChanged:0
06-06 13:00:26.016  7790  7790 I ViewRootImpl@1bb2554[MainActivity]: Relayout returned: old=(0,0,1080,2340) new=(0,0,1080,2340) relayoutAsync=false req=(1080,2340)8 dur=3 res=0x402 s={false 0x0} ch=true seqId=0
06-06 13:00:26.016  6421  6421 I InputMethodManager: startInputInner - IInputMethodManagerGlobalInvoker.startInputOrWindowGainedFocus
06-06 13:00:26.016  1574  1638 I HYPER-HAL: [RequestManager.cpp]acquire(): Acquired ID : 1599577  [1577 / 211]    HINT :      list : [TID_LOW_LATENCY / 0] [TID / 7828] [TID / 7829] [TID / 7790] [TID / 7818]
06-06 13:00:26.016  2342  5137 I ImeTracker: com.sec.android.app.launcher:4f2f205: onRequestHide at ORIGIN_SERVER_HIDE_INPUT reason HIDE_UNSPECIFIED_WINDOW
06-06 13:00:26.017  2342  5137 I ImeTracker: com.sec.android.app.launcher:4f2f205: onCancelled at PHASE_SERVER_SHOULD_HIDE
06-06 13:00:26.017  2342  6212 V WindowManager: Relayout Window{10c6a98 u0 Splash Screen etf.ri.rma.newsfeedapp.test}: viewVisibility=0 req=1080x2340 ty=3 d0
06-06 13:00:26.017  1574  1638 I HYPER-HAL: [RequestManager.cpp]acquire(): Acquired ID : 1601367  [1577 / 212]    HINT :      list : [UCLAMP_MIN_BOOST / 0] [TID / 7828] [TID / 7829] [TID / 7790] [TID / 7818]
06-06 13:00:26.017  1574  1638 I HYPER-HAL: [RequestManager.cpp]releaseLocked(): Released ID : 1599577
06-06 13:00:26.017  1574  1638 I HYPER-HAL: [RequestManager.cpp]releaseLocked(): Released ID : 1601367
06-06 13:00:26.017  1574  1638 I HYPER-HAL: [RequestManager.cpp]acquire(): Acquired ID : 1701357  [1577 / 267]    HINT :      list : [TID_LOW_LATENCY / 0] [TID / 5446] [TID / 5447] [TID / 5420] [TID / 5445]
