06-06 13:00:12.904  7790  7812 I TestRunner: started: testSimilarSaIzuzetkom(etf.ri.rma.newsfeedapp.TestS3)
06-06 13:00:12.905  1715  1715 I Layer   : Layer::reparent [etf.ri.rma.newsfeedapp/etf.ri.rma.newsfeedapp.MainActivity$_7790#495] newParentHandle : null -------------------------
06-06 13:00:12.905  1715  1715 I Layer   : id=495 removeFromCurrentState etf.ri.rma.newsfeedapp/etf.ri.rma.newsfeedapp.MainActivity$_7790#495 (233)
06-06 13:00:12.905  1715  1715 I Layer   : Layer::reparent [etf.ri.rma.newsfeedapp/etf.ri.rma.newsfeedapp.MainActivity$_7790#495] End -------------------------
06-06 13:00:12.905  1715  1715 I Layer   : Layer::reparent [d4f7c8a etf.ri.rma.newsfeedapp/etf.ri.rma.newsfeedapp.MainActivity#492] newParentHandle : null -------------------------
06-06 13:00:12.905  1715  1715 I Layer   : id=492 removeFromCurrentState d4f7c8a etf.ri.rma.newsfeedapp/etf.ri.rma.newsfeedapp.MainActivity#492 (233)
06-06 13:00:12.905  1715  1715 I Layer   : Layer::reparent [d4f7c8a etf.ri.rma.newsfeedapp/etf.ri.rma.newsfeedapp.MainActivity#492] End -------------------------
06-06 13:00:12.905  1715  1715 I Layer   : Layer::reparent [ActivityRecord{874f817 u0 etf.ri.rma.newsfeedapp/.MainActivity t11}#482] newParentHandle : null -------------------------
06-06 13:00:12.905  1715  1715 I Layer   : id=482 removeFromCurrentState ActivityRecord{874f817 u0 etf.ri.rma.newsfeedapp/.MainActivity t11}#482 (233)
06-06 13:00:12.905  1715  1715 I Layer   : id=491 removeFromCurrentState fe16a58 ActivityRecordInputSink etf.ri.rma.newsfeedapp/.MainActivity#491 (233)
06-06 13:00:12.905  1715  1715 I Layer   : Layer::reparent [ActivityRecord{874f817 u0 etf.ri.rma.newsfeedapp/.MainActivity t11}#482] End -------------------------
06-06 13:00:12.905  1715  1715 I Layer   : Layer::reparent [Task=11#561] newParentHandle : null -------------------------
06-06 13:00:12.905  1715  1715 I Layer   : id=561 removeFromCurrentState Task=11#561 (233)
06-06 13:00:12.905  1715  1715 I Layer   : Layer::reparent [Task=11#561] End -------------------------
06-06 13:00:12.905  1715  1715 I Layer   : Layer::reparent [Task=11#481] newParentHandle : null -------------------------
06-06 13:00:12.905  1715  1715 I Layer   : id=481 removeFromCurrentState Task=11#481 (233)
06-06 13:00:12.905  1715  1715 I Layer   : Layer::reparent [Task=11#481] End -------------------------
06-06 13:00:12.905  1715  1715 I Layer   : id=507 Destroyed Surface(name=ac5a498 InputMethod)/@0x1895ba - animation-leash of insets_animation#507
06-06 13:00:12.905  5355  5446 I ViewRootImpl@700d96f[test]: mWNT: t=0xb40000747f97bf50 mBlastBufferQueue=0xb4000074df94f590 fn= 6 mRenderHdrSdrRatio=1.0 caller= android.view.SyncRtSurfaceTransactionApplier.applyTransaction:96 android.view.SyncRtSurfaceTransactionApplier.lambda$scheduleApply$0:69 android.view.SyncRtSurfaceTransactionApplier.$r8$lambda$SgowXC58rj3PR958kHUfRgLZmvE:0
06-06 13:00:12.905  1715  1715 I Layer   : id=483 Destroyed Task=11#481 (Mirror)#483
06-06 13:00:12.905  1715  1715 I Layer   : id=484 Destroyed ActivityRecord{874f817 u0 etf.ri.rma.newsfeedapp/.MainActivity t11}#482 (Mirror)#484
06-06 13:00:12.905  1715  1715 I Layer   : id=493 Destroyed fe16a58 ActivityRecordInputSink etf.ri.rma.newsfeedapp/.MainActivity#491 (Mirror)#493
06-06 13:00:12.905  1715  1715 I Layer   : id=494 Destroyed d4f7c8a etf.ri.rma.newsfeedapp/etf.ri.rma.newsfeedapp.MainActivity#492 (Mirror)#494
06-06 13:00:12.905  1715  1715 I SurfaceFlinger: id=561 Removed Task=11#561 (228)
06-06 13:00:12.905  1715  1715 I SurfaceFlinger: id=482 Removed ActivityRecord{874f817 u0 etf.ri.rma.newsfeedapp/.MainActivity t11}#482 (228)
06-06 13:00:12.905  1715  1715 I SurfaceFlinger: id=492 Removed d4f7c8a etf.ri.rma.newsfeedapp/etf.ri.rma.newsfeedapp.MainActivity#492 (228)
06-06 13:00:12.905  1715  1715 I SurfaceFlinger: id=495 Removed etf.ri.rma.newsfeedapp/etf.ri.rma.newsfeedapp.MainActivity$_7790#495 (228)
06-06 13:00:12.906  1715  1715 I Layer   : id=500 Destroyed etf.ri.rma.newsfeedapp/etf.ri.rma.newsfeedapp.MainActivity$_7790#495 (Mirror)#500
06-06 13:00:12.907  7790  7812 D IdlingRegistry: Registering idling resources: [androidx.compose.ui.test.EspressoLink@35d708f]
06-06 13:00:12.908  6421  9457 I ViewRootImpl@cc9c4e9[LauncherActivity]: mWNT: t=0xb40000747f949830 mBlastBufferQueue=0xb4000074df963770 fn= 7 mRenderHdrSdrRatio=1.0 caller= com.android.systemui.shared.launcher.ViewRootImplCompat.mergeWithNextTransaction:4 com.honeyspace.transition.utils.SurfaceTransactionApplier.scheduleApply$lambda$1:26 com.honeyspace.transition.utils.SurfaceTransactionApplier.c:0
06-06 13:00:12.909  7012  7043 D BufferPoolAccessor2.0: bufferpool2 0xb400007dbe05aed8 : 66(982049 size) total buffers - 1(11277 size) used buffers - 83/209 (recycle/alloc) - 134/208 (fetch/transfer)
06-06 13:00:12.909  7012  7043 D C2SoftVpxEnc: bytes generated 11277
06-06 13:00:12.911  7790  7812 W Settings: Setting always_finish_activities has moved from android.provider.Settings.System to android.provider.Settings.Global, returning read-only value.
06-06 13:00:12.913  1715  1715 I Layer   : id=495 Destroyed etf.ri.rma.newsfeedapp/etf.ri.rma.newsfeedapp.MainActivity$_7790#495
06-06 13:00:12.913  1715  1715 I Layer   : id=482 Destroyed ActivityRecord{874f817 u0 etf.ri.rma.newsfeedapp/.MainActivity t11}#482
06-06 13:00:12.913  1715  1715 I Layer   : id=491 Destroyed fe16a58 ActivityRecordInputSink etf.ri.rma.newsfeedapp/.MainActivity#491
06-06 13:00:12.913  1715  1715 I Layer   : id=492 Destroyed d4f7c8a etf.ri.rma.newsfeedapp/etf.ri.rma.newsfeedapp.MainActivity#492
06-06 13:00:12.913  1715  1715 I Layer   : id=561 Destroyed Task=11#561
06-06 13:00:12.913  5355  5447 I ViewRootImpl@700d96f[test]: mWNT: t=0xb40000747f97bf50 mBlastBufferQueue=0xb4000074df94f590 fn= 7 mRenderHdrSdrRatio=1.0 caller= android.view.SyncRtSurfaceTransactionApplier.applyTransaction:96 android.view.SyncRtSurfaceTransactionApplier.lambda$scheduleApply$0:69 android.view.SyncRtSurfaceTransactionApplier.$r8$lambda$SgowXC58rj3PR958kHUfRgLZmvE:0
06-06 13:00:12.914  6421  9458 I ViewRootImpl@cc9c4e9[LauncherActivity]: mWNT: t=0xb40000747f949f10 mBlastBufferQueue=0xb4000074df963770 fn= 8 mRenderHdrSdrRatio=1.0 caller= com.android.systemui.shared.launcher.ViewRootImplCompat.mergeWithNextTransaction:4 com.honeyspace.transition.utils.SurfaceTransactionApplier.scheduleApply$lambda$1:26 com.honeyspace.transition.utils.SurfaceTransactionApplier.c:0
06-06 13:00:12.915  2342  2632 I ChimeraSystemEventListener: appLaunchIntent package name is: etf.ri.rma.newsfeedapp
06-06 13:00:12.917  2342  6621 I SemDvfsHyPerManager: acquire hyper - AMS_APP_SWITCH/2342@31, type = -999
06-06 13:00:12.918  1574  1638 I HYPER-HAL: [RequestManager.cpp]acquire(): Acquired ID : 2816782  [2342 / 31]    HINT : AMS_APP_SWITCH    list :
06-06 13:00:12.918  1715  1807 I SurfaceFlinger: id=562 createSurf, flag=24004, Task=13#562
06-06 13:00:12.919  8184  8184 I SemDvfsHyPerManager: acquire hyper - APP_START_SHORT/8184@19, type = -999
06-06 13:00:12.919  1715  1807 I SurfaceFlinger: id=563 createSurf, flag=84004, ActivityRecord{f60bc30 u0 etf.ri.rma.newsfeedapp/.MainActivity t13}#563
06-06 13:00:12.920  7012  7043 D C2SoftVpxEnc: bytes generated 6534
06-06 13:00:12.920  1574  1638 I HYPER-HAL: [RequestManager.cpp]acquire(): Acquired ID : 33648725  [8184 / 19]    HINT : APP_START    list : [TIMEOUT / 1500]
06-06 13:00:12.923  1574  1638 I HYPER-HAL: [RequestManager.cpp]acquire(): Acquired ID : 1412143  [1577 / 103]    HINT :      list : [TID_LOW_LATENCY / 0] [TID / 5446] [TID / 5447] [TID / 5439] [TID / 5445]
06-06 13:00:12.923  1574  1638 I HYPER-HAL: [RequestManager.cpp]acquire(): Acquired ID : 1413825  [1577 / 104]    HINT :      list : [UCLAMP_MIN_BOOST / 0] [TID / 5446] [TID / 5447] [TID / 5439] [TID / 5445]
06-06 13:00:12.923  1574  1638 I HYPER-HAL: [RequestManager.cpp]releaseLocked(): Released ID : 1412143
06-06 13:00:12.923  1574  1638 I HYPER-HAL: [RequestManager.cpp]releaseLocked(): Released ID : 1413825
06-06 13:00:12.924  2342  5455 I SemDvfsHyPerManager: acquire hyper - AMS_APP_LAUNCH/2342@18, type = -999
06-06 13:00:12.924  1930  5588 I CameraService: onUidStateChanged: uid=10046, procState is changed. (1 -> 0)
06-06 13:00:12.924  1574  1638 I HYPER-HAL: [RequestManager.cpp]acquire(): Acquired ID : 2785998  [2342 / 18]    HINT : AMS_APP_LAUNCH    list :
06-06 13:00:12.925  7273  7273 E pageboostd: Received HALT command code 2
06-06 13:00:12.925  8184  8184 I SemDvfsHyPerManager: acquire hyper - APP_START/8184@21, type = -999
06-06 13:00:12.925  1574  1638 I HYPER-HAL: [RequestManager.cpp]acquire(): Acquired ID : 33665136  [8184 / 21]    HINT : APP_START    list :
06-06 13:00:12.925  2342  5455 D SecContentProvider: query(), uri = 17 selection = isSettingsChangesAllowed
06-06 13:00:12.926  2342  6212 V WindowManager: Relayout Window{975de49 u0 Splash Screen etf.ri.rma.newsfeedapp.test}: viewVisibility=8 req=1080x2340 ty=3 d0
06-06 13:00:12.926  6421  9457 I ViewRootImpl@cc9c4e9[LauncherActivity]: mWNT: t=0xb40000747f96e770 mBlastBufferQueue=0xb4000074df963770 fn= 9 mRenderHdrSdrRatio=1.0 caller= com.android.systemui.shared.launcher.ViewRootImplCompat.mergeWithNextTransaction:4 com.honeyspace.transition.utils.SurfaceTransactionApplier.scheduleApply$lambda$1:26 com.honeyspace.transition.utils.SurfaceTransactionApplier.c:0
06-06 13:00:12.927  6421  7247 I HoneySpace.SPayHandler: updateSpayHandler launcher activity is paused false
06-06 13:00:12.927  6421  6421 I HoneySpace.Launcher: !@Boot_EBS_D: Launcher.onPause()
06-06 13:00:12.927  6421  6421 I HoneySpace.Launcher: updateLauncherShowing true -> false
06-06 13:00:12.928  6421  7247 I HoneySpace.RecentTasks: onRecentTasksChanged
06-06 13:00:12.929  2342  6212 V WindowManager: Relayout hash=975de49, pid=5355, syncId=-1: mAttrs={(0,0)(fillxfill) sim={adjust=pan} ty=APPLICATION_STARTING fmt=TRANSLUCENT alpha=0.0
06-06 13:00:12.929  2342  6212 V WindowManager:   fl=81030118
06-06 13:00:12.929  2342  6212 V WindowManager:   pfl=16000010
06-06 13:00:12.929  2342  6212 V WindowManager:   bhv=DEFAULT
06-06 13:00:12.929  2342  6212 V WindowManager:   fitSides= naviIconColor=0}
06-06 13:00:12.929  8184  8685 I SemDvfsHyPerManager: acquire hyper - TABaseBoost/8184@26, type = 1090523139
06-06 13:00:12.929  1574  1638 I HYPER-HAL: [RequestManager.cpp]acquire(): Acquired ID : 33706181  [8184 / 26]    HINT :      list : [TABoost / 1]
06-06 13:00:12.929  5355  5439 I ViewRootImpl@700d96f[test]: Relayout returned: old=(0,0,1080,2340) new=(0,0,1080,2340) relayoutAsync=false req=(1080,2340)8 dur=7 res=0x402 s={false 0x0} ch=true seqId=0
06-06 13:00:12.929  5355  5439 W WindowOnBackDispatcher: sendCancelIfRunning: isInProgress=falsecallback=android.view.ViewRootImpl$$ExternalSyntheticLambda19@9d49e68
06-06 13:00:12.929  5355  5439 I ViewRootImpl@700d96f[test]: dispatchDetachedFromWindow
06-06 13:00:12.930  7012  7043 D C2SoftVpxEnc: bytes generated 3416
06-06 13:00:12.930  6421 28031 I HoneySpace.RecentTasks: onRecentTasksChanged
06-06 13:00:12.930  6421 28031 I HoneySpace.RecentTasks: onRecentTasksChanged
06-06 13:00:12.931  2342  5433 D InputTransport: Input channel destroyed: '975de49', fd=1009
06-06 13:00:12.931  2342  5433 W InputManager-JNI: Input channel object '975de49 Splash Screen etf.ri.rma.newsfeedapp.test (client)' was disposed without first being removed with the input manager!
06-06 13:00:12.931  2342  5433 D InputTransport: Input channel destroyed: '975de49', fd=1093
06-06 13:00:12.932  5355  5439 D InputTransport: Input channel destroyed: '975de49', fd=569
06-06 13:00:12.934  2342  5455 D InputDispatcher: Focused application(0): ActivityRecord{f60bc30 u0 etf.ri.rma.newsfeedapp/.MainActivity t13}
06-06 13:00:12.935  1715  1715 D SurfaceFlinger: Display 4630946970390616451 HWC layers:
06-06 13:00:12.935  1715  1715 D SurfaceFlinger:      DEVICE | 0xb4000073beb13a00 | 0100 | RGBA_8888    |  681.0  110.0 1659.0 2230.0 |    0    0 1080 2340 | Wallpaper BBQ wrapper 5_system#94
06-06 13:00:12.935  1715  1715 D SurfaceFlinger:      DEVICE | 0xb4000073beb060e0 | 0100 | RGBA_8888    |    0.0    0.0 1080.0 2340.0 |    0    0 1080 2340 | com.sec.android.app.launcher/com.sec[...]ctivities.LauncherActivity$_6421#542
06-06 13:00:12.935  1715  1715 D SurfaceFlinger:      CLIENT | 0xb4000073beb137c0 | 0102 | RGBA_8888    |    0.0    0.0 1080.0 2340.0 |   69  150 1011 2190 | etf.ri.rma.newsfeedapp.test/androidx[...]ivityInvoker$EmptyActivity$_7890#540
06-06 13:00:12.935  1715  1715 D SurfaceFlinger:      DEVICE | 0xb4000073beb0a850 | 0100 | RGBA_8888    |    0.0    0.0 1080.0   87.0 |    0    0 1080   87 | StatusBar$_5355#90
06-06 13:00:12.935  1715  1715 D SurfaceFlinger:      DEVICE | 0xb4000073beb138e0 | 0100 | RGBA_8888    |    0.0    0.0   67.0  342.0 | 1013  438 1080  780 | com.sec.android.app.launcher/com.sam[...]ce.edge.CocktailBarService$_6421#145
06-06 13:00:12.935  1715  1715 D SurfaceFlinger:      DEVICE | 0xb4000073beb07fd0 | 0100 | RGBA_8888    |    0.0    0.0 1080.0  144.0 |    0 2196 1080 2340 | NavigationBar0$_5355#89
06-06 13:00:12.935  1715  1715 D SurfaceFlinger:
06-06 13:00:12.936  6421  6488 I HoneySpace.TopTaskSource: onTaskMovedToFront : taskId = 13
06-06 13:00:12.936  6421  6490 I HoneySpace.TopTaskUseCase: topTasks 13 ComponentInfo{etf.ri.rma.newsfeedapp/etf.ri.rma.newsfeedapp.MainActivity}
06-06 13:00:12.936  6421  9458 I ViewRootImpl@cc9c4e9[LauncherActivity]: mWNT: t=0xb40000747f944f50 mBlastBufferQueue=0xb4000074df963770 fn= 10 mRenderHdrSdrRatio=1.0 caller= com.android.systemui.shared.launcher.ViewRootImplCompat.mergeWithNextTransaction:4 com.honeyspace.transition.utils.SurfaceTransactionApplier.scheduleApply$lambda$1:26 com.honeyspace.transition.utils.SurfaceTransactionApplier.c:0
06-06 13:00:12.937  2342  5287 D SemWifiTransportLayerMonitor.TcpMonitorHandler: MSG_SAVE_PACKAGE_INFO
06-06 13:00:12.937  2342  5287 D SemWifiTransportLayerFileManager: saveWifiPackageInfoToFile
06-06 13:00:12.937  2342  5287 D SemWifiTransportLayerFileManager: writeWifiPackageInfoList
06-06 13:00:12.938  2342  2630 D PkgPredictorService-SecIpmManagerServiceImpl: onForegroundActivitiesChanged pid:7790 uid:10317
06-06 13:00:12.938  2342  5206 D AS.MultiSoundManager: mForegroundUid = 10317
06-06 13:00:12.938  2342  5206 D AS.MultiSoundManager: mForegroundUid = 10317
06-06 13:00:12.938  1715  1715 I Layer   : Layer::reparent [60fd58 etf.ri.rma.newsfeedapp.test/androidx.test.core.app.InstrumentationActivityInvoker$EmptyActivity#538] newParent : ActivityRecord{e3ae57f u0 etf.ri.rma.newsfeedapp.test/androidx.test.core.app.InstrumentationActivityInvoker$EmptyActivity t12}#510 , isRemovedFromCurrentState : 0 -------------------------
06-06 13:00:12.938  1715  1715 I Layer   : Layer::reparent [60fd58 etf.ri.rma.newsfeedapp.test/androidx.test.core.app.InstrumentationActivityInvoker$EmptyActivity#538] End -------------------------
06-06 13:00:12.938  1715  1715 I Layer   : Layer::reparent [Surface(name=60fd58 etf.ri.rma.newsfeedapp.test/androidx.test.core.app.InstrumentationActivityInvoker$EmptyActivity)/@0xe58617e - animation-leash of starting_reveal#557] newParentHandle : null -------------------------
06-06 13:00:12.938  1715  1715 I Layer   : id=557 removeFromCurrentState Surface(name=60fd58 etf.ri.rma.newsfeedapp.test/androidx.test.core.app.InstrumentationActivityInvoker$EmptyActivity)/@0xe58617e - animation-leash of starting_reveal#557 (226)
06-06 13:00:12.938  1715  1715 I Layer   : Layer::reparent [Surface(name=60fd58 etf.ri.rma.newsfeedapp.test/androidx.test.core.app.InstrumentationActivityInvoker$EmptyActivity)/@0xe58617e - animation-leash of starting_reveal#557] End -------------------------
06-06 13:00:12.938  1715  1715 I Layer   : id=558 Destroyed Surface(name=60fd58 etf.ri.rma.newsfeedapp.test/androidx.test.core.app.InstrumentationActivityInvoker$EmptyActivity)/@0xe58617e - animation-leash of starting_reveal#557 (Mirror)#558
06-06 13:00:12.939  6421  9457 I ViewRootImpl@cc9c4e9[LauncherActivity]: mWNT: t=0xb40000747f9412d0 mBlastBufferQueue=0xb4000074df963770 fn= 11 mRenderHdrSdrRatio=1.0 caller= com.android.systemui.shared.launcher.ViewRootImplCompat.mergeWithNextTransaction:4 com.honeyspace.transition.utils.SurfaceTransactionApplier.scheduleApply$lambda$1:26 com.honeyspace.transition.utils.SurfaceTransactionApplier.c:0
06-06 13:00:12.939  7790  7790 D LifecycleMonitor: Lifecycle status change: etf.ri.rma.newsfeedapp.MainActivity@8272023 in: PRE_ON_CREATE
06-06 13:00:12.939  7012  7043 D C2SoftVpxEnc: bytes generated 2095
06-06 13:00:12.940  7790  7790 V ActivityScenario: Activity lifecycle changed event received but ignored because the reported transition was not ON_CREATE while the last known transition was PRE_ON_CREATE
06-06 13:00:12.940  6421  6488 I HoneySpace.TopTaskSource: onTaskFocusChanged(): taskId = 13
06-06 13:00:12.940  6421  6488 I HoneySpace.TopTaskSource: onTaskFocusChanged(): taskId = 13
06-06 13:00:12.940  6421  6488 I HoneySpace.TopTaskSource: onTaskMovedToFront : taskId = 13
06-06 13:00:12.940  6421  6488 I HoneySpace.TopTaskSource: onTaskMovedToFront : taskId = 13
06-06 13:00:12.940  5355  5445 D NativeCustomFrequencyManager: [NativeCFMS] BpCustomFrequencyManager::BpCustomFrequencyManager()
06-06 13:00:12.941  2342  2630 D NetworkPolicy: already checked 10317
06-06 13:00:12.942  2342  5453 D InputTransport: Input channel constructed: '2f73ad5', fd=1093
06-06 13:00:12.942  2342  5453 D InputTransport: Input channel constructed: '2f73ad5', fd=1142
06-06 13:00:12.942  2342  5453 D InputTransport: Input channel constructed: '2f73ad5', fd=1143
06-06 13:00:12.942  1715  1807 I SurfaceFlinger: id=566 createSurf, flag=84004, 2f73ad5 Splash Screen etf.ri.rma.newsfeedapp#566
06-06 13:00:12.942  7790  7790 I DecorView: setWindowBackground: isPopOver=false color=fffafafa d=android.graphics.drawable.ColorDrawable@70a174c
06-06 13:00:12.943  2342  5453 D InputTransport: Input channel destroyed: '2f73ad5', fd=1143
06-06 13:00:12.943  5355  5439 I InsetsController: onStateChanged: host=Splash Screen etf.ri.rma.newsfeedapp, from=android.view.ViewRootImpl.setView:1751, state=InsetsState: {mDisplayFrame=Rect(0, 0 - 1080, 2340), mDisplayCutout=DisplayCutout{insets=Rect(0, 87 - 0, 0) waterfall=Insets{left=0, top=0, right=0, bottom=0} boundingRect={Bounds=[Rect(0, 0 - 0, 0), Rect(512, 0 - 568, 87), Rect(0, 0 - 0, 0), Rect(0, 0 - 0, 0)]} cutoutPathParserInfo={CutoutPathParserInfo{displayWidth=1080 displayHeight=2340 physicalDisplayWidth=1080 physicalDisplayHeight=2340 density={3.0} cutoutSpec={M 0,0 H -9.333333333333333 V 29 H 9.333333333333333 V 0 H 0 Z @dp} rotation={0} scale={1.0} physicalPixelDisplaySizeRatio={1.0}}}}, mRoundedCorners=RoundedCorners{[RoundedCorner{position=TopLeft, radius=102, center=Point(102, 102)}, RoundedCorner{position=TopRight, radius=102, center=Point(978, 102)}, RoundedCorner{position=BottomRight, radius=102, center=Point(978, 2238)}, RoundedCorner{position=BottomLeft, radius=102, center=Point(102, 2238)}]}  mRoundedCornerFrame=Rect(0, 0 - 1080, 2340), mPrivacyIndicatorBounds=PrivacyIndicatorBounds {static bounds=Rect(948, 0 - 1080, 87) rotation=0}, mDisplayShape=DisplayShape{ spec=1769313948 displayWidth=1080 displayHeight=2340 physicalPixelDisplaySizeRatio=1.0 rotation=0 offsetX=0 offsetY=0 scale=1.0}, mSources= { InsetsSource: {985d0000 mType=statusBars mFrame=[0,0][1080,87] mVisible=true mFlags=[]}, InsetsSource: {985d0005 mType=mandatorySystemGestures mFrame=[0,0][1080,123] mVisible=true mFlags=[]}, InsetsSource: {985d0006 mType=tappableElement mFrame=[0,0][1080,87] mVisible=true mFlags=[]}, InsetsSource: {3 mType=ime mFrame=[0,0][0,0] mVisible=false mFlags=[]}, InsetsSource: {27 mType=displayCutout mFrame=[0,0][1080,87] mVisible=true mFlags=[]}, InsetsSource: {26df0001 mType=navigationBars mFrame=[0,2196][1080,2340] mVisible=true mFlags=[]}, InsetsSource: {26df0004 mType=systemGestures mFrame=[0,0][0,0] mVisible=true mFlags=[]}, InsetsSource: {26df0005 mType=mandatorySystemGestures mFrame=[0,2196][1080,2340] mVisible=true mFlags=[]}, InsetsSource: {26df0006 mType=tappableElement mFrame=[0,2196][1080,2340] mVisible=true mFlags=[]}, InsetsSource: {26df0024 mType=systemGestures mFrame=[0,0][0,0] mVisible=true mFlags=[]} }
06-06 13:00:12.943  5355  5439 I ViewRootImpl@49dd75b[newsfeedapp]: synced displayState. AttachInfo displayState=2
06-06 13:00:12.943  5355  5439 I ViewRootImpl@49dd75b[newsfeedapp]: setView = android.widget.FrameLayout@c333f36 TM=true
06-06 13:00:12.944  7790  7790 D LifecycleMonitor: Lifecycle status change: etf.ri.rma.newsfeedapp.MainActivity@8272023 in: CREATED
06-06 13:00:12.944  7790  7790 V ActivityScenario: Update currentActivityStage to CREATED, currentActivity=etf.ri.rma.newsfeedapp.MainActivity@8272023
06-06 13:00:12.944  1574  1638 I HYPER-HAL: [RequestManager.cpp]acquire(): Acquired ID : 1429008  [1577 / 113]    HINT :      list : [TID_LOW_LATENCY / 1] [TID / 5446] [TID / 5447] [TID / 5439] [TID / 5445]
06-06 13:00:12.944  5355  5445 D OpenGLRenderer: HWUI - treat SMPTE_170M as sRGB
06-06 13:00:12.944  7790  7790 D LifecycleMonitor: Lifecycle status change: etf.ri.rma.newsfeedapp.MainActivity@8272023 in: STARTED
06-06 13:00:12.944  7790  7790 V ActivityScenario: Update currentActivityStage to STARTED, currentActivity=etf.ri.rma.newsfeedapp.MainActivity@8272023
06-06 13:00:12.945  1930  5588 I CameraService: onUidStateChanged: uid=10046, procState is changed. (0 -> 1)
06-06 13:00:12.945 26692 27175 I Rubin   : [97] zb.a.c(Unknown Source) : Notify com.samsung.android.rubin.inferenceengine.contextanalytics.engine.loggers.AppUsageLogger's database is updated.
06-06 13:00:12.945  7790  7790 D LifecycleMonitor: Lifecycle status change: etf.ri.rma.newsfeedapp.MainActivity@8272023 in: RESUMED
06-06 13:00:12.945  7790  7790 V ActivityScenario: Update currentActivityStage to RESUMED, currentActivity=etf.ri.rma.newsfeedapp.MainActivity@8272023
06-06 13:00:12.947  2342  5433 V WindowManager: Relayout Window{2f73ad5 u0 Splash Screen etf.ri.rma.newsfeedapp}: viewVisibility=0 req=1080x2340 ty=3 d0
06-06 13:00:12.947  7790  7818 D NativeCustomFrequencyManager: [NativeCFMS] BpCustomFrequencyManager::BpCustomFrequencyManager()
06-06 13:00:12.948  2342  5455 D InputDispatcher: Focus request (0): <null> but waiting because NO_WINDOW
06-06 13:00:12.948  2342  5455 D InputDispatcher: Focus left window (0): da5c5e7 com.sec.android.app.launcher/com.sec.android.app.launcher.activities.LauncherActivity
06-06 13:00:12.948  1715  1807 I SurfaceFlinger: id=568 createSurf, flag=44004, Splash Screen etf.ri.rma.newsfeedapp$_5355#568
06-06 13:00:12.949  6421  9458 I ViewRootImpl@cc9c4e9[LauncherActivity]: mWNT: t=0xb40000747f96f950 mBlastBufferQueue=0xb4000074df963770 fn= 12 mRenderHdrSdrRatio=1.0 caller= com.android.systemui.shared.launcher.ViewRootImplCompat.mergeWithNextTransaction:4 com.honeyspace.transition.utils.SurfaceTransactionApplier.scheduleApply$lambda$1:26 com.honeyspace.transition.utils.SurfaceTransactionApplier.c:0
06-06 13:00:12.949  6421  6421 I ViewRootImpl@cc9c4e9[LauncherActivity]: handleWindowFocusChanged: 0 0 call from android.view.ViewRootImpl.-$$Nest$mhandleWindowFocusChanged:0
06-06 13:00:12.949  6421  6421 I ImeFocusController: onPreWindowFocus: skipped, hasWindowFocus=false mHasImeFocus=true
06-06 13:00:12.949  6421  6421 I ImeFocusController: onPostWindowFocus: skipped, hasWindowFocus=false mHasImeFocus=true
06-06 13:00:12.949  6421  6421 I Edge.ActivityUtils: HomePackage : com.sec.android.app.launcher, resumePackageName : etf.ri.rma.newsfeedapp
06-06 13:00:12.949  7012  7043 D C2SoftVpxEnc: bytes generated 1137
06-06 13:00:12.950  1574  1638 I HYPER-HAL: [RequestManager.cpp]acquire(): Acquired ID : 1432393  [1577 / 115]    HINT :      list : [TID_LOW_LATENCY / 1] [TID / 7828] [TID / 7829] [TID / 7790] [TID / 7818]
06-06 13:00:12.950  2342  5433 V WindowManager: Relayout hash=2f73ad5, pid=5355, syncId=-1: mAttrs={(0,0)(fillxfill) sim={adjust=pan} ty=APPLICATION_STARTING fmt=TRANSLUCENT wanim=0x1030303
06-06 13:00:12.950  2342  5433 V WindowManager:   fl=81030118
06-06 13:00:12.950  2342  5433 V WindowManager:   pfl=16000010
06-06 13:00:12.950  2342  5433 V WindowManager:   apr=LIGHT_STATUS_BARS LIGHT_NAVIGATION_BARS
06-06 13:00:12.950  2342  5433 V WindowManager:   bhv=DEFAULT
06-06 13:00:12.950  2342  5433 V WindowManager:   fitSides= naviIconColor=0}
06-06 13:00:12.950  2342  5455 D InputTransport: Input channel constructed: 'aad9824', fd=1009
06-06 13:00:12.951  2342  5455 D InputTransport: Input channel constructed: 'aad9824', fd=1143
06-06 13:00:12.951  2342  5455 D InputTransport: Input channel constructed: 'aad9824', fd=1144
06-06 13:00:12.951  1715  1807 I SurfaceFlinger: id=569 createSurf, flag=84004, aad9824 etf.ri.rma.newsfeedapp/etf.ri.rma.newsfeedapp.MainActivity#569
06-06 13:00:12.951  5355  5439 I BLASTBufferQueue_Java: new BLASTBufferQueue, mName= ViewRootImpl@49dd75b[newsfeedapp] mNativeObject= 0xb4000074df9352d0 sc.mNativeObject= 0xb4000073af985350 caller= android.view.ViewRootImpl.updateBlastSurfaceIfNeeded:3031 android.view.ViewRootImpl.relayoutWindow:10121 android.view.ViewRootImpl.performTraversals:4115 android.view.ViewRootImpl.doTraversal:3291 android.view.ViewRootImpl$TraversalRunnable.run:11329 android.view.Choreographer$CallbackRecord.run:1689 android.view.Choreographer$CallbackRecord.run:1698 android.view.Choreographer.doCallbacks:1153 android.view.Choreographer.doFrame:1079 android.view.Choreographer$FrameDisplayEventReceiver.run:1646
06-06 13:00:12.951  5355  5439 I BLASTBufferQueue_Java: update, w= 1080 h= 2340 mName = ViewRootImpl@49dd75b[newsfeedapp] mNativeObject= 0xb4000074df9352d0 sc.mNativeObject= 0xb4000073af985350 format= -3 caller= android.graphics.BLASTBufferQueue.<init>:89 android.view.ViewRootImpl.updateBlastSurfaceIfNeeded:3031 android.view.ViewRootImpl.relayoutWindow:10121 android.view.ViewRootImpl.performTraversals:4115 android.view.ViewRootImpl.doTraversal:3291 android.view.ViewRootImpl$TraversalRunnable.run:11329
06-06 13:00:12.951  2342  5455 D InputTransport: Input channel destroyed: 'aad9824', fd=1144
06-06 13:00:12.951  5355  5439 I ViewRootImpl@49dd75b[newsfeedapp]: Relayout returned: old=(0,0,1080,2340) new=(0,0,1080,2340) relayoutAsync=false req=(1080,2340)0 dur=4 res=0x403 s={true 0xb4000074af9f29b0} ch=true seqId=0
06-06 13:00:12.951  5355  5439 I ViewRootImpl@49dd75b[newsfeedapp]: performConfigurationChange setNightDimText nightDimLevel=0
06-06 13:00:12.952  5355  5439 D ViewRootImpl@49dd75b[newsfeedapp]: mThreadedRenderer.initialize() mSurface={isValid=true 0xb4000074af9f29b0} hwInitialized=true
06-06 13:00:12.952  5355  5439 D ViewRootImpl@49dd75b[newsfeedapp]: reportNextDraw android.view.ViewRootImpl.performTraversals:4723 android.view.ViewRootImpl.doTraversal:3291 android.view.ViewRootImpl$TraversalRunnable.run:11329 android.view.Choreographer$CallbackRecord.run:1689 android.view.Choreographer$CallbackRecord.run:1698
06-06 13:00:12.952  5355  5439 I ViewRootImpl@49dd75b[newsfeedapp]: Setup new sync=wmsSync-ViewRootImpl@49dd75b[newsfeedapp]#48
06-06 13:00:12.952  5355  5439 I ViewRootImpl@49dd75b[newsfeedapp]: Creating new active sync group ViewRootImpl@49dd75b[newsfeedapp]#49
06-06 13:00:12.952  5355  5439 I ViewRootImpl@49dd75b[newsfeedapp]: registerCallbacksForSync syncBuffer=false
06-06 13:00:12.953  5355  5447 I ViewRootImpl@49dd75b[newsfeedapp]: Received frameDrawingCallback syncResult=0 frameNum=1.
06-06 13:00:12.953  5355  5447 I ViewRootImpl@49dd75b[newsfeedapp]: mWNT: t=0xb40000747f94c850 mBlastBufferQueue=0xb4000074df9352d0 fn= 1 mRenderHdrSdrRatio=1.0 caller= android.view.ViewRootImpl$8.onFrameDraw:13826 android.view.ThreadedRenderer$1.onFrameDraw:792 <bottom of call stack>
06-06 13:00:12.953  5355  5447 I ViewRootImpl@49dd75b[newsfeedapp]: Setting up sync and frameCommitCallback
06-06 13:00:12.953  7790  7790 I InsetsController: onStateChanged: host=etf.ri.rma.newsfeedapp/etf.ri.rma.newsfeedapp.MainActivity, from=android.view.ViewRootImpl.setView:1751, state=InsetsState: {mDisplayFrame=Rect(0, 0 - 1080, 2340), mDisplayCutout=DisplayCutout{insets=Rect(0, 87 - 0, 0) waterfall=Insets{left=0, top=0, right=0, bottom=0} boundingRect={Bounds=[Rect(0, 0 - 0, 0), Rect(512, 0 - 568, 87), Rect(0, 0 - 0, 0), Rect(0, 0 - 0, 0)]} cutoutPathParserInfo={CutoutPathParserInfo{displayWidth=1080 displayHeight=2340 physicalDisplayWidth=1080 physicalDisplayHeight=2340 density={3.0} cutoutSpec={M 0,0 H -9.333333333333333 V 29 H 9.333333333333333 V 0 H 0 Z @dp} rotation={0} scale={1.0} physicalPixelDisplaySizeRatio={1.0}}}}, mRoundedCorners=RoundedCorners{[RoundedCorner{position=TopLeft, radius=102, center=Point(102, 102)}, RoundedCorner{position=TopRight, radius=102, center=Point(978, 102)}, RoundedCorner{position=BottomRight, radius=102, center=Point(978, 2238)}, RoundedCorner{position=BottomLeft, radius=102, center=Point(102, 2238)}]}  mRoundedCornerFrame=Rect(0, 0 - 1080, 2340), mPrivacyIndicatorBounds=PrivacyIndicatorBounds {static bounds=Rect(948, 0 - 1080, 87) rotation=0}, mDisplayShape=DisplayShape{ spec=1769313948 displayWidth=1080 displayHeight=2340 physicalPixelDisplaySizeRatio=1.0 rotation=0 offsetX=0 offsetY=0 scale=1.0}, mSources= { InsetsSource: {985d0000 mType=statusBars mFrame=[0,0][1080,87] mVisible=true mFlags=[]}, InsetsSource: {985d0005 mType=mandatorySystemGestures mFrame=[0,0][1080,123] mVisible=true mFlags=[]}, InsetsSource: {985d0006 mType=tappableElement mFrame=[0,0][1080,87] mVisible=true mFlags=[]}, InsetsSource: {3 mType=ime mFrame=[0,0][0,0] mVisible=false mFlags=[]}, InsetsSource: {27 mType=displayCutout mFrame=[0,0][1080,87] mVisible=true mFlags=[]}, InsetsSource: {26df0001 mType=navigationBars mFrame=[0,2196][1080,2340] mVisible=true mFlags=[]}, InsetsSource: {26df0004 mType=systemGestures mFrame=[0,0][0,0] mVisible=true mFlags=[]}, InsetsSource: {26df0005 mType=mandatorySystemGestures mFrame=[0,2196][1080,2340] mVisible=true mFlags=[]}, InsetsSource: {26df0006 mType=tappableElement mFrame=[0,2196][1080,2340] mVisible=true mFlags=[]}, InsetsSource: {26df0024 mType=systemGestures mFrame=[0,0][0,0] mVisible=true mFlags=[]} }
06-06 13:00:12.953  5355  5445 I BLASTBufferQueue: [ViewRootImpl@49dd75b[newsfeedapp]#13](f:0,a:0,s:0) onFrameAvailable the first frame is available
06-06 13:00:12.953  7790  7790 I ViewRootImpl@22a9976[MainActivity]: synced displayState. AttachInfo displayState=2
06-06 13:00:12.954  5355  5445 I ViewRootImpl@49dd75b[newsfeedapp]: Received frameCommittedCallback lastAttemptedDrawFrameNum=1 didProduceBuffer=true
06-06 13:00:12.954  7790  7790 I ViewRootImpl@22a9976[MainActivity]: setView = com.android.internal.policy.DecorView@673504d TM=true
06-06 13:00:12.954  5355  5445 D OpenGLRenderer: CFMS:: SetUp Pid : 5355    Tid : 5445
06-06 13:00:12.954  5355  5439 I ViewRootImpl@49dd75b[newsfeedapp]: reportDrawFinished seqId=0
06-06 13:00:12.954  7790  7818 D OpenGLRenderer: HWUI - treat SMPTE_170M as sRGB
06-06 13:00:12.955  6421  9457 I ViewRootImpl@cc9c4e9[LauncherActivity]: mWNT: t=0xb40000747f96f690 mBlastBufferQueue=0xb4000074df963770 fn= 13 mRenderHdrSdrRatio=1.0 caller= com.android.systemui.shared.launcher.ViewRootImplCompat.mergeWithNextTransaction:4 com.honeyspace.transition.utils.SurfaceTransactionApplier.scheduleApply$lambda$1:26 com.honeyspace.transition.utils.SurfaceTransactionApplier.c:0
06-06 13:00:12.956  1715  2430 I SurfaceFlinger: id=572 createSurf, flag=84004, Transition Root: Task=13#572
06-06 13:00:12.957  2342  2633 I SurfaceControl: show, t=StartTransaction_SyncId<19>, sc=Surface(name=ActivityRecord{f60bc30 u0 etf.ri.rma.newsfeedapp/.MainActivity t13})/@0x90f2953, caller=com.android.server.wm.Transition.onTransactionReady:1962 com.android.server.wm.BLASTSyncEngine$SyncGroup.finishNow:310 com.android.server.wm.BLASTSyncEngine$SyncGroup.tryFinish:242 com.android.server.wm.BLASTSyncEngine$SyncGroup.-$$Nest$mtryFinish:0 com.android.server.wm.BLASTSyncEngine.onSurfacePlacement:670 com.android.server.wm.RootWindowContainer.performSurfacePlacementNoTrace:988
06-06 13:00:12.959  1715  2430 I SurfaceFlinger: id=573 createSurf, flag=24000, Surface(name=87e62a6 NavigationBar0)/@0xf64c4fb - animation-leash of insets_animation#573
06-06 13:00:12.959  7012  7043 D C2SoftVpxEnc: bytes generated 948
06-06 13:00:12.959  1715  2430 I SurfaceFlinger: id=574 createSurf, flag=24000, Surface(name=53a7541 StatusBar)/@0x3ba06c - animation-leash of insets_animation#574
06-06 13:00:12.959  5355  5420 I SurfaceControl: hide, t=FinishTransaction_SyncId<19>, sc=Surface(name=Task=1)/@0x15a2109, caller=com.android.wm.shell.transition.Transitions.dispatchReady:681 com.android.wm.shell.transition.Transitions.onTransitionReady:118 com.android.wm.shell.transition.Transitions$TransitionPlayerImpl$$ExternalSyntheticLambda0.run:13 android.os.Handler.handleCallback:958 android.os.Handler.dispatchMessage:99 android.os.Looper.loopOnce:230
06-06 13:00:12.959  5355  5420 I SurfaceControl: show, t=StartTransaction_SyncId<19>, sc=Surface(name=Task=13)/@0xedaf210, caller=com.android.wm.shell.transition.Transitions.dispatchReady:686 com.android.wm.shell.transition.Transitions.onTransitionReady:118 com.android.wm.shell.transition.Transitions$TransitionPlayerImpl$$ExternalSyntheticLambda0.run:13 android.os.Handler.handleCallback:958 android.os.Handler.dispatchMessage:99 android.os.Looper.loopOnce:230
06-06 13:00:12.959  5355  5420 I SurfaceControl: show, t=FinishTransaction_SyncId<19>, sc=Surface(name=Task=13)/@0xedaf210, caller=com.android.wm.shell.transition.Transitions.dispatchReady:733 com.android.wm.shell.transition.Transitions.onTransitionReady:118 com.android.wm.shell.transition.Transitions$TransitionPlayerImpl$$ExternalSyntheticLambda0.run:13 android.os.Handler.handleCallback:958 android.os.Handler.dispatchMessage:99 android.os.Looper.loopOnce:230
06-06 13:00:12.960  1715  2430 I SurfaceFlinger: id=575 createSurf, flag=84000, 6f90de2 ActivityRecordInputSink etf.ri.rma.newsfeedapp/.MainActivity#575
06-06 13:00:12.960  6421 10594 I HoneySpace.ShellAnimationRunner: onAnimationCancelled
06-06 13:00:12.960  6421  6421 I HoneySpace.ShellAnimationRunner: finishExistingAnimation, com.honeyspace.transition.anim.AnimationResult@bfb0dc5
06-06 13:00:12.960  6421  6421 I HoneySpace.AnimationResult: finish, false
06-06 13:00:12.960  6421  6421 I HoneySpace.AppCloseAnimationDelegate: onAnimationCancelled
06-06 13:00:12.960  5355  5420 I SurfaceControl: apply is called, name=FinishTransaction_SyncId<18>, caller=android.view.SurfaceControl$Transaction.apply:2921 com.android.wm.shell.transition.Transitions.onFinish:302 com.android.wm.shell.transition.Transitions$$ExternalSyntheticLambda6.onTransitionFinished:15 com.android.wm.shell.transition.RemoteTransitionHandler$1$$ExternalSyntheticLambda0.run:118 android.os.Handler.handleCallback:958 android.os.Handler.dispatchMessage:99
06-06 13:00:12.961  6421  7949 I HoneySpace.AnimationResult: asyncFinishRunnable run
06-06 13:00:12.961  6421  6421 I HoneySpace.AnimationResult: completeCallback run
06-06 13:00:12.961  5355  5439 I InsetsSourceConsumer: applyRequestedVisibilityToControl: visible=true, type=navigationBars, host=Splash Screen etf.ri.rma.newsfeedapp
06-06 13:00:12.961  5355  5439 I InsetsSourceConsumer: applyRequestedVisibilityToControl: visible=true, type=statusBars, host=Splash Screen etf.ri.rma.newsfeedapp
06-06 13:00:12.962  6421  6421 I HoneySpace.Launcher: onEnterAnimationComplete
06-06 13:00:12.962  7890  7890 I ViewRootImpl@5477d5d[InstrumentationActivityInvoker$EmptyActivity]: handleAppVisibility mAppVisible = true visible = false
06-06 13:00:12.963  1715  1715 I Layer   : Layer::reparent [87e62a6 NavigationBar0#78] newParent : Surface(name=87e62a6 NavigationBar0)/@0xf64c4fb - animation-leash of insets_animation#573 , isRemovedFromCurrentState : 0 -------------------------
06-06 13:00:12.963  1715  1715 I Layer   : Layer::reparent [87e62a6 NavigationBar0#78] End -------------------------
06-06 13:00:12.963  1715  1715 I Layer   : Layer::reparent [Surface(name=87e62a6 NavigationBar0)/@0xf64c4fb - animation-leash of insets_animation#543] newParentHandle : null -------------------------
06-06 13:00:12.963  1715  1715 I Layer   : id=543 removeFromCurrentState Surface(name=87e62a6 NavigationBar0)/@0xf64c4fb - animation-leash of insets_animation#543 (235)
06-06 13:00:12.963  1715  1715 I Layer   : Layer::reparent [Surface(name=87e62a6 NavigationBar0)/@0xf64c4fb - animation-leash of insets_animation#543] End -------------------------
06-06 13:00:12.963  1715  1715 I Layer   : Layer::reparent [53a7541 StatusBar#85] newParent : Surface(name=53a7541 StatusBar)/@0x3ba06c - animation-leash of insets_animation#574 , isRemovedFromCurrentState : 0 -------------------------
06-06 13:00:12.963  1715  1715 I Layer   : Layer::reparent [53a7541 StatusBar#85] End -------------------------
06-06 13:00:12.963  1715  1715 I Layer   : Layer::reparent [Surface(name=53a7541 StatusBar)/@0x3ba06c - animation-leash of insets_animation#544] newParentHandle : null -------------------------
06-06 13:00:12.963  1715  1715 I Layer   : id=544 removeFromCurrentState Surface(name=53a7541 StatusBar)/@0x3ba06c - animation-leash of insets_animation#544 (235)
06-06 13:00:12.963  1715  1715 I Layer   : Layer::reparent [Surface(name=53a7541 StatusBar)/@0x3ba06c - animation-leash of insets_animation#544] End -------------------------
06-06 13:00:12.963  1715  1715 I Layer   : Layer::reparent [Transition Root: Task=1#548] newParentHandle : null -------------------------
06-06 13:00:12.963  1715  1715 I Layer   : id=548 removeFromCurrentState Transition Root: Task=1#548 (235)
06-06 13:00:12.963  1715  1715 I Layer   : id=551 removeFromCurrentState Surface(name=Task=1)/@0xc2d1d5f_transition-leash#551 (235)
06-06 13:00:12.963  1715  1715 I Layer   : id=52 removeFromCurrentState Task=1#52 (235)
06-06 13:00:12.963  1715  1715 I Layer   : id=138 removeFromCurrentState Task=8#138 (235)
06-06 13:00:12.963  1715  1715 I Layer   : id=139 removeFromCurrentState ActivityRecord{4bdcf41 u0 com.sec.android.app.launcher/.activities.LauncherActivity t8}#139 (235)
06-06 13:00:12.963  1715  1715 I Layer   : id=150 removeFromCurrentState 6231c4b ActivityRecordInputSink com.sec.android.app.launcher/.Launcher#150 (235)
06-06 13:00:12.963  1715  1715 I Layer   : id=221 removeFromCurrentState da5c5e7 com.sec.android.app.launcher/com.sec.android.app.launcher.activities.LauncherActivity#221 (235)
06-06 13:00:12.963  1715  1715 I Layer   : id=542 removeFromCurrentState com.sec.android.app.launcher/com.sec.android.app.launcher.activities.LauncherActivity$_6421#542 (235)
06-06 13:00:12.963  1715  1715 I Layer   : id=17 removeFromCurrentState ImeContainer#17 (235)
06-06 13:00:12.963  1715  1715 I Layer   : id=98 removeFromCurrentState WindowToken{f7b1b09 type=2011 android.os.Binder@15b9410}#98 (235)
06-06 13:00:12.963  1715  1715 I Layer   : id=559 removeFromCurrentState Surface(name=ac5a498 InputMethod)/@0x1895ba - animation-leash of insets_animation#559 (235)
06-06 13:00:12.963  1715  1715 I Layer   : id=154 removeFromCurrentState ac5a498 InputMethod#154 (235)
06-06 13:00:12.963  1715  1715 I Layer   : id=552 removeFromCurrentState Surface(name=Task=12)/@0xa264875_transition-leash#552 (235)
06-06 13:00:12.963  1715  1715 I Layer   : id=509 removeFromCurrentState Task=12#509 (235)
06-06 13:00:12.963  1715  1715 I Layer   : id=510 removeFromCurrentState ActivityRecord{e3ae57f u0 etf.ri.rma.newsfeedapp.test/androidx.test.core.app.InstrumentationActivityInvoker$EmptyActivity t12}#510 (235)
06-06 13:00:12.963  1715  1715 I Layer   : id=525 removeFromCurrentState 9450cd9 ActivityRecordInputSink etf.ri.rma.newsfeedapp.test/androidx.test.core.app.InstrumentationActivityInvoker$EmptyActivity#525 (235)
06-06 13:00:12.963  1715  1715 I Layer   : id=538 removeFromCurrentState 60fd58 etf.ri.rma.newsfeedapp.test/androidx.test.core.app.InstrumentationActivityInvoker$EmptyActivity#538 (235)
06-06 13:00:12.963  1715  1715 I Layer   : id=540 removeFromCurrentState etf.ri.rma.newsfeedapp.test/androidx.test.core.app.InstrumentationActivityInvoker$EmptyActivity$_7890#540 (235)
06-06 13:00:12.963  1715  1715 I Layer   : id=511 removeFromCurrentState 975de49 Splash Screen etf.ri.rma.newsfeedapp.test#511 (235)
06-06 13:00:12.963  1715  1715 I Layer   : id=512 removeFromCurrentState Splash Screen etf.ri.rma.newsfeedapp.test$_5355#512 (235)
06-06 13:00:12.963  1715  1715 I Layer   : Layer::reparent [Transition Root: Task=1#548] End -------------------------
06-06 13:00:12.963  1715  1715 I Layer   : Layer [Task=12#509] hidden!! flag(1)
06-06 13:00:12.963  1715  1715 I Layer   : Layer::reparent [Task=12#509] newParent : DefaultTaskDisplayArea_d0#12 , isRemovedFromCurrentState : 0 -------------------------
06-06 13:00:12.963  1715  1715 I Layer   : id=509 addToCurrentState Task=12#509 (235)
06-06 13:00:12.963  1715  1715 I Layer   : id=510 addToCurrentState ActivityRecord{e3ae57f u0 etf.ri.rma.newsfeedapp.test/androidx.test.core.app.InstrumentationActivityInvoker$EmptyActivity t12}#510 (235)
06-06 13:00:12.963  1715  1715 I Layer   : id=525 addToCurrentState 9450cd9 ActivityRecordInputSink etf.ri.rma.newsfeedapp.test/androidx.test.core.app.InstrumentationActivityInvoker$EmptyActivity#525 (235)
06-06 13:00:12.963  1715  1715 I Layer   : id=538 addToCurrentState 60fd58 etf.ri.rma.newsfeedapp.test/androidx.test.core.app.InstrumentationActivityInvoker$EmptyActivity#538 (235)
06-06 13:00:12.963  1715  1715 I Layer   : id=540 addToCurrentState etf.ri.rma.newsfeedapp.test/androidx.test.core.app.InstrumentationActivityInvoker$EmptyActivity$_7890#540 (235)
06-06 13:00:12.963  1715  1715 I Layer   : id=511 addToCurrentState 975de49 Splash Screen etf.ri.rma.newsfeedapp.test#511 (235)
06-06 13:00:12.963  1715  1715 I Layer   : id=512 addToCurrentState Splash Screen etf.ri.rma.newsfeedapp.test$_5355#512 (235)
06-06 13:00:12.963  1715  1715 I Layer   : Layer::reparent [Task=12#509] End -------------------------
06-06 13:00:12.963  1715  1715 I Layer   : Layer::reparent [Task=1#52] newParent : DefaultTaskDisplayArea_d0#12 , isRemovedFromCurrentState : 0 -------------------------
06-06 13:00:12.963  1715  1715 I Layer   : id=52 addToCurrentState Task=1#52 (235)
06-06 13:00:12.963  1715  1715 I Layer   : id=138 addToCurrentState Task=8#138 (235)
06-06 13:00:12.963  1715  1715 I Layer   : id=139 addToCurrentState ActivityRecord{4bdcf41 u0 com.sec.android.app.launcher/.activities.LauncherActivity t8}#139 (235)
06-06 13:00:12.963  1715  1715 I Layer   : id=150 addToCurrentState 6231c4b ActivityRecordInputSink com.sec.android.app.launcher/.Launcher#150 (235)
06-06 13:00:12.963  1715  1715 I Layer   : id=221 addToCurrentState da5c5e7 com.sec.android.app.launcher/com.sec.android.app.launcher.activities.LauncherActivity#221 (235)
06-06 13:00:12.963  1715  1715 I Layer   : id=542 addToCurrentState com.sec.android.app.launcher/com.sec.android.app.launcher.activities.LauncherActivity$_6421#542 (235)
06-06 13:00:12.963  1715  1715 I Layer   : id=17 addToCurrentState ImeContainer#17 (235)
06-06 13:00:12.963  1715  1715 I Layer   : id=98 addToCurrentState WindowToken{f7b1b09 type=2011 android.os.Binder@15b9410}#98 (235)
06-06 13:00:12.963  1715  1715 I Layer   : id=559 addToCurrentState Surface(name=ac5a498 InputMethod)/@0x1895ba - animation-leash of insets_animation#559 (235)
06-06 13:00:12.963  1715  1715 I Layer   : id=154 addToCurrentState ac5a498 InputMethod#154 (235)
06-06 13:00:12.963  1715  1715 I Layer   : Layer::reparent [Task=1#52] End -------------------------
06-06 13:00:12.963  1715  1715 I Layer   : Layer::reparent [Transition Root: Task=1#548] newParentHandle : null -------------------------
06-06 13:00:12.963  1715  1715 I Layer   : id=548 removeFromCurrentState Transition Root: Task=1#548 (235)
06-06 13:00:12.963  1715  1715 I Layer   : id=551 removeFromCurrentState Surface(name=Task=1)/@0xc2d1d5f_transition-leash#551 (235)
06-06 13:00:12.963  1715  1715 I Layer   : id=552 removeFromCurrentState Surface(name=Task=12)/@0xa264875_transition-leash#552 (235)
06-06 13:00:12.963  1715  1715 I Layer   : Layer::reparent [Transition Root: Task=1#548] End -------------------------
06-06 13:00:12.963  1715  1715 I Layer   : Layer::reparent [Splash Screen etf.ri.rma.newsfeedapp.test$_5355#512] newParentHandle : null -------------------------
06-06 13:00:12.963  1715  1715 I Layer   : id=512 removeFromCurrentState Splash Screen etf.ri.rma.newsfeedapp.test$_5355#512 (235)
06-06 13:00:12.963  1715  1715 I Layer   : Layer::reparent [Splash Screen etf.ri.rma.newsfeedapp.test$_5355#512] End -------------------------
06-06 13:00:12.963  1715  1715 I Layer   : Layer::reparent [975de49 Splash Screen etf.ri.rma.newsfeedapp.test#511] newParentHandle : null -------------------------
06-06 13:00:12.963  1715  1715 I Layer   : id=511 removeFromCurrentState 975de49 Splash Screen etf.ri.rma.newsfeedapp.test#511 (235)
06-06 13:00:12.963  1715  1715 I Layer   : Layer::reparent [975de49 Splash Screen etf.ri.rma.newsfeedapp.test#511] End -------------------------
06-06 13:00:12.963  1715  1715 I Layer   : Layer [ActivityRecord{e3ae57f u0 etf.ri.rma.newsfeedapp.test/androidx.test.core.app.InstrumentationActivityInvoker$EmptyActivity t12}#510] hidden!! flag(1)
06-06 13:00:12.963  1715  1715 I Layer   : Layer [etf.ri.rma.newsfeedapp.test/androidx.test.core.app.InstrumentationActivityInvoker$EmptyActivity$_7890#540] hidden!! flag(1)
06-06 13:00:12.964  1715  1715 I Layer   : id=515 Destroyed 975de49 Splash Screen etf.ri.rma.newsfeedapp.test#511 (Mirror)#515
06-06 13:00:12.964  1715  1715 I Layer   : id=547 Destroyed Surface(name=87e62a6 NavigationBar0)/@0xf64c4fb - animation-leash of insets_animation#543 (Mirror)#547
06-06 13:00:12.964  1715  1715 I Layer   : id=546 Destroyed Surface(name=53a7541 StatusBar)/@0x3ba06c - animation-leash of insets_animation#544 (Mirror)#546
06-06 13:00:12.964  1715  1715 I Layer   : id=550 Destroyed Transition Root: Task=1#548 (Mirror)#550
06-06 13:00:12.964  1715  1715 I Layer   : id=553 Destroyed Surface(name=Task=1)/@0xc2d1d5f_transition-leash#551 (Mirror)#553
06-06 13:00:12.964  1715  1715 I Layer   : id=554 Destroyed Surface(name=Task=12)/@0xa264875_transition-leash#552 (Mirror)#554
06-06 13:00:12.964  6421  9458 I ViewRootImpl@cc9c4e9[LauncherActivity]: mWNT: t=0xb40000747f947f70 mBlastBufferQueue=0xb4000074df963770 fn= 14 mRenderHdrSdrRatio=1.0 caller= com.android.systemui.shared.launcher.ViewRootImplCompat.mergeWithNextTransaction:4 com.honeyspace.transition.utils.SurfaceTransactionApplier.scheduleApply$lambda$1:26 com.honeyspace.transition.utils.SurfaceTransactionApplier.c:0
06-06 13:00:12.964  1715  1715 I SurfaceFlinger: id=512 Removed Splash Screen etf.ri.rma.newsfeedapp.test$_5355#512 (233)
06-06 13:00:12.964  1715  1715 I SurfaceFlinger: id=548 Removed Transition Root: Task=1#548 (233)
06-06 13:00:12.964  1715  1715 I SurfaceFlinger: id=544 Removed Surface(name=53a7541 StatusBar)/@0x3ba06c - animation-leash of insets_animation#544 (233)
06-06 13:00:12.964  1715  1715 I SurfaceFlinger: id=543 Removed Surface(name=87e62a6 NavigationBar0)/@0xf64c4fb - animation-leash of insets_animation#543 (233)
06-06 13:00:12.964  7890  7890 I ViewRootImpl@5477d5d[InstrumentationActivityInvoker$EmptyActivity]: destroyHardwareResources: Callers=android.view.ViewRootImpl.performTraversals:3937 android.view.ViewRootImpl.doTraversal:3291 android.view.ViewRootImpl$TraversalRunnable.run:11329 android.view.Choreographer$CallbackRecord.run:1689 android.view.Choreographer$CallbackRecord.run:1698 android.view.Choreographer.doCallbacks:1153 android.view.Choreographer.doFrame:1079 android.view.Choreographer$FrameDisplayEventReceiver.run:1646 android.os.Handler.handleCallback:958 android.os.Handler.dispatchMessage:99
06-06 13:00:12.964  1715  1715 I Layer   : id=516 Destroyed Splash Screen etf.ri.rma.newsfeedapp.test$_5355#512 (Mirror)#516
06-06 13:00:12.965  7890  7917 D OpenGLRenderer: CacheManager::trimMemory(20)
06-06 13:00:12.966  5355  5420 I SurfaceControl: show, t=StartTransaction_SyncId<19>, sc=Surface(name=Transition Root: Task=13)/@0xf66ff0e, caller=com.android.wm.shell.transition.Transitions.playTransition:80 com.android.wm.shell.transition.Transitions.processReadyQueue:185 com.android.wm.shell.transition.Transitions.onFinish:449 com.android.wm.shell.transition.Transitions$$ExternalSyntheticLambda6.onTransitionFinished:15 com.android.wm.shell.transition.RemoteTransitionHandler$1$$ExternalSyntheticLambda0.run:118 android.os.Handler.handleCallback:958
06-06 13:00:12.966  1574  1638 I HYPER-HAL: [RequestManager.cpp]acquire(): Acquired ID : 1422250  [1577 / 109]    HINT :      list : [TID_LOW_LATENCY / 0] [TID / 7920] [TID / 7921] [TID / 7890] [TID / 7917]
06-06 13:00:12.966  1574  1638 I HYPER-HAL: [RequestManager.cpp]acquire(): Acquired ID : 1423938  [1577 / 110]    HINT :      list : [UCLAMP_MIN_BOOST / 0] [TID / 7920] [TID / 7921] [TID / 7890] [TID / 7917]
06-06 13:00:12.966  1574  1638 I HYPER-HAL: [RequestManager.cpp]releaseLocked(): Released ID : 1422250
06-06 13:00:12.966  1574  1638 I HYPER-HAL: [RequestManager.cpp]releaseLocked(): Released ID : 1423938
06-06 13:00:12.967  5355  5355 D SamsungStatusBarGrayIconHelper: isGrayAppearance=false
06-06 13:00:12.967  5355  5420 I SurfaceControl: apply is called, name=StartTransaction_SyncId<19>, caller=android.view.SurfaceControl$Transaction.apply:2921 com.android.wm.shell.transition.DefaultTransitionHandler.startAnimation:3202 com.android.wm.shell.transition.Transitions.dispatchTransition:80 com.android.wm.shell.transition.Transitions.playTransition:776 com.android.wm.shell.transition.Transitions.processReadyQueue:185 com.android.wm.shell.transition.Transitions.onFinish:449
