06-06 13:00:15.465  5355  5355 D SamsungLightBarControlHelper: updateStatusBar (BLACK icon) numStacks:1, StatusBarMode:MODE_TRANSPARENT, lightBarBounds:[Rect(0, 0 - 1080, 2340)], StatusBarState:SHADE, packageName:etf.ri.rma.newsfeedapp, isWhiteKeyguardStatusBar:false
06-06 13:00:15.466  2342  5454 V WindowManager: Relayout Window{f3ef1fd u0 etf.ri.rma.newsfeedapp.test/androidx.test.core.app.InstrumentationActivityInvoker$EmptyActivity}: viewVisibility=8 req=1080x2340 ty=1 d0
06-06 13:00:15.466  6421  7245 I HoneySpace.SystemUiRepository: systemUiFlags: allow_gesture|awake
06-06 13:00:15.466  6421  6487 I HoneySpace.TaskbarEventTracker: invokeEvent() called with: event = SystemUiStateChanged(stateFlags=268566528)
06-06 13:00:15.467  2342  5454 V WindowManager: Relayout hash=f3ef1fd, pid=7890, syncId=-1: mAttrs={(0,0)(fillxfill) sim={adjust=pan forwardNavigation} ty=BASE_APPLICATION
06-06 13:00:15.467  2342  5454 V WindowManager:   fl=81810100
06-06 13:00:15.467  2342  5454 V WindowManager:   pfl=12008040
06-06 13:00:15.467  2342  5454 V WindowManager:   bhv=DEFAULT
06-06 13:00:15.467  2342  5454 V WindowManager:   fitSides= naviIconColor=0}
06-06 13:00:15.468  1715  1715 D SurfaceFlinger: Display 4630946970390616451 HWC layers:
06-06 13:00:15.468  1715  1715 D SurfaceFlinger:      DEVICE | 0xb4000073beb13a00 | 0100 | RGBA_8888    |  665.0   76.0 1675.0 2264.0 |    0    0 1080 2340 | Wallpaper BBQ wrapper 5_system#94
06-06 13:00:15.468  1715  1715 D SurfaceFlinger:      DEVICE | 0xb4000073beb15980 | 0100 | RGBA_8888    |    0.0    0.0 1080.0 2340.0 |    0    0 1080 2340 | com.sec.android.app.launcher/com.sec[...]ctivities.LauncherActivity$_6421#902
06-06 13:00:15.468  1715  1715 D SurfaceFlinger:      DEVICE | 0xb4000073beb087b0 | 0100 | RGBA_8888    |    0.0    0.0 1080.0   87.0 |    0    0 1080   87 | StatusBar$_5355#90
06-06 13:00:15.468  1715  1715 D SurfaceFlinger:      DEVICE | 0xb4000073beb138e0 | 0100 | RGBA_8888    |    0.0    0.0   67.0  342.0 | 1013  438 1080  780 | com.sec.android.app.launcher/com.sam[...]ce.edge.CocktailBarService$_6421#145
06-06 13:00:15.468  1715  1715 D SurfaceFlinger:      DEVICE | 0xb4000073beb0d1f0 | 0100 | RGBA_8888    |    0.0    0.0 1080.0  144.0 |    0 2196 1080 2340 | NavigationBar0$_5355#89
06-06 13:00:15.468  1715  1715 D SurfaceFlinger:
06-06 13:00:15.469  7890  7890 I ViewRootImpl@aa3e189[InstrumentationActivityInvoker$EmptyActivity]: Relayout returned: old=(0,0,1080,2340) new=(0,0,1080,2340) relayoutAsync=false req=(1080,2340)8 dur=5 res=0x402 s={false 0x0} ch=true seqId=0
06-06 13:00:15.471  1715  1715 I Layer   : id=867 Destroyed Splash Screen etf.ri.rma.newsfeedapp.test$_5355#867
06-06 13:00:15.471  1715  1715 I Layer   : id=904 Destroyed Surface(name=53a7541 StatusBar)/@0x3ba06c - animation-leash of insets_animation#904
06-06 13:00:15.471  1715  1715 I Layer   : id=908 Destroyed Transition Root: Task=1#908
06-06 13:00:15.471  1715  1715 I Layer   : id=903 Destroyed Surface(name=87e62a6 NavigationBar0)/@0xf64c4fb - animation-leash of insets_animation#903
06-06 13:00:15.472  6421  9458 I ViewRootImpl@cc9c4e9[LauncherActivity]: mWNT: t=0xb40000747f94c850 mBlastBufferQueue=0xb4000074df963770 fn= 13 mRenderHdrSdrRatio=1.0 caller= com.android.systemui.shared.launcher.ViewRootImplCompat.mergeWithNextTransaction:4 com.honeyspace.transition.utils.SurfaceTransactionApplier.scheduleApply$lambda$1:26 com.honeyspace.transition.utils.SurfaceTransactionApplier.c:0
06-06 13:00:15.477  7012  7043 D C2SoftVpxEnc: bytes generated 34150
06-06 13:00:15.481  6421  9457 I ViewRootImpl@cc9c4e9[LauncherActivity]: mWNT: t=0xb40000747f95d1b0 mBlastBufferQueue=0xb4000074df963770 fn= 14 mRenderHdrSdrRatio=1.0 caller= com.android.systemui.shared.launcher.ViewRootImplCompat.mergeWithNextTransaction:4 com.honeyspace.transition.utils.SurfaceTransactionApplier.scheduleApply$lambda$1:26 com.honeyspace.transition.utils.SurfaceTransactionApplier.c:0
06-06 13:00:15.483  1715  1715 D SurfaceFlinger: Display 4630946970390616451 HWC layers:
06-06 13:00:15.483  1715  1715 D SurfaceFlinger:      DEVICE | 0xb4000073beb13a00 | 0100 | RGBA_8888    |  658.0   61.0 1682.0 2279.0 |    0    0 1080 2340 | Wallpaper BBQ wrapper 5_system#94
06-06 13:00:15.483  1715  1715 D SurfaceFlinger:      DEVICE | 0xb4000073beb0b8a0 | 0100 | RGBA_8888    |    0.0    0.0 1080.0 2340.0 |    0    0 1080 2340 | com.sec.android.app.launcher/com.sec[...]ctivities.LauncherActivity$_6421#902
06-06 13:00:15.483  1715  1715 D SurfaceFlinger:      CLIENT | 0xb4000073beb0d700 | 0100 | RGBA_8888    |    0.0    0.0 1080.0 2340.0 |   78  170 1002 2170 | Splash Screen etf.ri.rma.newsfeedapp$_5355#933
06-06 13:00:15.483  1715  1715 D SurfaceFlinger:      DEVICE | 0xb4000073beb0f440 | 0100 | RGBA_8888    |    0.0    0.0 1080.0   87.0 |    0    0 1080   87 | StatusBar$_5355#90
06-06 13:00:15.483  1715  1715 D SurfaceFlinger:      DEVICE | 0xb4000073beb138e0 | 0100 | RGBA_8888    |    0.0    0.0   67.0  342.0 | 1013  438 1080  780 | com.sec.android.app.launcher/com.sam[...]ce.edge.CocktailBarService$_6421#145
06-06 13:00:15.483  1715  1715 D SurfaceFlinger:      DEVICE | 0xb4000073beb07fd0 | 0100 | RGBA_8888    |    0.0    0.0 1080.0  144.0 |    0 2196 1080 2340 | NavigationBar0$_5355#89
06-06 13:00:15.483  1715  1715 D SurfaceFlinger:
06-06 13:00:15.488  7012  7043 D C2SoftVpxEnc: bytes generated 23912
06-06 13:00:15.488  6421  9458 I ViewRootImpl@cc9c4e9[LauncherActivity]: mWNT: t=0xb40000747f95b630 mBlastBufferQueue=0xb4000074df963770 fn= 15 mRenderHdrSdrRatio=1.0 caller= com.android.systemui.shared.launcher.ViewRootImplCompat.mergeWithNextTransaction:4 com.honeyspace.transition.utils.SurfaceTransactionApplier.scheduleApply$lambda$1:26 com.honeyspace.transition.utils.SurfaceTransactionApplier.c:0
06-06 13:00:15.496  6421  9457 I ViewRootImpl@cc9c4e9[LauncherActivity]: mWNT: t=0xb40000747f95cef0 mBlastBufferQueue=0xb4000074df963770 fn= 16 mRenderHdrSdrRatio=1.0 caller= com.android.systemui.shared.launcher.ViewRootImplCompat.mergeWithNextTransaction:4 com.honeyspace.transition.utils.SurfaceTransactionApplier.scheduleApply$lambda$1:26 com.honeyspace.transition.utils.SurfaceTransactionApplier.c:0
06-06 13:00:15.497  7012  7043 D C2SoftVpxEnc: bytes generated 6599
06-06 13:00:15.504  7790  7790 D DEBUG_IMAGE: News Title: Velika politička odluka donijeta danas, Image URL: https://interview.ba/wp-content/uploads/2024/09/fikret-1024x652.png
06-06 13:00:15.505  6421  9458 I ViewRootImpl@cc9c4e9[LauncherActivity]: mWNT: t=0xb40000747f9626f0 mBlastBufferQueue=0xb4000074df963770 fn= 17 mRenderHdrSdrRatio=1.0 caller= com.android.systemui.shared.launcher.ViewRootImplCompat.mergeWithNextTransaction:4 com.honeyspace.transition.utils.SurfaceTransactionApplier.scheduleApply$lambda$1:26 com.honeyspace.transition.utils.SurfaceTransactionApplier.c:0
06-06 13:00:15.505  7012  7043 D C2SoftVpxEnc: bytes generated 2782
06-06 13:00:15.513  7012  7043 D BufferPoolAccessor2.0: bufferpool2 0xb400007dbe05aed8 : 66(2832742 size) total buffers - 1(2286 size) used buffers - 83/396 (recycle/alloc) - 321/395 (fetch/transfer)
06-06 13:00:15.513  7012  7043 D C2SoftVpxEnc: bytes generated 2286
06-06 13:00:15.514  6421  9457 I ViewRootImpl@cc9c4e9[LauncherActivity]: mWNT: t=0xb40000747f965f50 mBlastBufferQueue=0xb4000074df963770 fn= 18 mRenderHdrSdrRatio=1.0 caller= com.android.systemui.shared.launcher.ViewRootImplCompat.mergeWithNextTransaction:4 com.honeyspace.transition.utils.SurfaceTransactionApplier.scheduleApply$lambda$1:26 com.honeyspace.transition.utils.SurfaceTransactionApplier.c:0
06-06 13:00:15.514  7790  7790 D DEBUG_IMAGE: News Title: Nevjerovatan preokret na utakmici, Image URL: https://scsport.ba/wp-content/uploads/2023/02/verona566-860x464.jpg
06-06 13:00:15.522  7012  7043 D C2SoftVpxEnc: bytes generated 2246
06-06 13:00:15.522  6421  9458 I ViewRootImpl@cc9c4e9[LauncherActivity]: mWNT: t=0xb40000747f950e70 mBlastBufferQueue=0xb4000074df963770 fn= 19 mRenderHdrSdrRatio=1.0 caller= com.android.systemui.shared.launcher.ViewRootImplCompat.mergeWithNextTransaction:4 com.honeyspace.transition.utils.SurfaceTransactionApplier.scheduleApply$lambda$1:26 com.honeyspace.transition.utils.SurfaceTransactionApplier.c:0
06-06 13:00:15.524  2342  5137 V WindowManager: Relayout Window{ea72c01 u0 etf.ri.rma.newsfeedapp/etf.ri.rma.newsfeedapp.MainActivity}: viewVisibility=0 req=1080x2340 ty=1 d0
06-06 13:00:15.524  1715  1806 I SurfaceFlinger: id=945 createSurf, flag=44004, etf.ri.rma.newsfeedapp/etf.ri.rma.newsfeedapp.MainActivity$_7790#945
06-06 13:00:15.526  1715  1806 I SurfaceFlinger: id=946 createSurf, flag=24000, Surface(name=87e62a6 NavigationBar0)/@0xf64c4fb - animation-leash of insets_animation#946
06-06 13:00:15.526  1715  1806 I SurfaceFlinger: id=947 createSurf, flag=24000, Surface(name=53a7541 StatusBar)/@0x3ba06c - animation-leash of insets_animation#947
06-06 13:00:15.527  2342  5137 V WindowManager: Relayout hash=ea72c01, pid=7790, syncId=-1: mAttrs={(0,0)(fillxfill) sim={adjust=pan forwardNavigation} ty=BASE_APPLICATION wanim=0x1030303
06-06 13:00:15.527  2342  5137 V WindowManager:   fl=81810100
06-06 13:00:15.527  2342  5137 V WindowManager:   pfl=12008040
06-06 13:00:15.527  2342  5137 V WindowManager:   bhv=DEFAULT
06-06 13:00:15.527  2342  5137 V WindowManager:   fitSides= naviIconColor=0}
06-06 13:00:15.528 24682 24682 I A       : onPause
06-06 13:00:15.528  7790  7790 I BLASTBufferQueue_Java: new BLASTBufferQueue, mName= ViewRootImpl@1bb2554[MainActivity] mNativeObject= 0xb4000074df955990 sc.mNativeObject= 0xb4000073af94f290 caller= android.view.ViewRootImpl.updateBlastSurfaceIfNeeded:3031 android.view.ViewRootImpl.relayoutWindow:10121 android.view.ViewRootImpl.performTraversals:4115 android.view.ViewRootImpl.doTraversal:3291 android.view.ViewRootImpl$TraversalRunnable.run:11329 android.view.Choreographer$CallbackRecord.run:1689 android.view.Choreographer$CallbackRecord.run:1698 android.view.Choreographer.doCallbacks:1153 android.view.Choreographer.doFrame:1079 android.view.Choreographer$FrameDisplayEventReceiver.run:1646
06-06 13:00:15.528  7790  7790 I BLASTBufferQueue_Java: update, w= 1080 h= 2340 mName = ViewRootImpl@1bb2554[MainActivity] mNativeObject= 0xb4000074df955990 sc.mNativeObject= 0xb4000073af94f290 format= -1 caller= android.graphics.BLASTBufferQueue.<init>:89 android.view.ViewRootImpl.updateBlastSurfaceIfNeeded:3031 android.view.ViewRootImpl.relayoutWindow:10121 android.view.ViewRootImpl.performTraversals:4115 android.view.ViewRootImpl.doTraversal:3291 android.view.ViewRootImpl$TraversalRunnable.run:11329
06-06 13:00:15.528  7790  7790 I ViewRootImpl@1bb2554[MainActivity]: Relayout returned: old=(0,0,1080,2340) new=(0,0,1080,2340) relayoutAsync=false req=(1080,2340)0 dur=4 res=0x403 s={true 0xb4000074af98e8c0} ch=true seqId=0
06-06 13:00:15.529  7790  7790 I ViewRootImpl@1bb2554[MainActivity]: performConfigurationChange setNightDimText nightDimLevel=0
06-06 13:00:15.529  7790  7790 D ViewRootImpl@1bb2554[MainActivity]: mThreadedRenderer.initialize() mSurface={isValid=true 0xb4000074af98e8c0} hwInitialized=true
06-06 13:00:15.530  7012  7043 D C2SoftVpxEnc: bytes generated 2242
06-06 13:00:15.531  8184  8685 I SemDvfsHyPerManager: acquire hyper - TABaseBoost/8184@26, type = 1090523139
06-06 13:00:15.532  5355  5355 D SamsungStatusBarGrayIconHelper: isGrayAppearance=false
06-06 13:00:15.532  5355  5355 D NavigationBar: onSystemBarAttributesChanged() -  displayId:0, appearance:16, packageName: etf.ri.rma.newsfeedapp (APPEARANCE_LIGHT_NAVIGATION_BARS ), navbarColorManagedByIme:false
06-06 13:00:15.532  6421  9457 I ViewRootImpl@cc9c4e9[LauncherActivity]: mWNT: t=0xb40000747f970710 mBlastBufferQueue=0xb4000074df963770 fn= 20 mRenderHdrSdrRatio=1.0 caller= com.android.systemui.shared.launcher.ViewRootImplCompat.mergeWithNextTransaction:4 com.honeyspace.transition.utils.SurfaceTransactionApplier.scheduleApply$lambda$1:26 com.honeyspace.transition.utils.SurfaceTransactionApplier.c:0
06-06 13:00:15.532  1574  1638 I HYPER-HAL: [RequestManager.cpp]acquire(): Acquired ID : 33706181  [8184 / 26]    HINT :      list : [TABoost / 1]
06-06 13:00:15.533  6421  6596 I HoneySpace.RecentTasks: onRecentTasksChanged
06-06 13:00:15.537  7790  7790 D ViewRootImpl@1bb2554[MainActivity]: reportNextDraw android.view.ViewRootImpl.performTraversals:4723 android.view.ViewRootImpl.doTraversal:3291 android.view.ViewRootImpl$TraversalRunnable.run:11329 android.view.Choreographer$CallbackRecord.run:1689 android.view.Choreographer$CallbackRecord.run:1698
06-06 13:00:15.537  7790  7790 I ViewRootImpl@1bb2554[MainActivity]: Setup new sync=wmsSync-ViewRootImpl@1bb2554[MainActivity]#10
06-06 13:00:15.537  1715  1715 I Layer   : Layer::reparent [87e62a6 NavigationBar0#78] newParent : Surface(name=87e62a6 NavigationBar0)/@0xf64c4fb - animation-leash of insets_animation#946 , isRemovedFromCurrentState : 0 -------------------------
06-06 13:00:15.537  7790  7790 I ViewRootImpl@1bb2554[MainActivity]: Creating new active sync group ViewRootImpl@1bb2554[MainActivity]#11
06-06 13:00:15.537  1715  1715 I Layer   : Layer::reparent [87e62a6 NavigationBar0#78] End -------------------------
06-06 13:00:15.537  1715  1715 I Layer   : Layer::reparent [Surface(name=87e62a6 NavigationBar0)/@0xf64c4fb - animation-leash of insets_animation#940] newParentHandle : null -------------------------
06-06 13:00:15.537  1715  1715 I Layer   : id=940 removeFromCurrentState Surface(name=87e62a6 NavigationBar0)/@0xf64c4fb - animation-leash of insets_animation#940 (247)
06-06 13:00:15.537  1715  1715 I Layer   : Layer::reparent [Surface(name=87e62a6 NavigationBar0)/@0xf64c4fb - animation-leash of insets_animation#940] End -------------------------
06-06 13:00:15.537  1715  1715 I Layer   : Layer::reparent [53a7541 StatusBar#85] newParent : Surface(name=53a7541 StatusBar)/@0x3ba06c - animation-leash of insets_animation#947 , isRemovedFromCurrentState : 0 -------------------------
06-06 13:00:15.537  1715  1715 I Layer   : Layer::reparent [53a7541 StatusBar#85] End -------------------------
06-06 13:00:15.537  1715  1715 I Layer   : Layer::reparent [Surface(name=53a7541 StatusBar)/@0x3ba06c - animation-leash of insets_animation#941] newParentHandle : null -------------------------
06-06 13:00:15.537  1715  1715 I Layer   : id=941 removeFromCurrentState Surface(name=53a7541 StatusBar)/@0x3ba06c - animation-leash of insets_animation#941 (247)
06-06 13:00:15.537  1715  1715 I Layer   : Layer::reparent [Surface(name=53a7541 StatusBar)/@0x3ba06c - animation-leash of insets_animation#941] End -------------------------
06-06 13:00:15.538  7790  7790 I ViewRootImpl@1bb2554[MainActivity]: registerCallbacksForSync syncBuffer=false
06-06 13:00:15.538  1715  1715 I Layer   : id=943 Destroyed Surface(name=53a7541 StatusBar)/@0x3ba06c - animation-leash of insets_animation#941 (Mirror)#943
06-06 13:00:15.538  1715  1715 I Layer   : id=944 Destroyed Surface(name=87e62a6 NavigationBar0)/@0xf64c4fb - animation-leash of insets_animation#940 (Mirror)#944
06-06 13:00:15.538  1715  1715 I SurfaceFlinger: id=941 Removed Surface(name=53a7541 StatusBar)/@0x3ba06c - animation-leash of insets_animation#941 (245)
06-06 13:00:15.538  1715  1715 I SurfaceFlinger: id=940 Removed Surface(name=87e62a6 NavigationBar0)/@0xf64c4fb - animation-leash of insets_animation#940 (245)
06-06 13:00:15.538  1715  1715 D SurfaceFlinger: GPIS:: requestGPISForClientComposition
06-06 13:00:15.539  2342  3323 D InputDispatcher: Focus request (0): ea72c01 etf.ri.rma.newsfeedapp/etf.ri.rma.newsfeedapp.MainActivity but waiting because NO_WINDOW
06-06 13:00:15.539  6421  9458 I ViewRootImpl@cc9c4e9[LauncherActivity]: mWNT: t=0xb40000747f972ef0 mBlastBufferQueue=0xb4000074df963770 fn= 21 mRenderHdrSdrRatio=1.0 caller= com.android.systemui.shared.launcher.ViewRootImplCompat.mergeWithNextTransaction:4 com.honeyspace.transition.utils.SurfaceTransactionApplier.scheduleApply$lambda$1:26 com.honeyspace.transition.utils.SurfaceTransactionApplier.c:0
06-06 13:00:15.539  7012  7043 D C2SoftVpxEnc: bytes generated 5337
06-06 13:00:15.544  7790  7829 I ViewRootImpl@1bb2554[MainActivity]: Received frameDrawingCallback syncResult=0 frameNum=1.
06-06 13:00:15.544  7790  7829 I ViewRootImpl@1bb2554[MainActivity]: mWNT: t=0xb40000747f97c630 mBlastBufferQueue=0xb4000074df955990 fn= 1 mRenderHdrSdrRatio=1.0 caller= android.view.ViewRootImpl$8.onFrameDraw:13826 android.view.ThreadedRenderer$1.onFrameDraw:792 <bottom of call stack>
06-06 13:00:15.544  7790  7829 I ViewRootImpl@1bb2554[MainActivity]: Setting up sync and frameCommitCallback
06-06 13:00:15.544  7790  7818 I BLASTBufferQueue: [ViewRootImpl@1bb2554[MainActivity]#5](f:0,a:0,s:0) onFrameAvailable the first frame is available
06-06 13:00:15.545  7790  7818 I ViewRootImpl@1bb2554[MainActivity]: Received frameCommittedCallback lastAttemptedDrawFrameNum=1 didProduceBuffer=true
06-06 13:00:15.545  7790  7818 D OpenGLRenderer: CFMS:: SetUp Pid : 7790    Tid : 7818
06-06 13:00:15.545  7790  7790 I ViewRootImpl@1bb2554[MainActivity]: reportDrawFinished seqId=0
06-06 13:00:15.546  1715  1715 I Layer   : id=941 Destroyed Surface(name=53a7541 StatusBar)/@0x3ba06c - animation-leash of insets_animation#941
06-06 13:00:15.546  1715  1715 I Layer   : id=940 Destroyed Surface(name=87e62a6 NavigationBar0)/@0xf64c4fb - animation-leash of insets_animation#940
06-06 13:00:15.546  7790  7790 I InsetsSourceConsumer: applyRequestedVisibilityToControl: visible=true, type=navigationBars, host=etf.ri.rma.newsfeedapp/etf.ri.rma.newsfeedapp.MainActivity
06-06 13:00:15.546  7790  7790 I InsetsSourceConsumer: applyRequestedVisibilityToControl: visible=true, type=statusBars, host=etf.ri.rma.newsfeedapp/etf.ri.rma.newsfeedapp.MainActivity
06-06 13:00:15.547  6421  9457 I ViewRootImpl@cc9c4e9[LauncherActivity]: mWNT: t=0xb40000747f974650 mBlastBufferQueue=0xb4000074df963770 fn= 22 mRenderHdrSdrRatio=1.0 caller= com.android.systemui.shared.launcher.ViewRootImplCompat.mergeWithNextTransaction:4 com.honeyspace.transition.utils.SurfaceTransactionApplier.scheduleApply$lambda$1:26 com.honeyspace.transition.utils.SurfaceTransactionApplier.c:0
06-06 13:00:15.548  1715  1807 I SurfaceFlinger: id=951 createSurf, flag=24000, Surface(name=ea72c01 etf.ri.rma.newsfeedapp/etf.ri.rma.newsfeedapp.MainActivity)/@0x97cd28c - animation-leash of starting_reveal#951
06-06 13:00:15.549  2342  2629 W ziparchive: Unable to open '/data/app/~~iv0fcnx4L502rO6Suz5MAg==/etf.ri.rma.newsfeedapp-X2lKCZXV0V5p124bIc4GlA==/base.dm': No such file or directory
06-06 13:00:15.550  2342  2629 I PkgPredictorService-SecIpmManagerServiceImpl: reportToNAP uid:10317 etf.ri.rma.newsfeedapp/etf.ri.rma.newsfeedapp.MainActivity thisTime:136
06-06 13:00:15.550  2342  2629 D PkgPredictorService-SecIpmManagerServiceImpl: reportToNAP: mHeavyLaunchCounter is false
06-06 13:00:15.550  2342  5454 I SemDvfsHyPerManager: acquire hyper - AMS_RESUME_TAIL/2342@16, type = -999
06-06 13:00:15.550  2342  5454 I SemDvfsHyPerManager: acquire hyper - AMS_ACT_LAZY/2342@17, type = -999
06-06 13:00:15.550  1574  1638 I HYPER-HAL: [RequestManager.cpp]acquire(): Acquired ID : 2781277  [2342 / 16]    HINT : AMS_RESUME_TAIL    list :
06-06 13:00:15.550  1574  1638 I HYPER-HAL: [RequestManager.cpp]acquire(): Acquired ID : 2783637  [2342 / 17]    HINT : AMS_ACT_LAZY    list :
06-06 13:00:15.552  2342  2630 D PkgPredictorService-SecIpmManagerServiceImpl: bg information pid:7890 uid:10318 pkgName:etf.ri.rma.newsfeedapp.test
06-06 13:00:15.552  7890  7890 I ViewRootImpl@aa3e189[InstrumentationActivityInvoker$EmptyActivity]: stopped(true) old = false
06-06 13:00:15.553  7890  7890 D ViewRootImpl@aa3e189[InstrumentationActivityInvoker$EmptyActivity]: WindowStopped on etf.ri.rma.newsfeedapp.test/androidx.test.core.app.InstrumentationActivityInvoker$EmptyActivity set to true
06-06 13:00:15.553  7890  7917 D OpenGLRenderer: CacheManager::trimMemory(20)
06-06 13:00:15.554  1715  1715 I Layer   : Layer::reparent [ea72c01 etf.ri.rma.newsfeedapp/etf.ri.rma.newsfeedapp.MainActivity#936] newParent : Surface(name=ea72c01 etf.ri.rma.newsfeedapp/etf.ri.rma.newsfeedapp.MainActivity)/@0x97cd28c - animation-leash of starting_reveal#951 , isRemovedFromCurrentState : 0 -------------------------
06-06 13:00:15.554  1715  1715 I Layer   : Layer::reparent [ea72c01 etf.ri.rma.newsfeedapp/etf.ri.rma.newsfeedapp.MainActivity#936] End -------------------------
06-06 13:00:15.554  1715  1715 I Layer   : Layer [etf.ri.rma.newsfeedapp/etf.ri.rma.newsfeedapp.MainActivity$_7790#945] hidden!! flag(0)
06-06 13:00:15.555  6421  9458 I ViewRootImpl@cc9c4e9[LauncherActivity]: mWNT: t=0xb40000747f973730 mBlastBufferQueue=0xb4000074df963770 fn= 23 mRenderHdrSdrRatio=1.0 caller= com.android.systemui.shared.launcher.ViewRootImplCompat.mergeWithNextTransaction:4 com.honeyspace.transition.utils.SurfaceTransactionApplier.scheduleApply$lambda$1:26 com.honeyspace.transition.utils.SurfaceTransactionApplier.c:0
06-06 13:00:15.555  2342  3323 V WindowManager: Relayout Window{6da540 u0 Splash Screen etf.ri.rma.newsfeedapp}: viewVisibility=0 req=1080x2340 ty=3 d0
06-06 13:00:15.555  2342  5453 D InputDispatcher: Focus entered window (0): ea72c01 etf.ri.rma.newsfeedapp/etf.ri.rma.newsfeedapp.MainActivity
06-06 13:00:15.556  7790  7790 I ViewRootImpl@1bb2554[MainActivity]: handleWindowFocusChanged: 1 0 call from android.view.ViewRootImpl.-$$Nest$mhandleWindowFocusChanged:0
06-06 13:00:15.556  7790  7790 D ViewRootImpl@1bb2554[MainActivity]: mThreadedRenderer.initializeIfNeeded()#2 mSurface={isValid=true 0xb4000074af98e8c0}
06-06 13:00:15.556  7790  7790 D InputMethodManagerUtils: startInputInner - Id : 0
06-06 13:00:15.556  7790  7790 I InputMethodManager: startInputInner - IInputMethodManagerGlobalInvoker.startInputOrWindowGainedFocus
06-06 13:00:15.556  1574  1638 I HYPER-HAL: [RequestManager.cpp]releaseLocked(): Released ID : 2816782
06-06 13:00:15.556  1574  1638 I HYPER-HAL: [RequestManager.cpp]acquire(): Acquired ID : 1603158  [1577 / 213]    HINT :      list : [TID_LOW_LATENCY / 1] [TID / 7920] [TID / 7921] [TID / 7890] [TID / 7917]
06-06 13:00:15.558  2342  3323 V WindowManager: Relayout hash=6da540, pid=5355, syncId=-1: mAttrs={(0,0)(fillxfill) sim={adjust=pan} ty=APPLICATION_STARTING fmt=TRANSLUCENT wanim=0x1030303
06-06 13:00:15.558  2342  3323 V WindowManager:   fl=81030118
06-06 13:00:15.558  2342  3323 V WindowManager:   pfl=16000010
06-06 13:00:15.558  2342  3323 V WindowManager:   bhv=DEFAULT
06-06 13:00:15.558  2342  3323 V WindowManager:   fitSides= naviIconColor=0}
06-06 13:00:15.558  5355  5439 I BLASTBufferQueue_Java: update, w= 1080 h= 2340 mName = ViewRootImpl@b5f27e1[newsfeedapp] mNativeObject= 0xb4000074df9a89b0 sc.mNativeObject= 0xb4000073af96cbd0 format= -3 caller= android.view.ViewRootImpl.updateBlastSurfaceIfNeeded:3020 android.view.ViewRootImpl.relayoutWindow:10121 android.view.ViewRootImpl.performTraversals:4115 android.view.ViewRootImpl.doTraversal:3291 android.view.ViewRootImpl$TraversalRunnable.run:11329 android.view.Choreographer$CallbackRecord.run:1689
06-06 13:00:15.558  5355  5439 I ViewRootImpl@b5f27e1[newsfeedapp]: Relayout returned: old=(0,0,1080,2340) new=(0,0,1080,2340) relayoutAsync=false req=(1080,2340)0 dur=4 res=0x400 s={true 0xb4000074af9e1930} ch=false seqId=0
06-06 13:00:15.558  1715  1715 D SurfaceFlinger: Display 4630946970390616451 HWC layers:
06-06 13:00:15.558  1715  1715 D SurfaceFlinger:      DEVICE | 0xb4000073beb13a00 | 0100 | RGBA_8888    |  640.0   22.0 1700.0 2318.0 |    0    0 1080 2340 | Wallpaper BBQ wrapper 5_system#94
06-06 13:00:15.558  1715  1715 D SurfaceFlinger:      DEVICE | 0xb4000073beb137c0 | 0100 | RGBA_8888    |    0.0    0.0 1080.0 2340.0 |    0    0 1080 2340 | com.sec.android.app.launcher/com.sec[...]ctivities.LauncherActivity$_6421#902
06-06 13:00:15.558  1715  1715 D SurfaceFlinger:      CLIENT | 0xb4000073beb060e0 | 0102 | RGBA_8888    |    0.0    0.0 1080.0 2340.0 |   39   85 1041 2255 | etf.ri.rma.newsfeedapp/etf.ri.rma.newsfeedapp.MainActivity$_7790#945
06-06 13:00:15.558  1715  1715 D SurfaceFlinger:      CLIENT | 0xb4000073beb0d700 | 0100 | RGBA_8888    |    0.0    0.0 1080.0 2340.0 |   39   85 1041 2255 | Splash Screen etf.ri.rma.newsfeedapp$_5355#933
06-06 13:00:15.558  1715  1715 D SurfaceFlinger:      DEVICE | 0xb4000073beb044c0 | 0100 | RGBA_8888    |    0.0    0.0 1080.0   87.0 |    0    0 1080   87 | StatusBar$_5355#90
06-06 13:00:15.558  1715  1715 D SurfaceFlinger:      DEVICE | 0xb4000073beb138e0 | 0100 | RGBA_8888    |    0.0    0.0   67.0  342.0 | 1013  438 1080  780 | com.sec.android.app.launcher/com.sam[...]ce.edge.CocktailBarService$_6421#145
06-06 13:00:15.558  1715  1715 D SurfaceFlinger:
06-06 13:00:15.558  1715  1715 D SurfaceFlinger:  DEVICE | 0xb4000073beb0fb90 | 0100 | RGBA_8888    |    0.0    0.0 1080.0  144.0 |    0 2196 1080 2340 | NavigationBar0$_5355#89
06-06 13:00:15.558  1715  1715 D SurfaceFlinger:
06-06 13:00:15.559  5355  5439 I ViewRootImpl@b5f27e1[newsfeedapp]: registerCallbackForPendingTransactions
06-06 13:00:15.559  2342  5453 I ImeTracker: etf.ri.rma.newsfeedapp:c9f0669f: onRequestHide at ORIGIN_SERVER_HIDE_INPUT reason HIDE_UNSPECIFIED_WINDOW
06-06 13:00:15.559  2342  5453 I ImeTracker: etf.ri.rma.newsfeedapp:c9f0669f: onCancelled at PHASE_SERVER_SHOULD_HIDE
06-06 13:00:15.559  5355  5447 I ViewRootImpl@b5f27e1[newsfeedapp]: mWNT: t=0xb40000747f998510 mBlastBufferQueue=0xb4000074df9a89b0 fn= 2 mRenderHdrSdrRatio=1.0 caller= android.view.SyncRtSurfaceTransactionApplier.applyTransaction:96 android.view.SyncRtSurfaceTransactionApplier.lambda$scheduleApply$0:69 android.view.SyncRtSurfaceTransactionApplier.$r8$lambda$SgowXC58rj3PR958kHUfRgLZmvE:0
06-06 13:00:15.559  5355  5447 I ViewRootImpl@b5f27e1[newsfeedapp]: mWNT: t=0xb40000747f943270 mBlastBufferQueue=0xb4000074df9a89b0 fn= 2 mRenderHdrSdrRatio=1.0 caller= android.view.SyncRtSurfaceTransactionApplier.applyTransaction:96 android.view.SyncRtSurfaceTransactionApplier.lambda$scheduleApply$0:69 android.view.SyncRtSurfaceTransactionApplier.$r8$lambda$SgowXC58rj3PR958kHUfRgLZmvE:0
06-06 13:00:15.559  5355  5447 I ViewRootImpl@b5f27e1[newsfeedapp]: mWNT: t=0xb40000747f9450b0 mBlastBufferQueue=0xb4000074df9a89b0 fn= 2 mRenderHdrSdrRatio=1.0 caller= android.view.ViewRootImpl$6.onFrameDraw:5639 android.view.ViewRootImpl$2.onFrameDraw:2144 android.view.ThreadedRenderer$1.onFrameDraw:792
06-06 13:00:15.560  1574  1638 I HYPER-HAL: [RequestManager.cpp]acquire(): Acquired ID : 1603158  [1577 / 213]    HINT :      list : [TID_LOW_LATENCY / 0] [TID / 7920] [TID / 7921] [TID / 7890] [TID / 7917]
06-06 13:00:15.560  2342  5453 D InputTransport: Input channel constructed: 'ClientS', fd=1087
06-06 13:00:15.560  1652  2311 I QC2CompStore: Setting heap usage to system
06-06 13:00:15.560  2342  5453 D InputTransport: Input channel destroyed: 'ClientS', fd=1087
06-06 13:00:15.561  7012  7043 D C2SoftVpxEnc: bytes generated 97493
06-06 13:00:15.561 11275 11275 I HBD     : HoneyBoardService onFinishInput
06-06 13:00:15.561 11275 11275 I HBD     : a IC have been unbinding,  RemoteInputConnection{idHash=#7eac707}
06-06 13:00:15.561 11275 11275 I HBD     : HoneyBoardService [PF_CL][onFinishInput]  0 ms
06-06 13:00:15.561 11275 11275 I HBD     : HoneyBoardService [IMI] onStartInput - caller pid : 7790 , caller uid : 10317
06-06 13:00:15.561 11275 11275 I HBD     : j updateConfigs
06-06 13:00:15.561 11275 11275 I HBD     : j isEnabledNightMode : true
06-06 13:00:15.561 11275 11275 I HBD     : a IC have been binding, RemoteInputConnection{idHash=#e051034}
06-06 13:00:15.561 11275 11275 I HBD     : h [EditorInputType]setPrivateImeOptionsToTable privateImeOptions ( null )
06-06 13:00:15.561 11275 11275 I HBD     : b incognitoMode : false
06-06 13:00:15.561 11275 11275 I HBD     : b needOff = true , isForceOff = false, isNullInputClass : true
06-06 13:00:15.561 11275 11275 I HBD     : h getDefaultInputRange : UNKNOWN
06-06 13:00:15.561 11275 11275 I HBD     : h getDefaultInputRange : UNKNOWN
06-06 13:00:15.561 11275 11275 I HBD     : h getDefaultInputRange : UNKNOWN
06-06 13:00:15.561  1715  1806 I SurfaceFlinger: id=953 createSurf, flag=24004, Surface(name=ac5a498 InputMethod)/@0x1895ba - animation-leash of insets_animation#953
06-06 13:00:15.562 11275 11275 I HBD     : b needOff = true , isForceOff = false, isNullInputClass : true
06-06 13:00:15.562 11275 11275 I HBD     : b update cached prediction status : false
06-06 13:00:15.562 11275 11275 I HBD     : h getDefaultInputRange : UNKNOWN
06-06 13:00:15.562 11275 11275 I HBD     : a currentState : 0
06-06 13:00:15.562 11275 11275 I HBD     : a [UpdatePolicy] [post] a: 0 cl: 65537 kit: [0/0] vt: 0 ir: 1
06-06 13:00:15.563  7890  7890 W WindowOnBackDispatcher: sendCancelIfRunning: isInProgress=falsecallback=android.view.ViewRootImpl$$ExternalSyntheticLambda19@f600d45
06-06 13:00:15.563 11275 11275 I HBD     : a [NRIC] resetNoResponseState
06-06 13:00:15.563 11275 11275 I HBD     : b needOff = true , isForceOff = false, isNullInputClass : true
06-06 13:00:15.563 11275 11275 I HBD     : b update cached prediction status : false
06-06 13:00:15.563  5355  5446 I ViewRootImpl@b5f27e1[newsfeedapp]: mWNT: t=0xb40000747f99e6b0 mBlastBufferQueue=0xb4000074df9a89b0 fn= 3 mRenderHdrSdrRatio=1.0 caller= android.view.SyncRtSurfaceTransactionApplier.applyTransaction:96 android.view.SyncRtSurfaceTransactionApplier.lambda$scheduleApply$0:69 android.view.SyncRtSurfaceTransactionApplier.$r8$lambda$SgowXC58rj3PR958kHUfRgLZmvE:0
06-06 13:00:15.563 11275 11275 I HBD     : HoneyBoardService [PF_OP][onStartInput]  2 ms
06-06 13:00:15.563  2342  2629 I ActivityTaskManager: Displayed etf.ri.rma.newsfeedapp/.MainActivity for user 0: +136ms
06-06 13:00:15.564  7890  7917 D OpenGLRenderer: CacheManager::trimMemory(20)
06-06 13:00:15.564  6421  9457 I ViewRootImpl@cc9c4e9[LauncherActivity]: mWNT: t=0xb40000747f970f50 mBlastBufferQueue=0xb4000074df963770 fn= 24 mRenderHdrSdrRatio=1.0 caller= com.android.systemui.shared.launcher.ViewRootImplCompat.mergeWithNextTransaction:4 com.honeyspace.transition.utils.SurfaceTransactionApplier.scheduleApply$lambda$1:26 com.honeyspace.transition.utils.SurfaceTransactionApplier.c:0
06-06 13:00:15.564  7273  7273 E pageboostd: Received HALT command code 2
06-06 13:00:15.564  7890  7890 I ViewRootImpl@aa3e189[InstrumentationActivityInvoker$EmptyActivity]: dispatchDetachedFromWindow
06-06 13:00:15.565  1574  1638 I HYPER-HAL: [RequestManager.cpp]acquire(): Acquired ID : 1603158  [1577 / 213]    HINT :      list : [TID_LOW_LATENCY / 0] [TID / 7920] [TID / 7921] [TID / 7890] [TID / 7917]
06-06 13:00:15.565  1574  1638 I HYPER-HAL: [RequestManager.cpp]acquire(): Acquired ID : 1604950  [1577 / 214]    HINT :      list : [UCLAMP_MIN_BOOST / 0] [TID / 7920] [TID / 7921] [TID / 7890] [TID / 7917]
06-06 13:00:15.566  1574  1638 I HYPER-HAL: [RequestManager.cpp]releaseLocked(): Released ID : 1603158
06-06 13:00:15.566  1574  1638 I HYPER-HAL: [RequestManager.cpp]releaseLocked(): Released ID : 1604950
06-06 13:00:15.566  5355  5355 D SamsungStatusBarGrayIconHelper: isGrayAppearance=false
06-06 13:00:15.566  5355  5355 D SamsungLightBarControlHelper: onStatusBarAppearanceChanged() -  sbModeChanged:false, statusBarMode:0, barState:MODE_TRANSPARENT, isKeyguardShowing:false, navbarColorManagedByIme:false, stackAppearanceChanged:true, (AppearanceRegion{ bounds=[0,0][1080,2340]}, ), packageName:etf.ri.rma.newsfeedapp
06-06 13:00:15.566  5355  5355 D NavigationBar: onSystemBarAttributesChanged() -  displayId:0, appearance:0, packageName: etf.ri.rma.newsfeedapp, navbarColorManagedByIme:false
06-06 13:00:15.566  5355  5355 D SamsungLightBarControlHelper: updateNavigationBar (WHITE button) isLightOpaque:false, hasLightNavigationBarFlag:false, packageName:etf.ri.rma.newsfeedapp, DirectReplying:false, NavBarColorMangedByIme:false, ForceDarkForScrim:false, QsCustomizing:false, PanelHasWhiteBg:false
06-06 13:00:15.567  2342  6212 D InputTransport: Input channel destroyed: 'f3ef1fd', fd=1009
06-06 13:00:15.567  2342  6212 W InputManager-JNI: Input channel object 'f3ef1fd etf.ri.rma.newsfeedapp.test/androidx.test.core.app.InstrumentationActivityInvoker$EmptyActivity (client)' was disposed without first being removed with the input manager!
06-06 13:00:15.567  2342  6212 D InputTransport: Input channel destroyed: 'f3ef1fd', fd=1118
06-06 13:00:15.568  7790  7790 I InsetsSourceConsumer: applyRequestedVisibilityToControl: visible=false, type=ime, host=etf.ri.rma.newsfeedapp/etf.ri.rma.newsfeedapp.MainActivity
06-06 13:00:15.568  7890  7890 D InputTransport: Input channel destroyed: 'f3ef1fd', fd=102
06-06 13:00:15.569 11275 11275 I InputMethodService: scheduleImeSurfaceRemoval: removeImeSurface is posted.
06-06 13:00:15.569  1715  1807 I SurfaceFlinger: id=875 Removed 524f906 ActivityRecordInputSink etf.ri.rma.newsfeedapp.test/androidx.test.core.app.InstrumentationActivityInvoker$EmptyActivity#875 (247)
06-06 13:00:15.570  1715  1807 I SurfaceFlinger: id=955 createSurf, flag=24004, Task=20#955
06-06 13:00:15.571  1715  1715 I Layer   : Layer::reparent [ImeContainer#17] newParent : ActivityRecord{790d641 u0 etf.ri.rma.newsfeedapp/.MainActivity t21}#928 , isRemovedFromCurrentState : 0 -------------------------
06-06 13:00:15.571  1715  1715 I Layer   : Layer::reparent [ImeContainer#17] End -------------------------
06-06 13:00:15.571  1715  1715 I Layer   : Layer::reparent [ac5a498 InputMethod#154] newParent : Surface(name=ac5a498 InputMethod)/@0x1895ba - animation-leash of insets_animation#953 , isRemovedFromCurrentState : 0 -------------------------
06-06 13:00:15.571  1715  1715 I Layer   : Layer::reparent [ac5a498 InputMethod#154] End -------------------------
06-06 13:00:15.571  1715  1715 I Layer   : Layer::reparent [Surface(name=ac5a498 InputMethod)/@0x1895ba - animation-leash of insets_animation#922] newParentHandle : null -------------------------
06-06 13:00:15.571  1715  1715 I Layer   : id=922 removeFromCurrentState Surface(name=ac5a498 InputMethod)/@0x1895ba - animation-leash of insets_animation#922 (248)
06-06 13:00:15.571  1715  1715 I Layer   : Layer::reparent [Surface(name=ac5a498 InputMethod)/@0x1895ba - animation-leash of insets_animation#922] End -------------------------
06-06 13:00:15.571  1715  1715 I Layer   : Layer::reparent [etf.ri.rma.newsfeedapp.test/androidx.test.core.app.InstrumentationActivityInvoker$EmptyActivity$_7890#880] newParentHandle : null -------------------------
06-06 13:00:15.571  1715  1715 I Layer   : id=880 removeFromCurrentState etf.ri.rma.newsfeedapp.test/androidx.test.core.app.InstrumentationActivityInvoker$EmptyActivity$_7890#880 (248)
06-06 13:00:15.571  1715  1715 I Layer   : Layer::reparent [etf.ri.rma.newsfeedapp.test/androidx.test.core.app.InstrumentationActivityInvoker$EmptyActivity$_7890#880] End -------------------------
06-06 13:00:15.571  1715  1715 I Layer   : Layer::reparent [f3ef1fd etf.ri.rma.newsfeedapp.test/androidx.test.core.app.InstrumentationActivityInvoker$EmptyActivity#872] newParentHandle : null -------------------------
06-06 13:00:15.571  1715  1715 I Layer   : id=872 removeFromCurrentState f3ef1fd etf.ri.rma.newsfeedapp.test/androidx.test.core.app.InstrumentationActivityInvoker$EmptyActivity#872 (248)
06-06 13:00:15.571  1715  1715 I Layer   : Layer::reparent [f3ef1fd etf.ri.rma.newsfeedapp.test/androidx.test.core.app.InstrumentationActivityInvoker$EmptyActivity#872] End -------------------------
06-06 13:00:15.571  1715  1715 I Layer   : id=879 Destroyed f3ef1fd etf.ri.rma.newsfeedapp.test/androidx.test.core.app.InstrumentationActivityInvoker$EmptyActivity#872 (Mirror)#879
06-06 13:00:15.571  1715  1715 I Layer   : id=925 Destroyed Surface(name=ac5a498 InputMethod)/@0x1895ba - animation-leash of insets_animation#922 (Mirror)#925
06-06 13:00:15.571  1715  1715 I SurfaceFlinger: id=872 Removed f3ef1fd etf.ri.rma.newsfeedapp.test/androidx.test.core.app.InstrumentationActivityInvoker$EmptyActivity#872 (246)
06-06 13:00:15.571  7890  7917 D OpenGLRenderer: CacheManager::trimMemory(40)
06-06 13:00:15.572  1715  1715 I SurfaceFlinger: id=880 Removed etf.ri.rma.newsfeedapp.test/androidx.test.core.app.InstrumentationActivityInvoker$EmptyActivity$_7890#880 (246)
06-06 13:00:15.572  1715  1715 I SurfaceFlinger: id=922 Removed Surface(name=ac5a498 InputMethod)/@0x1895ba - animation-leash of insets_animation#922 (246)
06-06 13:00:15.572  7890  7917 D OpenGLRenderer: RenderThread::destroyRenderingContext()
06-06 13:00:15.572  5355  5447 I ViewRootImpl@b5f27e1[newsfeedapp]: mWNT: t=0xb40000747f962430 mBlastBufferQueue=0xb4000074df9a89b0 fn= 4 mRenderHdrSdrRatio=1.0 caller= android.view.SyncRtSurfaceTransactionApplier.applyTransaction:96 android.view.SyncRtSurfaceTransactionApplier.lambda$scheduleApply$0:69 android.view.SyncRtSurfaceTransactionApplier.$r8$lambda$SgowXC58rj3PR958kHUfRgLZmvE:0
06-06 13:00:15.572  6421  9458 I ViewRootImpl@cc9c4e9[LauncherActivity]: mWNT: t=0xb40000747f973470 mBlastBufferQueue=0xb4000074df963770 fn= 25 mRenderHdrSdrRatio=1.0 caller= com.android.systemui.shared.launcher.ViewRootImplCompat.mergeWithNextTransaction:4 com.honeyspace.transition.utils.SurfaceTransactionApplier.scheduleApply$lambda$1:26 com.honeyspace.transition.utils.SurfaceTransactionApplier.c:0
06-06 13:00:15.572  7012  7043 D C2SoftVpxEnc: bytes generated 7463
06-06 13:00:15.572  1715  1715 I Layer   : id=888 Destroyed etf.ri.rma.newsfeedapp.test/androidx.test.core.app.InstrumentationActivityInvoker$EmptyActivity$_7890#880 (Mirror)#888
06-06 13:00:15.572  6421  6488 I HoneySpace.TopTaskSource: onTaskRemoved: 20
06-06 13:00:15.574  5355  5355 D SamsungLightBarControlHelper: updateStatusBar (WHITE icon) numStacks:1, StatusBarMode:MODE_TRANSPARENT, lightBarBounds:[], StatusBarState:SHADE, packageName:etf.ri.rma.newsfeedapp, isWhiteKeyguardStatusBar:false
06-06 13:00:15.574  5355  5355 D NavigationBar: setImeWindowStatus show legacy ime switcher = false
06-06 13:00:15.574  5355  5355 D NavigationBar: setImeWindowStatus displayId=0 vis=0 backDisposition=0 showImeSwitcher=false imeShown=false
06-06 13:00:15.575  6421  6488 I HoneySpace.TopTaskSource: onTaskRemoved: 20
06-06 13:00:15.575  6421  6596 I HoneySpace.RecentTasks: onRecentTasksChanged
06-06 13:00:15.579  1715  1715 I Layer   : Layer::reparent [ActivityRecord{f9fd5f4 u0 etf.ri.rma.newsfeedapp.test/androidx.test.core.app.InstrumentationActivityInvoker$EmptyActivity t20}#862] newParentHandle : null -------------------------
06-06 13:00:15.579  1715  1715 I Layer   : id=862 removeFromCurrentState ActivityRecord{f9fd5f4 u0 etf.ri.rma.newsfeedapp.test/androidx.test.core.app.InstrumentationActivityInvoker$EmptyActivity t20}#862 (245)
06-06 13:00:15.579  1715  1715 I Layer   : id=875 removeFromCurrentState 524f906 ActivityRecordInputSink etf.ri.rma.newsfeedapp.test/androidx.test.core.app.InstrumentationActivityInvoker$EmptyActivity#875 (245)
06-06 13:00:15.579  1715  1715 I Layer   : Layer::reparent [ActivityRecord{f9fd5f4 u0 etf.ri.rma.newsfeedapp.test/androidx.test.core.app.InstrumentationActivityInvoker$EmptyActivity t20}#862] End -------------------------
06-06 13:00:15.579  1715  1715 I Layer   : Layer::reparent [Task=20#861] newParentHandle : null -------------------------
06-06 13:00:15.579  1715  1715 I Layer   : id=861 removeFromCurrentState Task=20#861 (245)
06-06 13:00:15.579  1715  1715 I Layer   : Layer::reparent [Task=20#861] End -------------------------
06-06 13:00:15.579  1715  1715 I Layer   : Layer::reparent [Task=20#955] newParentHandle : null -------------------------
06-06 13:00:15.579  1715  1715 I Layer   : id=955 removeFromCurrentState Task=20#955 (245)
06-06 13:00:15.579  1715  1715 I Layer   : Layer::reparent [Task=20#955] End -------------------------
06-06 13:00:15.579  1715  1715 I Layer   : id=872 Destroyed f3ef1fd etf.ri.rma.newsfeedapp.test/androidx.test.core.app.InstrumentationActivityInvoker$EmptyActivity#872
06-06 13:00:15.579  1715  1715 I Layer   : id=922 Destroyed Surface(name=ac5a498 InputMethod)/@0x1895ba - animation-leash of insets_animation#922
06-06 13:00:15.579  1715  1715 I Layer   : id=880 Destroyed etf.ri.rma.newsfeedapp.test/androidx.test.core.app.InstrumentationActivityInvoker$EmptyActivity$_7890#880
06-06 13:00:15.579  5355  5446 I ViewRootImpl@b5f27e1[newsfeedapp]: mWNT: t=0xb40000747f9aaf70 mBlastBufferQueue=0xb4000074df9a89b0 fn= 5 mRenderHdrSdrRatio=1.0 caller= android.view.SyncRtSurfaceTransactionApplier.applyTransaction:96 android.view.SyncRtSurfaceTransactionApplier.lambda$scheduleApply$0:69 android.view.SyncRtSurfaceTransactionApplier.$r8$lambda$SgowXC58rj3PR958kHUfRgLZmvE:0
06-06 13:00:15.580  1715  1715 I Layer   : id=863 Destroyed Task=20#861 (Mirror)#863
06-06 13:00:15.580  1715  1715 I Layer   : id=864 Destroyed ActivityRecord{f9fd5f4 u0 etf.ri.rma.newsfeedapp.test/androidx.test.core.app.InstrumentationActivityInvoker$EmptyActivity t20}#862 (Mirror)#864
06-06 13:00:15.580  1715  1715 I Layer   : id=878 Destroyed 524f906 ActivityRecordInputSink etf.ri.rma.newsfeedapp.test/androidx.test.core.app.InstrumentationActivityInvoker$EmptyActivity#875 (Mirror)#878
06-06 13:00:15.580  6421  9457 I ViewRootImpl@cc9c4e9[LauncherActivity]: mWNT: t=0xb40000747f9681b0 mBlastBufferQueue=0xb4000074df963770 fn= 26 mRenderHdrSdrRatio=1.0 caller= com.android.systemui.shared.launcher.ViewRootImplCompat.mergeWithNextTransaction:4 com.honeyspace.transition.utils.SurfaceTransactionApplier.scheduleApply$lambda$1:26 com.honeyspace.transition.utils.SurfaceTransactionApplier.c:0
06-06 13:00:15.580  1715  1715 I SurfaceFlinger: id=955 Removed Task=20#955 (239)
06-06 13:00:15.580  1715  1715 I SurfaceFlinger: id=862 Removed ActivityRecord{f9fd5f4 u0 etf.ri.rma.newsfeedapp.test/androidx.test.core.app.InstrumentationActivityInvoker$EmptyActivity t20}#862 (239)
06-06 13:00:15.583  7012  7043 D C2SoftVpxEnc: bytes generated 2034
06-06 13:00:15.587  1715  1715 I Layer   : id=862 Destroyed ActivityRecord{f9fd5f4 u0 etf.ri.rma.newsfeedapp.test/androidx.test.core.app.InstrumentationActivityInvoker$EmptyActivity t20}#862
06-06 13:00:15.587  1715  1715 I Layer   : id=875 Destroyed 524f906 ActivityRecordInputSink etf.ri.rma.newsfeedapp.test/androidx.test.core.app.InstrumentationActivityInvoker$EmptyActivity#875
06-06 13:00:15.588  1715  1715 I Layer   : id=955 Destroyed Task=20#955
06-06 13:00:15.588  5355  5447 I ViewRootImpl@b5f27e1[newsfeedapp]: mWNT: t=0xb40000747f950fd0 mBlastBufferQueue=0xb4000074df9a89b0 fn= 6 mRenderHdrSdrRatio=1.0 caller= android.view.SyncRtSurfaceTransactionApplier.applyTransaction:96 android.view.SyncRtSurfaceTransactionApplier.lambda$scheduleApply$0:69 android.view.SyncRtSurfaceTransactionApplier.$r8$lambda$SgowXC58rj3PR958kHUfRgLZmvE:0
06-06 13:00:15.588  6421  9458 I ViewRootImpl@cc9c4e9[LauncherActivity]: mWNT: t=0xb40000747f9480d0 mBlastBufferQueue=0xb4000074df963770 fn= 27 mRenderHdrSdrRatio=1.0 caller= com.android.systemui.shared.launcher.ViewRootImplCompat.mergeWithNextTransaction:4 com.honeyspace.transition.utils.SurfaceTransactionApplier.scheduleApply$lambda$1:26 com.honeyspace.transition.utils.SurfaceTransactionApplier.c:0
06-06 13:00:15.594  7012  7043 D C2SoftVpxEnc: bytes generated 6918
06-06 13:00:15.596  5355  5446 I ViewRootImpl@b5f27e1[newsfeedapp]: mWNT: t=0xb40000747f984b90 mBlastBufferQueue=0xb4000074df9a89b0 fn= 7 mRenderHdrSdrRatio=1.0 caller= android.view.SyncRtSurfaceTransactionApplier.applyTransaction:96 android.view.SyncRtSurfaceTransactionApplier.lambda$scheduleApply$0:69 android.view.SyncRtSurfaceTransactionApplier.$r8$lambda$SgowXC58rj3PR958kHUfRgLZmvE:0
06-06 13:00:15.597  6421  9457 I ViewRootImpl@cc9c4e9[LauncherActivity]: mWNT: t=0xb40000747f9668f0 mBlastBufferQueue=0xb4000074df963770 fn= 28 mRenderHdrSdrRatio=1.0 caller= com.android.systemui.shared.launcher.ViewRootImplCompat.mergeWithNextTransaction:4 com.honeyspace.transition.utils.SurfaceTransactionApplier.scheduleApply$lambda$1:26 com.honeyspace.transition.utils.SurfaceTransactionApplier.c:0
06-06 13:00:15.605  2342  5454 V WindowManager: Relayout Window{6da540 u0 Splash Screen etf.ri.rma.newsfeedapp}: viewVisibility=8 req=1080x2340 ty=3 d0
06-06 13:00:15.605  1574  1638 I HYPER-HAL: [RequestManager.cpp]acquire(): Acquired ID : 1596000  [1577 / 209]    HINT :      list : [TID_LOW_LATENCY / 0] [TID / 5446] [TID / 5447] [TID / 5439] [TID / 5445]
06-06 13:00:15.605  1574  1638 I HYPER-HAL: [RequestManager.cpp]acquire(): Acquired ID : 1597788  [1577 / 210]    HINT :      list : [UCLAMP_MIN_BOOST / 0] [TID / 5446] [TID / 5447] [TID / 5439] [TID / 5445]
06-06 13:00:15.606  1574  1638 I HYPER-HAL: [RequestManager.cpp]releaseLocked(): Released ID : 1596000
06-06 13:00:15.606  1574  1638 I HYPER-HAL: [RequestManager.cpp]releaseLocked(): Released ID : 1597788
06-06 13:00:15.606  6421  9458 I ViewRootImpl@cc9c4e9[LauncherActivity]: mWNT: t=0xb40000747f96b330 mBlastBufferQueue=0xb4000074df963770 fn= 29 mRenderHdrSdrRatio=1.0 caller= com.android.systemui.shared.launcher.ViewRootImplCompat.mergeWithNextTransaction:4 com.honeyspace.transition.utils.SurfaceTransactionApplier.scheduleApply$lambda$1:26 com.honeyspace.transition.utils.SurfaceTransactionApplier.c:0
06-06 13:00:15.606  7012  7043 D C2SoftVpxEnc: bytes generated 8284
06-06 13:00:15.607  1930  5588 I CameraService: onUidStateChanged: uid=10046, procState is changed. (1 -> 0)
06-06 13:00:15.607  2342  5454 V WindowManager: Relayout hash=6da540, pid=5355, syncId=-1: mAttrs={(0,0)(fillxfill) sim={adjust=pan} ty=APPLICATION_STARTING fmt=TRANSLUCENT wanim=0x1030303 alpha=0.0
06-06 13:00:15.607  2342  5454 V WindowManager:   fl=81030118
06-06 13:00:15.607  2342  5454 V WindowManager:   pfl=16000010
06-06 13:00:15.607  2342  5454 V WindowManager:   bhv=DEFAULT
06-06 13:00:15.607  2342  5454 V WindowManager:   fitSides= naviIconColor=0}
06-06 13:00:15.608  5355  5439 I ViewRootImpl@b5f27e1[newsfeedapp]: Relayout returned: old=(0,0,1080,2340) new=(0,0,1080,2340) relayoutAsync=false req=(1080,2340)8 dur=3 res=0x402 s={false 0x0} ch=true seqId=0
06-06 13:00:15.608  5355  5439 W WindowOnBackDispatcher: sendCancelIfRunning: isInProgress=falsecallback=android.view.ViewRootImpl$$ExternalSyntheticLambda19@9c5611d
06-06 13:00:15.608  5355  5439 I ViewRootImpl@b5f27e1[newsfeedapp]: dispatchDetachedFromWindow
06-06 13:00:15.608  2342  6212 D InputTransport: Input channel destroyed: '6da540 ', fd=958
06-06 13:00:15.608  2342  6212 W InputManager-JNI: Input channel object '6da540 Splash Screen etf.ri.rma.newsfeedapp (client)' was disposed without first being removed with the input manager!
06-06 13:00:15.608  2342  6212 D InputTransport: Input channel destroyed: '6da540 ', fd=990
06-06 13:00:15.609  5355  5439 D InputTransport: Input channel destroyed: '6da540 ', fd=387
06-06 13:00:15.612  1715  1715 I Layer   : Layer::reparent [ea72c01 etf.ri.rma.newsfeedapp/etf.ri.rma.newsfeedapp.MainActivity#936] newParent : ActivityRecord{790d641 u0 etf.ri.rma.newsfeedapp/.MainActivity t21}#928 , isRemovedFromCurrentState : 0 -------------------------
06-06 13:00:15.612  1715  1715 I Layer   : Layer::reparent [ea72c01 etf.ri.rma.newsfeedapp/etf.ri.rma.newsfeedapp.MainActivity#936] End -------------------------
06-06 13:00:15.612  1715  1715 I Layer   : Layer::reparent [Surface(name=ea72c01 etf.ri.rma.newsfeedapp/etf.ri.rma.newsfeedapp.MainActivity)/@0x97cd28c - animation-leash of starting_reveal#951] newParentHandle : null -------------------------
06-06 13:00:15.612  1715  1715 I Layer   : id=951 removeFromCurrentState Surface(name=ea72c01 etf.ri.rma.newsfeedapp/etf.ri.rma.newsfeedapp.MainActivity)/@0x97cd28c - animation-leash of starting_reveal#951 (236)
06-06 13:00:15.612  1715  1715 I Layer   : Layer::reparent [Surface(name=ea72c01 etf.ri.rma.newsfeedapp/etf.ri.rma.newsfeedapp.MainActivity)/@0x97cd28c - animation-leash of starting_reveal#951] End -------------------------
06-06 13:00:15.613  1715  1715 I Layer   : id=952 Destroyed Surface(name=ea72c01 etf.ri.rma.newsfeedapp/etf.ri.rma.newsfeedapp.MainActivity)/@0x97cd28c - animation-leash of starting_reveal#951 (Mirror)#952
06-06 13:00:15.613  6421  9457 I ViewRootImpl@cc9c4e9[LauncherActivity]: mWNT: t=0xb40000747f945370 mBlastBufferQueue=0xb4000074df963770 fn= 30 mRenderHdrSdrRatio=1.0 caller= com.android.systemui.shared.launcher.ViewRootImplCompat.mergeWithNextTransaction:4 com.honeyspace.transition.utils.SurfaceTransactionApplier.scheduleApply$lambda$1:26 com.honeyspace.transition.utils.SurfaceTransactionApplier.c:0
06-06 13:00:15.617  1715  1715 D SurfaceFlinger: Display 4630946970390616451 HWC layers:
06-06 13:00:15.617  1715  1715 D SurfaceFlinger:      DEVICE | 0xb4000073beb13a00 | 0100 | RGBA_8888    |  634.0    8.0 1706.0 2332.0 |    0    0 1080 2340 | Wallpaper BBQ wrapper 5_system#94
06-06 13:00:15.617  1715  1715 D SurfaceFlinger:      DEVICE | 0xb4000073beb0b8a0 | 0100 | RGBA_8888    |    0.0    0.0 1080.0 2340.0 |    0    0 1080 2340 | com.sec.android.app.launcher/com.sec[...]ctivities.LauncherActivity$_6421#902
06-06 13:00:15.617  1715  1715 D SurfaceFlinger:      CLIENT | 0xb4000073beb060e0 | 0102 | RGBA_8888    |    0.0    0.0 1080.0 2340.0 |   20   42 1060 2298 | etf.ri.rma.newsfeedapp/etf.ri.rma.newsfeedapp.MainActivity$_7790#945
06-06 13:00:15.617  1715  1715 D SurfaceFlinger:      DEVICE | 0xb4000073beb0f440 | 0100 | RGBA_8888    |    0.0    0.0 1080.0   87.0 |    0    0 1080   87 | StatusBar$_5355#90
06-06 13:00:15.617  1715  1715 D SurfaceFlinger:      DEVICE | 0xb4000073beb138e0 | 0100 | RGBA_8888    |    0.0    0.0   67.0  342.0 | 1013  438 1080  780 | com.sec.android.app.launcher/com.sam[...]ce.edge.CocktailBarService$_6421#145
06-06 13:00:15.617  1715  1715 D SurfaceFlinger:      DEVICE | 0xb4000073beb07fd0 | 0100 | RGBA_8888    |    0.0    0.0 1080.0  144.0 |    0 2196 1080 2340 | NavigationBar0$_5355#89
06-06 13:00:15.617  1715  1715 D SurfaceFlinger:
06-06 13:00:15.621  6421  6421 I HoneySpace.AppCloseAnimationDelegate: animatorSet end
06-06 13:00:15.621  6421  6421 I HoneySpace.AnimationResult: finish, true
