06-06 13:00:26.960  7012  7043 D C2SoftVpxEnc: bytes generated 20490
06-06 13:00:26.963  1715  1715 I Layer   : id=1095 Destroyed Surface(name=Task=24)/@0x3d92ee1_transition-leash#1095
06-06 13:00:26.964  1715  1715 I Layer   : id=1094 Destroyed Surface(name=Task=1)/@0xa7f4aeb_transition-leash#1094
06-06 13:00:26.973  7012  7043 D C2SoftVpxEnc: bytes generated 25192
06-06 13:00:26.987  7012  7043 D C2SoftVpxEnc: bytes generated 27960
06-06 13:00:27.001  7012  7043 D C2SoftVpxEnc: bytes generated 31576
06-06 13:00:27.013  7012  7043 D C2SoftVpxEnc: bytes generated 24495
06-06 13:00:27.026  7012  7043 D C2SoftVpxEnc: bytes generated 30198
06-06 13:00:27.038  7012  7043 D C2SoftVpxEnc: bytes generated 32406
06-06 13:00:27.047  6421  6421 I HoneySpace.HomescreenPot: playContentAnimator end, skip alpha: false
06-06 13:00:27.047  6421  6421 I HoneySpace.HoneyScreenManagerImpl: transitionAnimator is ended, onCancel: false
06-06 13:00:27.047  6421  6421 I HoneySpace.ContentsAnimator: ContentsAnimator end
06-06 13:00:27.048  6421  6421 I HoneySpace.WallpaperAnimator: wallpaper animation end
06-06 13:00:27.051  7012  7043 D C2SoftVpxEnc: bytes generated 30254
06-06 13:00:27.063  7012  7043 D C2SoftVpxEnc: bytes generated 29637
06-06 13:00:27.064  1715  1715 I Layer   : Layer::reparent [RemoteWallpaperAnim:1:1#8] newParent : OneHanded:0:14#5 , isRemovedFromCurrentState : 0 -------------------------
06-06 13:00:27.064  1715  1715 I Layer   : Layer::reparent [RemoteWallpaperAnim:1:1#8] End -------------------------
06-06 13:00:27.064  1715  1715 I Layer   : Layer::reparent [Surface(name=RemoteWallpaperAnim:1:1)/@0xbe3243d - animation-leash of remote_wallpaper#1096] newParentHandle : null -------------------------
06-06 13:00:27.064  1715  1715 I Layer   : id=1096 removeFromCurrentState Surface(name=RemoteWallpaperAnim:1:1)/@0xbe3243d - animation-leash of remote_wallpaper#1096 (232)
06-06 13:00:27.064  1715  1715 I Layer   : Layer::reparent [Surface(name=RemoteWallpaperAnim:1:1)/@0xbe3243d - animation-leash of remote_wallpaper#1096] End -------------------------
06-06 13:00:27.064  1715  1715 I Layer   : id=1097 Destroyed Surface(name=RemoteWallpaperAnim:1:1)/@0xbe3243d - animation-leash of remote_wallpaper#1096 (Mirror)#1097
06-06 13:00:27.076  7012  7043 D C2SoftVpxEnc: bytes generated 37239
06-06 13:00:27.079 11224 11224 D HidDeviceService: handleMessage(): msg.what=8
06-06 13:00:27.085  6421  6421 I Edge.TrayVisibilityController: getComputedTrayVisible : keyguardState = 1
06-06 13:00:27.085  6421  6421 I Edge.TrayVisibilityController: updateTrayVisible: State=1 visible=1 mCurrentVisible=1 specificMode=0
06-06 13:00:27.085  6421  6421 I Edge.TrayStateController: onNotifyUpdateTray: state=0
06-06 13:00:27.094  7012  7043 D C2SoftVpxEnc: bytes generated 79459
06-06 13:00:27.111  1652  2311 I QC2CompStore: Setting heap usage to system
06-06 13:00:27.112  7012  7043 D C2SoftVpxEnc: bytes generated 118160
06-06 13:00:27.130  1652  2311 I QC2CompStore: Setting heap usage to system
06-06 13:00:27.130  7012  7043 D C2SoftVpxEnc: bytes generated 120513
06-06 13:00:27.139  5355  5420 I SurfaceControl: apply is called, name=FinishTransaction_SyncId<37>, caller=android.view.SurfaceControl$Transaction.apply:2921 com.android.wm.shell.transition.Transitions.onFinish:302 com.android.wm.shell.transition.Transitions$$ExternalSyntheticLambda6.onTransitionFinished:15 com.android.wm.shell.transition.DefaultTransitionHandler$$ExternalSyntheticLambda5.run:125 com.android.wm.shell.transition.DefaultTransitionHandler$$ExternalSyntheticLambda3.run:52 android.os.Handler.handleCallback:958
06-06 13:00:27.142  5355  6579 I WallpaperService: dispatchAppVisibility: system, visible=false
06-06 13:00:27.142  5355  5533 I WallpaperService: reportVisibility: visibility changed. visible=false
06-06 13:00:27.142  5355  5533 I ImageWallpaper[CanvasEngine_d0_w1]:  onVisibilityChanged: visible=false , displayId=0
06-06 13:00:27.142  6421  6421 I ViewRootImpl@cc9c4e9[LauncherActivity]: handleAppVisibility mAppVisible = true visible = false
06-06 13:00:27.147  1715  1715 I Layer   : Layer::reparent [Task=25#1105] newParent : DefaultTaskDisplayArea_d0#12 , isRemovedFromCurrentState : 0 -------------------------
06-06 13:00:27.147  1715  1715 I Layer   : Layer::reparent [Task=25#1105] End -------------------------
06-06 13:00:27.147  1715  1715 I Layer   : Layer::reparent [Transition Root: Task=25#1115] newParentHandle : null -------------------------
06-06 13:00:27.147  1715  1715 I Layer   : id=1115 removeFromCurrentState Transition Root: Task=25#1115 (231)
06-06 13:00:27.147  1715  1715 I Layer   : id=52 removeFromCurrentState Task=1#52 (231)
06-06 13:00:27.147  1715  1715 I Layer   : id=138 removeFromCurrentState Task=8#138 (231)
06-06 13:00:27.147  1715  1715 I Layer   : id=139 removeFromCurrentState ActivityRecord{4bdcf41 u0 com.sec.android.app.launcher/.activities.LauncherActivity t8}#139 (231)
06-06 13:00:27.147  1715  1715 I Layer   : id=150 removeFromCurrentState 6231c4b ActivityRecordInputSink com.sec.android.app.launcher/.Launcher#150 (231)
06-06 13:00:27.147  1715  1715 I Layer   : id=221 removeFromCurrentState da5c5e7 com.sec.android.app.launcher/com.sec.android.app.launcher.activities.LauncherActivity#221 (231)
06-06 13:00:27.147  1715  1715 I Layer   : id=1085 removeFromCurrentState com.sec.android.app.launcher/com.sec.android.app.launcher.activities.LauncherActivity$_6421#1085 (231)
06-06 13:00:27.147  1715  1715 I Layer   : Layer::reparent [Transition Root: Task=25#1115] End -------------------------
06-06 13:00:27.147  1715  1715 I Layer   : Layer [Task=1#52] hidden!! flag(1)
06-06 13:00:27.147  1715  1715 I Layer   : Layer::reparent [Task=1#52] newParent : DefaultTaskDisplayArea_d0#12 , isRemovedFromCurrentState : 0 -------------------------
06-06 13:00:27.147  1715  1715 I Layer   : id=52 addToCurrentState Task=1#52 (231)
06-06 13:00:27.147  1715  1715 I Layer   : id=138 addToCurrentState Task=8#138 (231)
06-06 13:00:27.147  1715  1715 I Layer   : id=139 addToCurrentState ActivityRecord{4bdcf41 u0 com.sec.android.app.launcher/.activities.LauncherActivity t8}#139 (231)
06-06 13:00:27.147  1715  1715 I Layer   : id=150 addToCurrentState 6231c4b ActivityRecordInputSink com.sec.android.app.launcher/.Launcher#150 (231)
06-06 13:00:27.147  1715  1715 I Layer   : id=221 addToCurrentState da5c5e7 com.sec.android.app.launcher/com.sec.android.app.launcher.activities.LauncherActivity#221 (231)
06-06 13:00:27.147  1715  1715 I Layer   : id=1085 addToCurrentState com.sec.android.app.launcher/com.sec.android.app.launcher.activities.LauncherActivity$_6421#1085 (231)
06-06 13:00:27.147  1715  1715 I Layer   : Layer::reparent [Task=1#52] End -------------------------
06-06 13:00:27.147  1715  1715 I Layer   : Layer::reparent [Transition Root: Task=25#1115] newParentHandle : null -------------------------
06-06 13:00:27.147  1715  1715 I Layer   : id=1115 removeFromCurrentState Transition Root: Task=25#1115 (231)
06-06 13:00:27.147  1715  1715 I Layer   : Layer::reparent [Transition Root: Task=25#1115] End -------------------------
06-06 13:00:27.147  1715  1715 I Layer   : Layer::reparent [Splash Screen etf.ri.rma.newsfeedapp$_5355#1110] newParentHandle : null -------------------------
06-06 13:00:27.147  1715  1715 I Layer   : id=1110 removeFromCurrentState Splash Screen etf.ri.rma.newsfeedapp$_5355#1110 (231)
06-06 13:00:27.147  1715  1715 I Layer   : Layer::reparent [Splash Screen etf.ri.rma.newsfeedapp$_5355#1110] End -------------------------
06-06 13:00:27.147  1715  1715 I Layer   : Layer::reparent [3cb22da Splash Screen etf.ri.rma.newsfeedapp#1109] newParentHandle : null -------------------------
06-06 13:00:27.147  1715  1715 I Layer   : id=1109 removeFromCurrentState 3cb22da Splash Screen etf.ri.rma.newsfeedapp#1109 (231)
06-06 13:00:27.147  1715  1715 I Layer   : Layer::reparent [3cb22da Splash Screen etf.ri.rma.newsfeedapp#1109] End -------------------------
06-06 13:00:27.147  1715  1715 I Layer   : Layer [com.android.systemui.wallpapers.ImageWallpaper_system$_5355#93] hidden!! flag(1)
06-06 13:00:27.147  1715  1715 I Layer   : Layer [ActivityRecord{4bdcf41 u0 com.sec.android.app.launcher/.activities.LauncherActivity t8}#139] hidden!! flag(1)
06-06 13:00:27.147  1715  1715 I Layer   : Layer [com.sec.android.app.launcher/com.sec.android.app.launcher.activities.LauncherActivity$_6421#1085] hidden!! flag(1)
06-06 13:00:27.147  1715  1715 I Layer   : Layer [Task=8#138] hidden!! flag(1)
06-06 13:00:27.147  6421  6421 I ViewRootImpl@cc9c4e9[LauncherActivity]: destroyHardwareResources: Callers=android.view.ViewRootImpl.performTraversals:3937 android.view.ViewRootImpl.doTraversal:3291 android.view.ViewRootImpl$TraversalRunnable.run:11329 android.view.Choreographer$CallbackRecord.run:1689 android.view.Choreographer$CallbackRecord.run:1698 android.view.Choreographer.doCallbacks:1153 android.view.Choreographer.doFrame:1079 android.view.Choreographer$FrameDisplayEventReceiver.run:1646 android.os.Handler.handleCallback:958 android.os.Handler.dispatchMessage:99
06-06 13:00:27.147  1715  1715 I Layer   : id=1111 Destroyed 3cb22da Splash Screen etf.ri.rma.newsfeedapp#1109 (Mirror)#1111
06-06 13:00:27.147  1715  1715 I Layer   : id=1120 Destroyed Transition Root: Task=25#1115 (Mirror)#1120
06-06 13:00:27.147  1715  1715 I SurfaceFlinger: id=1110 Removed Splash Screen etf.ri.rma.newsfeedapp$_5355#1110 (229)
06-06 13:00:27.147  1652  2311 I QC2CompStore: Setting heap usage to system
06-06 13:00:27.147  1715  1715 I SurfaceFlinger: id=1115 Removed Transition Root: Task=25#1115 (229)
06-06 13:00:27.147  1715  1715 I SurfaceFlinger: id=1096 Removed Surface(name=RemoteWallpaperAnim:1:1)/@0xbe3243d - animation-leash of remote_wallpaper#1096 (229)
06-06 13:00:27.147  1715  1715 I SurfaceFlinger: id=1046 Removed 6351c84 Splash Screen etf.ri.rma.newsfeedapp.test#1046 (229)
06-06 13:00:27.147  1715  1715 I SurfaceFlinger: id=1109 Removed 3cb22da Splash Screen etf.ri.rma.newsfeedapp#1109 (229)
06-06 13:00:27.148  7012  7043 D C2SoftVpxEnc: bytes generated 114321
06-06 13:00:27.148  1715  1715 I Layer   : id=1112 Destroyed Splash Screen etf.ri.rma.newsfeedapp$_5355#1110 (Mirror)#1112
06-06 13:00:27.150  2342  5453 V WindowManager: Relayout Window{da5c5e7 u0 com.sec.android.app.launcher/com.sec.android.app.launcher.activities.LauncherActivity}: viewVisibility=8 req=1080x2340 ty=1 d0
06-06 13:00:27.151  1574  1638 I HYPER-HAL: [RequestManager.cpp]acquire(): Acquired ID : 1731013  [1577 / 283]    HINT :      list : [TID_LOW_LATENCY / 0] [TID / 9457] [TID / 9458] [TID / 6421] [TID / 9453]
06-06 13:00:27.152  2342  5453 V WindowManager: Relayout hash=da5c5e7, pid=6421, syncId=-1: mAttrs={(0,0)(fillxfill) sim={adjust=nothing} layoutInDisplayCutoutMode=shortEdges ty=BASE_APPLICATION fmt=TRANSPARENT wanim=0x10302f2
06-06 13:00:27.152  2342  5453 V WindowManager:   fl=81910100
06-06 13:00:27.152  2342  5453 V WindowManager:   pfl=1a008040
06-06 13:00:27.152  2342  5453 V WindowManager:   bhv=SHOW_TRANSIENT_BARS_BY_SWIPE
06-06 13:00:27.152  2342  5453 V WindowManager:   fitSides= naviIconColor=0}
06-06 13:00:27.152  1574  1638 I HYPER-HAL: [RequestManager.cpp]acquire(): Acquired ID : 1732875  [1577 / 284]    HINT :      list : [UCLAMP_MIN_BOOST / 0] [TID / 9457] [TID / 9458] [TID / 6421] [TID / 9453]
06-06 13:00:27.152  6421  6421 I ViewRootImpl@cc9c4e9[LauncherActivity]: Relayout returned: old=(0,0,1080,2340) new=(0,0,1080,2340) relayoutAsync=false req=(1080,2340)8 dur=2 res=0x402 s={false 0x0} ch=true seqId=0
06-06 13:00:27.153  1574  1638 I HYPER-HAL: [RequestManager.cpp]releaseLocked(): Released ID : 1731013
06-06 13:00:27.153  1574  1638 I HYPER-HAL: [RequestManager.cpp]releaseLocked(): Released ID : 1732875
06-06 13:00:27.153  2342  5453 I AppWidgetServiceImpl: stopListening callbacks : null
06-06 13:00:27.153  1715  1715 D SurfaceFlinger: Display 4630946970390616451 HWC layers:
06-06 13:00:27.153  1715  1715 D SurfaceFlinger:      DEVICE | 0xb4000073beb17a20 | 0102 | RGBA_8888    |    0.0    0.0 1080.0 2340.0 |    0    0 1080 2340 | etf.ri.rma.newsfeedapp/etf.ri.rma.newsfeedapp.MainActivity$_7790#1123
06-06 13:00:27.153  1715  1715 D SurfaceFlinger:      DEVICE | 0xb4000073beb087b0 | 0100 | RGBA_8888    |    0.0    0.0 1080.0   87.0 |    0    0 1080   87 | StatusBar$_5355#90
06-06 13:00:27.153  1715  1715 D SurfaceFlinger:      DEVICE | 0xb4000073beb138e0 | 0100 | RGBA_8888    |    0.0    0.0   67.0  342.0 | 1013  438 1080  780 | com.sec.android.app.launcher/com.sam[...]ce.edge.CocktailBarService$_6421#145
06-06 13:00:27.153  1715  1715 D SurfaceFlinger:      DEVICE | 0xb4000073beb07fd0 | 0100 | RGBA_8888    |    0.0    0.0 1080.0  144.0 |    0 2196 1080 2340 | NavigationBar0$_5355#89
06-06 13:00:27.153  1715  1715 D SurfaceFlinger:
06-06 13:00:27.153  6421  6421 I HoneySpace.ContentsAnimator: end call
06-06 13:00:27.153  6421  6421 I ViewRootImpl@cc9c4e9[LauncherActivity]: stopped(true) old = false
06-06 13:00:27.154  6421  6421 I HoneySpace.Launcher: !@Boot_EBS_D: Launcher.onStop()
06-06 13:00:27.154  6421  6421 I HoneySpace.OneUiSpace: onSaveInstanceState honeyScreen=tb.l0@31661c4
06-06 13:00:27.155  1574  1638 I HYPER-HAL: [RequestManager.cpp]acquire(): Acquired ID : 1764682  [1577 / 301]    HINT :      list : [TID_LOW_LATENCY / 1] [TID / 9457] [TID / 9458] [TID / 6421] [TID / 9453]
06-06 13:00:27.155  1715  1715 I Layer   : id=1109 Destroyed 3cb22da Splash Screen etf.ri.rma.newsfeedapp#1109
06-06 13:00:27.155  1715  1715 I Layer   : id=1110 Destroyed Splash Screen etf.ri.rma.newsfeedapp$_5355#1110
06-06 13:00:27.155  1715  1715 I Layer   : id=1096 Destroyed Surface(name=RemoteWallpaperAnim:1:1)/@0xbe3243d - animation-leash of remote_wallpaper#1096
06-06 13:00:27.155  1715  1715 I Layer   : id=1046 Destroyed 6351c84 Splash Screen etf.ri.rma.newsfeedapp.test#1046
06-06 13:00:27.155  1715  1715 I Layer   : id=1115 Destroyed Transition Root: Task=25#1115
06-06 13:00:27.159  2342  2630 D PkgPredictorService-SecIpmManagerServiceImpl: bg information pid:6421 uid:10150 pkgName:com.sec.android.app.launcher
06-06 13:00:27.160 24682 24682 I A       : onStop
06-06 13:00:27.161  1574  8412 I HYPER-HAL: [RequestManager.cpp]releaseLocked(): Released ID : 2781277
06-06 13:00:27.163  1715  1715 I Layer   : Layer::reparent [com.sec.android.app.launcher/com.sec.android.app.launcher.activities.LauncherActivity$_6421#1085] newParentHandle : null -------------------------
06-06 13:00:27.163  1715  1715 I Layer   : id=1085 removeFromCurrentState com.sec.android.app.launcher/com.sec.android.app.launcher.activities.LauncherActivity$_6421#1085 (223)
06-06 13:00:27.163  1715  1715 I Layer   : Layer::reparent [com.sec.android.app.launcher/com.sec.android.app.launcher.activities.LauncherActivity$_6421#1085] End -------------------------
06-06 13:00:27.164  1715  1715 I SurfaceFlinger: id=1085 Removed com.sec.android.app.launcher/com.sec.android.app.launcher.activities.LauncherActivity$_6421#1085 (223)
06-06 13:00:27.164  1715  1715 W SurfaceFlinger: couldn't log to binary event log: overflow.
06-06 13:00:27.164  1715  1715 I Layer   : id=1088 Destroyed com.sec.android.app.launcher/com.sec.android.app.launcher.activities.LauncherActivity$_6421#1085 (Mirror)#1088
06-06 13:00:27.166  1652  2311 I QC2CompStore: Setting heap usage to system
06-06 13:00:27.167  7012  7043 D C2SoftVpxEnc: bytes generated 122556
06-06 13:00:27.172  1715  1715 W SurfaceFlinger: couldn't log to binary event log: overflow.
06-06 13:00:27.172  1715  1715 I Layer   : id=1085 Destroyed com.sec.android.app.launcher/com.sec.android.app.launcher.activities.LauncherActivity$_6421#1085
06-06 13:00:27.182  7790  7812 D TrafficStats: tagSocket(134) with statsTag=0xffffffff, statsUid=-1
06-06 13:00:27.183  1652  2311 I QC2CompStore: Setting heap usage to system
06-06 13:00:27.183  7012  7043 D C2SoftVpxEnc: bytes generated 92569
06-06 13:00:27.186  2342  2632 I ChimeraSystemEventListener: appLaunchIntent package name is: etf.ri.rma.newsfeedapp.test
06-06 13:00:27.188  2342  6621 I SemDvfsHyPerManager: acquire hyper - AMS_APP_SWITCH/2342@31, type = -999
06-06 13:00:27.188  1574  1638 I HYPER-HAL: [RequestManager.cpp]acquire(): Acquired ID : 2816782  [2342 / 31]    HINT : AMS_APP_SWITCH    list :
06-06 13:00:27.188  8184  8184 I SemDvfsHyPerManager: acquire hyper - APP_START_SHORT/8184@19, type = -999
06-06 13:00:27.189  1715  2430 I SurfaceFlinger: id=1134 createSurf, flag=24004, Task=26#1134
06-06 13:00:27.190  1715  2430 I SurfaceFlinger: id=1135 createSurf, flag=84004, ActivityRecord{f3d4c4d u0 etf.ri.rma.newsfeedapp.test/androidx.test.core.app.InstrumentationActivityInvoker$EmptyActivity t26}#1135
06-06 13:00:27.192  1574  1638 I HYPER-HAL: [RequestManager.cpp]acquire(): Acquired ID : 33648725  [8184 / 19]    HINT : APP_START    list : [TIMEOUT / 1500]
06-06 13:00:27.192  5355  5445 D NativeCustomFrequencyManager: [NativeCFMS] BpCustomFrequencyManager::BpCustomFrequencyManager()
06-06 13:00:27.193  2342  3323 I SemDvfsHyPerManager: acquire hyper - AMS_APP_LAUNCH/2342@18, type = -999
06-06 13:00:27.193  1930  6446 I CameraService: onUidStateChanged: uid=10046, procState is changed. (0 -> 1)
06-06 13:00:27.193  7273  7273 E pageboostd: Received HALT command code 2
06-06 13:00:27.194  8184  8184 I SemDvfsHyPerManager: acquire hyper - APP_START/8184@21, type = -999
06-06 13:00:27.194  2342  5453 D InputTransport: Input channel constructed: '2d87e6f', fd=927
06-06 13:00:27.194  2342  5453 D InputTransport: Input channel constructed: '2d87e6f', fd=939
06-06 13:00:27.194  1574  1638 I HYPER-HAL: [RequestManager.cpp]acquire(): Acquired ID : 2785998  [2342 / 18]    HINT : AMS_APP_LAUNCH    list :
06-06 13:00:27.194  2342  5453 D InputTransport: Input channel constructed: '2d87e6f', fd=990
06-06 13:00:27.194  1574  1638 I HYPER-HAL: [RequestManager.cpp]acquire(): Acquired ID : 1768443  [1577 / 303]    HINT :      list : [TID_LOW_LATENCY / 1] [TID / 5446] [TID / 5447] [TID / 5439] [TID / 5445]
06-06 13:00:27.194  2342  6911 D SecContentProvider: query(), uri = 17 selection = isSettingsChangesAllowed
06-06 13:00:27.194  7790  7790 D LifecycleMonitor: Lifecycle status change: etf.ri.rma.newsfeedapp.MainActivity@281645 in: PAUSED
06-06 13:00:27.195  1715  2430 I SurfaceFlinger: id=1136 createSurf, flag=84004, 2d87e6f Splash Screen etf.ri.rma.newsfeedapp.test#1136
06-06 13:00:27.195  7790  7790 V ActivityScenario: Update currentActivityStage to PAUSED, currentActivity=etf.ri.rma.newsfeedapp.MainActivity@281645
06-06 13:00:27.195  1574  1638 I HYPER-HAL: [RequestManager.cpp]acquire(): Acquired ID : 33665136  [8184 / 21]    HINT : APP_START    list :
06-06 13:00:27.195  2342  5453 D InputTransport: Input channel destroyed: '2d87e6f', fd=990
06-06 13:00:27.195  5355  5439 I InsetsController: onStateChanged: host=Splash Screen etf.ri.rma.newsfeedapp.test, from=android.view.ViewRootImpl.setView:1751, state=InsetsState: {mDisplayFrame=Rect(0, 0 - 1080, 2340), mDisplayCutout=DisplayCutout{insets=Rect(0, 87 - 0, 0) waterfall=Insets{left=0, top=0, right=0, bottom=0} boundingRect={Bounds=[Rect(0, 0 - 0, 0), Rect(512, 0 - 568, 87), Rect(0, 0 - 0, 0), Rect(0, 0 - 0, 0)]} cutoutPathParserInfo={CutoutPathParserInfo{displayWidth=1080 displayHeight=2340 physicalDisplayWidth=1080 physicalDisplayHeight=2340 density={3.0} cutoutSpec={M 0,0 H -9.333333333333333 V 29 H 9.333333333333333 V 0 H 0 Z @dp} rotation={0} scale={1.0} physicalPixelDisplaySizeRatio={1.0}}}}, mRoundedCorners=RoundedCorners{[RoundedCorner{position=TopLeft, radius=102, center=Point(102, 102)}, RoundedCorner{position=TopRight, radius=102, center=Point(978, 102)}, RoundedCorner{position=BottomRight, radius=102, center=Point(978, 2238)}, RoundedCorner{position=BottomLeft, radius=102, center=Point(102, 2238)}]}  mRoundedCornerFrame=Rect(0, 0 - 1080, 2340), mPrivacyIndicatorBounds=PrivacyIndicatorBounds {static bounds=Rect(948, 0 - 1080, 87) rotation=0}, mDisplayShape=DisplayShape{ spec=1769313948 displayWidth=1080 displayHeight=2340 physicalPixelDisplaySizeRatio=1.0 rotation=0 offsetX=0 offsetY=0 scale=1.0}, mSources= { InsetsSource: {985d0000 mType=statusBars mFrame=[0,0][1080,87] mVisible=true mFlags=[]}, InsetsSource: {985d0005 mType=mandatorySystemGestures mFrame=[0,0][1080,123] mVisible=true mFlags=[]}, InsetsSource: {985d0006 mType=tappableElement mFrame=[0,0][1080,87] mVisible=true mFlags=[]}, InsetsSource: {27 mType=displayCutout mFrame=[0,0][1080,87] mVisible=true mFlags=[]}, InsetsSource: {26df0001 mType=navigationBars mFrame=[0,2196][1080,2340] mVisible=true mFlags=[]}, InsetsSource: {26df0004 mType=systemGestures mFrame=[0,0][0,0] mVisible=true mFlags=[]}, InsetsSource: {26df0005 mType=mandatorySystemGestures mFrame=[0,2196][1080,2340] mVisible=true mFlags=[]}, InsetsSource: {26df0006 mType=tappableElement mFrame=[0,2196][1080,2340] mVisible=true mFlags=[]}, InsetsSource: {26df0024 mType=systemGestures mFrame=[0,0][0,0] mVisible=true mFlags=[]} }
06-06 13:00:27.195  5355  5439 I ViewRootImpl@5033b0b[test]: synced displayState. AttachInfo displayState=2
06-06 13:00:27.196  5355  5439 I ViewRootImpl@5033b0b[test]: setView = android.widget.FrameLayout@9c8473d TM=true
06-06 13:00:27.196  5355  5445 D OpenGLRenderer: HWUI - treat SMPTE_170M as sRGB
06-06 13:00:27.196  6421  6488 I HoneySpace.TopTaskSource: onTaskMovedToFront : taskId = 26
06-06 13:00:27.196  6421  6490 I HoneySpace.TopTaskUseCase: topTasks 26 ComponentInfo{etf.ri.rma.newsfeedapp.test/androidx.test.core.app.InstrumentationActivityInvoker$EmptyActivity}
06-06 13:00:27.196  2342  3323 D InputDispatcher: Focused application(0): ActivityRecord{f3d4c4d u0 etf.ri.rma.newsfeedapp.test/androidx.test.core.app.InstrumentationActivityInvoker$EmptyActivity t26}
06-06 13:00:27.199  6421  6596 I HoneySpace.RecentTasks: onRecentTasksChanged
06-06 13:00:27.199  6421  5991 I HoneySpace.RecentTasks: onRecentTasksChanged
06-06 13:00:27.200  1636  1665 E ANDR-PERF-RESOURCEQS: ANDR-PERF-RESOURCEQS: AddAndApply() 167: Failed to apply optimization [10, 8]
06-06 13:00:27.200  2342  5206 D AS.MultiSoundManager: mForegroundUid = 10318
06-06 13:00:27.200  2342  5206 D AS.MultiSoundManager: mForegroundUid = 10318
06-06 13:00:27.200  2342  2630 D PkgPredictorService-SecIpmManagerServiceImpl: onForegroundActivitiesChanged pid:7890 uid:10318
06-06 13:00:27.200 11224 11224 D HidDeviceService: handleMessage(): msg.what=8
06-06 13:00:27.200  6421  6488 I HoneySpace.TopTaskSource: onTaskFocusChanged(): taskId = 26
06-06 13:00:27.200  6421  6488 I HoneySpace.TopTaskSource: onTaskFocusChanged(): taskId = 26
06-06 13:00:27.200  6421  6488 I HoneySpace.TopTaskSource: onTaskMovedToFront : taskId = 26
06-06 13:00:27.200  6421  6488 I HoneySpace.TopTaskSource: onTaskMovedToFront : taskId = 26
06-06 13:00:27.200  2342  6212 V WindowManager: Relayout Window{2d87e6f u0 Splash Screen etf.ri.rma.newsfeedapp.test}: viewVisibility=0 req=1080x2340 ty=3 d0
06-06 13:00:27.201  1715  6620 I SurfaceFlinger: id=1137 createSurf, flag=44004, Splash Screen etf.ri.rma.newsfeedapp.test$_5355#1137
06-06 13:00:27.201  1652  2311 I QC2CompStore: Setting heap usage to system
06-06 13:00:27.201  2342  7097 V PkgPredictorService-SecIpmManagerServiceImpl: discard foreground app:etf.ri.rma.newsfeedapp.test 1|true
06-06 13:00:27.201  7012  7043 D C2SoftVpxEnc: bytes generated 85614
06-06 13:00:27.202  2342  6212 V WindowManager: Relayout hash=2d87e6f, pid=5355, syncId=-1: mAttrs={(0,0)(fillxfill) sim={adjust=pan} ty=APPLICATION_STARTING fmt=TRANSLUCENT
06-06 13:00:27.202  2342  6212 V WindowManager:   fl=81030118
06-06 13:00:27.202  2342  6212 V WindowManager:   pfl=16000010
06-06 13:00:27.202  2342  6212 V WindowManager:   apr=LIGHT_STATUS_BARS LIGHT_NAVIGATION_BARS
06-06 13:00:27.202  2342  6212 V WindowManager:   bhv=DEFAULT
06-06 13:00:27.202  2342  6212 V WindowManager:   fitSides= naviIconColor=0}
06-06 13:00:27.202  7890  7917 I AdrenoGLES-0: QUALCOMM build                   : d774a8672e, I8ea610b5b4
06-06 13:00:27.202  7890  7917 I AdrenoGLES-0: Build Date                       : 01/03/24
06-06 13:00:27.202  7890  7917 I AdrenoGLES-0: OpenGL ES Shader Compiler Version: E031.42.23.12
06-06 13:00:27.202  7890  7917 I AdrenoGLES-0: Local Branch                     :
06-06 13:00:27.202  7890  7917 I AdrenoGLES-0: Remote Branch                    : refs/tags/AU_LINUX_ANDROID_LA.VENDOR.14.3.0.11.00.00.973.408
06-06 13:00:27.202  7890  7917 I AdrenoGLES-0: Remote Branch                    : NONE
06-06 13:00:27.202  7890  7917 I AdrenoGLES-0: Reconstruct Branch               : NOTHING
06-06 13:00:27.202  7890  7917 I AdrenoGLES-0: Build Config                     : S P 16.1.2 AArch64
06-06 13:00:27.202  7890  7917 I AdrenoGLES-0: Driver Path                      : /vendor/lib64/egl/libGLESv2_adreno.so
06-06 13:00:27.202  7890  7917 I AdrenoGLES-0: Driver Version                   : 0744.18
06-06 13:00:27.202  7890  7917 I AdrenoGLES-0: Process Name                     : etf.ri.rma.newsfeedapp.test
06-06 13:00:27.202  5355  5439 I InsetsController: onStateChanged: host=Splash Screen etf.ri.rma.newsfeedapp.test, from=android.view.ViewRootImpl.relayoutWindow:10062, state=InsetsState: {mDisplayFrame=Rect(0, 0 - 1080, 2340), mDisplayCutout=DisplayCutout{insets=Rect(0, 87 - 0, 0) waterfall=Insets{left=0, top=0, right=0, bottom=0} boundingRect={Bounds=[Rect(0, 0 - 0, 0), Rect(512, 0 - 568, 87), Rect(0, 0 - 0, 0), Rect(0, 0 - 0, 0)]} cutoutPathParserInfo={CutoutPathParserInfo{displayWidth=1080 displayHeight=2340 physicalDisplayWidth=1080 physicalDisplayHeight=2340 density={3.0} cutoutSpec={M 0,0 H -9.333333333333333 V 29 H 9.333333333333333 V 0 H 0 Z @dp} rotation={0} scale={1.0} physicalPixelDisplaySizeRatio={1.0}}}}, mRoundedCorners=RoundedCorners{[RoundedCorner{position=TopLeft, radius=102, center=Point(102, 102)}, RoundedCorner{position=TopRight, radius=102, center=Point(978, 102)}, RoundedCorner{position=BottomRight, radius=102, center=Point(978, 2238)}, RoundedCorner{position=BottomLeft, radius=102, center=Point(102, 2238)}]}  mRoundedCornerFrame=Rect(0, 0 - 1080, 2340), mPrivacyIndicatorBounds=PrivacyIndicatorBounds {static bounds=Rect(948, 0 - 1080, 87) rotation=0}, mDisplayShape=DisplayShape{ spec=1769313948 displayWidth=1080 displayHeight=2340 physicalPixelDisplaySizeRatio=1.0 rotation=0 offsetX=0 offsetY=0 scale=1.0}, mSources= { InsetsSource: {985d0000 mType=statusBars mFrame=[0,0][1080,87] mVisible=true mFlags=[]}, InsetsSource: {985d0005 mType=mandatorySystemGestures mFrame=[0,0][1080,123] mVisible=true mFlags=[]}, InsetsSource: {985d0006 mType=tappableElement mFrame=[0,0][1080,87] mVisible=true mFlags=[]}, InsetsSource: {3 mType=ime mFrame=[0,0][0,0] mVisible=false mFlags=[]}, InsetsSource: {27 mType=displayCutout mFrame=[0,0][1080,87] mVisible=true mFlags=[]}, InsetsSource: {26df0001 mType=navigationBars mFrame=[0,2196][1080,2340] mVisible=true mFlags=[]}, InsetsSource: {26df0004 mType=systemGestures mFrame=[0,0][0,0] mVisible=true mFlags=[]}, InsetsSource: {26df0005 mType=mandatorySystemGestures mFrame=[0,2196][1080,2340] mVisible=true mFlags=[]}, InsetsSource: {26df0006 mType=tappableElement mFrame=[0,2196][1080,2340] mVisible=true mFlags=[]}, InsetsSource: {26df0024 mType=systemGestures mFrame=[0,0][0,0] mVisible=true mFlags=[]} }
06-06 13:00:27.203  5355  5439 I BLASTBufferQueue_Java: new BLASTBufferQueue, mName= ViewRootImpl@5033b0b[test] mNativeObject= 0xb4000074df949af0 sc.mNativeObject= 0xb4000073af966bd0 caller= android.view.ViewRootImpl.updateBlastSurfaceIfNeeded:3031 android.view.ViewRootImpl.relayoutWindow:10121 android.view.ViewRootImpl.performTraversals:4115 android.view.ViewRootImpl.doTraversal:3291 android.view.ViewRootImpl$TraversalRunnable.run:11329 android.view.Choreographer$CallbackRecord.run:1689 android.view.Choreographer$CallbackRecord.run:1698 android.view.Choreographer.doCallbacks:1153 android.view.Choreographer.doFrame:1079 android.view.Choreographer$FrameDisplayEventReceiver.run:1646
06-06 13:00:27.203  5355  5439 I BLASTBufferQueue_Java: update, w= 1080 h= 2340 mName = ViewRootImpl@5033b0b[test] mNativeObject= 0xb4000074df949af0 sc.mNativeObject= 0xb4000073af966bd0 format= -3 caller= android.graphics.BLASTBufferQueue.<init>:89 android.view.ViewRootImpl.updateBlastSurfaceIfNeeded:3031 android.view.ViewRootImpl.relayoutWindow:10121 android.view.ViewRootImpl.performTraversals:4115 android.view.ViewRootImpl.doTraversal:3291 android.view.ViewRootImpl$TraversalRunnable.run:11329
06-06 13:00:27.203  5355  5439 I ViewRootImpl@5033b0b[test]: Relayout returned: old=(0,0,1080,2340) new=(0,0,1080,2340) relayoutAsync=false req=(1080,2340)0 dur=6 res=0x403 s={true 0xb4000074af98a4a0} ch=true seqId=0
06-06 13:00:27.203  5355  5439 I ViewRootImpl@5033b0b[test]: performConfigurationChange setNightDimText nightDimLevel=0
06-06 13:00:27.203  5355  5439 D ViewRootImpl@5033b0b[test]: mThreadedRenderer.initialize() mSurface={isValid=true 0xb4000074af98a4a0} hwInitialized=true
06-06 13:00:27.204  5355  5439 D ViewRootImpl@5033b0b[test]: reportNextDraw android.view.ViewRootImpl.performTraversals:4723 android.view.ViewRootImpl.doTraversal:3291 android.view.ViewRootImpl$TraversalRunnable.run:11329 android.view.Choreographer$CallbackRecord.run:1689 android.view.Choreographer$CallbackRecord.run:1698
06-06 13:00:27.204  5355  5439 I ViewRootImpl@5033b0b[test]: Setup new sync=wmsSync-ViewRootImpl@5033b0b[test]#74
06-06 13:00:27.204  5355  5439 I ViewRootImpl@5033b0b[test]: Creating new active sync group ViewRootImpl@5033b0b[test]#75
06-06 13:00:27.204  5355  5439 I ViewRootImpl@5033b0b[test]: registerCallbacksForSync syncBuffer=false
06-06 13:00:27.204  2342  2630 D NetworkPolicy: already checked 10318
06-06 13:00:27.205  5355  5446 I ViewRootImpl@5033b0b[test]: Received frameDrawingCallback syncResult=0 frameNum=1.
06-06 13:00:27.205  5355  5446 I ViewRootImpl@5033b0b[test]: mWNT: t=0xb40000747f94f030 mBlastBufferQueue=0xb4000074df949af0 fn= 1 mRenderHdrSdrRatio=1.0 caller= android.view.ViewRootImpl$8.onFrameDraw:13826 android.view.ThreadedRenderer$1.onFrameDraw:792 <bottom of call stack>
06-06 13:00:27.205  5355  5446 I ViewRootImpl@5033b0b[test]: Setting up sync and frameCommitCallback
06-06 13:00:27.205  5355  5445 I BLASTBufferQueue: [ViewRootImpl@5033b0b[test]#38](f:0,a:0,s:0) onFrameAvailable the first frame is available
06-06 13:00:27.205  5355  5445 I ViewRootImpl@5033b0b[test]: Received frameCommittedCallback lastAttemptedDrawFrameNum=1 didProduceBuffer=true
06-06 13:00:27.206  1715  1715 I BpBinder: onLastStrongRef automatically unlinking death recipients:
06-06 13:00:27.206  2342  5454 D InputDispatcher: Focus left window (0): bb1e62c etf.ri.rma.newsfeedapp/etf.ri.rma.newsfeedapp.MainActivity
06-06 13:00:27.207  7790  7790 I ViewRootImpl@9400ec0[MainActivity]: handleWindowFocusChanged: 0 0 call from android.view.ViewRootImpl.-$$Nest$mhandleWindowFocusChanged:0
06-06 13:00:27.207  7790  7790 I ImeFocusController: onPreWindowFocus: skipped, hasWindowFocus=false mHasImeFocus=true
06-06 13:00:27.208  7790  7790 I ImeFocusController: onPostWindowFocus: skipped, hasWindowFocus=false mHasImeFocus=true
06-06 13:00:27.208  7890  7890 I DecorView: setWindowBackground: isPopOver=false color=ffffffff d=android.graphics.drawable.ColorDrawable@23f3b13
06-06 13:00:27.209  7890  7917 I AdrenoGLES-0: PFP: 0x01520171, ME: 0x01520023
06-06 13:00:27.210  5355  5445 D OpenGLRenderer: CFMS:: SetUp Pid : 5355    Tid : 5445
06-06 13:00:27.210  5355  5439 I ViewRootImpl@5033b0b[test]: reportDrawFinished seqId=0
06-06 13:00:27.211  7890  7917 E Adreno-AppProfiles: QSPM AIDL service doesn't exist
06-06 13:00:27.211 26692 27175 I Rubin   : [97] zb.a.c(Unknown Source) : Notify com.samsung.android.rubin.inferenceengine.contextanalytics.engine.loggers.AppUsageLogger's database is updated.
06-06 13:00:27.212  1715  6620 I SurfaceFlinger: id=1142 createSurf, flag=84004, Transition Root: Task=26#1142
06-06 13:00:27.215  2342  2633 I SurfaceControl: show, t=StartTransaction_SyncId<38>, sc=Surface(name=ActivityRecord{f3d4c4d u0 etf.ri.rma.newsfeedapp.test/androidx.test.core.app.InstrumentationActivityInvoker$EmptyActivity t26})/@0xd210298, caller=com.android.server.wm.Transition.onTransactionReady:1962 com.android.server.wm.BLASTSyncEngine$SyncGroup.finishNow:310 com.android.server.wm.BLASTSyncEngine$SyncGroup.tryFinish:242 com.android.server.wm.BLASTSyncEngine$SyncGroup.-$$Nest$mtryFinish:0 com.android.server.wm.BLASTSyncEngine.onSurfacePlacement:670 com.android.server.wm.RootWindowContainer.performSurfacePlacementNoTrace:988
06-06 13:00:27.215  7890  7917 D NativeCustomFrequencyManager: [NativeCFMS] BpCustomFrequencyManager::BpCustomFrequencyManager()
06-06 13:00:27.215  2342  2633 D ScreenCapture: [Capture_TEST] : setIsScreenShotBySystem true
06-06 13:00:27.215 11275 11275 I InputMethodService: removeImeSurface
06-06 13:00:27.215 11275 11275 I InputMethodService: cancelImeSurfaceRemoval: removeCallbacks
06-06 13:00:27.216  1574  1638 I HYPER-HAL: [RequestManager.cpp]acquire(): Acquired ID : 1772208  [1577 / 305]    HINT :      list : [TID_LOW_LATENCY / 1] [TID / 7920] [TID / 7921] [TID / 7890] [TID / 7917]
06-06 13:00:27.216  1715  1715 I Layer   : id=1144 Destroyed Screenshot Parent#1144
06-06 13:00:27.219  1652  2311 I QC2CompStore: Setting heap usage to system
06-06 13:00:27.219  5355  5420 I SurfaceControl: hide, t=FinishTransaction_SyncId<38>, sc=Surface(name=Task=25)/@0xd508e2c, caller=com.android.wm.shell.transition.Transitions.dispatchReady:681 com.android.wm.shell.transition.Transitions.onTransitionReady:118 com.android.wm.shell.transition.Transitions$TransitionPlayerImpl$$ExternalSyntheticLambda0.run:13 android.os.Handler.handleCallback:958 android.os.Handler.dispatchMessage:99 android.os.Looper.loopOnce:230
06-06 13:00:27.219  5355  5420 I SurfaceControl: show, t=StartTransaction_SyncId<38>, sc=Surface(name=Task=26)/@0x58e21df, caller=com.android.wm.shell.transition.Transitions.dispatchReady:686 com.android.wm.shell.transition.Transitions.onTransitionReady:118 com.android.wm.shell.transition.Transitions$TransitionPlayerImpl$$ExternalSyntheticLambda0.run:13 android.os.Handler.handleCallback:958 android.os.Handler.dispatchMessage:99 android.os.Looper.loopOnce:230
06-06 13:00:27.219  7012  7043 D BufferPoolAccessor2.0: bufferpool2 0xb400007dbe05aed8 : 66(3619449 size) total buffers - 1(86260 size) used buffers - 94/555 (recycle/alloc) - 470/554 (fetch/transfer)
06-06 13:00:27.219  5355  5420 I SurfaceControl: show, t=FinishTransaction_SyncId<38>, sc=Surface(name=Task=26)/@0x58e21df, caller=com.android.wm.shell.transition.Transitions.dispatchReady:733 com.android.wm.shell.transition.Transitions.onTransitionReady:118 com.android.wm.shell.transition.Transitions$TransitionPlayerImpl$$ExternalSyntheticLambda0.run:13 android.os.Handler.handleCallback:958 android.os.Handler.dispatchMessage:99 android.os.Looper.loopOnce:230
06-06 13:00:27.219  5355  5420 I SurfaceControl: show, t=StartTransaction_SyncId<38>, sc=Surface(name=Transition Root: Task=26)/@0x8a620f5, caller=com.android.wm.shell.transition.Transitions.playTransition:80 com.android.wm.shell.transition.Transitions.processReadyQueue:185 com.android.wm.shell.transition.Transitions.dispatchReady:751 com.android.wm.shell.transition.Transitions.onTransitionReady:118 com.android.wm.shell.transition.Transitions$TransitionPlayerImpl$$ExternalSyntheticLambda0.run:13 android.os.Handler.handleCallback:958
06-06 13:00:27.219  2342  5137 D InputTransport: Input channel constructed: '5a1b7f3', fd=990
06-06 13:00:27.219  2342  5137 D InputTransport: Input channel constructed: '5a1b7f3', fd=1078
06-06 13:00:27.219  7012  7043 D C2SoftVpxEnc: bytes generated 86260
06-06 13:00:27.219  2342  5137 D InputTransport: Input channel constructed: '5a1b7f3', fd=1081
06-06 13:00:27.219  1715  6620 I SurfaceFlinger: id=1145 createSurf, flag=84004, 5a1b7f3 etf.ri.rma.newsfeedapp.test/androidx.test.core.app.InstrumentationActivityInvoker$EmptyActivity#1145
06-06 13:00:27.219  1715  6620 I SurfaceFlinger: id=1146 createSurf, flag=44404, Bottom Edge Extension#1146
06-06 13:00:27.220  2342  5137 D InputTransport: Input channel destroyed: '5a1b7f3', fd=1081
06-06 13:00:27.220  1715  6620 I SurfaceFlinger: id=1147 createSurf, flag=84000, 10c1777 ActivityRecordInputSink etf.ri.rma.newsfeedapp.test/androidx.test.core.app.InstrumentationActivityInvoker$EmptyActivity#1147
06-06 13:00:27.220  6421  6421 I Edge.ActivityUtils: HomePackage : com.sec.android.app.launcher, resumePackageName : etf.ri.rma.newsfeedapp.test
06-06 13:00:27.220  1715  1715 I Layer   : id=1148 Destroyed Screenshot Parent#1148
06-06 13:00:27.221  7890  7890 I InsetsController: onStateChanged: host=etf.ri.rma.newsfeedapp.test/androidx.test.core.app.InstrumentationActivityInvoker$EmptyActivity, from=android.view.ViewRootImpl.setView:1751, state=InsetsState: {mDisplayFrame=Rect(0, 0 - 1080, 2340), mDisplayCutout=DisplayCutout{insets=Rect(0, 87 - 0, 0) waterfall=Insets{left=0, top=0, right=0, bottom=0} boundingRect={Bounds=[Rect(0, 0 - 0, 0), Rect(512, 0 - 568, 87), Rect(0, 0 - 0, 0), Rect(0, 0 - 0, 0)]} cutoutPathParserInfo={CutoutPathParserInfo{displayWidth=1080 displayHeight=2340 physicalDisplayWidth=1080 physicalDisplayHeight=2340 density={3.0} cutoutSpec={M 0,0 H -9.333333333333333 V 29 H 9.333333333333333 V 0 H 0 Z @dp} rotation={0} scale={1.0} physicalPixelDisplaySizeRatio={1.0}}}}, mRoundedCorners=RoundedCorners{[RoundedCorner{position=TopLeft, radius=102, center=Point(102, 102)}, RoundedCorner{position=TopRight, radius=102, center=Point(978, 102)}, RoundedCorner{position=BottomRight, radius=102, center=Point(978, 2238)}, RoundedCorner{position=BottomLeft, radius=102, center=Point(102, 2238)}]}  mRoundedCornerFrame=Rect(0, 0 - 1080, 2340), mPrivacyIndicatorBounds=PrivacyIndicatorBounds {static bounds=Rect(948, 0 - 1080, 87) rotation=0}, mDisplayShape=DisplayShape{ spec=1769313948 displayWidth=1080 displayHeight=2340 physicalPixelDisplaySizeRatio=1.0 rotation=0 offsetX=0 offsetY=0 scale=1.0}, mSources= { InsetsSource: {985d0000 mType=statusBars mFrame=[0,0][1080,87] mVisible=true mFlags=[]}, InsetsSource: {985d0005 mType=mandatorySystemGestures mFrame=[0,0][1080,123] mVisible=true mFlags=[]}, InsetsSource: {985d0006 mType=tappableElement mFrame=[0,0][1080,87] mVisible=true mFlags=[]}, InsetsSource: {3 mType=ime mFrame=[0,0][0,0] mVisible=false mFlags=[]}, InsetsSource: {27 mType=displayCutout mFrame=[0,0][1080,87] mVisible=true mFlags=[]}, InsetsSource: {26df0001 mType=navigationBars mFrame=[0,2196][1080,2340] mVisible=true mFlags=[]}, InsetsSource: {26df0004 mType=systemGestures mFrame=[0,0][0,0] mVisible=true mFlags=[]}, InsetsSource: {26df0005 mType=mandatorySystemGestures mFrame=[0,2196][1080,2340] mVisible=true mFlags=[]}, InsetsSource: {26df0006 mType=tappableElement mFrame=[0,2196][1080,2340] mVisible=true mFlags=[]}, InsetsSource: {26df0024 mType=systemGestures mFrame=[0,0][0,0] mVisible=true mFlags=[]} }
06-06 13:00:27.221  1715  2430 I SurfaceFlinger: id=1149 createSurf, flag=4400, bbq-wrapper#1149
06-06 13:00:27.222  7890  7890 I ViewRootImpl@561e04e[InstrumentationActivityInvoker$EmptyActivity]: synced displayState. AttachInfo displayState=2
06-06 13:00:27.222  1715  1715 I Layer   : Layer [5a1b7f3 etf.ri.rma.newsfeedapp.test/androidx.test.core.app.InstrumentationActivityInvoker$EmptyActivity#1145] hidden!! flag(0)
06-06 13:00:27.222  7890  7890 I ViewRootImpl@561e04e[InstrumentationActivityInvoker$EmptyActivity]: setView = com.android.internal.policy.DecorView@c070705 TM=true
06-06 13:00:27.222  7890  7917 D OpenGLRenderer: HWUI - treat SMPTE_170M as sRGB
06-06 13:00:27.223  5355  5445 D NativeCustomFrequencyManager: [NativeCFMS] BpCustomFrequencyManager::BpCustomFrequencyManager()
06-06 13:00:27.224  1574  1638 I HYPER-HAL: [RequestManager.cpp]acquire(): Acquired ID : 1775977  [1577 / 307]    HINT :      list : [TID_LOW_LATENCY / 1] [TID / 5446] [TID / 5447] [TID / 5420] [TID / 5445]
06-06 13:00:27.224  5355  5445 I BLASTBufferQueue: [bbq-adapter#39](f:0,a:0,s:0) onFrameAvailable the first frame is available
06-06 13:00:27.224  2342  2420 V WindowManager: Relayout Window{5a1b7f3 u0 etf.ri.rma.newsfeedapp.test/androidx.test.core.app.InstrumentationActivityInvoker$EmptyActivity}: viewVisibility=0 req=1080x2340 ty=1 d0
06-06 13:00:27.224  1715  2430 I SurfaceFlinger: id=1154 createSurf, flag=44004, etf.ri.rma.newsfeedapp.test/androidx.test.core.app.InstrumentationActivityInvoker$EmptyActivity$_7890#1154
06-06 13:00:27.225  5355  5445 D OpenGLRenderer: CFMS:: SetUp Pid : 5355    Tid : 5445
06-06 13:00:27.225  1715  2430 I SurfaceFlinger: id=1155 createSurf, flag=24000, Surface(name=87e62a6 NavigationBar0)/@0xf64c4fb - animation-leash of insets_animation#1155
06-06 13:00:27.225  1715  2430 I SurfaceFlinger: id=1156 createSurf, flag=24000, Surface(name=53a7541 StatusBar)/@0x3ba06c - animation-leash of insets_animation#1156
06-06 13:00:27.226  5355  5420 I SurfaceControl: show, t=StartTransaction_SyncId<38>, sc=Surface(name=Bottom Edge Extension)/@0x2746dd7, caller=android.view.SurfaceControl$Transaction.setVisibility:3012 com.android.wm.shell.transition.TransitionAnimationHelper.createExtensionSurface:241 com.android.wm.shell.transition.TransitionAnimationHelper.edgeExtendWindow:228 com.android.wm.shell.transition.DefaultTransitionHandler.startAnimation:2379 com.android.wm.shell.transition.Transitions.dispatchTransition:80 com.android.wm.shell.transition.Transitions.playTransition:776
06-06 13:00:27.226  5355  5355 D SamsungStatusBarGrayIconHelper: isGrayAppearance=false
06-06 13:00:27.226  5355  5439 I InsetsSourceConsumer: applyRequestedVisibilityToControl: visible=true, type=navigationBars, host=Splash Screen etf.ri.rma.newsfeedapp.test
06-06 13:00:27.226  5355  5355 D SamsungLightBarControlHelper: onStatusBarAppearanceChanged() -  sbModeChanged:false, statusBarMode:0, barState:MODE_TRANSPARENT, isKeyguardShowing:false, navbarColorManagedByIme:false, stackAppearanceChanged:true, (AppearanceRegion{LIGHT_STATUS_BARS bounds=[0,0][1080,2340]}, ), packageName:etf.ri.rma.newsfeedapp.test
06-06 13:00:27.226  5355  5355 D NavigationBar: onSystemBarAttributesChanged() -  displayId:0, appearance:24, packageName: etf.ri.rma.newsfeedapp.test (APPEARANCE_LIGHT_STATUS_BARS APPEARANCE_LIGHT_NAVIGATION_BARS ), navbarColorManagedByIme:false
06-06 13:00:27.226  5355  5439 I InsetsSourceConsumer: applyRequestedVisibilityToControl: visible=true, type=statusBars, host=Splash Screen etf.ri.rma.newsfeedapp.test
06-06 13:00:27.226  1715  2430 I SurfaceFlinger: id=1157 createSurf, flag=24000, Surface(name=87e62a6 NavigationBar0)/@0xf64c4fb - animation-leash of insets_animation#1157
06-06 13:00:27.227  5355  5355 D SamsungLightBarControlHelper: updateNavigationBar (BLACK button) isLightOpaque:false, hasLightNavigationBarFlag:true, packageName:etf.ri.rma.newsfeedapp.test, DirectReplying:false, NavBarColorMangedByIme:false, ForceDarkForScrim:false, QsCustomizing:false, PanelHasWhiteBg:false
06-06 13:00:27.227  5355  5355 D SamsungLightBarControlHelper: updateStatusBar (BLACK icon) numStacks:1, StatusBarMode:MODE_TRANSPARENT, lightBarBounds:[Rect(0, 0 - 1080, 2340)], StatusBarState:SHADE, packageName:etf.ri.rma.newsfeedapp.test, isWhiteKeyguardStatusBar:false
06-06 13:00:27.227  1574  1638 I HYPER-HAL: [RequestManager.cpp]acquire(): Acquired ID : 1775977  [1577 / 307]    HINT :      list : [TID_LOW_LATENCY / 0] [TID / 5446] [TID / 5447] [TID / 5420] [TID / 5445]
06-06 13:00:27.227  1715  1806 I SurfaceFlinger: id=1158 createSurf, flag=20004, DimTransitionLayer for Surface(name=Task=26)/@0x58e21df#1158
06-06 13:00:27.227  1715  6620 I SurfaceFlinger: id=1159 createSurf, flag=24000, Surface(name=53a7541 StatusBar)/@0x3ba06c - animation-leash of insets_animation#1159
06-06 13:00:27.228  1574  1638 I HYPER-HAL: [RequestManager.cpp]acquire(): Acquired ID : 1777863  [1577 / 308]    HINT :      list : [UCLAMP_MIN_BOOST / 0] [TID / 5446] [TID / 5447] [TID / 5420] [TID / 5445]
06-06 13:00:27.228  5355  5420 I SurfaceControl: show, t=StartTransaction_SyncId<38>, sc=Surface(name=DimTransitionLayer for Surface(name=Task=26)/@0x58e21df)/@0x56940cf, caller=com.android.wm.shell.transition.DefaultTransitionHandler.startAnimation:2946 com.android.wm.shell.transition.Transitions.dispatchTransition:80 com.android.wm.shell.transition.Transitions.playTransition:776 com.android.wm.shell.transition.Transitions.processReadyQueue:185 com.android.wm.shell.transition.Transitions.dispatchReady:751 com.android.wm.shell.transition.Transitions.onTransitionReady:118
06-06 13:00:27.228  5355  5420 I SurfaceControl: apply is called, name=StartTransaction_SyncId<38>, caller=com.android.wm.shell.transition.DefaultTransitionHandler.startAnimation:3179 com.android.wm.shell.transition.Transitions.dispatchTransition:80 com.android.wm.shell.transition.Transitions.playTransition:776 com.android.wm.shell.transition.Transitions.processReadyQueue:185 com.android.wm.shell.transition.Transitions.dispatchReady:751 com.android.wm.shell.transition.Transitions.onTransitionReady:118
06-06 13:00:27.228  1574  1638 I HYPER-HAL: [RequestManager.cpp]releaseLocked(): Released ID : 1775977
06-06 13:00:27.228  1574  1638 I HYPER-HAL: [RequestManager.cpp]releaseLocked(): Released ID : 1777863
06-06 13:00:27.228  2342  2420 V WindowManager: Relayout hash=5a1b7f3, pid=7890, syncId=-1: mAttrs={(0,0)(fillxfill) sim={adjust=pan forwardNavigation} ty=BASE_APPLICATION
06-06 13:00:27.228  2342  2420 V WindowManager:   fl=81810100
06-06 13:00:27.228  2342  2420 V WindowManager:   pfl=12008040
06-06 13:00:27.228  2342  2420 V WindowManager:   bhv=DEFAULT
06-06 13:00:27.228  2342  2420 V WindowManager:   fitSides= naviIconColor=0}
06-06 13:00:27.229  7890  7890 I BLASTBufferQueue_Java: new BLASTBufferQueue, mName= ViewRootImpl@561e04e[InstrumentationActivityInvoker$EmptyActivity] mNativeObject= 0xb4000074df9465d0 sc.mNativeObject= 0xb4000073af93ed90 caller= android.view.ViewRootImpl.updateBlastSurfaceIfNeeded:3031 android.view.ViewRootImpl.relayoutWindow:10121 android.view.ViewRootImpl.performTraversals:4115 android.view.ViewRootImpl.doTraversal:3291 android.view.ViewRootImpl$TraversalRunnable.run:11329 android.view.Choreographer$CallbackRecord.run:1689 android.view.Choreographer$CallbackRecord.run:1698 android.view.Choreographer.doCallbacks:1153 android.view.Choreographer.doFrame:1079 android.view.Choreographer$FrameDisplayEventReceiver.run:1646
06-06 13:00:27.229  7890  7890 I BLASTBufferQueue_Java: update, w= 1080 h= 2340 mName = ViewRootImpl@561e04e[InstrumentationActivityInvoker$EmptyActivity] mNativeObject= 0xb4000074df9465d0 sc.mNativeObject= 0xb4000073af93ed90 format= -1 caller= android.graphics.BLASTBufferQueue.<init>:89 android.view.ViewRootImpl.updateBlastSurfaceIfNeeded:3031 android.view.ViewRootImpl.relayoutWindow:10121 android.view.ViewRootImpl.performTraversals:4115 android.view.ViewRootImpl.doTraversal:3291 android.view.ViewRootImpl$TraversalRunnable.run:11329
06-06 13:00:27.230  7890  7890 I ViewRootImpl@561e04e[InstrumentationActivityInvoker$EmptyActivity]: Relayout returned: old=(0,0,1080,2340) new=(0,0,1080,2340) relayoutAsync=false req=(1080,2340)0 dur=5 res=0x403 s={true 0xb4000074af975000} ch=true seqId=0
06-06 13:00:27.230  7890  7890 I ViewRootImpl@561e04e[InstrumentationActivityInvoker$EmptyActivity]: performConfigurationChange setNightDimText nightDimLevel=0
06-06 13:00:27.230  7890  7890 D ViewRootImpl@561e04e[InstrumentationActivityInvoker$EmptyActivity]: mThreadedRenderer.initialize() mSurface={isValid=true 0xb4000074af975000} hwInitialized=true
06-06 13:00:27.230  1715  1715 I Layer   : Layer::reparent [87e62a6 NavigationBar0#78] newParent : Surface(name=87e62a6 NavigationBar0)/@0xf64c4fb - animation-leash of insets_animation#1155 , isRemovedFromCurrentState : 0 -------------------------
06-06 13:00:27.230  1715  1715 I Layer   : Layer::reparent [87e62a6 NavigationBar0#78] End -------------------------
06-06 13:00:27.230  1715  1715 I Layer   : Layer::reparent [Surface(name=87e62a6 NavigationBar0)/@0xf64c4fb - animation-leash of insets_animation#1124] newParentHandle : null -------------------------
06-06 13:00:27.230  1715  1715 I Layer   : id=1124 removeFromCurrentState Surface(name=87e62a6 NavigationBar0)/@0xf64c4fb - animation-leash of insets_animation#1124 (245)
06-06 13:00:27.230  1715  1715 I Layer   : Layer::reparent [Surface(name=87e62a6 NavigationBar0)/@0xf64c4fb - animation-leash of insets_animation#1124] End -------------------------
06-06 13:00:27.230  1715  1715 I Layer   : Layer::reparent [53a7541 StatusBar#85] newParent : Surface(name=53a7541 StatusBar)/@0x3ba06c - animation-leash of insets_animation#1156 , isRemovedFromCurrentState : 0 -------------------------
06-06 13:00:27.230  1715  1715 I Layer   : Layer::reparent [53a7541 StatusBar#85] End -------------------------
06-06 13:00:27.230  1715  1715 I Layer   : Layer::reparent [Surface(name=53a7541 StatusBar)/@0x3ba06c - animation-leash of insets_animation#1125] newParentHandle : null -------------------------
06-06 13:00:27.230  1715  1715 I Layer   : id=1125 removeFromCurrentState Surface(name=53a7541 StatusBar)/@0x3ba06c - animation-leash of insets_animation#1125 (245)
06-06 13:00:27.230  1715  1715 I Layer   : Layer::reparent [Surface(name=53a7541 StatusBar)/@0x3ba06c - animation-leash of insets_animation#1125] End -------------------------
06-06 13:00:27.230  1715  1715 I Layer   : Layer [DimTransitionLayer for Surface(name=Task=26)/@0x58e21df#1158] hidden!! flag(0)
06-06 13:00:27.230  1715  1715 I Layer   : Layer [Bottom Edge Extension#1146] hidden!! flag(0)
06-06 13:00:27.230  1715  1715 I Layer   : Layer [ActivityRecord{f3d4c4d u0 etf.ri.rma.newsfeedapp.test/androidx.test.core.app.InstrumentationActivityInvoker$EmptyActivity t26}#1135] hidden!! flag(0)
06-06 13:00:27.230  1715  1715 I Layer   : Layer [Splash Screen etf.ri.rma.newsfeedapp.test$_5355#1137] hidden!! flag(0)
