06-06 13:00:11.909  7790  7812 I TestRunner: started: testIfCacheingWorks(etf.ri.rma.newsfeedapp.TestS3)
06-06 13:00:11.938  7790  7812 W FileTestStorage: Output properties is not supported.
06-06 13:00:11.938  7790  7812 I Tracing : Tracer added: class androidx.test.platform.tracing.AndroidXTracer
06-06 13:00:11.941  7790  7790 D EventInjectionStrategy: Creating injection strategy with input manager.
06-06 13:00:11.941  7790  7790 W rma.newsfeedapp: Accessing hidden method Landroid/hardware/input/InputManager;->getInstance()Landroid/hardware/input/InputManager; (unsupported, reflection, allowed)
06-06 13:00:11.942  7790  7790 W rma.newsfeedapp: Accessing hidden method Landroid/hardware/input/InputManager;->injectInputEvent(Landroid/view/InputEvent;I)Z (unsupported, reflection, allowed)
06-06 13:00:11.942  7790  7790 W rma.newsfeedapp: Accessing hidden field Landroid/hardware/input/InputManager;->INJECT_INPUT_EVENT_MODE_WAIT_FOR_FINISH:I (unsupported, reflection, allowed)
06-06 13:00:11.944  7790  7790 W rma.newsfeedapp: Accessing hidden method Landroid/os/MessageQueue;->next()Landroid/os/Message; (unsupported, reflection, allowed)
06-06 13:00:11.945  7790  7790 W rma.newsfeedapp: Accessing hidden field Landroid/os/MessageQueue;->mMessages:Landroid/os/Message; (unsupported, reflection, allowed)
06-06 13:00:11.945  7790  7790 W rma.newsfeedapp: Accessing hidden method Landroid/os/Message;->recycleUnchecked()V (unsupported, reflection, allowed)
06-06 13:00:11.945  7790  7812 D IdlingRegistry: Registering idling resources: [androidx.compose.ui.test.EspressoLink@5643391]
06-06 13:00:11.958  7790  7812 W Settings: Setting always_finish_activities has moved from android.provider.Settings.System to android.provider.Settings.Global, returning read-only value.
06-06 13:00:11.966  2342  2632 I ChimeraSystemEventListener: appLaunchIntent package name is: etf.ri.rma.newsfeedapp
06-06 13:00:11.974  2342  6621 I SemDvfsHyPerManager: acquire hyper - AMS_APP_SWITCH/2342@31, type = -999
06-06 13:00:11.974  1715  2430 I SurfaceFlinger: id=481 createSurf, flag=24004, Task=11#481
06-06 13:00:11.977  1715  2430 I SurfaceFlinger: id=482 createSurf, flag=84004, ActivityRecord{874f817 u0 etf.ri.rma.newsfeedapp/.MainActivity t11}#482
06-06 13:00:11.977  1574  1638 I HYPER-HAL: [RequestManager.cpp]acquire(): Acquired ID : 2816782  [2342 / 31]    HINT : AMS_APP_SWITCH    list :
06-06 13:00:11.977  8184  8184 I SemDvfsHyPerManager: acquire hyper - APP_START_SHORT/8184@19, type = -999
06-06 13:00:11.981  2342  6906 I SemDvfsHyPerManager: acquire hyper - AMS_APP_LAUNCH/2342@18, type = -999
06-06 13:00:11.981  1715  2430 I VSyncReactor: Current= 120, Period= 120, Distance= 8
06-06 13:00:11.981  7273  7273 E pageboostd: Received HALT command code 2
06-06 13:00:11.981  1715  1715 D SurfaceFlinger: GPIS:: requestGPISForClientComposition
06-06 13:00:11.984  1715  7050 D NativeSemDvfsManager: acquire:: timeout = 2000 mIsAcquired = 1  mTagName : SurfaceFlinger
06-06 13:00:11.984  1715  7050 E NativeCustomFrequencyManager: [NativeCFMS] BpCustomFrequencyManager::acquire()
06-06 13:00:11.985  8184  8184 I SemDvfsHyPerManager: acquire hyper - APP_START/8184@21, type = -999
06-06 13:00:11.985  2342  2420 D SecContentProvider: query(), uri = 17 selection = isSettingsChangesAllowed
06-06 13:00:11.986  6421  6421 I HoneySpace.Launcher: !@Boot_EBS_D: Launcher.onPause()
06-06 13:00:11.986  6421  7247 I HoneySpace.SPayHandler: updateSpayHandler launcher activity is paused false
06-06 13:00:11.986  6421  6421 I HoneySpace.Launcher: updateLauncherShowing true -> false
06-06 13:00:11.989  1715  1807 I VSyncReactor: Current= 120, Period= 120, Distance= 120
06-06 13:00:11.989  2342  2420 D InputDispatcher: Focused application(0): ActivityRecord{874f817 u0 etf.ri.rma.newsfeedapp/.MainActivity t11}
06-06 13:00:11.990  5355  5445 D NativeCustomFrequencyManager: [NativeCFMS] BpCustomFrequencyManager::BpCustomFrequencyManager()
06-06 13:00:11.992  6421  6488 I HoneySpace.TopTaskSource: onTaskMovedToFront : taskId = 11
06-06 13:00:11.993  2342  5287 D SemWifiTransportLayerMonitor.TcpMonitorHandler: MSG_SAVE_PACKAGE_INFO
06-06 13:00:11.993  6421  7247 I HoneySpace.RecentTasks: onRecentTasksChanged
06-06 13:00:11.993  2342  5287 D SemWifiTransportLayerFileManager: saveWifiPackageInfoToFile
06-06 13:00:11.993  2342  5287 D SemWifiTransportLayerFileManager: writeWifiPackageInfoList
06-06 13:00:11.993  6421  6490 I HoneySpace.TopTaskUseCase: topTasks 11 ComponentInfo{etf.ri.rma.newsfeedapp/etf.ri.rma.newsfeedapp.MainActivity}
06-06 13:00:11.993  1930  5588 I CameraService: onUidStateChanged: uid=10046, procState is changed. (0 -> 1)
06-06 13:00:11.994  2342  5206 D AS.MultiSoundManager: mForegroundUid = 10317
06-06 13:00:11.994  2342  5206 D AS.MultiSoundManager: mForegroundUid = 10317
06-06 13:00:11.994 11224 11224 D HidDeviceService: handleMessage(): msg.what=8
06-06 13:00:11.994  6421  6488 I HoneySpace.TopTaskSource: onTaskFocusChanged(): taskId = 11
06-06 13:00:11.994  6421  6488 I HoneySpace.TopTaskSource: onTaskMovedToFront : taskId = 11
06-06 13:00:11.995  6421  6488 I HoneySpace.TopTaskSource: onTaskFocusChanged(): taskId = 11
06-06 13:00:11.995  6421  6488 I HoneySpace.TopTaskSource: onTaskMovedToFront : taskId = 11
06-06 13:00:11.995  2342  2630 D PkgPredictorService-SecIpmManagerServiceImpl: onForegroundActivitiesChanged pid:7790 uid:10317
06-06 13:00:11.997  1715  1715 I BpBinder: onLastStrongRef automatically unlinking death recipients:
06-06 13:00:11.997  2342  2420 D InputDispatcher: Focus request (0): <null> but waiting because NO_WINDOW
06-06 13:00:11.997  2342  2420 D InputDispatcher: Focus left window (0): da5c5e7 com.sec.android.app.launcher/com.sec.android.app.launcher.activities.LauncherActivity
06-06 13:00:11.998  7790  7790 D OpenGLRenderer: HWUI - treat SMPTE_170M as sRGB
06-06 13:00:11.998  6421  6421 I ViewRootImpl@cc9c4e9[LauncherActivity]: handleWindowFocusChanged: 0 0 call from android.view.ViewRootImpl.-$$Nest$mhandleWindowFocusChanged:0
06-06 13:00:11.998  6421  6421 I ImeFocusController: onPreWindowFocus: skipped, hasWindowFocus=false mHasImeFocus=true
06-06 13:00:11.999  6421  6421 I ImeFocusController: onPostWindowFocus: skipped, hasWindowFocus=false mHasImeFocus=true
06-06 13:00:11.999  7790  7818 I AdrenoGLES-0: QUALCOMM build                   : d774a8672e, I8ea610b5b4
06-06 13:00:11.999  7790  7818 I AdrenoGLES-0: Build Date                       : 01/03/24
06-06 13:00:11.999  7790  7818 I AdrenoGLES-0: OpenGL ES Shader Compiler Version: E031.42.23.12
06-06 13:00:11.999  7790  7818 I AdrenoGLES-0: Local Branch                     :
06-06 13:00:11.999  7790  7818 I AdrenoGLES-0: Remote Branch                    : refs/tags/AU_LINUX_ANDROID_LA.VENDOR.14.3.0.11.00.00.973.408
06-06 13:00:11.999  7790  7818 I AdrenoGLES-0: Remote Branch                    : NONE
06-06 13:00:11.999  7790  7818 I AdrenoGLES-0: Reconstruct Branch               : NOTHING
06-06 13:00:11.999  7790  7818 I AdrenoGLES-0: Build Config                     : S P 16.1.2 AArch64
06-06 13:00:11.999  7790  7818 I AdrenoGLES-0: Driver Path                      : /vendor/lib64/egl/libGLESv2_adreno.so
06-06 13:00:11.999  7790  7818 I AdrenoGLES-0: Driver Version                   : 0744.18
06-06 13:00:11.999  7790  7818 I AdrenoGLES-0: Process Name                     : etf.ri.rma.newsfeedapp
06-06 13:00:12.001  6421  6421 I Edge.ActivityUtils: HomePackage : com.sec.android.app.launcher, resumePackageName : etf.ri.rma.newsfeedapp
06-06 13:00:12.003  1574  1638 I HYPER-HAL: [RequestManager.cpp]acquire(): Acquired ID : 33648725  [8184 / 19]    HINT : APP_START    list : [TIMEOUT / 1500]
06-06 13:00:12.003  2342  5453 D InputTransport: Input channel constructed: 'ca87291', fd=992
06-06 13:00:12.003  2342  5453 D InputTransport: Input channel constructed: 'ca87291', fd=1009
06-06 13:00:12.003  2342  5453 D InputTransport: Input channel constructed: 'ca87291', fd=1072
06-06 13:00:12.003  1574  1638 I HYPER-HAL: [RequestManager.cpp]acquire(): Acquired ID : 2785998  [2342 / 18]    HINT : AMS_APP_LAUNCH    list :
06-06 13:00:12.003  1715  2430 I SurfaceFlinger: id=485 createSurf, flag=84004, ca87291 Splash Screen etf.ri.rma.newsfeedapp#485
06-06 13:00:12.004  7225  7225 I SLPASVC : onStartJob                                                                                          [at com.samsung.euicc.lpaService.NotificationJobService.onStartJob(NotificationJobService.java:3)]
06-06 13:00:12.004  7225  7225 I SLPASVC : start NotificationService                                                                           [at com.samsung.euicc.lpaService.NotificationJobService.onStartJob(NotificationJobService.java:28)]
06-06 13:00:12.006  1574  1638 I HYPER-HAL: [RequestManager.cpp]acquire(): Acquired ID : 3687970  [1715 / 1000]    HINT : SF_GPU_MINLOCK    list : [TIMEOUT / 2000]
06-06 13:00:12.006  1574  1638 I HYPER-HAL: [RequestManager.cpp]acquire(): Acquired ID : 33665136  [8184 / 21]    HINT : APP_START    list :
06-06 13:00:12.006  1574  1638 I HYPER-HAL: [RequestManager.cpp]acquire(): Acquired ID : 1402072  [1577 / 97]    HINT :      list : [TID_LOW_LATENCY / 1] [TID / 5446] [TID / 5447] [TID / 5439] [TID / 5445]
06-06 13:00:12.007  7790  7818 I AdrenoGLES-0: PFP: 0x01520171, ME: 0x01520023
06-06 13:00:12.009  7790  7818 E Adreno-AppProfiles: QSPM AIDL service doesn't exist
06-06 13:00:12.009  2342  5453 D InputTransport: Input channel destroyed: 'ca87291', fd=1072
06-06 13:00:12.010  5355  5439 I InsetsController: onStateChanged: host=Splash Screen etf.ri.rma.newsfeedapp, from=android.view.ViewRootImpl.setView:1751, state=InsetsState: {mDisplayFrame=Rect(0, 0 - 1080, 2340), mDisplayCutout=DisplayCutout{insets=Rect(0, 87 - 0, 0) waterfall=Insets{left=0, top=0, right=0, bottom=0} boundingRect={Bounds=[Rect(0, 0 - 0, 0), Rect(512, 0 - 568, 87), Rect(0, 0 - 0, 0), Rect(0, 0 - 0, 0)]} cutoutPathParserInfo={CutoutPathParserInfo{displayWidth=1080 displayHeight=2340 physicalDisplayWidth=1080 physicalDisplayHeight=2340 density={3.0} cutoutSpec={M 0,0 H -9.333333333333333 V 29 H 9.333333333333333 V 0 H 0 Z @dp} rotation={0} scale={1.0} physicalPixelDisplaySizeRatio={1.0}}}}, mRoundedCorners=RoundedCorners{[RoundedCorner{position=TopLeft, radius=102, center=Point(102, 102)}, RoundedCorner{position=TopRight, radius=102, center=Point(978, 102)}, RoundedCorner{position=BottomRight, radius=102, center=Point(978, 2238)}, RoundedCorner{position=BottomLeft, radius=102, center=Point(102, 2238)}]}  mRoundedCornerFrame=Rect(0, 0 - 1080, 2340), mPrivacyIndicatorBounds=PrivacyIndicatorBounds {static bounds=Rect(948, 0 - 1080, 87) rotation=0}, mDisplayShape=DisplayShape{ spec=1769313948 displayWidth=1080 displayHeight=2340 physicalPixelDisplaySizeRatio=1.0 rotation=0 offsetX=0 offsetY=0 scale=1.0}, mSources= { InsetsSource: {985d0000 mType=statusBars mFrame=[0,0][1080,87] mVisible=true mFlags=[]}, InsetsSource: {985d0005 mType=mandatorySystemGestures mFrame=[0,0][1080,123] mVisible=true mFlags=[]}, InsetsSource: {985d0006 mType=tappableElement mFrame=[0,0][1080,87] mVisible=true mFlags=[]}, InsetsSource: {3 mType=ime mFrame=[0,0][0,0] mVisible=false mFlags=[]}, InsetsSource: {27 mType=displayCutout mFrame=[0,0][1080,87] mVisible=true mFlags=[]}, InsetsSource: {26df0001 mType=navigationBars mFrame=[0,2196][1080,2340] mVisible=true mFlags=[]}, InsetsSource: {26df0004 mType=systemGestures mFrame=[0,0][0,0] mVisible=true mFlags=[]}, InsetsSource: {26df0005 mType=mandatorySystemGestures mFrame=[0,2196][1080,2340] mVisible=true mFlags=[]}, InsetsSource: {26df0006 mType=tappableElement mFrame=[0,2196][1080,2340] mVisible=true mFlags=[]}, InsetsSource: {26df0024 mType=systemGestures mFrame=[0,0][0,0] mVisible=true mFlags=[]} }
06-06 13:00:12.010  5355  5439 I ViewRootImpl@4299fbb[newsfeedapp]: synced displayState. AttachInfo displayState=2
06-06 13:00:12.010  5355  5439 I ViewRootImpl@4299fbb[newsfeedapp]: setView = android.widget.FrameLayout@bc87c97 TM=true
06-06 13:00:12.011  5355  5445 D OpenGLRenderer: HWUI - treat SMPTE_170M as sRGB
06-06 13:00:12.011  7790  7818 I AdrenoUtils: <ReadGpuID:353>: Reading chip ID through GSL
06-06 13:00:12.012  7225  7225 I SLPASVC : onStartCommand()                                                                                    [at com.samsung.euicc.lpaService.NotificationService.onStartCommand(NotificationService.java:3)]
06-06 13:00:12.012  7790  7790 D LifecycleMonitor: Lifecycle status change: etf.ri.rma.newsfeedapp.MainActivity@4c765a6 in: PRE_ON_CREATE
06-06 13:00:12.013  7790  7790 V ActivityScenario: Activity lifecycle changed event received but ignored because the reported transition was not ON_CREATE while the last known transition was PRE_ON_CREATE
06-06 13:00:12.013  7012  7043 D BufferPoolAccessor2.0: bufferpool2 0xb400007dbe05aed8 : 12(53754 size) total buffers - 1(4666 size) used buffers - 80/127 (recycle/alloc) - 55/126 (fetch/transfer)
06-06 13:00:12.013  7012  7043 D C2SoftVpxEnc: bytes generated 4666
06-06 13:00:12.015  7225  7225 I SLPASVC : onDestroy                                                                                           [at com.samsung.euicc.lpaService.NotificationService.onDestroy(NotificationService.java:6)]
06-06 13:00:12.016  2342  6906 V WindowManager: Relayout Window{ca87291 u0 Splash Screen etf.ri.rma.newsfeedapp}: viewVisibility=0 req=1080x2340 ty=3 d0
06-06 13:00:12.020  7790  7790 I DecorView: setWindowBackground: isPopOver=false color=fffafafa d=android.graphics.drawable.ColorDrawable@8446500
06-06 13:00:12.021  1715  2430 I SurfaceFlinger: id=487 createSurf, flag=44004, Splash Screen etf.ri.rma.newsfeedapp$_5355#487
06-06 13:00:12.023  2342  6906 V WindowManager: Relayout hash=ca87291, pid=5355, syncId=-1: mAttrs={(0,0)(fillxfill) sim={adjust=pan} ty=APPLICATION_STARTING fmt=TRANSLUCENT wanim=0x1030303
06-06 13:00:12.023  2342  6906 V WindowManager:   fl=81030118
06-06 13:00:12.023  2342  6906 V WindowManager:   pfl=16000010
06-06 13:00:12.023  2342  6906 V WindowManager:   apr=LIGHT_STATUS_BARS LIGHT_NAVIGATION_BARS
06-06 13:00:12.023  2342  6906 V WindowManager:   bhv=DEFAULT
06-06 13:00:12.023  2342  6906 V WindowManager:   fitSides= naviIconColor=0}
06-06 13:00:12.023  5355  5439 I BLASTBufferQueue_Java: new BLASTBufferQueue, mName= ViewRootImpl@4299fbb[newsfeedapp] mNativeObject= 0xb4000074df946c10 sc.mNativeObject= 0xb4000073af963990 caller= android.view.ViewRootImpl.updateBlastSurfaceIfNeeded:3031 android.view.ViewRootImpl.relayoutWindow:10121 android.view.ViewRootImpl.performTraversals:4115 android.view.ViewRootImpl.doTraversal:3291 android.view.ViewRootImpl$TraversalRunnable.run:11329 android.view.Choreographer$CallbackRecord.run:1689 android.view.Choreographer$CallbackRecord.run:1698 android.view.Choreographer.doCallbacks:1153 android.view.Choreographer.doFrame:1079 android.view.Choreographer$FrameDisplayEventReceiver.run:1646
06-06 13:00:12.023  5355  5439 I BLASTBufferQueue_Java: update, w= 1080 h= 2340 mName = ViewRootImpl@4299fbb[newsfeedapp] mNativeObject= 0xb4000074df946c10 sc.mNativeObject= 0xb4000073af963990 format= -3 caller= android.graphics.BLASTBufferQueue.<init>:89 android.view.ViewRootImpl.updateBlastSurfaceIfNeeded:3031 android.view.ViewRootImpl.relayoutWindow:10121 android.view.ViewRootImpl.performTraversals:4115 android.view.ViewRootImpl.doTraversal:3291 android.view.ViewRootImpl$TraversalRunnable.run:11329
06-06 13:00:12.024  5355  5439 I ViewRootImpl@4299fbb[newsfeedapp]: Relayout returned: old=(0,0,1080,2340) new=(0,0,1080,2340) relayoutAsync=false req=(1080,2340)0 dur=12 res=0x403 s={true 0xb4000074af9a3d60} ch=true seqId=0
06-06 13:00:12.024  5355  5439 I ViewRootImpl@4299fbb[newsfeedapp]: performConfigurationChange setNightDimText nightDimLevel=0
06-06 13:00:12.024  7012  7043 D C2SoftVpxEnc: bytes generated 4666
06-06 13:00:12.024  5355  5439 D ViewRootImpl@4299fbb[newsfeedapp]: mThreadedRenderer.initialize() mSurface={isValid=true 0xb4000074af9a3d60} hwInitialized=true
06-06 13:00:12.024  5355  5439 D ViewRootImpl@4299fbb[newsfeedapp]: reportNextDraw android.view.ViewRootImpl.performTraversals:4723 android.view.ViewRootImpl.doTraversal:3291 android.view.ViewRootImpl$TraversalRunnable.run:11329 android.view.Choreographer$CallbackRecord.run:1689 android.view.Choreographer$CallbackRecord.run:1698
06-06 13:00:12.024  5355  5439 I ViewRootImpl@4299fbb[newsfeedapp]: Setup new sync=wmsSync-ViewRootImpl@4299fbb[newsfeedapp]#44
06-06 13:00:12.024  5355  5439 I ViewRootImpl@4299fbb[newsfeedapp]: Creating new active sync group ViewRootImpl@4299fbb[newsfeedapp]#45
06-06 13:00:12.024  5355  5439 I ViewRootImpl@4299fbb[newsfeedapp]: registerCallbacksForSync syncBuffer=false
06-06 13:00:12.025  5355  5447 I ViewRootImpl@4299fbb[newsfeedapp]: Received frameDrawingCallback syncResult=0 frameNum=1.
06-06 13:00:12.025  5355  5447 I ViewRootImpl@4299fbb[newsfeedapp]: mWNT: t=0xb40000747f95d050 mBlastBufferQueue=0xb4000074df946c10 fn= 1 mRenderHdrSdrRatio=1.0 caller= android.view.ViewRootImpl$8.onFrameDraw:13826 android.view.ThreadedRenderer$1.onFrameDraw:792 <bottom of call stack>
06-06 13:00:12.025  5355  5447 I ViewRootImpl@4299fbb[newsfeedapp]: Setting up sync and frameCommitCallback
06-06 13:00:12.025  5355  5445 I BLASTBufferQueue: [ViewRootImpl@4299fbb[newsfeedapp]#9](f:0,a:0,s:0) onFrameAvailable the first frame is available
06-06 13:00:12.025  5355  5445 I ViewRootImpl@4299fbb[newsfeedapp]: Received frameCommittedCallback lastAttemptedDrawFrameNum=1 didProduceBuffer=true
06-06 13:00:12.026  5355  5445 D OpenGLRenderer: CFMS:: SetUp Pid : 5355    Tid : 5445
06-06 13:00:12.026  5355  5439 I ViewRootImpl@4299fbb[newsfeedapp]: reportDrawFinished seqId=0
06-06 13:00:12.027  7790  7790 D LifecycleMonitor: Lifecycle status change: etf.ri.rma.newsfeedapp.MainActivity@4c765a6 in: CREATED
06-06 13:00:12.027  7790  7790 V ActivityScenario: Update currentActivityStage to CREATED, currentActivity=etf.ri.rma.newsfeedapp.MainActivity@4c765a6
06-06 13:00:12.028  1715  1807 I SurfaceFlinger: id=489 createSurf, flag=84004, Transition Root: Task=11#489
06-06 13:00:12.028  7790  7790 D LifecycleMonitor: Lifecycle status change: etf.ri.rma.newsfeedapp.MainActivity@4c765a6 in: STARTED
06-06 13:00:12.028  7790  7790 V ActivityScenario: Update currentActivityStage to STARTED, currentActivity=etf.ri.rma.newsfeedapp.MainActivity@4c765a6
06-06 13:00:12.028  2342  2633 I SurfaceControl: show, t=StartTransaction_SyncId<16>, sc=Surface(name=ActivityRecord{874f817 u0 etf.ri.rma.newsfeedapp/.MainActivity t11})/@0xe21a2d0, caller=com.android.server.wm.Transition.onTransactionReady:1962 com.android.server.wm.BLASTSyncEngine$SyncGroup.finishNow:310 com.android.server.wm.BLASTSyncEngine$SyncGroup.tryFinish:242 com.android.server.wm.BLASTSyncEngine$SyncGroup.-$$Nest$mtryFinish:0 com.android.server.wm.BLASTSyncEngine.onSurfacePlacement:670 com.android.server.wm.RootWindowContainer.performSurfacePlacementNoTrace:988
06-06 13:00:12.030  5355  5420 I SurfaceControl: hide, t=FinishTransaction_SyncId<16>, sc=Surface(name=Task=1)/@0x23fc6ee, caller=com.android.wm.shell.transition.Transitions.dispatchReady:681 com.android.wm.shell.transition.Transitions.onTransitionReady:118 com.android.wm.shell.transition.Transitions$TransitionPlayerImpl$$ExternalSyntheticLambda0.run:13 android.os.Handler.handleCallback:958 android.os.Handler.dispatchMessage:99 android.os.Looper.loopOnce:230
06-06 13:00:12.030  7790  7790 D LifecycleMonitor: Lifecycle status change: etf.ri.rma.newsfeedapp.MainActivity@4c765a6 in: RESUMED
06-06 13:00:12.030  5355  5420 I SurfaceControl: show, t=StartTransaction_SyncId<16>, sc=Surface(name=Task=11)/@0x13b9c69, caller=com.android.wm.shell.transition.Transitions.dispatchReady:686 com.android.wm.shell.transition.Transitions.onTransitionReady:118 com.android.wm.shell.transition.Transitions$TransitionPlayerImpl$$ExternalSyntheticLambda0.run:13 android.os.Handler.handleCallback:958 android.os.Handler.dispatchMessage:99 android.os.Looper.loopOnce:230
06-06 13:00:12.030  5355  5420 I SurfaceControl: show, t=FinishTransaction_SyncId<16>, sc=Surface(name=Task=11)/@0x13b9c69, caller=com.android.wm.shell.transition.Transitions.dispatchReady:733 com.android.wm.shell.transition.Transitions.onTransitionReady:118 com.android.wm.shell.transition.Transitions$TransitionPlayerImpl$$ExternalSyntheticLambda0.run:13 android.os.Handler.handleCallback:958 android.os.Handler.dispatchMessage:99 android.os.Looper.loopOnce:230
06-06 13:00:12.030  7790  7790 V ActivityScenario: Update currentActivityStage to RESUMED, currentActivity=etf.ri.rma.newsfeedapp.MainActivity@4c765a6
06-06 13:00:12.030  5355  5420 I SurfaceControl: show, t=StartTransaction_SyncId<16>, sc=Surface(name=Transition Root: Task=11)/@0xdd8678f, caller=com.android.wm.shell.transition.Transitions.playTransition:80 com.android.wm.shell.transition.Transitions.processReadyQueue:185 com.android.wm.shell.transition.Transitions.dispatchReady:751 com.android.wm.shell.transition.Transitions.onTransitionReady:118 com.android.wm.shell.transition.Transitions$TransitionPlayerImpl$$ExternalSyntheticLambda0.run:13 android.os.Handler.handleCallback:958
06-06 13:00:12.031  1715  1807 I SurfaceFlinger: id=491 createSurf, flag=84000, fe16a58 ActivityRecordInputSink etf.ri.rma.newsfeedapp/.MainActivity#491
06-06 13:00:12.031  5355  5420 I SurfaceControl: apply is called, name=StartTransaction_SyncId<16>, caller=android.view.SurfaceControl$Transaction.apply:2921 com.android.wm.shell.transition.DefaultTransitionHandler.startAnimation:3202 com.android.wm.shell.transition.Transitions.dispatchTransition:80 com.android.wm.shell.transition.Transitions.playTransition:776 com.android.wm.shell.transition.Transitions.processReadyQueue:185 com.android.wm.shell.transition.Transitions.dispatchReady:751
06-06 13:00:12.033  7790  7790 D CompatibilityChangeReporter: Compat change id reported: 237531167; UID 10317; state: DISABLED
06-06 13:00:12.034  7012  7043 D C2SoftVpxEnc: bytes generated 4666
06-06 13:00:12.034  7790  7790 W libc    : Access denied finding property "persist.dm.passive.display_brightness"
06-06 13:00:12.034  7790  7790 W libc    : Access denied finding property "persist.dm.passive.ambient_brightness"
06-06 13:00:12.035  7790  7818 D NativeCustomFrequencyManager: [NativeCFMS] BpCustomFrequencyManager::BpCustomFrequencyManager()
06-06 13:00:12.037  1574  1638 I HYPER-HAL: [RequestManager.cpp]acquire(): Acquired ID : 1405425  [1577 / 99]    HINT :      list : [TID_LOW_LATENCY / 1] [TID / 7828] [TID / 7829] [TID / 7790] [TID / 7818]
06-06 13:00:12.038  2342  5437 D InputTransport: Input channel constructed: 'd4f7c8a', fd=1078
06-06 13:00:12.038  2342  5437 D InputTransport: Input channel constructed: 'd4f7c8a', fd=1081
06-06 13:00:12.038  2342  5437 D InputTransport: Input channel constructed: 'd4f7c8a', fd=1077
06-06 13:00:12.038  1715  1715 I Layer   : Layer [Splash Screen etf.ri.rma.newsfeedapp$_5355#487] hidden!! flag(0)
06-06 13:00:12.038  1715  1715 I Layer   : Layer [Task=11#481] hidden!! flag(0)
06-06 13:00:12.038  1715  1715 I Layer   : Layer::reparent [Task=11#481] newParent : Transition Root: Task=11#489 , isRemovedFromCurrentState : 0 -------------------------
06-06 13:00:12.038  1715  1715 I Layer   : Layer::reparent [Task=11#481] End -------------------------
06-06 13:00:12.038  1715  2430 I SurfaceFlinger: id=492 createSurf, flag=84004, d4f7c8a etf.ri.rma.newsfeedapp/etf.ri.rma.newsfeedapp.MainActivity#492
06-06 13:00:12.038  1715  1715 I Layer   : Layer::reparent [Task=1#52] newParent : Transition Root: Task=11#489 , isRemovedFromCurrentState : 0 -------------------------
06-06 13:00:12.038  1715  1715 I Layer   : Layer::reparent [Task=1#52] End -------------------------
06-06 13:00:12.038  1715  1715 I Layer   : Layer [ActivityRecord{874f817 u0 etf.ri.rma.newsfeedapp/.MainActivity t11}#482] hidden!! flag(0)
06-06 13:00:12.038  1715  1715 I Layer   : Layer [Transition Root: Task=11#489] hidden!! flag(0)
06-06 13:00:12.038  1715  1715 I Layer   : Layer [ca87291 Splash Screen etf.ri.rma.newsfeedapp#485] hidden!! flag(0)
06-06 13:00:12.039  2342  5437 D InputTransport: Input channel destroyed: 'd4f7c8a', fd=1077
06-06 13:00:12.041  7790  7790 I InsetsController: onStateChanged: host=etf.ri.rma.newsfeedapp/etf.ri.rma.newsfeedapp.MainActivity, from=android.view.ViewRootImpl.setView:1751, state=InsetsState: {mDisplayFrame=Rect(0, 0 - 1080, 2340), mDisplayCutout=DisplayCutout{insets=Rect(0, 87 - 0, 0) waterfall=Insets{left=0, top=0, right=0, bottom=0} boundingRect={Bounds=[Rect(0, 0 - 0, 0), Rect(512, 0 - 568, 87), Rect(0, 0 - 0, 0), Rect(0, 0 - 0, 0)]} cutoutPathParserInfo={CutoutPathParserInfo{displayWidth=1080 displayHeight=2340 physicalDisplayWidth=1080 physicalDisplayHeight=2340 density={3.0} cutoutSpec={M 0,0 H -9.333333333333333 V 29 H 9.333333333333333 V 0 H 0 Z @dp} rotation={0} scale={1.0} physicalPixelDisplaySizeRatio={1.0}}}}, mRoundedCorners=RoundedCorners{[RoundedCorner{position=TopLeft, radius=102, center=Point(102, 102)}, RoundedCorner{position=TopRight, radius=102, center=Point(978, 102)}, RoundedCorner{position=BottomRight, radius=102, center=Point(978, 2238)}, RoundedCorner{position=BottomLeft, radius=102, center=Point(102, 2238)}]}  mRoundedCornerFrame=Rect(0, 0 - 1080, 2340), mPrivacyIndicatorBounds=PrivacyIndicatorBounds {static bounds=Rect(948, 0 - 1080, 87) rotation=0}, mDisplayShape=DisplayShape{ spec=1769313948 displayWidth=1080 displayHeight=2340 physicalPixelDisplaySizeRatio=1.0 rotation=0 offsetX=0 offsetY=0 scale=1.0}, mSources= { InsetsSource: {985d0000 mType=statusBars mFrame=[0,0][1080,87] mVisible=true mFlags=[]}, InsetsSource: {985d0005 mType=mandatorySystemGestures mFrame=[0,0][1080,123] mVisible=true mFlags=[]}, InsetsSource: {985d0006 mType=tappableElement mFrame=[0,0][1080,87] mVisible=true mFlags=[]}, InsetsSource: {3 mType=ime mFrame=[0,0][0,0] mVisible=false mFlags=[]}, InsetsSource: {27 mType=displayCutout mFrame=[0,0][1080,87] mVisible=true mFlags=[]}, InsetsSource: {26df0001 mType=navigationBars mFrame=[0,2196][1080,2340] mVisible=true mFlags=[]}, InsetsSource: {26df0004 mType=systemGestures mFrame=[0,0][0,0] mVisible=true mFlags=[]}, InsetsSource: {26df0005 mType=mandatorySystemGestures mFrame=[0,2196][1080,2340] mVisible=true mFlags=[]}, InsetsSource: {26df0006 mType=tappableElement mFrame=[0,2196][1080,2340] mVisible=true mFlags=[]}, InsetsSource: {26df0024 mType=systemGestures mFrame=[0,0][0,0] mVisible=true mFlags=[]} }
06-06 13:00:12.041  7790  7790 I ViewRootImpl@50344d5[MainActivity]: synced displayState. AttachInfo displayState=2
06-06 13:00:12.041  7790  7790 I ViewRootImpl@50344d5[MainActivity]: setView = com.android.internal.policy.DecorView@dc05951 TM=true
06-06 13:00:12.042  7790  7790 I IDS_TAG : Starting IDS observe window
06-06 13:00:12.042  7790  7790 I IDS_TAG : Getting Shared Preference for android.app.Application@bc2e5b6 uid = 10317
06-06 13:00:12.043  7790  7790 I IDS_TAG : App android.app.Application@bc2e5b6 has not finished training
06-06 13:00:12.043  7790  7818 D OpenGLRenderer: HWUI - treat SMPTE_170M as sRGB
06-06 13:00:12.043  7790  7790 I IDS_TAG : Closing IDS observe window
06-06 13:00:12.043  7790  7790 I IDS_TAG : Getting Shared Preference for android.app.Application@bc2e5b6 uid = 10317
06-06 13:00:12.044  7790  7790 I IDS_TAG : IDS count updated to 1 for android.app.Application@bc2e5b6
06-06 13:00:12.044  7012  7043 D C2SoftVpxEnc: bytes generated 940
06-06 13:00:12.047  1715  1715 I Layer   : Layer [d4f7c8a etf.ri.rma.newsfeedapp/etf.ri.rma.newsfeedapp.MainActivity#492] hidden!! flag(0)
06-06 13:00:12.054  7012  7043 D C2SoftVpxEnc: bytes generated 4726
06-06 13:00:12.063  7012  7043 D C2SoftVpxEnc: bytes generated 4674
06-06 13:00:12.066  1715  1715 D SurfaceFlinger: Display 4630946970390616451 HWC layers:
06-06 13:00:12.066  1715  1715 D SurfaceFlinger:      DEVICE | 0xb4000073beb13a00 | 0100 | RGBA_8888    |  630.0    0.0 1710.0 2340.0 |    0    0 1080 2340 | Wallpaper BBQ wrapper 5_system#94
06-06 13:00:12.066  1715  1715 D SurfaceFlinger:      DEVICE | 0xb4000073beb084e0 | 0100 | RGBA_8888    |    0.0    0.0 1080.0 2340.0 |    0    0 1080 2340 | com.sec.android.app.launcher/com.sec[...]ctivities.LauncherActivity$_6421#224
06-06 13:00:12.066  1715  1715 D SurfaceFlinger:      CLIENT | 0xb4000073beaf6210 | 0100 | RGBA_8888    |    0.0    0.0 1080.0 2340.0 |   78  170 1002 2170 | Splash Screen etf.ri.rma.newsfeedapp$_5355#487
06-06 13:00:12.066  1715  1715 D SurfaceFlinger:      DEVICE | 0xb4000073beb044c0 | 0100 | RGBA_8888    |    0.0    0.0 1080.0   87.0 |    0    0 1080   87 | StatusBar$_5355#90
06-06 13:00:12.066  1715  1715 D SurfaceFlinger:      DEVICE | 0xb4000073beb138e0 | 0100 | RGBA_8888    |    0.0    0.0   67.0  342.0 | 1013  438 1080  780 | com.sec.android.app.launcher/com.sam[...]ce.edge.CocktailBarService$_6421#145
06-06 13:00:12.066  1715  1715 D SurfaceFlinger:      DEVICE | 0xb4000073beb07fd0 | 0100 | RGBA_8888    |    0.0    0.0 1080.0  144.0 |    0 2196 1080 2340 | NavigationBar0$_5355#89
06-06 13:00:12.066  1715  1715 D SurfaceFlinger:
06-06 13:00:12.072  7012  7043 D C2SoftVpxEnc: bytes generated 4668
06-06 13:00:12.081  7012  7043 D C2SoftVpxEnc: bytes generated 4669
06-06 13:00:12.085  2342 14894 D system_server: mAFPC_Read - w = 1080, h = 2340, s = 8, f = 4, s_size = 10183680, luminance = 1, count = 309, captureOrientation = 0
06-06 13:00:12.087 24682 24682 I A       : onPause
06-06 13:00:12.092  6421  7247 I HoneySpace.RecentTasks: onRecentTasksChanged
06-06 13:00:12.092  8184  8685 I SemDvfsHyPerManager: acquire hyper - TABaseBoost/8184@26, type = 1090523139
06-06 13:00:12.093  1574  1638 I HYPER-HAL: [RequestManager.cpp]acquire(): Acquired ID : 33706181  [8184 / 26]    HINT :      list : [TABoost / 1]
06-06 13:00:12.096  1652  2311 I QC2CompStore: Setting heap usage to system
06-06 13:00:12.096  7012  7043 D C2SoftVpxEnc: bytes generated 26403
06-06 13:00:12.112  1652  2311 I QC2CompStore: Setting heap usage to system
06-06 13:00:12.112  7012  7043 D C2SoftVpxEnc: bytes generated 28033
06-06 13:00:12.124  1652  2311 I QC2CompStore: Setting heap usage to system
06-06 13:00:12.124  7012  7043 D C2SoftVpxEnc: bytes generated 13649
06-06 13:00:12.135  1652  2311 I QC2CompStore: Setting heap usage to system
06-06 13:00:12.135  7012  7043 D C2SoftVpxEnc: bytes generated 16793
06-06 13:00:12.137  2342  5264 I SemWifiServiceDetector: Service det. suspended
06-06 13:00:12.146  7012  7043 D C2SoftVpxEnc: bytes generated 13645
06-06 13:00:12.157  7012  7043 D C2SoftVpxEnc: bytes generated 11912
06-06 13:00:12.167  7012  7043 D C2SoftVpxEnc: bytes generated 13498
06-06 13:00:12.177  7012  7043 D C2SoftVpxEnc: bytes generated 9035
06-06 13:00:12.188  7012  7043 D C2SoftVpxEnc: bytes generated 13440
06-06 13:00:12.197  1652  2311 I QC2CompStore: Setting heap usage to system
06-06 13:00:12.197  7012  7043 D C2SoftVpxEnc: bytes generated 7708
06-06 13:00:12.208  7012  7043 D C2SoftVpxEnc: bytes generated 8175
06-06 13:00:12.219  7012  7043 D C2SoftVpxEnc: bytes generated 4456
06-06 13:00:12.229  7012  7043 D C2SoftVpxEnc: bytes generated 5112
06-06 13:00:12.240  7012  7043 D C2SoftVpxEnc: bytes generated 4449
06-06 13:00:12.250  7790  7790 D DEBUG_IMAGE: News Title: Velika politička odluka donijeta danas, Image URL: https://interview.ba/wp-content/uploads/2024/09/fikret-1024x652.png
06-06 13:00:12.250  7012  7043 D C2SoftVpxEnc: bytes generated 6089
06-06 13:00:12.252  2342  5265 I SemWifiLinkQualityMonitor: Unreliable statistics: 0 / 84 / 33 / 1 || QoS: 0.00 ms / 0.00 Mbps (N) / 0 (0)
06-06 13:00:12.252  2342 18669 D SemWifiUsabilityStatsMonitor: onWifiUsabilityStats - seqNum 3060, isSameBssidAndFreq true
06-06 13:00:12.253  5355  5355 D StatusBarIconController: ignoring old pipeline callback because the new wifi icon is enabled
06-06 13:00:12.257  1671  1729 I thermal_core: AP : 295
06-06 13:00:12.257  1671  1729 I thermal_core: AP2 : 271
06-06 13:00:12.257  1671  1729 I thermal_core: AP2F : 271
06-06 13:00:12.257  1671  1729 I thermal_core: AP2R : 268
06-06 13:00:12.257  1671  1729 I thermal_core: BAT : 246
06-06 13:00:12.257  1671  1729 I thermal_core: BLK : 0
06-06 13:00:12.258  1671  1729 I thermal_core: CF : 263
06-06 13:00:12.258  1671  1729 I thermal_core: CHG : 262
06-06 13:00:12.258  1671  1729 I thermal_core: CHG2 : 268
06-06 13:00:12.258  1671  1729 I thermal_core: CHG2F : 268
06-06 13:00:12.258  1671  1729 I thermal_core: CHG2R : 266
06-06 13:00:12.258  1671  1729 I thermal_core: DC : 256
06-06 13:00:12.258  1671  1729 I thermal_core: DC2 : 269
06-06 13:00:12.258  1671  1729 I thermal_core: DC2F : 269
06-06 13:00:12.258  1671  1729 I thermal_core: DC2R : 266
06-06 13:00:12.258  1671  1729 I thermal_core: DNSPK : 245
06-06 13:00:12.258  1671  1729 I thermal_core: FCAM : 246
06-06 13:00:12.258  1671  1729 I thermal_core: FCAM2F : 264
06-06 13:00:12.258  1671  1729 I thermal_core: FCAM2R : 261
06-06 13:00:12.258  1671  1729 I thermal_core: LRB2 : 268
06-06 13:00:12.258  1671  1729 I thermal_core: LRF2 : 271
06-06 13:00:12.258  1671  1729 I thermal_core: LRP2 : 271
06-06 13:00:12.259  1671  1729 I thermal_core: LRPTHM : 260
06-06 13:00:12.259  1671  1729 I thermal_core: LTA2F : 260
06-06 13:00:12.259  1671  1729 I thermal_core: LTA2R : 255
06-06 13:00:12.259  1671  1729 I thermal_core: PA : 271
06-06 13:00:12.259  1671  1729 I thermal_core: RCV2 : 269
06-06 13:00:12.259  1671  1729 I thermal_core: RCV2F : 269
06-06 13:00:12.259  1671  1729 I thermal_core: RCV2R : 265
06-06 13:00:12.259  1671  1729 I thermal_core: SKIN : 271
06-06 13:00:12.259  1671  1729 I thermal_core: SKINB : 268
06-06 13:00:12.259  1671  1729 I thermal_core: SKINF : 271
06-06 13:00:12.259  1671  1729 I thermal_core: SPK2 : 258
06-06 13:00:12.259  1671  1729 I thermal_core: SPK2F : 258
06-06 13:00:12.259  1671  1729 I thermal_core: SPK2R : 254
06-06 13:00:12.259  1671  1729 I thermal_core: SUBBAT : 0
06-06 13:00:12.259  1671  1729 I thermal_core: UPSPK : 259
06-06 13:00:12.260  1671  1729 I thermal_core: USB : 247
06-06 13:00:12.260  1671  1729 I thermal_core: VAP02 : 267
06-06 13:00:12.260  1671  1729 I thermal_core: VPA : 264
06-06 13:00:12.260  1671  1729 I thermal_core: VWIFI : 263
06-06 13:00:12.260  1671  1729 I thermal_core: WIFI : 273
06-06 13:00:12.260  1671  1729 I thermal_core: WIFI2 : 269
06-06 13:00:12.260  1671  1729 I thermal_core: WIFI2F : 269
06-06 13:00:12.260  1671  1729 I thermal_core: WIFI2R : 267
06-06 13:00:12.261  7012  7043 D C2SoftVpxEnc: bytes generated 4904
06-06 13:00:12.266  7790  7790 D ConnectivityManager: StackLog: [android.net.ConnectivityManager.sendRequestForNetwork(ConnectivityManager.java:4322)] [android.net.ConnectivityManager.sendRequestForNetwork(ConnectivityManager.java:4364)] [android.net.ConnectivityManager.registerNetworkCallback(ConnectivityManager.java:4746)] [android.net.ConnectivityManager.registerNetworkCallback(ConnectivityManager.java:4716)] [coil.network.RealNetworkObserver.<init>(NetworkObserver.kt:88)] [coil.network.NetworkObserverKt.NetworkObserver(NetworkObserver.kt:33)] [coil.util.SystemCallbacks.<init>(SystemCallbacks.kt:31)] [coil.RealImageLoader.<init>(RealImageLoader.kt:79)] [coil.ImageLoader$Builder.build(ImageLoader.kt:529)] [coil.ImageLoaders.create(ImageLoaders.kt:16)] [coil.Coil.newImageLoader(Coil.kt:75)] [coil.Coil.imageLoader(Coil.kt:27)] [coil.compose.ImageLoaderProvidableCompositionLocal.getCurrent(LocalImageLoader.kt:57)] [coil.compose.SingletonAsyncImageKt.AsyncImage-ylYTKUw(SingletonAsyncImage.kt:64)] [etf.ri.rma.newsfeedapp.screen.NewsFeedScreenKt$NewsItemCard$2.invoke(NewsFeedScreen.kt:154)] [etf.ri.rma.newsfeedapp.screen.NewsFeedScreenKt$NewsItemCard$2.invoke(NewsFeedScreen.kt:150)] [androidx.compose.runtime.internal.ComposableLambdaImpl.invoke(ComposableLambda.jvm.kt:118)] [androidx.compose.runtime.internal.ComposableLambdaImpl.invoke(ComposableLambda.jvm.kt:35)] [androidx.compose.material3.CardKt$Card$1.invoke(Card.kt:888)] [androidx.compose.material3.CardKt$Card$1.invoke(Card.kt:96)] [androidx.compose.runtime.internal.ComposableLambdaImpl.invoke(ComposableLambda.jvm.kt:109)] [androidx.compose.runtime.internal.ComposableLambdaImpl.invoke(ComposableLambda.jvm.kt:35)] [androidx.compose.material3.SurfaceKt$Surface$1.invoke(Surface.kt:126)] [androidx.compose.material3.SurfaceKt$Surface$1.invoke(Surface.kt:108)] [androidx.compose.runtime.internal.ComposableLambdaImpl.invoke(ComposableLambda.jvm.kt:109)] [androidx.compose.runtime.internal.ComposableLambdaImpl.invoke(ComposableLambda.jvm.kt:35)] [androidx.compose.runtime.CompositionLocalKt.CompositionLocalProvider(CompositionLocal.kt:380)] [androidx.compose.material3.SurfaceKt.Surface-T9BRK9s(Surface.kt:105)] [androidx.compose.material3.CardKt.Card(Card.kt:89)] [etf.ri.rma.newsfeedapp.screen.NewsFeedScreenKt.NewsItemCard(NewsFeedScreen.kt:144)] [etf.ri.rma.newsfeedapp.screen.NewsFeedScreenKt$NewsFeedScreen$lambda$10$lambda$9$lambda$8$$inlined$items$default$4.invoke(LazyDsl.kt:434)] [etf.ri.rma.newsfeedapp.screen.NewsFeedScreenKt$NewsFeedScreen$lambda$10$lambda$9$lambda$8$$inlined$items$default$4.invoke(LazyDsl.kt:152)] [androidx.compose.runtime.internal.ComposableLambdaImpl.invoke(ComposableLambda.jvm.kt:139)] [androidx.compose.runtime.internal.ComposableLambdaImpl.invoke(ComposableLambda.jvm.kt:35)] [androidx.compose.foundation.lazy.LazyListItemProviderImpl$Item$1.invoke(LazyListItemProvider.kt:79)] [androidx.compose.foundation.lazy.LazyListItemProviderImpl$Item$1.invoke(LazyListItemProvider.kt:77)] [androidx.compose.runtime.internal.ComposableLambdaImpl.invoke(ComposableLambda.jvm.kt:109)] [androidx.compose.runtime.internal.ComposableLambdaImpl.invoke(ComposableLambda.jvm.kt:35)] [androidx.compose.runtime.CompositionLocalKt.CompositionLocalProvider(CompositionLocal.kt:401)] [androidx.compose.foundation.lazy.layout.LazyLayoutPinnableItemKt.LazyLayoutPinnableItem(LazyLayoutPinnableItem.kt:58)] [androidx.compose.foundation.lazy.LazyListItemProviderImpl.Item(LazyListItemProvider.kt:77)] [androidx.compose.foundation.lazy.layout.LazyLayoutItemContentFactoryKt$SkippableItem$1.invoke(LazyLayoutItemContentFactory.kt:136)] [androidx.compose.foundation.lazy.layout.LazyLayoutItemContentFactoryKt$SkippableItem$1.invoke(LazyLayoutItemContentFactory.kt:135)] [androidx.compose.runtime.internal.ComposableLambdaImpl.invoke(ComposableLambda.jvm.kt:109)] [androidx.compose.runtime.internal.ComposableLambdaImpl.invoke(ComposableLambda.jvm.kt:35)] [androidx.compose.runtime.CompositionLocalKt.CompositionLocalProvider(CompositionLocal.kt:401)] [androidx.compose.runtime.saveable.SaveableStateHolderImpl.Save
06-06 13:00:12.268  2342  5185 D ConnectivityService: Rematched networks [computed 0ms] [applied 0ms] [issued 1]
06-06 13:00:12.268  2342  5185 D ConnectivityService: NetworkReassignment : no changes
06-06 13:00:12.272  7012  7043 D C2SoftVpxEnc: bytes generated 4856
06-06 13:00:12.282  7012  7043 D C2SoftVpxEnc: bytes generated 4878
06-06 13:00:12.286  7790  7790 D DEBUG_IMAGE: News Title: Nevjerovatan preokret na utakmici, Image URL: https://scsport.ba/wp-content/uploads/2023/02/verona566-860x464.jpg
06-06 13:00:12.293  7012  7043 D C2SoftVpxEnc: bytes generated 4853
06-06 13:00:12.299  2342  5455 V WindowManager: Relayout Window{d4f7c8a u0 etf.ri.rma.newsfeedapp/etf.ri.rma.newsfeedapp.MainActivity}: viewVisibility=0 req=1080x2340 ty=1 d0
06-06 13:00:12.299  1715  3404 I SurfaceFlinger: id=495 createSurf, flag=44004, etf.ri.rma.newsfeedapp/etf.ri.rma.newsfeedapp.MainActivity$_7790#495
06-06 13:00:12.300  1715  1807 I SurfaceFlinger: id=496 createSurf, flag=24000, Surface(name=87e62a6 NavigationBar0)/@0xf64c4fb - animation-leash of insets_animation#496
06-06 13:00:12.300  1715  1807 I SurfaceFlinger: id=497 createSurf, flag=24000, Surface(name=53a7541 StatusBar)/@0x3ba06c - animation-leash of insets_animation#497
06-06 13:00:12.301  5355  5355 D SamsungStatusBarGrayIconHelper: isGrayAppearance=false
06-06 13:00:12.301  5355  5355 D SamsungLightBarControlHelper: onStatusBarAppearanceChanged() -  sbModeChanged:false, statusBarMode:0, barState:MODE_TRANSPARENT, isKeyguardShowing:false, navbarColorManagedByIme:false, stackAppearanceChanged:true, (AppearanceRegion{LIGHT_STATUS_BARS bounds=[0,0][1080,2340]}, ), packageName:etf.ri.rma.newsfeedapp
06-06 13:00:12.301  5355  5355 D NavigationBar: onSystemBarAttributesChanged() -  displayId:0, appearance:24, packageName: etf.ri.rma.newsfeedapp (APPEARANCE_LIGHT_STATUS_BARS APPEARANCE_LIGHT_NAVIGATION_BARS ), navbarColorManagedByIme:false
06-06 13:00:12.301  5355  5355 D SamsungLightBarControlHelper: updateNavigationBar (BLACK button) isLightOpaque:false, hasLightNavigationBarFlag:true, packageName:etf.ri.rma.newsfeedapp, DirectReplying:false, NavBarColorMangedByIme:false, ForceDarkForScrim:false, QsCustomizing:false, PanelHasWhiteBg:false
06-06 13:00:12.301  5355  5355 D SysUiState: SysUiState changed: old=0x10000000 new=0x10020000
06-06 13:00:12.301  5355  5439 I InsetsSourceConsumer: applyRequestedVisibilityToControl: visible=true, type=navigationBars, host=Splash Screen etf.ri.rma.newsfeedapp
06-06 13:00:12.301  1715  1807 I SurfaceFlinger: id=498 createSurf, flag=24000, Surface(name=87e62a6 NavigationBar0)/@0xf64c4fb - animation-leash of insets_animation#498
06-06 13:00:12.301  5355  5439 I InsetsSourceConsumer: applyRequestedVisibilityToControl: visible=true, type=statusBars, host=Splash Screen etf.ri.rma.newsfeedapp
06-06 13:00:12.302  1715  1807 I SurfaceFlinger: id=499 createSurf, flag=24000, Surface(name=53a7541 StatusBar)/@0x3ba06c - animation-leash of insets_animation#499
06-06 13:00:12.302  5355  5355 D SamsungLightBarControlHelper: updateStatusBar (BLACK icon) numStacks:1, StatusBarMode:MODE_TRANSPARENT, lightBarBounds:[Rect(0, 0 - 1080, 2340)], StatusBarState:SHADE, packageName:etf.ri.rma.newsfeedapp, isWhiteKeyguardStatusBar:false
06-06 13:00:12.302  6421  6421 I Edge.TrayVisibilityController: getComputedTrayVisible : keyguardState = 1
06-06 13:00:12.302  6421  6421 I Edge.TrayVisibilityController: updateTrayVisible: State=1 visible=1 mCurrentVisible=1 specificMode=0
06-06 13:00:12.302  6421  6421 I Edge.TrayStateController: onNotifyUpdateTray: state=0
06-06 13:00:12.302  6421  6487 I HoneySpace.TaskbarEventTracker: invokeEvent() called with: event = SystemUiStateChanged(stateFlags=268566528)
06-06 13:00:12.302  6421  5991 I HoneySpace.SystemUiRepository: systemUiFlags: allow_gesture|awake
06-06 13:00:12.302  2342  5455 V WindowManager: Relayout hash=d4f7c8a, pid=7790, syncId=-1: mAttrs={(0,0)(fillxfill) sim={adjust=pan forwardNavigation} ty=BASE_APPLICATION wanim=0x1030303
06-06 13:00:12.302  2342  5455 V WindowManager:   fl=81810100
06-06 13:00:12.302  2342  5455 V WindowManager:   pfl=12008040
06-06 13:00:12.302  2342  5455 V WindowManager:   bhv=DEFAULT
06-06 13:00:12.302  2342  5455 V WindowManager:   fitSides= naviIconColor=0}
06-06 13:00:12.303  7012  7043 D C2SoftVpxEnc: bytes generated 5722
06-06 13:00:12.304  7790  7790 E rma.newsfeedapp: Unable to open libpenguin.so: dlopen failed: library "libpenguin.so" not found.
06-06 13:00:12.305  7790  7790 I BLASTBufferQueue_Java: new BLASTBufferQueue, mName= ViewRootImpl@50344d5[MainActivity] mNativeObject= 0xb4000074df947bb0 sc.mNativeObject= 0xb4000073af939ed0 caller= android.view.ViewRootImpl.updateBlastSurfaceIfNeeded:3031 android.view.ViewRootImpl.relayoutWindow:10121 android.view.ViewRootImpl.performTraversals:4115 android.view.ViewRootImpl.doTraversal:3291 android.view.ViewRootImpl$TraversalRunnable.run:11329 android.view.Choreographer$CallbackRecord.run:1689 android.view.Choreographer$CallbackRecord.run:1698 android.view.Choreographer.doCallbacks:1153 android.view.Choreographer.doFrame:1079 android.view.Choreographer$FrameDisplayEventReceiver.run:1646
06-06 13:00:12.305  7790  7790 I BLASTBufferQueue_Java: update, w= 1080 h= 2340 mName = ViewRootImpl@50344d5[MainActivity] mNativeObject= 0xb4000074df947bb0 sc.mNativeObject= 0xb4000073af939ed0 format= -1 caller= android.graphics.BLASTBufferQueue.<init>:89 android.view.ViewRootImpl.updateBlastSurfaceIfNeeded:3031 android.view.ViewRootImpl.relayoutWindow:10121 android.view.ViewRootImpl.performTraversals:4115 android.view.ViewRootImpl.doTraversal:3291 android.view.ViewRootImpl$TraversalRunnable.run:11329
06-06 13:00:12.305  1715  1715 I Layer   : Layer::reparent [87e62a6 NavigationBar0#78] newParent : Surface(name=87e62a6 NavigationBar0)/@0xf64c4fb - animation-leash of insets_animation#496 , isRemovedFromCurrentState : 0 -------------------------
06-06 13:00:12.305  1715  1715 I Layer   : Layer::reparent [87e62a6 NavigationBar0#78] End -------------------------
06-06 13:00:12.305  1715  1715 I Layer   : Layer::reparent [Surface(name=87e62a6 NavigationBar0)/@0xf64c4fb - animation-leash of insets_animation#222] newParentHandle : null -------------------------
06-06 13:00:12.305  1715  1715 I Layer   : id=222 removeFromCurrentState Surface(name=87e62a6 NavigationBar0)/@0xf64c4fb - animation-leash of insets_animation#222 (215)
06-06 13:00:12.305  1715  1715 I Layer   : Layer::reparent [Surface(name=87e62a6 NavigationBar0)/@0xf64c4fb - animation-leash of insets_animation#222] End -------------------------
06-06 13:00:12.305  1715  1715 I Layer   : Layer::reparent [53a7541 StatusBar#85] newParent : Surface(name=53a7541 StatusBar)/@0x3ba06c - animation-leash of insets_animation#497 , isRemovedFromCurrentState : 0 -------------------------
06-06 13:00:12.305  1715  1715 I Layer   : Layer::reparent [53a7541 StatusBar#85] End -------------------------
06-06 13:00:12.305  1715  1715 I Layer   : Layer::reparent [Surface(name=53a7541 StatusBar)/@0x3ba06c - animation-leash of insets_animation#362] newParentHandle : null -------------------------
06-06 13:00:12.305  1715  1715 I Layer   : id=362 removeFromCurrentState Surface(name=53a7541 StatusBar)/@0x3ba06c - animation-leash of insets_animation#362 (215)
06-06 13:00:12.305  1715  1715 I Layer   : Layer::reparent [Surface(name=53a7541 StatusBar)/@0x3ba06c - animation-leash of insets_animation#362] End -------------------------
06-06 13:00:12.305  7790  7790 I ViewRootImpl@50344d5[MainActivity]: Relayout returned: old=(0,0,1080,2340) new=(0,0,1080,2340) relayoutAsync=false req=(1080,2340)0 dur=6 res=0x403 s={true 0xb4000074af94c8d0} ch=true seqId=0
06-06 13:00:12.305  1715  1715 I Layer   : id=429 Destroyed Surface(name=53a7541 StatusBar)/@0x3ba06c - animation-leash of insets_animation#362 (Mirror)#429
06-06 13:00:12.305  1715  1715 I Layer   : id=454 Destroyed Surface(name=87e62a6 NavigationBar0)/@0xf64c4fb - animation-leash of insets_animation#222 (Mirror)#454
06-06 13:00:12.305  1715  1715 I SurfaceFlinger: id=362 Removed Surface(name=53a7541 StatusBar)/@0x3ba06c - animation-leash of insets_animation#362 (218)
06-06 13:00:12.305  1715  1715 I SurfaceFlinger: id=222 Removed Surface(name=87e62a6 NavigationBar0)/@0xf64c4fb - animation-leash of insets_animation#222 (218)
06-06 13:00:12.305  1715  3404 W ServiceManagerCppClient: Permission failure: android.permission.ROTATE_SURFACE_FLINGER from uid=10317 pid=7790
06-06 13:00:12.305  1715  3404 D PermissionCache: checking android.permission.ROTATE_SURFACE_FLINGER for uid=10317 => denied (154 us)
06-06 13:00:12.306  1715  3404 W ServiceManagerCppClient: Permission failure: android.permission.INTERNAL_SYSTEM_WINDOW from uid=10317 pid=7790
06-06 13:00:12.306  1715  3404 D PermissionCache: checking android.permission.INTERNAL_SYSTEM_WINDOW for uid=10317 => denied (75 us)
06-06 13:00:12.306  1715  3404 W ServiceManagerCppClient: Permission failure: android.permission.ACCESS_SURFACE_FLINGER from uid=10317 pid=7790
06-06 13:00:12.306  1715  3404 D PermissionCache: checking android.permission.ACCESS_SURFACE_FLINGER for uid=10317 => denied (89 us)
06-06 13:00:12.306  1715  1807 W ServiceManagerCppClient: Permission failure: android.permission.ROTATE_SURFACE_FLINGER from uid=10317 pid=0
06-06 13:00:12.306  1715  1807 D PermissionCache: checking android.permission.ROTATE_SURFACE_FLINGER for uid=10317 => denied (665 us)
06-06 13:00:12.306  7790  7790 I ViewRootImpl@50344d5[MainActivity]: performConfigurationChange setNightDimText nightDimLevel=0
06-06 13:00:12.306  7790  7790 D ViewRootImpl@50344d5[MainActivity]: mThreadedRenderer.initialize() mSurface={isValid=true 0xb4000074af94c8d0} hwInitialized=true
06-06 13:00:12.307  5355  5355 D SamsungStatusBarGrayIconHelper: isGrayAppearance=false
06-06 13:00:12.307  5355  5355 D NavigationBar: onSystemBarAttributesChanged() -  displayId:0, appearance:16, packageName: etf.ri.rma.newsfeedapp (APPEARANCE_LIGHT_NAVIGATION_BARS ), navbarColorManagedByIme:false
06-06 13:00:12.310   734   734 I hwservicemanager: getTransport: Cannot find entry android.hardware.graphics.allocator@4.0::IAllocator/default in either framework or device VINTF manifest.
06-06 13:00:12.313  1715  1715 I Layer   : Layer::reparent [87e62a6 NavigationBar0#78] newParent : Surface(name=87e62a6 NavigationBar0)/@0xf64c4fb - animation-leash of insets_animation#498 , isRemovedFromCurrentState : 0 -------------------------
06-06 13:00:12.313  1715  1715 I Layer   : Layer::reparent [87e62a6 NavigationBar0#78] End -------------------------
06-06 13:00:12.313  1715  1715 I Layer   : Layer::reparent [Surface(name=87e62a6 NavigationBar0)/@0xf64c4fb - animation-leash of insets_animation#496] newParentHandle : null -------------------------
06-06 13:00:12.313  1715  1715 I Layer   : id=496 removeFromCurrentState Surface(name=87e62a6 NavigationBar0)/@0xf64c4fb - animation-leash of insets_animation#496 (218)
06-06 13:00:12.313  1715  1715 I Layer   : Layer::reparent [Surface(name=87e62a6 NavigationBar0)/@0xf64c4fb - animation-leash of insets_animation#496] End -------------------------
