06-06 13:00:26.793  1574  1638 I HYPER-HAL: [RequestManager.cpp]acquire(): Acquired ID : 1738467  [1577 / 287]    HINT :      list : [TID_LOW_LATENCY / 0] [TID / 7920] [TID / 7921] [TID / 7890] [TID / 7917]
06-06 13:00:26.793  2342  2420 V WindowManager: Relayout hash=b03cd9b, pid=7890, syncId=-1: mAttrs={(0,0)(fillxfill) sim={adjust=pan forwardNavigation} ty=BASE_APPLICATION
06-06 13:00:26.793  2342  2420 V WindowManager:   fl=81810100
06-06 13:00:26.793  2342  2420 V WindowManager:   pfl=12008040
06-06 13:00:26.793  2342  2420 V WindowManager:   bhv=DEFAULT
06-06 13:00:26.793  2342  2420 V WindowManager:   fitSides= naviIconColor=0}
06-06 13:00:26.795  1574  1638 I HYPER-HAL: [RequestManager.cpp]acquire(): Acquired ID : 1740333  [1577 / 288]    HINT :      list : [UCLAMP_MIN_BOOST / 0] [TID / 7920] [TID / 7921] [TID / 7890] [TID / 7917]
06-06 13:00:26.795  7890  7890 I ViewRootImpl@a674323[InstrumentationActivityInvoker$EmptyActivity]: Relayout returned: old=(0,0,1080,2340) new=(0,0,1080,2340) relayoutAsync=false req=(1080,2340)8 dur=3 res=0x402 s={false 0x0} ch=true seqId=0
06-06 13:00:26.795  1574  1638 I HYPER-HAL: [RequestManager.cpp]releaseLocked(): Released ID : 1738467
06-06 13:00:26.795  1574  1638 I HYPER-HAL: [RequestManager.cpp]releaseLocked(): Released ID : 1740333
06-06 13:00:26.797  1715  1715 I Layer   : id=1047 Destroyed Splash Screen etf.ri.rma.newsfeedapp.test$_5355#1047
06-06 13:00:26.798  6421  9458 I ViewRootImpl@cc9c4e9[LauncherActivity]: mWNT: t=0xb40000747f95eff0 mBlastBufferQueue=0xb4000074df963770 fn= 14 mRenderHdrSdrRatio=1.0 caller= com.android.systemui.shared.launcher.ViewRootImplCompat.mergeWithNextTransaction:4 com.honeyspace.transition.utils.SurfaceTransactionApplier.scheduleApply$lambda$1:26 com.honeyspace.transition.utils.SurfaceTransactionApplier.c:0
06-06 13:00:26.801  7012  7043 D C2SoftVpxEnc: bytes generated 2797
06-06 13:00:26.806  6421  9457 I ViewRootImpl@cc9c4e9[LauncherActivity]: mWNT: t=0xb40000747f9617d0 mBlastBufferQueue=0xb4000074df963770 fn= 15 mRenderHdrSdrRatio=1.0 caller= com.android.systemui.shared.launcher.ViewRootImplCompat.mergeWithNextTransaction:4 com.honeyspace.transition.utils.SurfaceTransactionApplier.scheduleApply$lambda$1:26 com.honeyspace.transition.utils.SurfaceTransactionApplier.c:0
06-06 13:00:26.808  1715  1715 D SurfaceFlinger: Display 4630946970390616451 HWC layers:
06-06 13:00:26.808  1715  1715 D SurfaceFlinger:      DEVICE | 0xb4000073beb13a00 | 0100 | RGBA_8888    |  658.0   61.0 1682.0 2279.0 |    0    0 1080 2340 | Wallpaper BBQ wrapper 5_system#94
06-06 13:00:26.808  1715  1715 D SurfaceFlinger:      DEVICE | 0xb4000073beb13190 | 0100 | RGBA_8888    |    0.0    0.0 1080.0 2340.0 |    0    0 1080 2340 | com.sec.android.app.launcher/com.sec[...]tivities.LauncherActivity$_6421#1085
06-06 13:00:26.808  1715  1715 D SurfaceFlinger:      CLIENT | 0xb4000073beafddd0 | 0100 | RGBA_8888    |    0.0    0.0 1080.0 2340.0 |   78  170 1002 2170 | Splash Screen etf.ri.rma.newsfeedapp$_5355#1110
06-06 13:00:26.808  1715  1715 D SurfaceFlinger:      DEVICE | 0xb4000073beb0f440 | 0100 | RGBA_8888    |    0.0    0.0 1080.0   87.0 |    0    0 1080   87 | StatusBar$_5355#90
06-06 13:00:26.808  1715  1715 D SurfaceFlinger:      DEVICE | 0xb4000073beb138e0 | 0100 | RGBA_8888    |    0.0    0.0   67.0  342.0 | 1013  438 1080  780 | com.sec.android.app.launcher/com.sam[...]ce.edge.CocktailBarService$_6421#145
06-06 13:00:26.808  1715  1715 D SurfaceFlinger:      DEVICE | 0xb4000073beb0f830 | 0100 | RGBA_8888    |    0.0    0.0 1080.0  144.0 |    0 2196 1080 2340 | NavigationBar0$_5355#89
06-06 13:00:26.808  1715  1715 D SurfaceFlinger:
06-06 13:00:26.810  7012  7043 D C2SoftVpxEnc: bytes generated 2542
06-06 13:00:26.814  6421  9458 I ViewRootImpl@cc9c4e9[LauncherActivity]: mWNT: t=0xb40000747f95e7b0 mBlastBufferQueue=0xb4000074df963770 fn= 16 mRenderHdrSdrRatio=1.0 caller= com.android.systemui.shared.launcher.ViewRootImplCompat.mergeWithNextTransaction:4 com.honeyspace.transition.utils.SurfaceTransactionApplier.scheduleApply$lambda$1:26 com.honeyspace.transition.utils.SurfaceTransactionApplier.c:0
06-06 13:00:26.817  7790  7790 D DEBUG_IMAGE: News Title: Velika politička odluka donijeta danas, Image URL: https://interview.ba/wp-content/uploads/2024/09/fikret-1024x652.png
06-06 13:00:26.819  7012  7043 D C2SoftVpxEnc: bytes generated 2543
06-06 13:00:26.823  6421  9457 I ViewRootImpl@cc9c4e9[LauncherActivity]: mWNT: t=0xb40000747f93d650 mBlastBufferQueue=0xb4000074df963770 fn= 17 mRenderHdrSdrRatio=1.0 caller= com.android.systemui.shared.launcher.ViewRootImplCompat.mergeWithNextTransaction:4 com.honeyspace.transition.utils.SurfaceTransactionApplier.scheduleApply$lambda$1:26 com.honeyspace.transition.utils.SurfaceTransactionApplier.c:0
06-06 13:00:26.826  7790  7790 D DEBUG_IMAGE: News Title: Nevjerovatan preokret na utakmici, Image URL: https://scsport.ba/wp-content/uploads/2023/02/verona566-860x464.jpg
06-06 13:00:26.829  7012  7043 D C2SoftVpxEnc: bytes generated 2571
06-06 13:00:26.831  6421  9458 I ViewRootImpl@cc9c4e9[LauncherActivity]: mWNT: t=0xb40000747f93ccb0 mBlastBufferQueue=0xb4000074df963770 fn= 18 mRenderHdrSdrRatio=1.0 caller= com.android.systemui.shared.launcher.ViewRootImplCompat.mergeWithNextTransaction:4 com.honeyspace.transition.utils.SurfaceTransactionApplier.scheduleApply$lambda$1:26 com.honeyspace.transition.utils.SurfaceTransactionApplier.c:0
06-06 13:00:26.835  2342  2420 V WindowManager: Relayout Window{bb1e62c u0 etf.ri.rma.newsfeedapp/etf.ri.rma.newsfeedapp.MainActivity}: viewVisibility=0 req=1080x2340 ty=1 d0
06-06 13:00:26.835  1715  2430 I SurfaceFlinger: id=1123 createSurf, flag=44004, etf.ri.rma.newsfeedapp/etf.ri.rma.newsfeedapp.MainActivity$_7790#1123
06-06 13:00:26.836  1715  2430 I SurfaceFlinger: id=1124 createSurf, flag=24000, Surface(name=87e62a6 NavigationBar0)/@0xf64c4fb - animation-leash of insets_animation#1124
06-06 13:00:26.837  1715  2430 I SurfaceFlinger: id=1125 createSurf, flag=24000, Surface(name=53a7541 StatusBar)/@0x3ba06c - animation-leash of insets_animation#1125
06-06 13:00:26.837  2342  2420 V WindowManager: Relayout hash=bb1e62c, pid=7790, syncId=-1: mAttrs={(0,0)(fillxfill) sim={adjust=pan forwardNavigation} ty=BASE_APPLICATION wanim=0x1030303
06-06 13:00:26.837  2342  2420 V WindowManager:   fl=81810100
06-06 13:00:26.837  2342  2420 V WindowManager:   pfl=12008040
06-06 13:00:26.837  2342  2420 V WindowManager:   bhv=DEFAULT
06-06 13:00:26.837  2342  2420 V WindowManager:   fitSides= naviIconColor=0}
06-06 13:00:26.839  7012  7043 D C2SoftVpxEnc: bytes generated 5443
06-06 13:00:26.839  7790  7790 I BLASTBufferQueue_Java: new BLASTBufferQueue, mName= ViewRootImpl@9400ec0[MainActivity] mNativeObject= 0xb4000074df954d10 sc.mNativeObject= 0xb4000073af941e50 caller= android.view.ViewRootImpl.updateBlastSurfaceIfNeeded:3031 android.view.ViewRootImpl.relayoutWindow:10121 android.view.ViewRootImpl.performTraversals:4115 android.view.ViewRootImpl.doTraversal:3291 android.view.ViewRootImpl$TraversalRunnable.run:11329 android.view.Choreographer$CallbackRecord.run:1689 android.view.Choreographer$CallbackRecord.run:1698 android.view.Choreographer.doCallbacks:1153 android.view.Choreographer.doFrame:1079 android.view.Choreographer$FrameDisplayEventReceiver.run:1646
06-06 13:00:26.839  7790  7790 I BLASTBufferQueue_Java: update, w= 1080 h= 2340 mName = ViewRootImpl@9400ec0[MainActivity] mNativeObject= 0xb4000074df954d10 sc.mNativeObject= 0xb4000073af941e50 format= -1 caller= android.graphics.BLASTBufferQueue.<init>:89 android.view.ViewRootImpl.updateBlastSurfaceIfNeeded:3031 android.view.ViewRootImpl.relayoutWindow:10121 android.view.ViewRootImpl.performTraversals:4115 android.view.ViewRootImpl.doTraversal:3291 android.view.ViewRootImpl$TraversalRunnable.run:11329
06-06 13:00:26.840  6421  9457 I ViewRootImpl@cc9c4e9[LauncherActivity]: mWNT: t=0xb40000747f93edb0 mBlastBufferQueue=0xb4000074df963770 fn= 19 mRenderHdrSdrRatio=1.0 caller= com.android.systemui.shared.launcher.ViewRootImplCompat.mergeWithNextTransaction:4 com.honeyspace.transition.utils.SurfaceTransactionApplier.scheduleApply$lambda$1:26 com.honeyspace.transition.utils.SurfaceTransactionApplier.c:0
06-06 13:00:26.840  7790  7790 I ViewRootImpl@9400ec0[MainActivity]: Relayout returned: old=(0,0,1080,2340) new=(0,0,1080,2340) relayoutAsync=false req=(1080,2340)0 dur=3 res=0x403 s={true 0xb4000074af994ef0} ch=true seqId=0
06-06 13:00:26.840  7790  7790 I ViewRootImpl@9400ec0[MainActivity]: performConfigurationChange setNightDimText nightDimLevel=0
06-06 13:00:26.840  7790  7790 D ViewRootImpl@9400ec0[MainActivity]: mThreadedRenderer.initialize() mSurface={isValid=true 0xb4000074af994ef0} hwInitialized=true
06-06 13:00:26.842  5355  5355 D SamsungStatusBarGrayIconHelper: isGrayAppearance=false
06-06 13:00:26.842  5355  5355 D NavigationBar: onSystemBarAttributesChanged() -  displayId:0, appearance:16, packageName: etf.ri.rma.newsfeedapp (APPEARANCE_LIGHT_NAVIGATION_BARS ), navbarColorManagedByIme:false
06-06 13:00:26.846 24682 24682 I A       : onPause
06-06 13:00:26.847  1715  1715 I Layer   : Layer::reparent [87e62a6 NavigationBar0#78] newParent : Surface(name=87e62a6 NavigationBar0)/@0xf64c4fb - animation-leash of insets_animation#1124 , isRemovedFromCurrentState : 0 -------------------------
06-06 13:00:26.847  1715  1715 I Layer   : Layer::reparent [87e62a6 NavigationBar0#78] End -------------------------
06-06 13:00:26.847  1715  1715 I Layer   : Layer::reparent [Surface(name=87e62a6 NavigationBar0)/@0xf64c4fb - animation-leash of insets_animation#1116] newParentHandle : null -------------------------
06-06 13:00:26.847  1715  1715 I Layer   : id=1116 removeFromCurrentState Surface(name=87e62a6 NavigationBar0)/@0xf64c4fb - animation-leash of insets_animation#1116 (246)
06-06 13:00:26.847  1715  1715 I Layer   : Layer::reparent [Surface(name=87e62a6 NavigationBar0)/@0xf64c4fb - animation-leash of insets_animation#1116] End -------------------------
06-06 13:00:26.847  1715  1715 I Layer   : Layer::reparent [53a7541 StatusBar#85] newParent : Surface(name=53a7541 StatusBar)/@0x3ba06c - animation-leash of insets_animation#1125 , isRemovedFromCurrentState : 0 -------------------------
06-06 13:00:26.847  1715  1715 I Layer   : Layer::reparent [53a7541 StatusBar#85] End -------------------------
06-06 13:00:26.847  1715  1715 I Layer   : Layer::reparent [Surface(name=53a7541 StatusBar)/@0x3ba06c - animation-leash of insets_animation#1117] newParentHandle : null -------------------------
06-06 13:00:26.847  1715  1715 I Layer   : id=1117 removeFromCurrentState Surface(name=53a7541 StatusBar)/@0x3ba06c - animation-leash of insets_animation#1117 (246)
06-06 13:00:26.847  1715  1715 I Layer   : Layer::reparent [Surface(name=53a7541 StatusBar)/@0x3ba06c - animation-leash of insets_animation#1117] End -------------------------
06-06 13:00:26.847  7790  7790 D ViewRootImpl@9400ec0[MainActivity]: reportNextDraw android.view.ViewRootImpl.performTraversals:4723 android.view.ViewRootImpl.doTraversal:3291 android.view.ViewRootImpl$TraversalRunnable.run:11329 android.view.Choreographer$CallbackRecord.run:1689 android.view.Choreographer$CallbackRecord.run:1698
06-06 13:00:26.847  7790  7790 I ViewRootImpl@9400ec0[MainActivity]: Setup new sync=wmsSync-ViewRootImpl@9400ec0[MainActivity]#14
06-06 13:00:26.847  1715  1715 I Layer   : id=1122 Destroyed Surface(name=87e62a6 NavigationBar0)/@0xf64c4fb - animation-leash of insets_animation#1116 (Mirror)#1122
06-06 13:00:26.847  1715  1715 I Layer   : id=1121 Destroyed Surface(name=53a7541 StatusBar)/@0x3ba06c - animation-leash of insets_animation#1117 (Mirror)#1121
06-06 13:00:26.847  7790  7790 I ViewRootImpl@9400ec0[MainActivity]: Creating new active sync group ViewRootImpl@9400ec0[MainActivity]#15
06-06 13:00:26.847  1475  1482 E IPACM   : vendor/qcom/opensource/data-ipa-cfg-mgr/ipacm/src/IPACM_Netlink.cpp:1511 ipa_nl_decode_nlmsg()
06-06 13:00:26.847  7790  7790 I ViewRootImpl@9400ec0[MainActivity]: registerCallbacksForSync syncBuffer=false
06-06 13:00:26.847  1715  1715 I SurfaceFlinger: id=1117 Removed Surface(name=53a7541 StatusBar)/@0x3ba06c - animation-leash of insets_animation#1117 (244)
06-06 13:00:26.847  1715  1715 I SurfaceFlinger: id=1116 Removed Surface(name=87e62a6 NavigationBar0)/@0xf64c4fb - animation-leash of insets_animation#1116 (244)
06-06 13:00:26.848  1475  1482 E IPACM   : vendor/qcom/opensource/data-ipa-cfg-mgr/ipacm/src/IPACM_Netlink.cpp:1511 ipa_nl_decode_nlmsg()  IPV4 Address 10.13.192.1
06-06 13:00:26.848  1475  1482 E IPACM   : vendor/qcom/opensource/data-ipa-cfg-mgr/ipacm/src/IPACM_Netlink.cpp:1552 ipa_nl_decode_nlmsg() posting IPA_NEW_NEIGH_EVENT (wlan0):index:37 ip-family: 2
06-06 13:00:26.848  2342  3323 D InputDispatcher: Focus request (0): bb1e62c etf.ri.rma.newsfeedapp/etf.ri.rma.newsfeedapp.MainActivity but waiting because NO_WINDOW
06-06 13:00:26.849  6421  9458 I ViewRootImpl@cc9c4e9[LauncherActivity]: mWNT: t=0xb40000747f9710b0 mBlastBufferQueue=0xb4000074df963770 fn= 20 mRenderHdrSdrRatio=1.0 caller= com.android.systemui.shared.launcher.ViewRootImplCompat.mergeWithNextTransaction:4 com.honeyspace.transition.utils.SurfaceTransactionApplier.scheduleApply$lambda$1:26 com.honeyspace.transition.utils.SurfaceTransactionApplier.c:0
06-06 13:00:26.849  1475  1481 E IPACM   : vendor/qcom/opensource/data-ipa-cfg-mgr/ipacm/src/IPACM_Neighbor.cpp:163 event_callback() Received IPA_NEW_NEIGH_EVENT
06-06 13:00:26.849  1475  1481 E IPACM   : vendor/qcom/opensource/data-ipa-cfg-mgr/ipacm/src/IPACM_Iface.cpp:458 iface_ipa_index_query() Interface index 37
06-06 13:00:26.849  1475  1481 E IPACM   : vendor/qcom/opensource/data-ipa-cfg-mgr/ipacm/src/IPACM_Iface.cpp:468 iface_ipa_index_query() Received interface name wlan0
06-06 13:00:26.849  1475  1481 E IPACM   : vendor/qcom/opensource/data-ipa-cfg-mgr/ipacm/src/IPACM_Neighbor.cpp:175 event_callback() not supported iface id: 37
06-06 13:00:26.852  6421  7245 I HoneySpace.RecentTasks: onRecentTasksChanged
06-06 13:00:26.853  7790  7828 I ViewRootImpl@9400ec0[MainActivity]: Received frameDrawingCallback syncResult=0 frameNum=1.
06-06 13:00:26.853  7790  7828 I ViewRootImpl@9400ec0[MainActivity]: mWNT: t=0xb40000747f95d470 mBlastBufferQueue=0xb4000074df954d10 fn= 1 mRenderHdrSdrRatio=1.0 caller= android.view.ViewRootImpl$8.onFrameDraw:13826 android.view.ThreadedRenderer$1.onFrameDraw:792 <bottom of call stack>
06-06 13:00:26.853  7790  7828 I ViewRootImpl@9400ec0[MainActivity]: Setting up sync and frameCommitCallback
06-06 13:00:26.854  7790  7818 I BLASTBufferQueue: [ViewRootImpl@9400ec0[MainActivity]#7](f:0,a:0,s:0) onFrameAvailable the first frame is available
06-06 13:00:26.854  7790  7818 I ViewRootImpl@9400ec0[MainActivity]: Received frameCommittedCallback lastAttemptedDrawFrameNum=1 didProduceBuffer=true
06-06 13:00:26.855  7790  7818 D OpenGLRenderer: CFMS:: SetUp Pid : 7790    Tid : 7818
06-06 13:00:26.855  7790  7790 I ViewRootImpl@9400ec0[MainActivity]: reportDrawFinished seqId=0
06-06 13:00:26.855  7790  7818 D OpenGLRenderer: HWUI - treat SMPTE_170M as sRGB
06-06 13:00:26.855  1715  1715 I Layer   : id=1117 Destroyed Surface(name=53a7541 StatusBar)/@0x3ba06c - animation-leash of insets_animation#1117
06-06 13:00:26.855  1715  1715 I Layer   : id=1116 Destroyed Surface(name=87e62a6 NavigationBar0)/@0xf64c4fb - animation-leash of insets_animation#1116
06-06 13:00:26.856  6421  9457 I ViewRootImpl@cc9c4e9[LauncherActivity]: mWNT: t=0xb40000747f93cf70 mBlastBufferQueue=0xb4000074df963770 fn= 21 mRenderHdrSdrRatio=1.0 caller= com.android.systemui.shared.launcher.ViewRootImplCompat.mergeWithNextTransaction:4 com.honeyspace.transition.utils.SurfaceTransactionApplier.scheduleApply$lambda$1:26 com.honeyspace.transition.utils.SurfaceTransactionApplier.c:0
06-06 13:00:26.856  7790  7790 I InsetsSourceConsumer: applyRequestedVisibilityToControl: visible=true, type=navigationBars, host=etf.ri.rma.newsfeedapp/etf.ri.rma.newsfeedapp.MainActivity
06-06 13:00:26.856  1715  1807 I SurfaceFlinger: id=1129 createSurf, flag=24000, Surface(name=bb1e62c etf.ri.rma.newsfeedapp/etf.ri.rma.newsfeedapp.MainActivity)/@0x967f9c1 - animation-leash of starting_reveal#1129
06-06 13:00:26.856  7790  7790 I InsetsSourceConsumer: applyRequestedVisibilityToControl: visible=true, type=statusBars, host=etf.ri.rma.newsfeedapp/etf.ri.rma.newsfeedapp.MainActivity
06-06 13:00:26.858  2342  2629 W ziparchive: Unable to open '/data/app/~~iv0fcnx4L502rO6Suz5MAg==/etf.ri.rma.newsfeedapp-X2lKCZXV0V5p124bIc4GlA==/base.dm': No such file or directory
06-06 13:00:26.859  2342  2629 I PkgPredictorService-SecIpmManagerServiceImpl: reportToNAP uid:10317 etf.ri.rma.newsfeedapp/etf.ri.rma.newsfeedapp.MainActivity thisTime:121
06-06 13:00:26.859  2342  2629 D PkgPredictorService-SecIpmManagerServiceImpl: reportToNAP: mHeavyLaunchCounter is false
06-06 13:00:26.860  2342  3323 I SemDvfsHyPerManager: acquire hyper - AMS_RESUME_TAIL/2342@16, type = -999
06-06 13:00:26.860  2342  3323 I SemDvfsHyPerManager: acquire hyper - AMS_ACT_LAZY/2342@17, type = -999
06-06 13:00:26.860  1574  1638 I HYPER-HAL: [RequestManager.cpp]acquire(): Acquired ID : 2781277  [2342 / 16]    HINT : AMS_RESUME_TAIL    list :
06-06 13:00:26.860  1574  1638 I HYPER-HAL: [RequestManager.cpp]acquire(): Acquired ID : 2783637  [2342 / 17]    HINT : AMS_ACT_LAZY    list :
06-06 13:00:26.860  7012  7043 D C2SoftVpxEnc: bytes generated 74064
06-06 13:00:26.862  1574  1638 I HYPER-HAL: [RequestManager.cpp]releaseLocked(): Released ID : 2816782
06-06 13:00:26.862  7890  7890 I ViewRootImpl@a674323[InstrumentationActivityInvoker$EmptyActivity]: stopped(true) old = false
06-06 13:00:26.862  7890  7890 D ViewRootImpl@a674323[InstrumentationActivityInvoker$EmptyActivity]: WindowStopped on etf.ri.rma.newsfeedapp.test/androidx.test.core.app.InstrumentationActivityInvoker$EmptyActivity set to true
06-06 13:00:26.863  7890  7917 D OpenGLRenderer: CacheManager::trimMemory(20)
06-06 13:00:26.863  2342  2630 D PkgPredictorService-SecIpmManagerServiceImpl: bg information pid:7890 uid:10318 pkgName:etf.ri.rma.newsfeedapp.test
06-06 13:00:26.864  1715  1715 I Layer   : Layer::reparent [bb1e62c etf.ri.rma.newsfeedapp/etf.ri.rma.newsfeedapp.MainActivity#1113] newParent : Surface(name=bb1e62c etf.ri.rma.newsfeedapp/etf.ri.rma.newsfeedapp.MainActivity)/@0x967f9c1 - animation-leash of starting_reveal#1129 , isRemovedFromCurrentState : 0 -------------------------
06-06 13:00:26.864  1715  1715 I Layer   : Layer::reparent [bb1e62c etf.ri.rma.newsfeedapp/etf.ri.rma.newsfeedapp.MainActivity#1113] End -------------------------
06-06 13:00:26.864  1715  1715 I Layer   : Layer [etf.ri.rma.newsfeedapp/etf.ri.rma.newsfeedapp.MainActivity$_7790#1123] hidden!! flag(0)
06-06 13:00:26.864  2342  3323 V WindowManager: Relayout Window{3cb22da u0 Splash Screen etf.ri.rma.newsfeedapp}: viewVisibility=0 req=1080x2340 ty=3 d0
06-06 13:00:26.864  6421  9458 I ViewRootImpl@cc9c4e9[LauncherActivity]: mWNT: t=0xb40000747f94f5b0 mBlastBufferQueue=0xb4000074df963770 fn= 22 mRenderHdrSdrRatio=1.0 caller= com.android.systemui.shared.launcher.ViewRootImplCompat.mergeWithNextTransaction:4 com.honeyspace.transition.utils.SurfaceTransactionApplier.scheduleApply$lambda$1:26 com.honeyspace.transition.utils.SurfaceTransactionApplier.c:0
06-06 13:00:26.865  2342  3323 V WindowManager: Relayout hash=3cb22da, pid=5355, syncId=-1: mAttrs={(0,0)(fillxfill) sim={adjust=pan} ty=APPLICATION_STARTING fmt=TRANSLUCENT wanim=0x1030303
06-06 13:00:26.865  2342  3323 V WindowManager:   fl=81030118
06-06 13:00:26.865  2342  3323 V WindowManager:   pfl=16000010
06-06 13:00:26.865  2342  3323 V WindowManager:   bhv=DEFAULT
06-06 13:00:26.865  2342  3323 V WindowManager:   fitSides= naviIconColor=0}
06-06 13:00:26.866  5355  5439 I BLASTBufferQueue_Java: update, w= 1080 h= 2340 mName = ViewRootImpl@d59d7a5[newsfeedapp] mNativeObject= 0xb4000074df95aad0 sc.mNativeObject= 0xb4000073af96f510 format= -3 caller= android.view.ViewRootImpl.updateBlastSurfaceIfNeeded:3020 android.view.ViewRootImpl.relayoutWindow:10121 android.view.ViewRootImpl.performTraversals:4115 android.view.ViewRootImpl.doTraversal:3291 android.view.ViewRootImpl$TraversalRunnable.run:11329 android.view.Choreographer$CallbackRecord.run:1689
06-06 13:00:26.866  5355  5439 I ViewRootImpl@d59d7a5[newsfeedapp]: Relayout returned: old=(0,0,1080,2340) new=(0,0,1080,2340) relayoutAsync=false req=(1080,2340)0 dur=2 res=0x400 s={true 0xb4000074af9dd510} ch=false seqId=0
06-06 13:00:26.866  2342  2420 D InputDispatcher: Focus entered window (0): bb1e62c etf.ri.rma.newsfeedapp/etf.ri.rma.newsfeedapp.MainActivity
06-06 13:00:26.866  5355  5439 I ViewRootImpl@d59d7a5[newsfeedapp]: registerCallbackForPendingTransactions
06-06 13:00:26.867  7790  7790 I ViewRootImpl@9400ec0[MainActivity]: handleWindowFocusChanged: 1 0 call from android.view.ViewRootImpl.-$$Nest$mhandleWindowFocusChanged:0
06-06 13:00:26.867  1574  1638 I HYPER-HAL: [RequestManager.cpp]acquire(): Acquired ID : 1760925  [1577 / 299]    HINT :      list : [TID_LOW_LATENCY / 1] [TID / 7920] [TID / 7921] [TID / 7890] [TID / 7917]
06-06 13:00:26.867  7790  7790 D ViewRootImpl@9400ec0[MainActivity]: mThreadedRenderer.initializeIfNeeded()#2 mSurface={isValid=true 0xb4000074af994ef0}
06-06 13:00:26.867  5355  5447 I ViewRootImpl@d59d7a5[newsfeedapp]: mWNT: t=0xb40000747f950210 mBlastBufferQueue=0xb4000074df95aad0 fn= 2 mRenderHdrSdrRatio=1.0 caller= android.view.SyncRtSurfaceTransactionApplier.applyTransaction:96 android.view.SyncRtSurfaceTransactionApplier.lambda$scheduleApply$0:69 android.view.SyncRtSurfaceTransactionApplier.$r8$lambda$SgowXC58rj3PR958kHUfRgLZmvE:0
06-06 13:00:26.867  5355  5447 I ViewRootImpl@d59d7a5[newsfeedapp]: mWNT: t=0xb40000747f993c30 mBlastBufferQueue=0xb4000074df95aad0 fn= 2 mRenderHdrSdrRatio=1.0 caller= android.view.SyncRtSurfaceTransactionApplier.applyTransaction:96 android.view.SyncRtSurfaceTransactionApplier.lambda$scheduleApply$0:69 android.view.SyncRtSurfaceTransactionApplier.$r8$lambda$SgowXC58rj3PR958kHUfRgLZmvE:0
06-06 13:00:26.867  5355  5447 I ViewRootImpl@d59d7a5[newsfeedapp]: mWNT: t=0xb40000747f9584b0 mBlastBufferQueue=0xb4000074df95aad0 fn= 2 mRenderHdrSdrRatio=1.0 caller= android.view.ViewRootImpl$6.onFrameDraw:5639 android.view.ViewRootImpl$2.onFrameDraw:2144 android.view.ThreadedRenderer$1.onFrameDraw:792
06-06 13:00:26.867  7790  7790 D InputMethodManagerUtils: startInputInner - Id : 0
06-06 13:00:26.867  7790  7790 I InputMethodManager: startInputInner - IInputMethodManagerGlobalInvoker.startInputOrWindowGainedFocus
06-06 13:00:26.868  2342  2420 I ImeTracker: etf.ri.rma.newsfeedapp:11ab84ca: onRequestHide at ORIGIN_SERVER_HIDE_INPUT reason HIDE_UNSPECIFIED_WINDOW
06-06 13:00:26.868  2342  2420 I ImeTracker: etf.ri.rma.newsfeedapp:11ab84ca: onCancelled at PHASE_SERVER_SHOULD_HIDE
06-06 13:00:26.869  1574  1638 I HYPER-HAL: [RequestManager.cpp]acquire(): Acquired ID : 1760925  [1577 / 299]    HINT :      list : [TID_LOW_LATENCY / 0] [TID / 7920] [TID / 7921] [TID / 7890] [TID / 7917]
06-06 13:00:26.869  1715  1715 D SurfaceFlinger: Display 4630946970390616451 HWC layers:
06-06 13:00:26.869  1715  1715 D SurfaceFlinger:      DEVICE | 0xb4000073beb13a00 | 0100 | RGBA_8888    |  643.0   28.0 1697.0 2312.0 |    0    0 1080 2340 | Wallpaper BBQ wrapper 5_system#94
06-06 13:00:26.869  1715  1715 D SurfaceFlinger:      DEVICE | 0xb4000073beb14930 | 0100 | RGBA_8888    |    0.0    0.0 1080.0 2340.0 |    0    0 1080 2340 | com.sec.android.app.launcher/com.sec[...]tivities.LauncherActivity$_6421#1085
06-06 13:00:26.869  1715  1715 D SurfaceFlinger:      CLIENT | 0xb4000073beb17a20 | 0102 | RGBA_8888    |    0.0    0.0 1080.0 2340.0 |   47  102 1033 2238 | etf.ri.rma.newsfeedapp/etf.ri.rma.newsfeedapp.MainActivity$_7790#1123
06-06 13:00:26.869  1715  1715 D SurfaceFlinger:      CLIENT | 0xb4000073beafddd0 | 0100 | RGBA_8888    |    0.0    0.0 1080.0 2340.0 |   47  102 1033 2238 | Splash Screen etf.ri.rma.newsfeedapp$_5355#1110
06-06 13:00:26.869  1715  1715 D SurfaceFlinger:      DEVICE | 0xb4000073beb0a850 | 0100 | RGBA_8888    |    0.0    0.0 1080.0   87.0 |    0    0 1080   87 | StatusBar$_5355#90
06-06 13:00:26.869  1715  1715 D SurfaceFlinger:      DEVICE | 0xb4000073beb138e0 | 0100 | RGBA_8888    |    0.0    0.0   67.0  342.0 | 1013  438 1080  780 | com.sec.android.app.launcher/com.sam[...]ce.edge.CocktailBarService$_6421#145
06-06 13:00:26.869  1715  1715 D SurfaceFlinger:
06-06 13:00:26.869  1715  1715 D SurfaceFlinger:    DEVICE | 0xb4000073beb0d1f0 | 0100 | RGBA_8888    |    0.0    0.0 1080.0  144.0 |    0 2196 1080 2340 | NavigationBar0$_5355#89
06-06 13:00:26.869  1715  1715 D SurfaceFlinger:
06-06 13:00:26.869  2342  2420 D InputTransport: Input channel constructed: 'ClientS', fd=1014
06-06 13:00:26.869  2342  2420 D InputTransport: Input channel destroyed: 'ClientS', fd=1014
06-06 13:00:26.870 11275 11275 I HBD     : HoneyBoardService onFinishInput
06-06 13:00:26.870 11275 11275 I HBD     : a IC have been unbinding,  RemoteInputConnection{idHash=#1e2cca3}
06-06 13:00:26.870 11275 11275 I HBD     : HoneyBoardService [PF_CL][onFinishInput]  0 ms
06-06 13:00:26.870 11275 11275 I HBD     : HoneyBoardService [IMI] onStartInput - caller pid : 7790 , caller uid : 10317
06-06 13:00:26.870 11275 11275 I HBD     : j updateConfigs
06-06 13:00:26.870 11275 11275 I HBD     : j isEnabledNightMode : true
06-06 13:00:26.870 11275 11275 I HBD     : a IC have been binding, RemoteInputConnection{idHash=#fcfba0}
06-06 13:00:26.870 11275 11275 I HBD     : h [EditorInputType]setPrivateImeOptionsToTable privateImeOptions ( null )
06-06 13:00:26.870 11275 11275 I HBD     : b incognitoMode : false
06-06 13:00:26.870 11275 11275 I HBD     : b needOff = true , isForceOff = false, isNullInputClass : true
06-06 13:00:26.870 11275 11275 I HBD     : h getDefaultInputRange : UNKNOWN
06-06 13:00:26.870 11275 11275 I HBD     : h getDefaultInputRange : UNKNOWN
06-06 13:00:26.870 11275 11275 I HBD     : h getDefaultInputRange : UNKNOWN
06-06 13:00:26.870  2342  2629 I ActivityTaskManager: Displayed etf.ri.rma.newsfeedapp/.MainActivity for user 0: +121ms
06-06 13:00:26.870  7890  7890 W WindowOnBackDispatcher: sendCancelIfRunning: isInProgress=falsecallback=android.view.ViewRootImpl$$ExternalSyntheticLambda19@e60ee7f
06-06 13:00:26.871 11275 11275 I HBD     : b needOff = true , isForceOff = false, isNullInputClass : true
06-06 13:00:26.871 11275 11275 I HBD     : b update cached prediction status : false
06-06 13:00:26.871 11275 11275 I HBD     : h getDefaultInputRange : UNKNOWN
06-06 13:00:26.871 11275 11275 I HBD     : a currentState : 0
06-06 13:00:26.871 11275 11275 I HBD     : a [UpdatePolicy] [post] a: 0 cl: 65537 kit: [0/0] vt: 0 ir: 1
06-06 13:00:26.871  1715  1806 I SurfaceFlinger: id=1131 createSurf, flag=24004, Surface(name=ac5a498 InputMethod)/@0x1895ba - animation-leash of insets_animation#1131
06-06 13:00:26.871  7890  7917 D OpenGLRenderer: CacheManager::trimMemory(20)
06-06 13:00:26.871  7273  7273 E pageboostd: Received HALT command code 2
06-06 13:00:26.871  7890  7890 I ViewRootImpl@a674323[InstrumentationActivityInvoker$EmptyActivity]: dispatchDetachedFromWindow
06-06 13:00:26.872  5355  5446 I ViewRootImpl@d59d7a5[newsfeedapp]: mWNT: t=0xb40000747f984cf0 mBlastBufferQueue=0xb4000074df95aad0 fn= 3 mRenderHdrSdrRatio=1.0 caller= android.view.SyncRtSurfaceTransactionApplier.applyTransaction:96 android.view.SyncRtSurfaceTransactionApplier.lambda$scheduleApply$0:69 android.view.SyncRtSurfaceTransactionApplier.$r8$lambda$SgowXC58rj3PR958kHUfRgLZmvE:0
06-06 13:00:26.873  6421  9457 I ViewRootImpl@cc9c4e9[LauncherActivity]: mWNT: t=0xb40000747f971e70 mBlastBufferQueue=0xb4000074df963770 fn= 23 mRenderHdrSdrRatio=1.0 caller= com.android.systemui.shared.launcher.ViewRootImplCompat.mergeWithNextTransaction:4 com.honeyspace.transition.utils.SurfaceTransactionApplier.scheduleApply$lambda$1:26 com.honeyspace.transition.utils.SurfaceTransactionApplier.c:0
06-06 13:00:26.873  1574  1638 I HYPER-HAL: [RequestManager.cpp]acquire(): Acquired ID : 1760925  [1577 / 299]    HINT :      list : [TID_LOW_LATENCY / 0] [TID / 7920] [TID / 7921] [TID / 7890] [TID / 7917]
06-06 13:00:26.873  1574  1638 I HYPER-HAL: [RequestManager.cpp]acquire(): Acquired ID : 1762803  [1577 / 300]    HINT :      list : [UCLAMP_MIN_BOOST / 0] [TID / 7920] [TID / 7921] [TID / 7890] [TID / 7917]
06-06 13:00:26.874  1574  1638 I HYPER-HAL: [RequestManager.cpp]releaseLocked(): Released ID : 1760925
06-06 13:00:26.874  1574  1638 I HYPER-HAL: [RequestManager.cpp]releaseLocked(): Released ID : 1762803
06-06 13:00:26.874  2342  5453 D InputTransport: Input channel destroyed: 'b03cd9b', fd=1117
06-06 13:00:26.874  2342  5453 W InputManager-JNI: Input channel object 'b03cd9b etf.ri.rma.newsfeedapp.test/androidx.test.core.app.InstrumentationActivityInvoker$EmptyActivity (client)' was disposed without first being removed with the input manager!
06-06 13:00:26.874  2342  5453 D InputTransport: Input channel destroyed: 'b03cd9b', fd=1118
06-06 13:00:26.874 11275 11275 I HBD     : a [NRIC] resetNoResponseState
06-06 13:00:26.874 11275 11275 I HBD     : b needOff = true , isForceOff = false, isNullInputClass : true
06-06 13:00:26.874 11275 11275 I HBD     : b update cached prediction status : false
06-06 13:00:26.875 11275 11275 I HBD     : HoneyBoardService [PF_OP][onStartInput]  5 ms
06-06 13:00:26.875  7890  7890 D InputTransport: Input channel destroyed: 'b03cd9b', fd=101
06-06 13:00:26.876  5355  5355 D SamsungStatusBarGrayIconHelper: isGrayAppearance=false
06-06 13:00:26.876  5355  5355 D SamsungLightBarControlHelper: onStatusBarAppearanceChanged() -  sbModeChanged:false, statusBarMode:0, barState:MODE_TRANSPARENT, isKeyguardShowing:false, navbarColorManagedByIme:false, stackAppearanceChanged:true, (AppearanceRegion{ bounds=[0,0][1080,2340]}, ), packageName:etf.ri.rma.newsfeedapp
06-06 13:00:26.876  5355  5355 D NavigationBar: onSystemBarAttributesChanged() -  displayId:0, appearance:0, packageName: etf.ri.rma.newsfeedapp, navbarColorManagedByIme:false
06-06 13:00:26.876  5355  5355 D SamsungLightBarControlHelper: updateNavigationBar (WHITE button) isLightOpaque:false, hasLightNavigationBarFlag:false, packageName:etf.ri.rma.newsfeedapp, DirectReplying:false, NavBarColorMangedByIme:false, ForceDarkForScrim:false, QsCustomizing:false, PanelHasWhiteBg:false
06-06 13:00:26.877  1715  1806 I SurfaceFlinger: id=1133 createSurf, flag=24004, Task=24#1133
06-06 13:00:26.877  1715  2430 I SurfaceFlinger: id=1057 Removed 781ee9f ActivityRecordInputSink etf.ri.rma.newsfeedapp.test/androidx.test.core.app.InstrumentationActivityInvoker$EmptyActivity#1057 (247)
06-06 13:00:26.877  7790  7790 I InsetsSourceConsumer: applyRequestedVisibilityToControl: visible=false, type=ime, host=etf.ri.rma.newsfeedapp/etf.ri.rma.newsfeedapp.MainActivity
06-06 13:00:26.878 11275 11275 I InputMethodService: scheduleImeSurfaceRemoval: canceled, mShowInputRequested=false, mWindowVisible=false, IsmWindowNull=false, IsmImeSurfaceRemoverRunnableNotNull=true
06-06 13:00:26.879  6421  6488 I HoneySpace.TopTaskSource: onTaskRemoved: 24
06-06 13:00:26.879  6421  7245 I HoneySpace.RecentTasks: onRecentTasksChanged
06-06 13:00:26.879  6421  6488 I HoneySpace.TopTaskSource: onTaskRemoved: 24
06-06 13:00:26.880  1715  1715 I Layer   : Layer::reparent [ImeContainer#17] newParent : ActivityRecord{bd70493 u0 etf.ri.rma.newsfeedapp/.MainActivity t25}#1107 , isRemovedFromCurrentState : 0 -------------------------
06-06 13:00:26.880  1715  1715 I Layer   : Layer::reparent [ImeContainer#17] End -------------------------
06-06 13:00:26.880  1715  1715 I Layer   : Layer::reparent [ac5a498 InputMethod#154] newParent : Surface(name=ac5a498 InputMethod)/@0x1895ba - animation-leash of insets_animation#1131 , isRemovedFromCurrentState : 0 -------------------------
06-06 13:00:26.880  1715  1715 I Layer   : Layer::reparent [ac5a498 InputMethod#154] End -------------------------
06-06 13:00:26.880  1715  1715 I Layer   : Layer::reparent [Surface(name=ac5a498 InputMethod)/@0x1895ba - animation-leash of insets_animation#1102] newParentHandle : null -------------------------
06-06 13:00:26.880  1715  1715 I Layer   : id=1102 removeFromCurrentState Surface(name=ac5a498 InputMethod)/@0x1895ba - animation-leash of insets_animation#1102 (247)
06-06 13:00:26.880  1715  1715 I Layer   : Layer::reparent [Surface(name=ac5a498 InputMethod)/@0x1895ba - animation-leash of insets_animation#1102] End -------------------------
06-06 13:00:26.880  1715  1715 I Layer   : Layer::reparent [etf.ri.rma.newsfeedapp.test/androidx.test.core.app.InstrumentationActivityInvoker$EmptyActivity$_7890#1066] newParentHandle : null -------------------------
06-06 13:00:26.880  1715  1715 I Layer   : id=1066 removeFromCurrentState etf.ri.rma.newsfeedapp.test/androidx.test.core.app.InstrumentationActivityInvoker$EmptyActivity$_7890#1066 (247)
06-06 13:00:26.880  1715  1715 I Layer   : Layer::reparent [etf.ri.rma.newsfeedapp.test/androidx.test.core.app.InstrumentationActivityInvoker$EmptyActivity$_7890#1066] End -------------------------
06-06 13:00:26.880  1715  1715 I Layer   : Layer::reparent [b03cd9b etf.ri.rma.newsfeedapp.test/androidx.test.core.app.InstrumentationActivityInvoker$EmptyActivity#1059] newParentHandle : null -------------------------
06-06 13:00:26.880  1715  1715 I Layer   : id=1059 removeFromCurrentState b03cd9b etf.ri.rma.newsfeedapp.test/androidx.test.core.app.InstrumentationActivityInvoker$EmptyActivity#1059 (247)
06-06 13:00:26.880  1715  1715 I Layer   : Layer::reparent [b03cd9b etf.ri.rma.newsfeedapp.test/androidx.test.core.app.InstrumentationActivityInvoker$EmptyActivity#1059] End -------------------------
06-06 13:00:26.880  1715  1715 I Layer   : Layer::reparent [ActivityRecord{509bb5 u0 etf.ri.rma.newsfeedapp.test/androidx.test.core.app.InstrumentationActivityInvoker$EmptyActivity t24}#1045] newParentHandle : null -------------------------
06-06 13:00:26.880  1715  1715 I Layer   : id=1045 removeFromCurrentState ActivityRecord{509bb5 u0 etf.ri.rma.newsfeedapp.test/androidx.test.core.app.InstrumentationActivityInvoker$EmptyActivity t24}#1045 (247)
06-06 13:00:26.880  1715  1715 I Layer   : id=1057 removeFromCurrentState 781ee9f ActivityRecordInputSink etf.ri.rma.newsfeedapp.test/androidx.test.core.app.InstrumentationActivityInvoker$EmptyActivity#1057 (247)
06-06 13:00:26.880  1715  1715 I Layer   : Layer::reparent [ActivityRecord{509bb5 u0 etf.ri.rma.newsfeedapp.test/androidx.test.core.app.InstrumentationActivityInvoker$EmptyActivity t24}#1045] End -------------------------
06-06 13:00:26.880  1715  1715 I Layer   : Layer::reparent [Task=24#1044] newParentHandle : null -------------------------
06-06 13:00:26.880  1715  1715 I Layer   : id=1044 removeFromCurrentState Task=24#1044 (247)
06-06 13:00:26.880  1715  1715 I Layer   : Layer::reparent [Task=24#1044] End -------------------------
06-06 13:00:26.880  1715  1715 I Layer   : Layer::reparent [Task=24#1133] newParentHandle : null -------------------------
06-06 13:00:26.880  1715  1715 I Layer   : id=1133 removeFromCurrentState Task=24#1133 (247)
06-06 13:00:26.880  1715  1715 I Layer   : Layer::reparent [Task=24#1133] End -------------------------
06-06 13:00:26.881  1715  1715 I Layer   : id=1048 Destroyed Task=24#1044 (Mirror)#1048
06-06 13:00:26.881  1715  1715 I Layer   : id=1049 Destroyed ActivityRecord{509bb5 u0 etf.ri.rma.newsfeedapp.test/androidx.test.core.app.InstrumentationActivityInvoker$EmptyActivity t24}#1045 (Mirror)#1049
06-06 13:00:26.881  1715  1715 I Layer   : id=1064 Destroyed 781ee9f ActivityRecordInputSink etf.ri.rma.newsfeedapp.test/androidx.test.core.app.InstrumentationActivityInvoker$EmptyActivity#1057 (Mirror)#1064
06-06 13:00:26.881  1715  1715 I Layer   : id=1065 Destroyed b03cd9b etf.ri.rma.newsfeedapp.test/androidx.test.core.app.InstrumentationActivityInvoker$EmptyActivity#1059 (Mirror)#1065
06-06 13:00:26.881  1715  1715 I Layer   : id=1103 Destroyed Surface(name=ac5a498 InputMethod)/@0x1895ba - animation-leash of insets_animation#1102 (Mirror)#1103
06-06 13:00:26.881  6421  9458 I ViewRootImpl@cc9c4e9[LauncherActivity]: mWNT: t=0xb40000747f949c50 mBlastBufferQueue=0xb4000074df963770 fn= 24 mRenderHdrSdrRatio=1.0 caller= com.android.systemui.shared.launcher.ViewRootImplCompat.mergeWithNextTransaction:4 com.honeyspace.transition.utils.SurfaceTransactionApplier.scheduleApply$lambda$1:26 com.honeyspace.transition.utils.SurfaceTransactionApplier.c:0
06-06 13:00:26.881  7890  7917 D OpenGLRenderer: CacheManager::trimMemory(40)
06-06 13:00:26.881  1715  1715 I SurfaceFlinger: id=1133 Removed Task=24#1133 (242)
06-06 13:00:26.881  1715  1715 I SurfaceFlinger: id=1045 Removed ActivityRecord{509bb5 u0 etf.ri.rma.newsfeedapp.test/androidx.test.core.app.InstrumentationActivityInvoker$EmptyActivity t24}#1045 (242)
06-06 13:00:26.881  1715  1715 I SurfaceFlinger: id=1059 Removed b03cd9b etf.ri.rma.newsfeedapp.test/androidx.test.core.app.InstrumentationActivityInvoker$EmptyActivity#1059 (242)
06-06 13:00:26.881  1715  1715 I SurfaceFlinger: id=1066 Removed etf.ri.rma.newsfeedapp.test/androidx.test.core.app.InstrumentationActivityInvoker$EmptyActivity$_7890#1066 (242)
06-06 13:00:26.881  1715  1715 I SurfaceFlinger: id=1102 Removed Surface(name=ac5a498 InputMethod)/@0x1895ba - animation-leash of insets_animation#1102 (242)
06-06 13:00:26.881  7890  7917 D OpenGLRenderer: RenderThread::destroyRenderingContext()
06-06 13:00:26.881  1715  1715 I Layer   : id=1071 Destroyed etf.ri.rma.newsfeedapp.test/androidx.test.core.app.InstrumentationActivityInvoker$EmptyActivity$_7890#1066 (Mirror)#1071
06-06 13:00:26.882  5355  5447 I ViewRootImpl@d59d7a5[newsfeedapp]: mWNT: t=0xb40000747f969ff0 mBlastBufferQueue=0xb4000074df95aad0 fn= 4 mRenderHdrSdrRatio=1.0 caller= android.view.SyncRtSurfaceTransactionApplier.applyTransaction:96 android.view.SyncRtSurfaceTransactionApplier.lambda$scheduleApply$0:69 android.view.SyncRtSurfaceTransactionApplier.$r8$lambda$SgowXC58rj3PR958kHUfRgLZmvE:0
06-06 13:00:26.883  5355  5355 D SamsungLightBarControlHelper: updateStatusBar (WHITE icon) numStacks:1, StatusBarMode:MODE_TRANSPARENT, lightBarBounds:[], StatusBarState:SHADE, packageName:etf.ri.rma.newsfeedapp, isWhiteKeyguardStatusBar:false
06-06 13:00:26.883  5355  5355 D NavigationBar: setImeWindowStatus show legacy ime switcher = false
06-06 13:00:26.883  5355  5355 D NavigationBar: setImeWindowStatus displayId=0 vis=0 backDisposition=0 showImeSwitcher=false imeShown=false
06-06 13:00:26.885  7012  7043 D C2SoftVpxEnc: bytes generated 110168
06-06 13:00:26.889  1715  1715 I Layer   : id=1045 Destroyed ActivityRecord{509bb5 u0 etf.ri.rma.newsfeedapp.test/androidx.test.core.app.InstrumentationActivityInvoker$EmptyActivity t24}#1045
06-06 13:00:26.889  1715  1715 I Layer   : id=1057 Destroyed 781ee9f ActivityRecordInputSink etf.ri.rma.newsfeedapp.test/androidx.test.core.app.InstrumentationActivityInvoker$EmptyActivity#1057
06-06 13:00:26.889  1715  1715 I Layer   : id=1066 Destroyed etf.ri.rma.newsfeedapp.test/androidx.test.core.app.InstrumentationActivityInvoker$EmptyActivity$_7890#1066
06-06 13:00:26.889  1715  1715 I Layer   : id=1059 Destroyed b03cd9b etf.ri.rma.newsfeedapp.test/androidx.test.core.app.InstrumentationActivityInvoker$EmptyActivity#1059
06-06 13:00:26.889  1715  1715 I Layer   : id=1102 Destroyed Surface(name=ac5a498 InputMethod)/@0x1895ba - animation-leash of insets_animation#1102
06-06 13:00:26.889  1715  1715 I Layer   : id=1133 Destroyed Task=24#1133
06-06 13:00:26.889  6421  9457 I ViewRootImpl@cc9c4e9[LauncherActivity]: mWNT: t=0xb40000747f973f70 mBlastBufferQueue=0xb4000074df963770 fn= 25 mRenderHdrSdrRatio=1.0 caller= com.android.systemui.shared.launcher.ViewRootImplCompat.mergeWithNextTransaction:4 com.honeyspace.transition.utils.SurfaceTransactionApplier.scheduleApply$lambda$1:26 com.honeyspace.transition.utils.SurfaceTransactionApplier.c:0
06-06 13:00:26.890  5355  5446 I ViewRootImpl@d59d7a5[newsfeedapp]: mWNT: t=0xb40000747f9ada10 mBlastBufferQueue=0xb4000074df95aad0 fn= 5 mRenderHdrSdrRatio=1.0 caller= android.view.SyncRtSurfaceTransactionApplier.applyTransaction:96 android.view.SyncRtSurfaceTransactionApplier.lambda$scheduleApply$0:69 android.view.SyncRtSurfaceTransactionApplier.$r8$lambda$SgowXC58rj3PR958kHUfRgLZmvE:0
06-06 13:00:26.898  1715  1715 D SurfaceFlinger: GPIS:: requestGPISForClientComposition
06-06 13:00:26.898  6421  9458 I ViewRootImpl@cc9c4e9[LauncherActivity]: mWNT: t=0xb40000747f970190 mBlastBufferQueue=0xb4000074df963770 fn= 26 mRenderHdrSdrRatio=1.0 caller= com.android.systemui.shared.launcher.ViewRootImplCompat.mergeWithNextTransaction:4 com.honeyspace.transition.utils.SurfaceTransactionApplier.scheduleApply$lambda$1:26 com.honeyspace.transition.utils.SurfaceTransactionApplier.c:0
06-06 13:00:26.899  5355  5447 I ViewRootImpl@d59d7a5[newsfeedapp]: mWNT: t=0xb40000747f9acdb0 mBlastBufferQueue=0xb4000074df95aad0 fn= 6 mRenderHdrSdrRatio=1.0 caller= android.view.SyncRtSurfaceTransactionApplier.applyTransaction:96 android.view.SyncRtSurfaceTransactionApplier.lambda$scheduleApply$0:69 android.view.SyncRtSurfaceTransactionApplier.$r8$lambda$SgowXC58rj3PR958kHUfRgLZmvE:0
06-06 13:00:26.903  7012  7043 D C2SoftVpxEnc: bytes generated 87049
06-06 13:00:26.905  5355  5446 I ViewRootImpl@d59d7a5[newsfeedapp]: mWNT: t=0xb40000747f97b870 mBlastBufferQueue=0xb4000074df95aad0 fn= 7 mRenderHdrSdrRatio=1.0 caller= android.view.SyncRtSurfaceTransactionApplier.applyTransaction:96 android.view.SyncRtSurfaceTransactionApplier.lambda$scheduleApply$0:69 android.view.SyncRtSurfaceTransactionApplier.$r8$lambda$SgowXC58rj3PR958kHUfRgLZmvE:0
06-06 13:00:26.906  6421  9457 I ViewRootImpl@cc9c4e9[LauncherActivity]: mWNT: t=0xb40000747f941590 mBlastBufferQueue=0xb4000074df963770 fn= 27 mRenderHdrSdrRatio=1.0 caller= com.android.systemui.shared.launcher.ViewRootImplCompat.mergeWithNextTransaction:4 com.honeyspace.transition.utils.SurfaceTransactionApplier.scheduleApply$lambda$1:26 com.honeyspace.transition.utils.SurfaceTransactionApplier.c:0
06-06 13:00:26.914  7012  7043 D C2SoftVpxEnc: bytes generated 6200
06-06 13:00:26.914  6421  9458 I ViewRootImpl@cc9c4e9[LauncherActivity]: mWNT: t=0xb40000747f94bbf0 mBlastBufferQueue=0xb4000074df963770 fn= 28 mRenderHdrSdrRatio=1.0 caller= com.android.systemui.shared.launcher.ViewRootImplCompat.mergeWithNextTransaction:4 com.honeyspace.transition.utils.SurfaceTransactionApplier.scheduleApply$lambda$1:26 com.honeyspace.transition.utils.SurfaceTransactionApplier.c:0
06-06 13:00:26.918  1574  1638 I HYPER-HAL: [RequestManager.cpp]acquire(): Acquired ID : 1753423  [1577 / 295]    HINT :      list : [TID_LOW_LATENCY / 0] [TID / 5446] [TID / 5447] [TID / 5439] [TID / 5445]
06-06 13:00:26.918  2342  5453 V WindowManager: Relayout Window{3cb22da u0 Splash Screen etf.ri.rma.newsfeedapp}: viewVisibility=8 req=1080x2340 ty=3 d0
06-06 13:00:26.919  1574  1638 I HYPER-HAL: [RequestManager.cpp]acquire(): Acquired ID : 1755297  [1577 / 296]    HINT :      list : [UCLAMP_MIN_BOOST / 0] [TID / 5446] [TID / 5447] [TID / 5439] [TID / 5445]
06-06 13:00:26.919  1574  1638 I HYPER-HAL: [RequestManager.cpp]releaseLocked(): Released ID : 1753423
06-06 13:00:26.919  1574  1638 I HYPER-HAL: [RequestManager.cpp]releaseLocked(): Released ID : 1755297
06-06 13:00:26.920  2342  5453 V WindowManager: Relayout hash=3cb22da, pid=5355, syncId=-1: mAttrs={(0,0)(fillxfill) sim={adjust=pan} ty=APPLICATION_STARTING fmt=TRANSLUCENT wanim=0x1030303 alpha=0.0
06-06 13:00:26.920  2342  5453 V WindowManager:   fl=81030118
06-06 13:00:26.920  2342  5453 V WindowManager:   pfl=16000010
06-06 13:00:26.920  2342  5453 V WindowManager:   bhv=DEFAULT
06-06 13:00:26.920  2342  5453 V WindowManager:   fitSides= naviIconColor=0}
06-06 13:00:26.920  5355  5439 I ViewRootImpl@d59d7a5[newsfeedapp]: Relayout returned: old=(0,0,1080,2340) new=(0,0,1080,2340) relayoutAsync=false req=(1080,2340)8 dur=2 res=0x402 s={false 0x0} ch=true seqId=0
06-06 13:00:26.920  5355  5439 W WindowOnBackDispatcher: sendCancelIfRunning: isInProgress=falsecallback=android.view.ViewRootImpl$$ExternalSyntheticLambda19@f354921
06-06 13:00:26.920  5355  5439 I ViewRootImpl@d59d7a5[newsfeedapp]: dispatchDetachedFromWindow
06-06 13:00:26.921  2342  6212 D InputTransport: Input channel destroyed: '3cb22da', fd=927
06-06 13:00:26.921  2342  6212 W InputManager-JNI: Input channel object '3cb22da Splash Screen etf.ri.rma.newsfeedapp (client)' was disposed without first being removed with the input manager!
06-06 13:00:26.921  2342  6212 D InputTransport: Input channel destroyed: '3cb22da', fd=939
06-06 13:00:26.922  5355  5439 D InputTransport: Input channel destroyed: '3cb22da', fd=499
06-06 13:00:26.922  1715  1715 I Layer   : Layer::reparent [bb1e62c etf.ri.rma.newsfeedapp/etf.ri.rma.newsfeedapp.MainActivity#1113] newParent : ActivityRecord{bd70493 u0 etf.ri.rma.newsfeedapp/.MainActivity t25}#1107 , isRemovedFromCurrentState : 0 -------------------------
06-06 13:00:26.922  1715  1715 I Layer   : Layer::reparent [bb1e62c etf.ri.rma.newsfeedapp/etf.ri.rma.newsfeedapp.MainActivity#1113] End -------------------------
06-06 13:00:26.922  1715  1715 I Layer   : Layer::reparent [Surface(name=bb1e62c etf.ri.rma.newsfeedapp/etf.ri.rma.newsfeedapp.MainActivity)/@0x967f9c1 - animation-leash of starting_reveal#1129] newParentHandle : null -------------------------
06-06 13:00:26.922  1715  1715 I Layer   : id=1129 removeFromCurrentState Surface(name=bb1e62c etf.ri.rma.newsfeedapp/etf.ri.rma.newsfeedapp.MainActivity)/@0x967f9c1 - animation-leash of starting_reveal#1129 (235)
06-06 13:00:26.922  1715  1715 I Layer   : Layer::reparent [Surface(name=bb1e62c etf.ri.rma.newsfeedapp/etf.ri.rma.newsfeedapp.MainActivity)/@0x967f9c1 - animation-leash of starting_reveal#1129] End -------------------------
06-06 13:00:26.922  1715  1715 I Layer   : id=1130 Destroyed Surface(name=bb1e62c etf.ri.rma.newsfeedapp/etf.ri.rma.newsfeedapp.MainActivity)/@0x967f9c1 - animation-leash of starting_reveal#1129 (Mirror)#1130
06-06 13:00:26.923  6421  9457 I ViewRootImpl@cc9c4e9[LauncherActivity]: mWNT: t=0xb40000747f953910 mBlastBufferQueue=0xb4000074df963770 fn= 29 mRenderHdrSdrRatio=1.0 caller= com.android.systemui.shared.launcher.ViewRootImplCompat.mergeWithNextTransaction:4 com.honeyspace.transition.utils.SurfaceTransactionApplier.scheduleApply$lambda$1:26 com.honeyspace.transition.utils.SurfaceTransactionApplier.c:0
06-06 13:00:26.924  7012  7043 D C2SoftVpxEnc: bytes generated 2318
06-06 13:00:26.927  1715  1715 D SurfaceFlinger: Display 4630946970390616451 HWC layers:
06-06 13:00:26.927  1715  1715 D SurfaceFlinger:      DEVICE | 0xb4000073beb13a00 | 0100 | RGBA_8888    |  635.0   11.0 1705.0 2329.0 |    0    0 1080 2340 | Wallpaper BBQ wrapper 5_system#94
06-06 13:00:26.927  1715  1715 D SurfaceFlinger:      DEVICE | 0xb4000073beb0de50 | 0100 | RGBA_8888    |    0.0    0.0 1080.0 2340.0 |    0    0 1080 2340 | com.sec.android.app.launcher/com.sec[...]tivities.LauncherActivity$_6421#1085
06-06 13:00:26.927  1715  1715 D SurfaceFlinger:      CLIENT | 0xb4000073beb17a20 | 0102 | RGBA_8888    |    0.0    0.0 1080.0 2340.0 |   24   52 1056 2288 | etf.ri.rma.newsfeedapp/etf.ri.rma.newsfeedapp.MainActivity$_7790#1123
06-06 13:00:26.927  1715  1715 D SurfaceFlinger:      DEVICE | 0xb4000073beb087b0 | 0100 | RGBA_8888    |    0.0    0.0 1080.0   87.0 |    0    0 1080   87 | StatusBar$_5355#90
06-06 13:00:26.927  1715  1715 D SurfaceFlinger:      DEVICE | 0xb4000073beb138e0 | 0100 | RGBA_8888    |    0.0    0.0   67.0  342.0 | 1013  438 1080  780 | com.sec.android.app.launcher/com.sam[...]ce.edge.CocktailBarService$_6421#145
06-06 13:00:26.927  1715  1715 D SurfaceFlinger:      DEVICE | 0xb4000073beb0fb90 | 0100 | RGBA_8888    |    0.0    0.0 1080.0  144.0 |    0 2196 1080 2340 | NavigationBar0$_5355#89
06-06 13:00:26.927  1715  1715 D SurfaceFlinger:
06-06 13:00:26.931  6421  9458 I ViewRootImpl@cc9c4e9[LauncherActivity]: mWNT: t=0xb40000747f94c9b0 mBlastBufferQueue=0xb4000074df963770 fn= 30 mRenderHdrSdrRatio=1.0 caller= com.android.systemui.shared.launcher.ViewRootImplCompat.mergeWithNextTransaction:4 com.honeyspace.transition.utils.SurfaceTransactionApplier.scheduleApply$lambda$1:26 com.honeyspace.transition.utils.SurfaceTransactionApplier.c:0
06-06 13:00:26.935  7012  7043 D C2SoftVpxEnc: bytes generated 10665
06-06 13:00:26.939  6421  9457 I ViewRootImpl@cc9c4e9[LauncherActivity]: mWNT: t=0xb40000747f95cad0 mBlastBufferQueue=0xb4000074df963770 fn= 31 mRenderHdrSdrRatio=1.0 caller= com.android.systemui.shared.launcher.ViewRootImplCompat.mergeWithNextTransaction:4 com.honeyspace.transition.utils.SurfaceTransactionApplier.scheduleApply$lambda$1:26 com.honeyspace.transition.utils.SurfaceTransactionApplier.c:0
06-06 13:00:26.947  6421  6421 I HoneySpace.AppCloseAnimationDelegate: animatorSet end
06-06 13:00:26.947  6421  6421 I HoneySpace.AnimationResult: finish, true
06-06 13:00:26.948  7012  7043 D C2SoftVpxEnc: bytes generated 17850
06-06 13:00:26.948  6421  9458 I ViewRootImpl@cc9c4e9[LauncherActivity]: mWNT: t=0xb40000747f945a50 mBlastBufferQueue=0xb4000074df963770 fn= 32 mRenderHdrSdrRatio=1.0 caller= com.android.systemui.shared.launcher.ViewRootImplCompat.mergeWithNextTransaction:4 com.honeyspace.transition.utils.SurfaceTransactionApplier.scheduleApply$lambda$1:26 com.honeyspace.transition.utils.SurfaceTransactionApplier.c:0
06-06 13:00:26.958  1715  6620 I SurfaceFlinger: id=1095 Removed Surface(name=Task=24)/@0x3d92ee1_transition-leash#1095 (234)
06-06 13:00:26.958  1715  6620 I SurfaceFlinger: id=1094 Removed Surface(name=Task=1)/@0xa7f4aeb_transition-leash#1094 (234)
06-06 13:00:26.960  7012  7043 D BufferPoolAccessor2.0: bufferpool2 0xb400007dbe05aed8 : 66(2984393 size) total buffers - 1(20490 size) used buffers - 94/538 (recycle/alloc) - 453/537 (fetch/transfer)
