06-06 13:00:26.639  1715  1715 I Layer   : Layer [b03cd9b etf.ri.rma.newsfeedapp.test/androidx.test.core.app.InstrumentationActivityInvoker$EmptyActivity#1059] hidden!! flag(0)
06-06 13:00:26.639  1715  1715 I Layer   : Layer::reparent [87e62a6 NavigationBar0#78] newParent : Surface(name=87e62a6 NavigationBar0)/@0xf64c4fb - animation-leash of insets_animation#1067 , isRemovedFromCurrentState : 0 -------------------------
06-06 13:00:26.639  1715  1715 I Layer   : Layer::reparent [87e62a6 NavigationBar0#78] End -------------------------
06-06 13:00:26.639  1715  1715 I Layer   : Layer::reparent [Surface(name=87e62a6 NavigationBar0)/@0xf64c4fb - animation-leash of insets_animation#1034] newParentHandle : null -------------------------
06-06 13:00:26.639  1715  1715 I Layer   : id=1034 removeFromCurrentState Surface(name=87e62a6 NavigationBar0)/@0xf64c4fb - animation-leash of insets_animation#1034 (242)
06-06 13:00:26.639  1715  1715 I Layer   : Layer::reparent [Surface(name=87e62a6 NavigationBar0)/@0xf64c4fb - animation-leash of insets_animation#1034] End -------------------------
06-06 13:00:26.639  1715  1715 I Layer   : Layer::reparent [53a7541 StatusBar#85] newParent : Surface(name=53a7541 StatusBar)/@0x3ba06c - animation-leash of insets_animation#1068 , isRemovedFromCurrentState : 0 -------------------------
06-06 13:00:26.639  1715  1715 I Layer   : Layer::reparent [53a7541 StatusBar#85] End -------------------------
06-06 13:00:26.639  1715  1715 I Layer   : Layer::reparent [Surface(name=53a7541 StatusBar)/@0x3ba06c - animation-leash of insets_animation#1035] newParentHandle : null -------------------------
06-06 13:00:26.639  1715  1715 I Layer   : id=1035 removeFromCurrentState Surface(name=53a7541 StatusBar)/@0x3ba06c - animation-leash of insets_animation#1035 (242)
06-06 13:00:26.639  1715  1715 I Layer   : Layer::reparent [Surface(name=53a7541 StatusBar)/@0x3ba06c - animation-leash of insets_animation#1035] End -------------------------
06-06 13:00:26.639  7890  7890 I ViewRootImpl@a674323[InstrumentationActivityInvoker$EmptyActivity]: registerCallbacksForSync syncBuffer=false
06-06 13:00:26.639  1715  1715 I Layer   : id=1038 Destroyed Surface(name=87e62a6 NavigationBar0)/@0xf64c4fb - animation-leash of insets_animation#1034 (Mirror)#1038
06-06 13:00:26.639  1715  1715 I Layer   : id=1037 Destroyed Surface(name=53a7541 StatusBar)/@0x3ba06c - animation-leash of insets_animation#1035 (Mirror)#1037
06-06 13:00:26.639  1715  1715 I SurfaceFlinger: id=1035 Removed Surface(name=53a7541 StatusBar)/@0x3ba06c - animation-leash of insets_animation#1035 (245)
06-06 13:00:26.639  1715  1715 I SurfaceFlinger: id=1034 Removed Surface(name=87e62a6 NavigationBar0)/@0xf64c4fb - animation-leash of insets_animation#1034 (245)
06-06 13:00:26.639  7890  7920 I ViewRootImpl@a674323[InstrumentationActivityInvoker$EmptyActivity]: Received frameDrawingCallback syncResult=0 frameNum=1.
06-06 13:00:26.639  7890  7920 I ViewRootImpl@a674323[InstrumentationActivityInvoker$EmptyActivity]: mWNT: t=0xb40000747f9428d0 mBlastBufferQueue=0xb4000074df945f90 fn= 1 mRenderHdrSdrRatio=1.0 caller= android.view.ViewRootImpl$8.onFrameDraw:13826 android.view.ThreadedRenderer$1.onFrameDraw:792 <bottom of call stack>
06-06 13:00:26.639  7890  7920 I ViewRootImpl@a674323[InstrumentationActivityInvoker$EmptyActivity]: Setting up sync and frameCommitCallback
06-06 13:00:26.640  1715  3404 I SurfaceFlinger: id=1076 createSurf, flag=44404, Top Edge Extension#1076
06-06 13:00:26.642  7890  7917 I BLASTBufferQueue: [ViewRootImpl@a674323[InstrumentationActivityInvoker$EmptyActivity]#6](f:0,a:0,s:0) onFrameAvailable the first frame is available
06-06 13:00:26.642  5355  5355 D SamsungStatusBarGrayIconHelper: isGrayAppearance=false
06-06 13:00:26.642  5355  5355 D NavigationBar: onSystemBarAttributesChanged() -  displayId:0, appearance:16, packageName: etf.ri.rma.newsfeedapp.test (APPEARANCE_LIGHT_NAVIGATION_BARS ), navbarColorManagedByIme:false
06-06 13:00:26.642  1715  1715 I Layer   : id=1077 Destroyed Screenshot Parent#1077
06-06 13:00:26.643  7890  7917 I ViewRootImpl@a674323[InstrumentationActivityInvoker$EmptyActivity]: Received frameCommittedCallback lastAttemptedDrawFrameNum=1 didProduceBuffer=true
06-06 13:00:26.643  7890  7917 D OpenGLRenderer: CFMS:: SetUp Pid : 7890    Tid : 7917
06-06 13:00:26.643  1652  2311 I QC2CompStore: Setting heap usage to system
06-06 13:00:26.643  1715  3404 I SurfaceFlinger: id=1078 createSurf, flag=4400, bbq-wrapper#1078
06-06 13:00:26.643  7890  7890 I ViewRootImpl@a674323[InstrumentationActivityInvoker$EmptyActivity]: reportDrawFinished seqId=0
06-06 13:00:26.644  7012  7043 D C2SoftVpxEnc: bytes generated 79524
06-06 13:00:26.644  5355  5445 D NativeCustomFrequencyManager: [NativeCFMS] BpCustomFrequencyManager::BpCustomFrequencyManager()
06-06 13:00:26.645  2342  5137 D InputDispatcher: Focused application(0): ActivityRecord{4bdcf41 u0 com.sec.android.app.launcher/.activities.LauncherActivity t8}
06-06 13:00:26.645  2342  5206 D AS.MultiSoundManager: mForegroundUid = 10150
06-06 13:00:26.645  5355  5445 I BLASTBufferQueue: [bbq-adapter#36](f:0,a:0,s:0) onFrameAvailable the first frame is available
06-06 13:00:26.645  1574  1638 I HYPER-HAL: [RequestManager.cpp]acquire(): Acquired ID : 1745937  [1577 / 291]    HINT :      list : [TID_LOW_LATENCY / 1] [TID / 5446] [TID / 5447] [TID / 5420] [TID / 5445]
06-06 13:00:26.645  1715  1807 I SurfaceFlinger: id=1079 createSurf, flag=24000, Surface(name=87e62a6 NavigationBar0)/@0xf64c4fb - animation-leash of insets_animation#1079
06-06 13:00:26.646  5355  5445 D OpenGLRenderer: CFMS:: SetUp Pid : 5355    Tid : 5445
06-06 13:00:26.646  1715  1807 I SurfaceFlinger: id=1080 createSurf, flag=24000, Surface(name=53a7541 StatusBar)/@0x3ba06c - animation-leash of insets_animation#1080
06-06 13:00:26.647  5355  5355 D SamsungStatusBarGrayIconHelper: isGrayAppearance=false
06-06 13:00:26.647  1715  1715 I Layer   : Layer::reparent [87e62a6 NavigationBar0#78] newParent : Surface(name=87e62a6 NavigationBar0)/@0xf64c4fb - animation-leash of insets_animation#1069 , isRemovedFromCurrentState : 0 -------------------------
06-06 13:00:26.647  1715  1715 I Layer   : Layer::reparent [87e62a6 NavigationBar0#78] End -------------------------
06-06 13:00:26.647  1715  1715 I Layer   : Layer::reparent [Surface(name=87e62a6 NavigationBar0)/@0xf64c4fb - animation-leash of insets_animation#1067] newParentHandle : null -------------------------
06-06 13:00:26.647  5355  5355 D NavigationBar: onSystemBarAttributesChanged() -  displayId:0, appearance:24, packageName: etf.ri.rma.newsfeedapp.test (APPEARANCE_LIGHT_STATUS_BARS APPEARANCE_LIGHT_NAVIGATION_BARS ), navbarColorManagedByIme:false
06-06 13:00:26.647  1715  1715 I Layer   : id=1067 removeFromCurrentState Surface(name=87e62a6 NavigationBar0)/@0xf64c4fb - animation-leash of insets_animation#1067 (249)
06-06 13:00:26.647  1715  1715 I Layer   : Layer::reparent [Surface(name=87e62a6 NavigationBar0)/@0xf64c4fb - animation-leash of insets_animation#1067] End -------------------------
06-06 13:00:26.647  1715  1715 I Layer   : Layer::reparent [53a7541 StatusBar#85] newParent : Surface(name=53a7541 StatusBar)/@0x3ba06c - animation-leash of insets_animation#1070 , isRemovedFromCurrentState : 0 -------------------------
06-06 13:00:26.647  1715  1715 I Layer   : Layer::reparent [53a7541 StatusBar#85] End -------------------------
06-06 13:00:26.647  1715  1715 I Layer   : Layer::reparent [Surface(name=53a7541 StatusBar)/@0x3ba06c - animation-leash of insets_animation#1068] newParentHandle : null -------------------------
06-06 13:00:26.647  1715  1715 I Layer   : id=1068 removeFromCurrentState Surface(name=53a7541 StatusBar)/@0x3ba06c - animation-leash of insets_animation#1068 (249)
06-06 13:00:26.647  1715  1715 I Layer   : Layer::reparent [Surface(name=53a7541 StatusBar)/@0x3ba06c - animation-leash of insets_animation#1068] End -------------------------
06-06 13:00:26.647  1715  1715 I Layer   : Layer [Top Edge Extension#1076] hidden!! flag(0)
06-06 13:00:26.647  1715  1715 I Layer   : id=1034 Destroyed Surface(name=87e62a6 NavigationBar0)/@0xf64c4fb - animation-leash of insets_animation#1034
06-06 13:00:26.647  1715  1715 I Layer   : id=1035 Destroyed Surface(name=53a7541 StatusBar)/@0x3ba06c - animation-leash of insets_animation#1035
06-06 13:00:26.647  2342  5206 D AS.MultiSoundManager: mForegroundUid = 10150
06-06 13:00:26.647  1715  1715 I Layer   : id=1074 Destroyed Surface(name=87e62a6 NavigationBar0)/@0xf64c4fb - animation-leash of insets_animation#1067 (Mirror)#1074
06-06 13:00:26.647  1715  1715 I Layer   : id=1072 Destroyed Surface(name=53a7541 StatusBar)/@0x3ba06c - animation-leash of insets_animation#1068 (Mirror)#1072
06-06 13:00:26.648  1715  1715 I SurfaceFlinger: id=1068 Removed Surface(name=53a7541 StatusBar)/@0x3ba06c - animation-leash of insets_animation#1068 (249)
06-06 13:00:26.648  1715  1715 I SurfaceFlinger: id=1067 Removed Surface(name=87e62a6 NavigationBar0)/@0xf64c4fb - animation-leash of insets_animation#1067 (249)
06-06 13:00:26.648  2342  3323 D InputDispatcher: Focus request (0): b03cd9b etf.ri.rma.newsfeedapp.test/androidx.test.core.app.InstrumentationActivityInvoker$EmptyActivity but waiting because NO_WINDOW
06-06 13:00:26.649  2342  3323 D SecContentProvider: query(), uri = 17 selection = isSettingsChangesAllowed
06-06 13:00:26.650  1574  1638 I HYPER-HAL: [RequestManager.cpp]acquire(): Acquired ID : 1745937  [1577 / 291]    HINT :      list : [TID_LOW_LATENCY / 0] [TID / 5446] [TID / 5447] [TID / 5420] [TID / 5445]
06-06 13:00:26.650  1574  1638 I HYPER-HAL: [RequestManager.cpp]acquire(): Acquired ID : 1747807  [1577 / 292]    HINT :      list : [UCLAMP_MIN_BOOST / 0] [TID / 5446] [TID / 5447] [TID / 5420] [TID / 5445]
06-06 13:00:26.651  1574  1638 I HYPER-HAL: [RequestManager.cpp]releaseLocked(): Released ID : 1745937
06-06 13:00:26.651  1574  1638 I HYPER-HAL: [RequestManager.cpp]releaseLocked(): Released ID : 1747807
06-06 13:00:26.652  2342  5137 I SemDvfsHyPerManager: acquire hyper - AMS_RESUME_TAIL/2342@16, type = -999
06-06 13:00:26.652  2342  5137 I SemDvfsHyPerManager: acquire hyper - AMS_ACT_LAZY/2342@17, type = -999
06-06 13:00:26.652  2342  2629 W ziparchive: Unable to open '/data/app/~~q6ihDQ-r40yk9rxY5zxFLg==/etf.ri.rma.newsfeedapp.test-m0vtkMP855jZIMp5wBuJ0A==/base.dm': No such file or directory
06-06 13:00:26.653  1574  1638 I HYPER-HAL: [RequestManager.cpp]acquire(): Acquired ID : 2781277  [2342 / 16]    HINT : AMS_RESUME_TAIL    list :
06-06 13:00:26.653  2342  2629 I PkgPredictorService-SecIpmManagerServiceImpl: reportToNAP uid:10318 etf.ri.rma.newsfeedapp.test/androidx.test.core.app.InstrumentationActivityInvoker$EmptyActivity thisTime:73
06-06 13:00:26.653  2342  2629 D PkgPredictorService-SecIpmManagerServiceImpl: reportToNAP: mHeavyLaunchCounter is false
06-06 13:00:26.654  2342  7097 D PkgPredictorService-SecIpmManagerServiceImpl: ACTION_FOREGROUND_FINISH_EVENT sCurForegroundApp :etf.ri.rma.newsfeedapp.test
06-06 13:00:26.654  7890  7890 I InsetsSourceConsumer: applyRequestedVisibilityToControl: visible=true, type=navigationBars, host=etf.ri.rma.newsfeedapp.test/androidx.test.core.app.InstrumentationActivityInvoker$EmptyActivity
06-06 13:00:26.654  5355  5439 I InsetsSourceConsumer: applyRequestedVisibilityToControl: visible=true, type=navigationBars, host=Splash Screen etf.ri.rma.newsfeedapp.test
06-06 13:00:26.654  1574  1638 I HYPER-HAL: [RequestManager.cpp]acquire(): Acquired ID : 2783637  [2342 / 17]    HINT : AMS_ACT_LAZY    list :
06-06 13:00:26.654  7890  7890 I InsetsSourceConsumer: applyRequestedVisibilityToControl: visible=true, type=statusBars, host=etf.ri.rma.newsfeedapp.test/androidx.test.core.app.InstrumentationActivityInvoker$EmptyActivity
06-06 13:00:26.655  5355  5439 I InsetsSourceConsumer: applyRequestedVisibilityToControl: visible=true, type=statusBars, host=Splash Screen etf.ri.rma.newsfeedapp.test
06-06 13:00:26.655  6421  6488 I HoneySpace.TopTaskSource: onTaskMovedToFront : taskId = 8
06-06 13:00:26.655  1715  1715 I Layer   : Layer::reparent [87e62a6 NavigationBar0#78] newParent : Surface(name=87e62a6 NavigationBar0)/@0xf64c4fb - animation-leash of insets_animation#1079 , isRemovedFromCurrentState : 0 -------------------------
06-06 13:00:26.655  6421  6488 I HoneySpace.TopTaskSource: onTaskFocusChanged(): taskId = 8
06-06 13:00:26.655  1715  1715 I Layer   : Layer::reparent [87e62a6 NavigationBar0#78] End -------------------------
06-06 13:00:26.655  1715  1715 I Layer   : Layer::reparent [Surface(name=87e62a6 NavigationBar0)/@0xf64c4fb - animation-leash of insets_animation#1069] newParentHandle : null -------------------------
06-06 13:00:26.655  1715  1715 I Layer   : id=1069 removeFromCurrentState Surface(name=87e62a6 NavigationBar0)/@0xf64c4fb - animation-leash of insets_animation#1069 (249)
06-06 13:00:26.655  1715  1715 I Layer   : Layer::reparent [Surface(name=87e62a6 NavigationBar0)/@0xf64c4fb - animation-leash of insets_animation#1069] End -------------------------
06-06 13:00:26.655  1715  1715 I Layer   : Layer::reparent [53a7541 StatusBar#85] newParent : Surface(name=53a7541 StatusBar)/@0x3ba06c - animation-leash of insets_animation#1080 , isRemovedFromCurrentState : 0 -------------------------
06-06 13:00:26.655  1715  1715 I Layer   : Layer::reparent [53a7541 StatusBar#85] End -------------------------
06-06 13:00:26.655  1715  1715 I Layer   : Layer::reparent [Surface(name=53a7541 StatusBar)/@0x3ba06c - animation-leash of insets_animation#1070] newParentHandle : null -------------------------
06-06 13:00:26.655  1715  1715 I Layer   : id=1070 removeFromCurrentState Surface(name=53a7541 StatusBar)/@0x3ba06c - animation-leash of insets_animation#1070 (249)
06-06 13:00:26.655  1715  1715 I Layer   : Layer::reparent [Surface(name=53a7541 StatusBar)/@0x3ba06c - animation-leash of insets_animation#1070] End -------------------------
06-06 13:00:26.655  6421  6488 I HoneySpace.TopTaskSource: onTaskMovedToFront : taskId = 8
06-06 13:00:26.655  1715  1715 I Layer   : id=1067 Destroyed Surface(name=87e62a6 NavigationBar0)/@0xf64c4fb - animation-leash of insets_animation#1067
06-06 13:00:26.656  1715  1715 I Layer   : id=1068 Destroyed Surface(name=53a7541 StatusBar)/@0x3ba06c - animation-leash of insets_animation#1068
06-06 13:00:26.656  6421  6490 I HoneySpace.TopTaskUseCase: topTasks 8 ComponentInfo{com.sec.android.app.launcher/com.sec.android.app.launcher.Launcher}
06-06 13:00:26.656  1715  1715 I Layer   : id=1073 Destroyed Surface(name=53a7541 StatusBar)/@0x3ba06c - animation-leash of insets_animation#1070 (Mirror)#1073
06-06 13:00:26.656  1715  1715 I Layer   : id=1075 Destroyed Surface(name=87e62a6 NavigationBar0)/@0xf64c4fb - animation-leash of insets_animation#1069 (Mirror)#1075
06-06 13:00:26.657  6421  6488 I HoneySpace.TopTaskSource: onTaskFocusChanged(): taskId = 8
06-06 13:00:26.657  6421  6488 I HoneySpace.TopTaskSource: onTaskMovedToFront : taskId = 8
06-06 13:00:26.657  1574  1638 I HYPER-HAL: [RequestManager.cpp]releaseLocked(): Released ID : 2816782
06-06 13:00:26.659  2342  5137 I SemDvfsHyPerManager: acquire hyper - AMS_APP_HOME/2342@29, type = -999
06-06 13:00:26.659  1574  1638 I HYPER-HAL: [RequestManager.cpp]acquire(): Acquired ID : 2812035  [2342 / 29]    HINT : AMS_APP_HOME    list :
06-06 13:00:26.660  8184  8184 I SemDvfsHyPerManager: acquire hyper - APP_START_HOME/8184@20, type = -999
06-06 13:00:26.660  1574  1638 I HYPER-HAL: [RequestManager.cpp]acquire(): Acquired ID : 33656930  [8184 / 20]    HINT : APP_START    list : [KERNEL_APP_START_NOTIFY / 0] [TIMEOUT / 1500]
06-06 13:00:26.660  6421  6421 I ViewRootImpl@cc9c4e9[LauncherActivity]: handleAppVisibility mAppVisible = false visible = true
06-06 13:00:26.661  6421  6421 I ViewRootImpl@cc9c4e9[LauncherActivity]: stopped(false) old = true
06-06 13:00:26.661  6421  6421 I HoneySpace.Launcher: !@Boot_EBS_D: Launcher.onStart()
06-06 13:00:26.661  2342  2629 I ActivityTaskManager: Displayed etf.ri.rma.newsfeedapp.test/androidx.test.core.app.InstrumentationActivityInvoker$EmptyActivity for user 0: +73ms
06-06 13:00:26.661  6421  6421 I HoneySpace.Launcher: !@Boot_EBS_D: Launcher.onResume()
06-06 13:00:26.661  6421  6421 I HoneySpace.Launcher: updateLauncherShowing false -> true
06-06 13:00:26.662  7273  7273 E pageboostd: Received HALT command code 2
06-06 13:00:26.662  1715  6620 I SurfaceFlinger: id=1069 Removed Surface(name=87e62a6 NavigationBar0)/@0xf64c4fb - animation-leash of insets_animation#1069 (245)
06-06 13:00:26.662  6421  6596 I HoneySpace.PredictionDataSourceImpl: requestPredictionUpdate 0 true
06-06 13:00:26.662  6421  6421 I HoneySpace.ShellTransitionManager: myHomeResumed
06-06 13:00:26.662  1715  6620 I SurfaceFlinger: id=1070 Removed Surface(name=53a7541 StatusBar)/@0x3ba06c - animation-leash of insets_animation#1070 (245)
06-06 13:00:26.662  2342  5454 I AppWidgetServiceImpl: startListening callbacks : com.android.internal.appwidget.IAppWidgetHost$Stub$Proxy@cdecc1a
06-06 13:00:26.662  6421  6596 I HoneySpace.PredictionDataSourceImpl: requestPredictionUpdate 1 true
06-06 13:00:26.662  1652  2311 I QC2CompStore: Setting heap usage to system
06-06 13:00:26.662  6421  6421 I SearchHoneyPot: onViewCreated: onResume
06-06 13:00:26.662  6421  5991 I HoneySpace.SPayHandler: same state show=true currentDefaultPage=true
06-06 13:00:26.662 24682 24682 I A       : onStart
06-06 13:00:26.663  7012  7043 D C2SoftVpxEnc: bytes generated 80865
06-06 13:00:26.663 24682 24682 I A       : onResume
06-06 13:00:26.664  1715  1715 I Layer   : id=1070 Destroyed Surface(name=53a7541 StatusBar)/@0x3ba06c - animation-leash of insets_animation#1070
06-06 13:00:26.664  1715  1715 I Layer   : id=1069 Destroyed Surface(name=87e62a6 NavigationBar0)/@0xf64c4fb - animation-leash of insets_animation#1069
06-06 13:00:26.664  2342  2420 V WindowManager: Relayout Window{da5c5e7 u0 com.sec.android.app.launcher/com.sec.android.app.launcher.activities.LauncherActivity}: viewVisibility=0 req=1080x2340 ty=1 d0
06-06 13:00:26.664  1715  6620 I SurfaceFlinger: id=1085 createSurf, flag=44004, com.sec.android.app.launcher/com.sec.android.app.launcher.activities.LauncherActivity$_6421#1085
06-06 13:00:26.666  1715  3404 I SurfaceFlinger: id=1086 createSurf, flag=24000, Surface(name=87e62a6 NavigationBar0)/@0xf64c4fb - animation-leash of insets_animation#1086
06-06 13:00:26.667  1715  3404 I SurfaceFlinger: id=1087 createSurf, flag=24000, Surface(name=53a7541 StatusBar)/@0x3ba06c - animation-leash of insets_animation#1087
06-06 13:00:26.667  1715  1715 D SurfaceFlinger: Display 4630946970390616451 HWC layers:
06-06 13:00:26.667  1715  1715 D SurfaceFlinger:      DEVICE | 0xb4000073beb15bc0 | 0102 | RGBA_8888    |    0.0    0.0 1080.0    4.0 |    0 2336 1080 2340 | bbq-wrapper#1058
06-06 13:00:26.667  1715  1715 D SurfaceFlinger:      DEVICE | 0xb4000073beb0f710 | 0102 | RGBA_8888    |    0.0    4.0 1080.0 2340.0 |    0    0 1080 2336 | etf.ri.rma.newsfeedapp/etf.ri.rma.newsfeedapp.MainActivity$_7790#1033
06-06 13:00:26.667  1715  1715 D SurfaceFlinger:      DEVICE | 0xb4000073beb117b0 | 0102 | RGBA_8888    |    0.0   22.0 1080.0  438.0 |    0    0 1080  416 | bbq-wrapper#1078
06-06 13:00:26.667  1715  1715 D SurfaceFlinger:  SOLID_COLOR |              | 0000 |  Unknown  |    0.0    0.0    0.0    0.0 |    0    0 1080 2340 | DimTransitionLayer for Surface(name=Task=24)/@0x39ed536#1060
06-06 13:00:26.667  1715  1715 D SurfaceFlinger:      DEVICE | 0xb4000073beb0ae80 | 0100 | RGBA_8888    |    0.0    0.0 1080.0 1924.0 |    0  416 1080 2340 | Splash Screen etf.ri.rma.newsfeedapp.test$_5355#1047
06-06 13:00:26.667  1715  1715 D SurfaceFlinger:      DEVICE | 0xb4000073beb0a850 | 0100 | RGBA_8888    |    0.0    0.0 1080.0   87.0 |    0    0 1080   87 | StatusBar$_5355#90
06-06 13:00:26.667  1715  1715 D SurfaceFlinger:      DEVICE | 0xb4000073beb138e0 | 0100 | RGBA_8888    |    0.0    0.0   67.0  342.0 | 1013  438 108
06-06 13:00:26.667  1715  1715 D SurfaceFlinger: 0  780 | com.sec.android.app.launcher/com.sam[...]ce.edge.CocktailBarService$_6421#145
06-06 13:00:26.667  1715  1715 D SurfaceFlinger:      DEVICE | 0xb4000073beb0d1f0 | 0100 | RGBA_8888    |    0.0    0.0 1080.0  144.0 |    0 2196 1080 2340 | NavigationBar0$_5355#89
06-06 13:00:26.667  1715  1715 D SurfaceFlinger:
06-06 13:00:26.667  2342  2420 V WindowManager: Relayout hash=da5c5e7, pid=6421, syncId=-1: mAttrs={(0,0)(fillxfill) sim={adjust=nothing} layoutInDisplayCutoutMode=shortEdges ty=BASE_APPLICATION fmt=TRANSPARENT wanim=0x10302f2
06-06 13:00:26.667  2342  2420 V WindowManager:   fl=81910100
06-06 13:00:26.667  2342  2420 V WindowManager:   pfl=1a008040
06-06 13:00:26.667  2342  2420 V WindowManager:   bhv=SHOW_TRANSIENT_BARS_BY_SWIPE
06-06 13:00:26.667  2342  2420 V WindowManager:   fitSides= naviIconColor=0}
06-06 13:00:26.668  6421  6421 I BLASTBufferQueue_Java: new BLASTBufferQueue, mName= ViewRootImpl@cc9c4e9[LauncherActivity] mNativeObject= 0xb4000074df963770 sc.mNativeObject= 0xb4000073af93cd50 caller= android.view.ViewRootImpl.updateBlastSurfaceIfNeeded:3031 android.view.ViewRootImpl.relayoutWindow:10121 android.view.ViewRootImpl.performTraversals:4115 android.view.ViewRootImpl.doTraversal:3291 android.view.ViewRootImpl$TraversalRunnable.run:11329 android.view.Choreographer$CallbackRecord.run:1689 android.view.Choreographer$CallbackRecord.run:1698 android.view.Choreographer.doCallbacks:1153 android.view.Choreographer.doFrame:1079 android.view.Choreographer$FrameDisplayEventReceiver.run:1646
06-06 13:00:26.668  6421  6421 I BLASTBufferQueue_Java: update, w= 1080 h= 2340 mName = ViewRootImpl@cc9c4e9[LauncherActivity] mNativeObject= 0xb4000074df963770 sc.mNativeObject= 0xb4000073af93cd50 format= -2 caller= android.graphics.BLASTBufferQueue.<init>:89 android.view.ViewRootImpl.updateBlastSurfaceIfNeeded:3031 android.view.ViewRootImpl.relayoutWindow:10121 android.view.ViewRootImpl.performTraversals:4115 android.view.ViewRootImpl.doTraversal:3291 android.view.ViewRootImpl$TraversalRunnable.run:11329
06-06 13:00:26.668  6421  6421 I ViewRootImpl@cc9c4e9[LauncherActivity]: Relayout returned: old=(0,0,1080,2340) new=(0,0,1080,2340) relayoutAsync=false req=(1080,2340)0 dur=4 res=0x403 s={true 0xb4000074af997100} ch=true seqId=0
06-06 13:00:26.669  6421  6421 I ViewRootImpl@cc9c4e9[LauncherActivity]: Setup new sync=wmsSync-ViewRootImpl@cc9c4e9[LauncherActivity]#24
06-06 13:00:26.669  6421  6421 I ViewRootImpl@cc9c4e9[LauncherActivity]: Creating new active sync group ViewRootImpl@cc9c4e9[LauncherActivity]#25
06-06 13:00:26.669  6421  6421 I ViewRootImpl@cc9c4e9[LauncherActivity]: registerCallbacksForSync syncBuffer=false
06-06 13:00:26.670  6421  9457 I ViewRootImpl@cc9c4e9[LauncherActivity]: Received frameDrawingCallback syncResult=0 frameNum=1.
06-06 13:00:26.670  6421  9457 I ViewRootImpl@cc9c4e9[LauncherActivity]: mWNT: t=0xb40000747f965030 mBlastBufferQueue=0xb4000074df963770 fn= 1 mRenderHdrSdrRatio=1.0 caller= android.view.ViewRootImpl$8.onFrameDraw:13826 android.view.ThreadedRenderer$1.onFrameDraw:792 <bottom of call stack>
06-06 13:00:26.670  6421  9457 I ViewRootImpl@cc9c4e9[LauncherActivity]: Setting up sync and frameCommitCallback
06-06 13:00:26.670  6421  9453 W qdgralloc: getInterlacedFlag: getMetaData returned 3, defaulting to interlaced_flag = 0
06-06 13:00:26.671  6421  9453 I BLASTBufferQueue: [ViewRootImpl@cc9c4e9[LauncherActivity]#9](f:0,a:0,s:0) onFrameAvailable the first frame is available
06-06 13:00:26.671  6421  9453 I ViewRootImpl@cc9c4e9[LauncherActivity]: Received frameCommittedCallback lastAttemptedDrawFrameNum=1 didProduceBuffer=true
06-06 13:00:26.672  6421  6421 I ViewRootImpl@cc9c4e9[LauncherActivity]: reportDrawFinished seqId=0
06-06 13:00:26.672  1715  1715 I Layer   : Layer::reparent [87e62a6 NavigationBar0#78] newParent : Surface(name=87e62a6 NavigationBar0)/@0xf64c4fb - animation-leash of insets_animation#1086 , isRemovedFromCurrentState : 0 -------------------------
06-06 13:00:26.672  1715  1715 I Layer   : Layer::reparent [87e62a6 NavigationBar0#78] End -------------------------
06-06 13:00:26.672  1715  1715 I Layer   : Layer::reparent [Surface(name=87e62a6 NavigationBar0)/@0xf64c4fb - animation-leash of insets_animation#1079] newParentHandle : null -------------------------
06-06 13:00:26.672  1715  1715 I Layer   : id=1079 removeFromCurrentState Surface(name=87e62a6 NavigationBar0)/@0xf64c4fb - animation-leash of insets_animation#1079 (246)
06-06 13:00:26.672  1715  1715 I Layer   : Layer::reparent [Surface(name=87e62a6 NavigationBar0)/@0xf64c4fb - animation-leash of insets_animation#1079] End -------------------------
06-06 13:00:26.672  1715  1715 I Layer   : Layer::reparent [53a7541 StatusBar#85] newParent : Surface(name=53a7541 StatusBar)/@0x3ba06c - animation-leash of insets_animation#1087 , isRemovedFromCurrentState : 0 -------------------------
06-06 13:00:26.672  1715  1715 I Layer   : Layer::reparent [53a7541 StatusBar#85] End -------------------------
06-06 13:00:26.672  1715  1715 I Layer   : Layer::reparent [Surface(name=53a7541 StatusBar)/@0x3ba06c - animation-leash of insets_animation#1080] newParentHandle : null -------------------------
06-06 13:00:26.672  1715  1715 I Layer   : id=1080 removeFromCurrentState Surface(name=53a7541 StatusBar)/@0x3ba06c - animation-leash of insets_animation#1080 (246)
06-06 13:00:26.672  1715  1715 I Layer   : Layer::reparent [Surface(name=53a7541 StatusBar)/@0x3ba06c - animation-leash of insets_animation#1080] End -------------------------
06-06 13:00:26.672  1715  1715 I Layer   : id=1084 Destroyed Surface(name=87e62a6 NavigationBar0)/@0xf64c4fb - animation-leash of insets_animation#1079 (Mirror)#1084
06-06 13:00:26.672  1715  1715 I Layer   : id=1083 Destroyed Surface(name=53a7541 StatusBar)/@0x3ba06c - animation-leash of insets_animation#1080 (Mirror)#1083
06-06 13:00:26.673  1715  1715 I SurfaceFlinger: id=1080 Removed Surface(name=53a7541 StatusBar)/@0x3ba06c - animation-leash of insets_animation#1080 (247)
06-06 13:00:26.673  1715  1715 I SurfaceFlinger: id=1079 Removed Surface(name=87e62a6 NavigationBar0)/@0xf64c4fb - animation-leash of insets_animation#1079 (247)
06-06 13:00:26.673  5355 10080 I WallpaperService: dispatchAppVisibility: system, visible=true
06-06 13:00:26.673  2342  5137 D InputDispatcher: Focus request (0): da5c5e7 com.sec.android.app.launcher/com.sec.android.app.launcher.activities.LauncherActivity but waiting because NO_WINDOW
06-06 13:00:26.673  5355  5533 I WallpaperService: updateSurface system forceRelayout=false forceReport=false redrawNeeded=false myWidth=2340 myHeight=2340 fixedSize=true x = 0 y = 0 mWidth=2340 mHeight=2340
06-06 13:00:26.673  5355  5533 I WallpaperService: reportVisibility: visibility changed. visible=true
06-06 13:00:26.673  5355  5533 I ImageWallpaper[CanvasEngine_d0_w1]:  onVisibilityChanged: visible=true , displayId=0
06-06 13:00:26.674  2342  2630 D PkgPredictorService-SecIpmManagerServiceImpl: onForegroundActivitiesChanged pid:6421 uid:10150
06-06 13:00:26.674  2342  7097 V PkgPredictorService-SecIpmManagerServiceImpl: discard foreground app:com.sec.android.app.launcher 1|true
06-06 13:00:26.674  1715  3404 I SurfaceFlinger: id=1091 createSurf, flag=84004, Transition Root: Task=1#1091
06-06 13:00:26.675  5355  5355 D SamsungStatusBarGrayIconHelper: isGrayAppearance=false
06-06 13:00:26.675  5355  5355 D NavigationBar: onSystemBarAttributesChanged() -  displayId:0, appearance:16, packageName: com.sec.android.app.launcher (APPEARANCE_LIGHT_NAVIGATION_BARS ), navbarColorManagedByIme:false
06-06 13:00:26.675  5355  5355 D SysUiState: SysUiState changed: old=0x10020000 new=0x10000000
06-06 13:00:26.675  2342  2633 I SurfaceControl: show, t=StartTransaction_SyncId<36>, sc=Surface(name=ActivityRecord{4bdcf41 u0 com.sec.android.app.launcher/.activities.LauncherActivity t8})/@0xccf162b, caller=com.android.server.wm.Transition.onTransactionReady:1962 com.android.server.wm.BLASTSyncEngine$SyncGroup.finishNow:310 com.android.server.wm.BLASTSyncEngine$SyncGroup.tryFinish:242 com.android.server.wm.BLASTSyncEngine$SyncGroup.-$$Nest$mtryFinish:0 com.android.server.wm.BLASTSyncEngine.onSurfacePlacement:670 com.android.server.wm.RootWindowContainer.performSurfacePlacementNoTrace:988
06-06 13:00:26.675  2342  2633 I SurfaceControl: show, t=StartTransaction_SyncId<36>, sc=Surface(name=Task=8)/@0xd2fba88, caller=com.android.server.wm.Transition.onTransactionReady:1979 com.android.server.wm.BLASTSyncEngine$SyncGroup.finishNow:310 com.android.server.wm.BLASTSyncEngine$SyncGroup.tryFinish:242 com.android.server.wm.BLASTSyncEngine$SyncGroup.-$$Nest$mtryFinish:0 com.android.server.wm.BLASTSyncEngine.onSurfacePlacement:670 com.android.server.wm.RootWindowContainer.performSurfacePlacementNoTrace:988
06-06 13:00:26.675  6421  4145 I HoneySpace.SystemUiRepository: systemUiFlags: awake
06-06 13:00:26.676  6421  6421 I InsetsSourceConsumer: applyRequestedVisibilityToControl: visible=true, type=navigationBars, host=com.sec.android.app.launcher/com.sec.android.app.launcher.activities.LauncherActivity
06-06 13:00:26.676  2342  2633 D ScreenCapture: [Capture_TEST] : setIsScreenShotBySystem true
06-06 13:00:26.676  6421  6421 I InsetsSourceConsumer: applyRequestedVisibilityToControl: visible=true, type=statusBars, host=com.sec.android.app.launcher/com.sec.android.app.launcher.activities.LauncherActivity
06-06 13:00:26.678  6421  6421 I Edge.ActivityUtils: HomePackage : com.sec.android.app.launcher, resumePackageName : com.sec.android.app.launcher
06-06 13:00:26.678  1715  1715 I Layer   : id=1092 Destroyed Screenshot Parent#1092
06-06 13:00:26.678  6421  6487 I HoneySpace.TaskbarEventTracker: invokeEvent() called with: event = SystemUiStateChanged(stateFlags=268435456)
06-06 13:00:26.679  6421  9666 I HoneySpace.PredictionDataSourceImpl: TYPE_SUGGESTED_APPS updated: 9
06-06 13:00:26.680  1715  1715 I Layer   : Layer [com.android.systemui.wallpapers.ImageWallpaper_system$_5355#93] hidden!! flag(0)
06-06 13:00:26.680  1715  1715 I Layer   : id=1079 Destroyed Surface(name=87e62a6 NavigationBar0)/@0xf64c4fb - animation-leash of insets_animation#1079
06-06 13:00:26.680  1715  1715 I Layer   : id=1080 Destroyed Surface(name=53a7541 StatusBar)/@0x3ba06c - animation-leash of insets_animation#1080
06-06 13:00:26.681  7012  7043 D C2SoftVpxEnc: bytes generated 84737
06-06 13:00:26.683  6421  9674 I HoneySpace.PredictionDataSourceImpl: TYPE_RECOMMENDED_WIDGETS updated: 8
06-06 13:00:26.684  5355  5420 I SurfaceControl: hide, t=FinishTransaction_SyncId<36>, sc=Surface(name=Task=24)/@0xaf89c58, caller=com.android.wm.shell.transition.Transitions.dispatchReady:681 com.android.wm.shell.transition.Transitions.onTransitionReady:118 com.android.wm.shell.transition.Transitions$TransitionPlayerImpl$$ExternalSyntheticLambda0.run:13 android.os.Handler.handleCallback:958 android.os.Handler.dispatchMessage:99 android.os.Looper.loopOnce:230
06-06 13:00:26.684  5355  5420 I SurfaceControl: show, t=StartTransaction_SyncId<36>, sc=Surface(name=Task=1)/@0x3aa1d3b, caller=com.android.wm.shell.transition.Transitions.dispatchReady:686 com.android.wm.shell.transition.Transitions.onTransitionReady:118 com.android.wm.shell.transition.Transitions$TransitionPlayerImpl$$ExternalSyntheticLambda0.run:13 android.os.Handler.handleCallback:958 android.os.Handler.dispatchMessage:99 android.os.Looper.loopOnce:230
06-06 13:00:26.684  5355  5420 I SurfaceControl: show, t=FinishTransaction_SyncId<36>, sc=Surface(name=Task=1)/@0x3aa1d3b, caller=com.android.wm.shell.transition.Transitions.dispatchReady:733 com.android.wm.shell.transition.Transitions.onTransitionReady:118 com.android.wm.shell.transition.Transitions$TransitionPlayerImpl$$ExternalSyntheticLambda0.run:13 android.os.Handler.handleCallback:958 android.os.Handler.dispatchMessage:99 android.os.Looper.loopOnce:230
06-06 13:00:26.685  5355  5420 I SurfaceControl: apply is called, name=FinishTransaction_SyncId<35>, caller=android.view.SurfaceControl$Transaction.apply:2921 com.android.wm.shell.transition.Transitions.onFinish:302 com.android.wm.shell.transition.Transitions$$ExternalSyntheticLambda6.onTransitionFinished:15 com.android.wm.shell.transition.DefaultTransitionHandler$$ExternalSyntheticLambda5.run:125 com.android.wm.shell.transition.DefaultTransitionHandler$$ExternalSyntheticLambda3.run:52 android.os.Handler.handleCallback:958
06-06 13:00:26.687  7790  7790 I ViewRootImpl@7ad7a43[MainActivity]: handleAppVisibility mAppVisible = true visible = false
06-06 13:00:26.688  2342  2630 D NetworkPolicy: already checked 10150
06-06 13:00:26.688  5355  5420 I SurfaceControl: show, t=StartTransaction_SyncId<36>, sc=Surface(name=Transition Root: Task=1)/@0xf8d91b1, caller=com.android.wm.shell.transition.Transitions.playTransition:80 com.android.wm.shell.transition.Transitions.processReadyQueue:185 com.android.wm.shell.transition.Transitions.onFinish:449 com.android.wm.shell.transition.Transitions$$ExternalSyntheticLambda6.onTransitionFinished:15 com.android.wm.shell.transition.DefaultTransitionHandler$$ExternalSyntheticLambda5.run:125 com.android.wm.shell.transition.DefaultTransitionHandler$$ExternalSyntheticLambda3.run:52
06-06 13:00:26.689  1715  1715 I Layer   : Layer [Task=8#138] hidden!! flag(0)
06-06 13:00:26.689  1715  1715 I Layer   : Layer [Task=1#52] hidden!! flag(0)
06-06 13:00:26.689  1715  1715 I Layer   : Layer::reparent [DimTransitionLayer for Surface(name=Task=24)/@0x39ed536#1060] newParentHandle : null -------------------------
06-06 13:00:26.689  1715  1715 I Layer   : id=1060 removeFromCurrentState DimTransitionLayer for Surface(name=Task=24)/@0x39ed536#1060 (247)
06-06 13:00:26.689  1715  1715 I Layer   : Layer::reparent [DimTransitionLayer for Surface(name=Task=24)/@0x39ed536#1060] End -------------------------
06-06 13:00:26.689  1715  1715 I Layer   : Layer::reparent [Top Edge Extension#1076] newParentHandle : null -------------------------
06-06 13:00:26.689  1715  1715 I Layer   : id=1076 removeFromCurrentState Top Edge Extension#1076 (247)
06-06 13:00:26.689  1715  1715 I Layer   : id=1078 removeFromCurrentState bbq-wrapper#1078 (247)
06-06 13:00:26.689  1715  1715 I Layer   : Layer::reparent [Top Edge Extension#1076] End -------------------------
06-06 13:00:26.689  1715  1715 I Layer   : Layer::reparent [Bottom Edge Extension#1055] newParentHandle : null -------------------------
06-06 13:00:26.689  1715  1715 I Layer   : id=1055 removeFromCurrentState Bottom Edge Extension#1055 (247)
06-06 13:00:26.689  1715  1715 I Layer   : id=1058 removeFromCurrentState bbq-wrapper#1058 (247)
06-06 13:00:26.689  1715  1715 I Layer   : Layer::reparent [Bottom Edge Extension#1055] End -------------------------
06-06 13:00:26.689  1715  1715 I Layer   : Layer [Task=23#1015] hidden!! flag(1)
06-06 13:00:26.689  1715  1715 I Layer   : Layer::reparent [Task=23#1015] newParent : DefaultTaskDisplayArea_d0#12 , isRemovedFromCurrentState : 0 -------------------------
06-06 13:00:26.689  1715  1715 I Layer   : Layer::reparent [Task=23#1015] End -------------------------
06-06 13:00:26.689  1715  1715 I Layer   : Layer::reparent [Transition Root: Task=24#1052] newParentHandle : null -------------------------
06-06 13:00:26.689  1715  1715 I Layer   : id=1052 removeFromCurrentState Transition Root: Task=24#1052 (247)
06-06 13:00:26.689  1715  1715 I Layer   : id=1044 removeFromCurrentState Task=24#1044 (247)
06-06 13:00:26.689  1715  1715 I Layer   : id=1045 removeFromCurrentState ActivityRecord{509bb5 u0 etf.ri.rma.newsfeedapp.test/androidx.test.core.app.InstrumentationActivityInvoker$EmptyActivity t24}#1045 (247)
06-06 13:00:26.689  1715  1715 I Layer   : id=1057 removeFromCurrentState 781ee9f ActivityRecordInputSink etf.ri.rma.newsfeedapp.test/androidx.test.core.app.InstrumentationActivityInvoker$EmptyActivity#1057 (247)
06-06 13:00:26.689  1715  1715 I Layer   : id=1059 removeFromCurrentState b03cd9b etf.ri.rma.newsfeedapp.test/androidx.test.core.app.InstrumentationActivityInvoker$EmptyActivity#1059 (247)
06-06 13:00:26.689  1715  1715 I Layer   : id=1066 removeFromCurrentState etf.ri.rma.newsfeedapp.test/androidx.test.core.app.InstrumentationActivityInvoker$EmptyActivity$_7890#1066 (247)
06-06 13:00:26.689  1715  1715 I Layer   : id=1046 removeFromCurrentState 6351c84 Splash Screen etf.ri.rma.newsfeedapp.test#1046 (247)
06-06 13:00:26.689  1715  1715 I Layer   : id=1047 removeFromCurrentState Splash Screen etf.ri.rma.newsfeedapp.test$_5355#1047 (247)
06-06 13:00:26.689  1715  1715 I Layer   : Layer::reparent [Transition Root: Task=24#1052] End -------------------------
06-06 13:00:26.689  1715  1715 I Layer   : Layer::reparent [DimTransitionLayer for Surface(name=Task=24)/@0x39ed536#1060] newParentHandle : null -------------------------
06-06 13:00:26.689  1715  1715 I Layer   : id=1060 removeFromCurrentState DimTransitionLayer for Surface(name=Task=24)/@0x39ed536#1060 (247)
06-06 13:00:26.689  1715  1715 I Layer   : Layer::reparent [DimTransitionLayer for Surface(name=Task=24)/@0x39ed536#1060] End -------------------------
06-06 13:00:26.689  1715  1715 I Layer   : Layer::reparent [Task=24#1044] newParent : DefaultTaskDisplayArea_d0#12 , isRemovedFromCurrentState : 0 -------------------------
06-06 13:00:26.689  1715  1715 I Layer   : id=1044 addToCurrentState Task=24#1044 (247)
06-06 13:00:26.689  1715  1715 I Layer   : id=1045 addToCurrentState ActivityRecord{509bb5 u0 etf.ri.rma.newsfeedapp.test/androidx.test.core.app.InstrumentationActivityInvoker$EmptyActivity t24}#1045 (247)
06-06 13:00:26.689  1715  1715 I Layer   : id=1057 addToCurrentState 781ee9f ActivityRecordInputSink etf.ri.rma.newsfeedapp.test/androidx.test.core.app.InstrumentationActivityInvoker$EmptyActivity#1057 (247)
06-06 13:00:26.689  1715  1715 I Layer   : id=1059 addToCurrentState b03cd9b etf.ri.rma.newsfeedapp.test/androidx.test.core.app.InstrumentationActivityInvoker$EmptyActivity#1059 (247)
06-06 13:00:26.689  1715  1715 I Layer   : id=1066 addToCurrentState etf.ri.rma.newsfeedapp.test/androidx.test.core.app.InstrumentationActivityInvoker$EmptyActivity$_7890#1066 (247)
06-06 13:00:26.689  1715  1715 I Layer   : id=1046 addToCurrentState 6351c84 Splash Screen etf.ri.rma.newsfeedapp.test#1046 (247)
06-06 13:00:26.689  1715  1715 I Layer   : id=1047 addToCurrentState Splash Screen etf.ri.rma.newsfeedapp.test$_5355#1047 (247)
06-06 13:00:26.689  1715  1715 I Layer   : Layer::reparent [Task=24#1044] End -------------------------
06-06 13:00:26.689  1715  1715 I Layer   : Layer::reparent [Transition Root: Task=24#1052] newParentHandle : null -------------------------
06-06 13:00:26.689  1715  1715 I Layer   : id=1052 removeFromCurrentState Transition Root: Task=24#1052 (247)
06-06 13:00:26.689  1715  1715 I Layer   : Layer::reparent [Transition Root: Task=24#1052] End -------------------------
06-06 13:00:26.689  1715  1715 I Layer   : id=1081 Destroyed Top Edge Extension#1076 (Mirror)#1081
06-06 13:00:26.689  1715  1715 I Layer   : id=1053 Destroyed Transition Root: Task=24#1052 (Mirror)#1053
06-06 13:00:26.689  1715  1715 I Layer   : id=1062 Destroyed Bottom Edge Extension#1055 (Mirror)#1062
06-06 13:00:26.690  1715  1715 I SurfaceFlinger: id=1052 Removed Transition Root: Task=24#1052 (244)
06-06 13:00:26.690  1715  1715 I SurfaceFlinger: id=1055 Removed Bottom Edge Extension#1055 (244)
06-06 13:00:26.690  1715  1715 I SurfaceFlinger: id=1076 Removed Top Edge Extension#1076 (244)
06-06 13:00:26.690  1715  1715 I SurfaceFlinger: id=1060 Removed DimTransitionLayer for Surface(name=Task=24)/@0x39ed536#1060 (244)
06-06 13:00:26.690  1715  1715 I SurfaceFlinger: id=1078 Removed bbq-wrapper#1078 (244)
06-06 13:00:26.690  1715  1715 I SurfaceFlinger: id=1058 Removed bbq-wrapper#1058 (244)
06-06 13:00:26.690  1715  1715 I Layer   : id=1061 Destroyed DimTransitionLayer for Surface(name=Task=24)/@0x39ed536#1060 (Mirror)#1061
06-06 13:00:26.690  1715  1715 I Layer   : id=1082 Destroyed bbq-wrapper#1078 (Mirror)#1082
06-06 13:00:26.690  1715  1715 I Layer   : id=1063 Destroyed bbq-wrapper#1058 (Mirror)#1063
06-06 13:00:26.690  7790  7790 I ViewRootImpl@7ad7a43[MainActivity]: destroyHardwareResources: Callers=android.view.ViewRootImpl.performTraversals:3937 android.view.ViewRootImpl.doTraversal:3291 android.view.ViewRootImpl$TraversalRunnable.run:11329 android.view.Choreographer$CallbackRecord.run:1689 android.view.Choreographer$CallbackRecord.run:1698 android.view.Choreographer.doCallbacks:1153 android.view.Choreographer.doFrame:1079 android.view.Choreographer$FrameDisplayEventReceiver.run:1646 android.os.Handler.handleCallback:958 android.os.Handler.dispatchMessage:99
06-06 13:00:26.691 11224 11224 D HidDeviceService: handleMessage(): msg.what=8
06-06 13:00:26.691  7790  7818 D OpenGLRenderer: CacheManager::trimMemory(20)
06-06 13:00:26.691  1715  6620 I SurfaceFlinger: id=1094 createSurf, flag=84000, Surface(name=Task=1)/@0xa7f4aeb_transition-leash#1094
06-06 13:00:26.692  6421  6458 I SurfaceControl: show, t=StartTransaction_SyncId<36>, sc=Surface(name=Task=1)/@0xa7f4aeb, caller=com.android.wm.shell.util.TransitionUtil.createLeash:127 com.android.wm.shell.util.TransitionUtil.newTarget:2 com.android.wm.shell.util.TransitionUtil.newTarget:1 com.android.systemui.shared.system.RemoteAnimationTargetCompat.wrap:48 com.android.systemui.shared.system.RemoteAnimationTargetCompat.wrapApps:5 com.android.systemui.shared.system.RemoteAnimationRunnerCompat$1.startAnimation:19
06-06 13:00:26.692  1715  2430 I SurfaceFlinger: id=1095 createSurf, flag=84000, Surface(name=Task=24)/@0x3d92ee1_transition-leash#1095
06-06 13:00:26.692  6421  6458 I SurfaceControl: show, t=StartTransaction_SyncId<36>, sc=Surface(name=Task=24)/@0x3d92ee1, caller=com.android.wm.shell.util.TransitionUtil.createLeash:127 com.android.wm.shell.util.TransitionUtil.newTarget:2 com.android.wm.shell.util.TransitionUtil.newTarget:1 com.android.systemui.shared.system.RemoteAnimationTargetCompat.wrap:48 com.android.systemui.shared.system.RemoteAnimationTargetCompat.wrapApps:5 com.android.systemui.shared.system.RemoteAnimationRunnerCompat$1.startAnimation:19
06-06 13:00:26.692  6421  6458 I SurfaceControl: apply is called, name=StartTransaction_SyncId<36>, caller=android.view.SurfaceControl$Transaction.apply:2921 com.android.systemui.shared.system.RemoteAnimationRunnerCompat$1.startAnimation:658 android.window.IRemoteTransition$Stub.onTransact:131 android.os.Binder.execTransactInternal:1380 android.os.Binder.execTransact:1311 <bottom of call stack>
06-06 13:00:26.692  1574  1638 I HYPER-HAL: [RequestManager.cpp]acquire(): Acquired ID : 1738467  [1577 / 287]    HINT :      list : [TID_LOW_LATENCY / 0] [TID / 7920] [TID / 7921] [TID / 7890] [TID / 7917]
06-06 13:00:26.692  6421  6458 I HoneySpace.ShellAnimationRunner: [onAnimationStart] appTarget(0) : taskId-1, mode-0
06-06 13:00:26.693  6421  6458 I HoneySpace.ShellAnimationRunner: [onAnimationStart] appTarget(1) : taskId-24, mode-1
06-06 13:00:26.693  6421  6421 I HoneySpace.ShellAnimationRunner: finishExistingAnimation, null
06-06 13:00:26.693  6421  6421 I HoneySpace.AppCloseAnimationDelegate: onAnimationStart
06-06 13:00:26.693  2342  3323 V WindowManager: Relayout Window{814e0ff u0 etf.ri.rma.newsfeedapp/etf.ri.rma.newsfeedapp.MainActivity}: viewVisibility=8 req=1080x2340 ty=1 d0
06-06 13:00:26.693  6421  6421 I HoneySpace.AppCloseAnimationDelegate: getCurrentShellAnimator : useSpringAnim-false, target-null
06-06 13:00:26.694  2342  2630 D PkgPredictorService-SecIpmManagerServiceImpl: bg information pid:7790 uid:10317 pkgName:etf.ri.rma.newsfeedapp
06-06 13:00:26.694  6421  6421 I HoneySpace.ContentsAnimator: from : 0.0
06-06 13:00:26.694  6421  6421 I HoneySpace.HoneyScreenManagerImpl: Close floating task bar
06-06 13:00:26.694  6421  6421 I HoneySpace.ContentsAnimator: ContentsAnimator start
06-06 13:00:26.694  6421  6421 I HoneySpace.TransitionUtils: areAllTargetsTranslucent - false
06-06 13:00:26.694  6421  6421 I HoneySpace.WallpaperAnimator: isOpen: false, from: 1.2, to: 1.0
06-06 13:00:26.694  2342  3323 V WindowManager: Relayout hash=814e0ff, pid=7790, syncId=-1: mAttrs={(0,0)(fillxfill) sim={adjust=pan forwardNavigation} ty=BASE_APPLICATION wanim=0x1030303
06-06 13:00:26.694  2342  3323 V WindowManager:   fl=81810100
06-06 13:00:26.694  2342  3323 V WindowManager:   pfl=12008040
06-06 13:00:26.694  2342  3323 V WindowManager:   bhv=DEFAULT
06-06 13:00:26.694  2342  3323 V WindowManager:   fitSides= naviIconColor=0}
06-06 13:00:26.695  1715  3404 I SurfaceFlinger: id=1096 createSurf, flag=24000, Surface(name=RemoteWallpaperAnim:1:1)/@0xbe3243d - animation-leash of remote_wallpaper#1096
06-06 13:00:26.695 26692 27175 I Rubin   : [97] zb.a.c(Unknown Source) : Notify com.samsung.android.rubin.inferenceengine.contextanalytics.engine.loggers.AppUsageLogger's database is updated.
06-06 13:00:26.695  6421  6421 I HoneySpace.WallpaperAnimator: wallpaper animation start
06-06 13:00:26.695  6421  6421 I HoneySpace.AnimationResult: setAnimation, animation: false
06-06 13:00:26.696  7790  7790 I ViewRootImpl@7ad7a43[MainActivity]: Relayout returned: old=(0,0,1080,2340) new=(0,0,1080,2340) relayoutAsync=false req=(1080,2340)8 dur=5 res=0x402 s={false 0x0} ch=true seqId=0
06-06 13:00:26.696  1715  1715 D SurfaceFlinger: Display 4630946970390616451 HWC layers:
06-06 13:00:26.696  1715  1715 D SurfaceFlinger:      DEVICE | 0xb4000073beb13a00 | 0100 | RGBA_8888    |  630.0    0.0 1710.0 2340.0 |    0    0 1080 2340 | Wallpaper BBQ wrapper 5_system#94
06-06 13:00:26.696  1715  1715 D SurfaceFlinger:      DEVICE | 0xb4000073beb0ae80 | 0100 | RGBA_8888    |    0.0    0.0 1080.0 2340.0 |    0    0 1080 2340 | Splash Screen etf.ri.rma.newsfeedapp.test$_5355#1047
06-06 13:00:26.696  1715  1715 D SurfaceFlinger:      DEVICE | 0xb4000073beb087b0 | 0100 | RGBA_8888    |    0.0    0.0 1080.0   87.0 |    0    0 1080   87 | StatusBar$_5355#90
06-06 13:00:26.696  1715  1715 D SurfaceFlinger:      DEVICE | 0xb4000073beb138e0 | 0100 | RGBA_8888    |    0.0    0.0   67.0  342.0 | 1013  438 1080  780 | com.sec.android.app.launcher/com.sam[...]ce.edge.CocktailBarService$_6421#145
06-06 13:00:26.696  1715  1715 D SurfaceFlinger:      DEVICE | 0xb4000073beb0fb90 | 0100 | RGBA_8888    |    0.0    0.0 1080.0  144.0 |    0 2196 1080 2340 | NavigationBar0$_5355#89
06-06 13:00:26.696  1715  1715 D SurfaceFlinger:
06-06 13:00:26.697  1715  1715 I Layer   : Layer [etf.ri.rma.newsfeedapp/etf.ri.rma.newsfeedapp.MainActivity$_7790#1033] hidden!! flag(1)
06-06 13:00:26.697  1715  1715 I Layer   : Layer [ActivityRecord{ca0835 u0 etf.ri.rma.newsfeedapp/.MainActivity t23}#1016] hidden!! flag(1)
06-06 13:00:26.697  1715  1715 I Layer   : Layer::reparent [Surface(name=Task=24)/@0x3d92ee1_transition-leash#1095] newParent : Transition Root: Task=1#1091 , isRemovedFromCurrentState : 0 -------------------------
06-06 13:00:26.697  1715  1715 I Layer   : Layer::reparent [Surface(name=Task=24)/@0x3d92ee1_transition-leash#1095] End -------------------------
06-06 13:00:26.697  1715  1715 I Layer   : Layer [etf.ri.rma.newsfeedapp.test/androidx.test.core.app.InstrumentationActivityInvoker$EmptyActivity$_7890#1066] hidden!! flag(0)
06-06 13:00:26.697  1715  1715 I Layer   : Layer [Transition Root: Task=1#1091] hidden!! flag(0)
06-06 13:00:26.697  1715  1715 I Layer   : Layer [com.sec.android.app.launcher/com.sec.android.app.launcher.activities.LauncherActivity$_6421#1085] hidden!! flag(0)
06-06 13:00:26.697  1715  1715 I Layer   : Layer::reparent [Task=1#52] newParent : Surface(name=Task=1)/@0xa7f4aeb_transition-leash#1094 , isRemovedFromCurrentState : 0 -------------------------
06-06 13:00:26.697  1715  1715 I Layer   : Layer::reparent [Task=1#52] End -------------------------
06-06 13:00:26.697  1715  1715 I Layer   : Layer::reparent [Surface(name=Task=1)/@0xa7f4aeb_transition-leash#1094] newParent : Transition Root: Task=1#1091 , isRemovedFromCurrentState : 0 -------------------------
06-06 13:00:26.697  1715  1715 I Layer   : Layer::reparent [Surface(name=Task=1)/@0xa7f4aeb_transition-leash#1094] End -------------------------
06-06 13:00:26.697  1715  1715 I Layer   : Layer::reparent [Task=24#1044] newParent : Surface(name=Task=24)/@0x3d92ee1_transition-leash#1095 , isRemovedFromCurrentState : 0 -------------------------
06-06 13:00:26.697  1715  1715 I Layer   : Layer::reparent [Task=24#1044] End -------------------------
06-06 13:00:26.697  1715  1715 I Layer   : Layer [ActivityRecord{4bdcf41 u0 com.sec.android.app.launcher/.activities.LauncherActivity t8}#139] hidden!! flag(0)
06-06 13:00:26.697  1715  1715 I Layer   : id=1076 Destroyed Top Edge Extension#1076
06-06 13:00:26.697  1715  1715 I Layer   : id=1052 Destroyed Transition Root: Task=24#1052
06-06 13:00:26.697  1715  1715 I Layer   : id=1060 Destroyed DimTransitionLayer for Surface(name=Task=24)/@0x39ed536#1060
06-06 13:00:26.697  1715  1715 I Layer   : id=1055 Destroyed Bottom Edge Extension#1055
06-06 13:00:26.697  1715  1715 I Layer   : id=1058 Destroyed bbq-wrapper#1058
06-06 13:00:26.697  1715  1715 I Layer   : id=1078 Destroyed bbq-wrapper#1078
06-06 13:00:26.698  7790  7790 I ViewRootImpl@7ad7a43[MainActivity]: stopped(true) old = false
06-06 13:00:26.698  7790  7790 D ViewRootImpl@7ad7a43[MainActivity]: WindowStopped on etf.ri.rma.newsfeedapp/etf.ri.rma.newsfeedapp.MainActivity set to true
06-06 13:00:26.698  7790  7818 D OpenGLRenderer: CacheManager::trimMemory(20)
06-06 13:00:26.698  6421  9458 I ViewRootImpl@cc9c4e9[LauncherActivity]: mWNT: t=0xb40000747f960e30 mBlastBufferQueue=0xb4000074df963770 fn= 2 mRenderHdrSdrRatio=1.0 caller= com.android.systemui.shared.launcher.ViewRootImplCompat.mergeWithNextTransaction:4 com.honeyspace.transition.utils.SurfaceTransactionApplier.scheduleApply$lambda$1:26 com.honeyspace.transition.utils.SurfaceTransactionApplier.c:0
