06-06 13:00:13.483  6421  6421 I HoneySpace.WallpaperAnimator: isOpen: false, from: 1.2, to: 1.0
06-06 13:00:13.484  2342  2630 D PkgPredictorService-SecIpmManagerServiceImpl: bg information pid:7790 uid:10317 pkgName:etf.ri.rma.newsfeedapp
06-06 13:00:13.485  2342  5137 V WindowManager: Relayout Window{aad9824 u0 etf.ri.rma.newsfeedapp/etf.ri.rma.newsfeedapp.MainActivity}: viewVisibility=8 req=1080x2340 ty=1 d0
06-06 13:00:13.486  1715  1715 D SurfaceFlinger: Display 4630946970390616451 HWC layers:
06-06 13:00:13.486  1715  1715 D SurfaceFlinger:      DEVICE | 0xb4000073beb13a00 | 0100 | RGBA_8888    |  630.0    0.0 1710.0 2340.0 |    0    0 1080 2340 | Wallpaper BBQ wrapper 5_system#94
06-06 13:00:13.486  1715  1715 D SurfaceFlinger:      DEVICE | 0xb4000073beb14780 | 0100 | RGBA_8888    |    0.0    0.0 1080.0 2340.0 |    0    0 1080 2340 | Splash Screen etf.ri.rma.newsfeedapp.test$_5355#594
06-06 13:00:13.486  1715  1715 D SurfaceFlinger:      DEVICE | 0xb4000073beb0f440 | 0100 | RGBA_8888    |    0.0    0.0 1080.0   87.0 |    0    0 1080   87 | StatusBar$_5355#90
06-06 13:00:13.486  1715  1715 D SurfaceFlinger:      DEVICE | 0xb4000073beb138e0 | 0100 | RGBA_8888    |    0.0    0.0   67.0  342.0 | 1013  438 1080  780 | com.sec.android.app.launcher/com.sam[...]ce.edge.CocktailBarService$_6421#145
06-06 13:00:13.486  1715  1715 D SurfaceFlinger:      DEVICE | 0xb4000073beb0f830 | 0100 | RGBA_8888    |    0.0    0.0 1080.0  144.0 |    0 2196 1080 2340 | NavigationBar0$_5355#89
06-06 13:00:13.486  1715  1715 D SurfaceFlinger:
06-06 13:00:13.486  2342  5137 V WindowManager: Relayout hash=aad9824, pid=7790, syncId=-1: mAttrs={(0,0)(fillxfill) sim={adjust=pan forwardNavigation} ty=BASE_APPLICATION wanim=0x1030303
06-06 13:00:13.486  2342  5137 V WindowManager:   fl=81810100
06-06 13:00:13.486  2342  5137 V WindowManager:   pfl=12008040
06-06 13:00:13.486  2342  5137 V WindowManager:   bhv=DEFAULT
06-06 13:00:13.486  2342  5137 V WindowManager:   fitSides= naviIconColor=0}
06-06 13:00:13.486  1715  7050 D NativeSemDvfsManager: acquire:: timeout = 2000 mIsAcquired = 1  mTagName : SurfaceFlinger
06-06 13:00:13.487  1715  7050 E NativeCustomFrequencyManager: [NativeCFMS] BpCustomFrequencyManager::acquire()
06-06 13:00:13.487  1574  1638 I HYPER-HAL: [RequestManager.cpp]acquire(): Acquired ID : 3687970  [1715 / 1000]    HINT : SF_GPU_MINLOCK    list : [TIMEOUT / 2000]
06-06 13:00:13.487  1715  3404 I SurfaceFlinger: id=643 createSurf, flag=24000, Surface(name=RemoteWallpaperAnim:1:1)/@0xbe3243d - animation-leash of remote_wallpaper#643
06-06 13:00:13.488  6421  6421 I HoneySpace.WallpaperAnimator: wallpaper animation start
06-06 13:00:13.488  1715  1715 I Layer   : Layer::reparent [Surface(name=Task=1)/@0x572d992_transition-leash#641] newParent : Transition Root: Task=1#638 , isRemovedFromCurrentState : 0 -------------------------
06-06 13:00:13.488  1715  1715 I Layer   : Layer::reparent [Surface(name=Task=1)/@0x572d992_transition-leash#641] End -------------------------
06-06 13:00:13.488  1715  1715 I Layer   : Layer::reparent [Surface(name=Task=14)/@0x93d2760_transition-leash#642] newParent : Transition Root: Task=1#638 , isRemovedFromCurrentState : 0 -------------------------
06-06 13:00:13.488  1715  1715 I Layer   : Layer::reparent [Surface(name=Task=14)/@0x93d2760_transition-leash#642] End -------------------------
06-06 13:00:13.488  1715  1715 I Layer   : Layer::reparent [Task=1#52] newParent : Surface(name=Task=1)/@0x572d992_transition-leash#641 , isRemovedFromCurrentState : 0 -------------------------
06-06 13:00:13.488  1715  1715 I Layer   : Layer::reparent [Task=1#52] End -------------------------
06-06 13:00:13.488  1715  1715 I Layer   : Layer [Transition Root: Task=1#638] hidden!! flag(0)
06-06 13:00:13.488  1715  1715 I Layer   : Layer::reparent [Task=14#591] newParent : Surface(name=Task=14)/@0x93d2760_transition-leash#642 , isRemovedFromCurrentState : 0 -------------------------
06-06 13:00:13.488  1715  1715 I Layer   : Layer::reparent [Task=14#591] End -------------------------
06-06 13:00:13.488  1715  1715 I Layer   : Layer [ActivityRecord{4bdcf41 u0 com.sec.android.app.launcher/.activities.LauncherActivity t8}#139] hidden!! flag(0)
06-06 13:00:13.488  1715  1715 I Layer   : Layer [etf.ri.rma.newsfeedapp.test/androidx.test.core.app.InstrumentationActivityInvoker$EmptyActivity$_7890#613] hidden!! flag(0)
06-06 13:00:13.488  1715  1715 I Layer   : Layer [com.sec.android.app.launcher/com.sec.android.app.launcher.activities.LauncherActivity$_6421#632] hidden!! flag(0)
06-06 13:00:13.488  1715  1715 I Layer   : Layer [etf.ri.rma.newsfeedapp/etf.ri.rma.newsfeedapp.MainActivity$_7790#580] hidden!! flag(1)
06-06 13:00:13.488  1715  1715 I Layer   : Layer [ActivityRecord{f60bc30 u0 etf.ri.rma.newsfeedapp/.MainActivity t13}#563] hidden!! flag(1)
06-06 13:00:13.488  1715  1715 I Layer   : id=602 Destroyed Bottom Edge Extension#602
06-06 13:00:13.488  1715  1715 I Layer   : id=599 Destroyed Transition Root: Task=14#599
06-06 13:00:13.488  1715  1715 I Layer   : id=607 Destroyed DimTransitionLayer for Surface(name=Task=14)/@0x34e09a5#607
06-06 13:00:13.488  6421  6421 I HoneySpace.AnimationResult: setAnimation, animation: false
06-06 13:00:13.488  1715  1715 I Layer   : id=606 Destroyed bbq-wrapper#606
06-06 13:00:13.488  1715  1715 I Layer   : id=623 Destroyed Top Edge Extension#623
06-06 13:00:13.488  1715  1715 I Layer   : id=625 Destroyed bbq-wrapper#625
06-06 13:00:13.489  6421  9453 W qdgralloc: getInterlacedFlag: getMetaData returned 3, defaulting to interlaced_flag = 0
06-06 13:00:13.489  6421  9457 I ViewRootImpl@cc9c4e9[LauncherActivity]: mWNT: t=0xb40000747f96eb90 mBlastBufferQueue=0xb4000074df963770 fn= 2 mRenderHdrSdrRatio=1.0 caller= com.android.systemui.shared.launcher.ViewRootImplCompat.mergeWithNextTransaction:4 com.honeyspace.transition.utils.SurfaceTransactionApplier.scheduleApply$lambda$1:26 com.honeyspace.transition.utils.SurfaceTransactionApplier.c:0
06-06 13:00:13.489  6421  9457 I ViewRootImpl@cc9c4e9[LauncherActivity]: mWNT: t=0xb40000747f966210 mBlastBufferQueue=0xb4000074df963770 fn= 2 mRenderHdrSdrRatio=1.0 caller= com.android.systemui.shared.launcher.ViewRootImplCompat.mergeWithNextTransaction:4 com.honeyspace.transition.utils.SurfaceTransactionApplier.scheduleApply$lambda$1:26 com.honeyspace.transition.utils.SurfaceTransactionApplier.c:0
06-06 13:00:13.489  7790  7790 I ViewRootImpl@22a9976[MainActivity]: Relayout returned: old=(0,0,1080,2340) new=(0,0,1080,2340) relayoutAsync=false req=(1080,2340)8 dur=6 res=0x402 s={false 0x0} ch=true seqId=0
06-06 13:00:13.489  6421  9457 I ViewRootImpl@cc9c4e9[LauncherActivity]: mWNT: t=0xb40000747f945a50 mBlastBufferQueue=0xb4000074df963770 fn= 2 mRenderHdrSdrRatio=1.0 caller= com.android.systemui.shared.launcher.ViewRootImplCompat.mergeWithNextTransaction:4 com.honeyspace.transition.utils.SurfaceTransactionApplier.scheduleApply$lambda$1:26 com.honeyspace.transition.utils.SurfaceTransactionApplier.c:0
06-06 13:00:13.490  5355  5355 D SamsungLightBarControlHelper: updateStatusBar (WHITE icon) numStacks:1, StatusBarMode:MODE_TRANSPARENT, lightBarBounds:[], StatusBarState:SHADE, packageName:com.sec.android.app.launcher, isWhiteKeyguardStatusBar:false
06-06 13:00:13.492  1715  3404 I SurfaceFlinger: id=647 createSurf, flag=24000, Surface(name=7e0881a etf.ri.rma.newsfeedapp.test/androidx.test.core.app.InstrumentationActivityInvoker$EmptyActivity)/@0xf92c063 - animation-leash of starting_reveal#647
06-06 13:00:13.493  7790  7790 I ViewRootImpl@22a9976[MainActivity]: stopped(true) old = false
06-06 13:00:13.493  7790  7790 D ViewRootImpl@22a9976[MainActivity]: WindowStopped on etf.ri.rma.newsfeedapp/etf.ri.rma.newsfeedapp.MainActivity set to true
06-06 13:00:13.493  1715  1715 D SurfaceFlinger: Display 4630946970390616451 HWC layers:
06-06 13:00:13.493  1715  1715 D SurfaceFlinger:      DEVICE | 0xb4000073beb088d0 | 0102 | RGBA_8888    |    0.0    0.0 1080.0 2340.0 |    0    0 1080 2340 | etf.ri.rma.newsfeedapp.test/androidx[...]ivityInvoker$EmptyActivity$_7890#613
06-06 13:00:13.493  1715  1715 D SurfaceFlinger:      DEVICE | 0xb4000073beb14780 | 0100 | RGBA_8888    |    0.0    0.0 1080.0 2340.0 |    0    0 1080 2340 | Splash Screen etf.ri.rma.newsfeedapp.test$_5355#594
06-06 13:00:13.493  1715  1715 D SurfaceFlinger:      DEVICE | 0xb4000073beb044c0 | 0100 | RGBA_8888    |    0.0    0.0 1080.0   87.0 |    0    0 1080   87 | StatusBar$_5355#90
06-06 13:00:13.493  1715  1715 D SurfaceFlinger:      DEVICE | 0xb4000073beb138e0 | 0100 | RGBA_8888    |    0.0    0.0   67.0  342.0 | 1013  438 1080  780 | com.sec.android.app.launcher/com.sam[...]ce.edge.CocktailBarService$_6421#145
06-06 13:00:13.493  1715  1715 D SurfaceFlinger:      DEVICE | 0xb4000073beb07fd0 | 0100 | RGBA_8888    |    0.0    0.0 1080.0  144.0 |    0 2196 1080 2340 | NavigationBar0$_5355#89
06-06 13:00:13.493  1715  1715 D SurfaceFlinger:
06-06 13:00:13.493  7790  7818 D OpenGLRenderer: CacheManager::trimMemory(20)
06-06 13:00:13.494  7790  7790 D LifecycleMonitor: Lifecycle status change: etf.ri.rma.newsfeedapp.MainActivity@8272023 in: STOPPED
06-06 13:00:13.494  7790  7790 V ActivityScenario: Update currentActivityStage to STOPPED, currentActivity=etf.ri.rma.newsfeedapp.MainActivity@8272023
06-06 13:00:13.495  1574  1638 I HYPER-HAL: [RequestManager.cpp]acquire(): Acquired ID : 1456200  [1577 / 129]    HINT :      list : [TID_LOW_LATENCY / 1] [TID / 7828] [TID / 7829] [TID / 7790] [TID / 7818]
06-06 13:00:13.496  1715  1715 I Layer   : Layer::reparent [RemoteWallpaperAnim:1:1#8] newParent : Surface(name=RemoteWallpaperAnim:1:1)/@0xbe3243d - animation-leash of remote_wallpaper#643 , isRemovedFromCurrentState : 0 -------------------------
06-06 13:00:13.496  1715  1715 I Layer   : Layer::reparent [RemoteWallpaperAnim:1:1#8] End -------------------------
06-06 13:00:13.497  2342  5437 V WindowManager: Relayout Window{bd3d286 u0 Splash Screen etf.ri.rma.newsfeedapp.test}: viewVisibility=0 req=1080x2340 ty=3 d0
06-06 13:00:13.498  6421  9458 I ViewRootImpl@cc9c4e9[LauncherActivity]: mWNT: t=0xb40000747f93dd30 mBlastBufferQueue=0xb4000074df963770 fn= 3 mRenderHdrSdrRatio=1.0 caller= com.android.systemui.shared.launcher.ViewRootImplCompat.mergeWithNextTransaction:4 com.honeyspace.transition.utils.SurfaceTransactionApplier.scheduleApply$lambda$1:26 com.honeyspace.transition.utils.SurfaceTransactionApplier.c:0
06-06 13:00:13.498  6421  9453 W qdgralloc: getInterlacedFlag: getMetaData returned 3, defaulting to interlaced_flag = 0
06-06 13:00:13.498  7012  7043 D C2SoftVpxEnc: bytes generated 32810
06-06 13:00:13.499  2342  5453 D InputDispatcher: Focus entered window (0): da5c5e7 com.sec.android.app.launcher/com.sec.android.app.launcher.activities.LauncherActivity
06-06 13:00:13.500  1715  1715 D SurfaceFlinger: Display 4630946970390616451 HWC layers:
06-06 13:00:13.500  1715  1715 D SurfaceFlinger:      DEVICE | 0xb4000073beb13a00 | 0100 | RGBA_8888    |  720.0  195.0 1620.0 2145.0 |    0    0 1080 2340 | Wallpaper BBQ wrapper 5_system#94
06-06 13:00:13.500  1715  1715 D SurfaceFlinger:      DEVICE | 0xb4000073beb080f0 | 0100 | RGBA_8888    |    0.0    0.0 1080.0 2340.0 |    0    0 1080 2340 | com.sec.android.app.launcher/com.sec[...]ctivities.LauncherActivity$_6421#632
06-06 13:00:13.500  1715  1715 D SurfaceFlinger:      CLIENT | 0xb4000073beb088d0 | 0102 | RGBA_8888    |    0.0    0.0 1080.0 2340.0 |    0    0 1080 2340 | etf.ri.rma.newsfeedapp.test/androidx[...]ivityInvoker$EmptyActivity$_7890#613
06-06 13:00:13.500  1715  1715 D SurfaceFlinger:      CLIENT | 0xb4000073beb14780 | 0100 | RGBA_8888    |    0.0    0.0 1080.0 2340.0 |    0    0 1080 2340 | Splash Screen etf.ri.rma.newsfeedapp.test$_5355#594
06-06 13:00:13.500  1715  1715 D SurfaceFlinger:      DEVICE | 0xb4000073beb087b0 | 0100 | RGBA_8888    |    0.0    0.0 1080.0   87.0 |    0    0 1080   87 | StatusBar$_5355#90
06-06 13:00:13.500  1715  1715 D SurfaceFlinger:      DEVICE | 0xb4000073beb138e0 | 0100 | RGBA_8888    |    0.0    0.0   67.0  342.0 | 1013  438 1080  780 | com.sec.android.app.launcher/com.sam[...]ce.edge.CocktailBarService$
06-06 13:00:13.500  1715  1715 D SurfaceFlinger: _6421#145
06-06 13:00:13.500  1715  1715 D SurfaceFlinger:      DEVICE | 0xb4000073beb0fb90 | 0100 | RGBA_8888    |    0.0    0.0 1080.0  144.0 |    0 2196 1080 2340 | NavigationBar0$_5355#89
06-06 13:00:13.500  1715  1715 D SurfaceFlinger:
06-06 13:00:13.501  2342  5437 V WindowManager: Relayout hash=bd3d286, pid=5355, syncId=-1: mAttrs={(0,0)(fillxfill) sim={adjust=pan} ty=APPLICATION_STARTING fmt=TRANSLUCENT
06-06 13:00:13.501  2342  5437 V WindowManager:   fl=81030118
06-06 13:00:13.501  2342  5437 V WindowManager:   pfl=16000010
06-06 13:00:13.501  2342  5437 V WindowManager:   bhv=DEFAULT
06-06 13:00:13.501  2342  5437 V WindowManager:   fitSides= naviIconColor=0}
06-06 13:00:13.501  5355  5439 I BLASTBufferQueue_Java: update, w= 1080 h= 2340 mName = ViewRootImpl@fba63b1[test] mNativeObject= 0xb4000074df9c1050 sc.mNativeObject= 0xb4000073af941550 format= -3 caller= android.view.ViewRootImpl.updateBlastSurfaceIfNeeded:3020 android.view.ViewRootImpl.relayoutWindow:10121 android.view.ViewRootImpl.performTraversals:4115 android.view.ViewRootImpl.doTraversal:3291 android.view.ViewRootImpl$TraversalRunnable.run:11329 android.view.Choreographer$CallbackRecord.run:1689
06-06 13:00:13.501  5355  5439 I ViewRootImpl@fba63b1[test]: Relayout returned: old=(0,0,1080,2340) new=(0,0,1080,2340) relayoutAsync=false req=(1080,2340)0 dur=5 res=0x400 s={true 0xb4000074af9f4bc0} ch=false seqId=0
06-06 13:00:13.501  5355  5439 I ViewRootImpl@fba63b1[test]: registerCallbackForPendingTransactions
06-06 13:00:13.502  5355  5446 I ViewRootImpl@fba63b1[test]: mWNT: t=0xb40000747f9b3bb0 mBlastBufferQueue=0xb4000074df9c1050 fn= 2 mRenderHdrSdrRatio=1.0 caller= android.view.SyncRtSurfaceTransactionApplier.applyTransaction:96 android.view.SyncRtSurfaceTransactionApplier.lambda$scheduleApply$0:69 android.view.SyncRtSurfaceTransactionApplier.$r8$lambda$SgowXC58rj3PR958kHUfRgLZmvE:0
06-06 13:00:13.502  5355  5446 I ViewRootImpl@fba63b1[test]: mWNT: t=0xb40000747f95c130 mBlastBufferQueue=0xb4000074df9c1050 fn= 2 mRenderHdrSdrRatio=1.0 caller= android.view.SyncRtSurfaceTransactionApplier.applyTransaction:96 android.view.SyncRtSurfaceTransactionApplier.lambda$scheduleApply$0:69 android.view.SyncRtSurfaceTransactionApplier.$r8$lambda$SgowXC58rj3PR958kHUfRgLZmvE:0
06-06 13:00:13.502  5355  5446 I ViewRootImpl@fba63b1[test]: mWNT: t=0xb40000747f95c550 mBlastBufferQueue=0xb4000074df9c1050 fn= 2 mRenderHdrSdrRatio=1.0 caller= android.view.ViewRootImpl$6.onFrameDraw:5639 android.view.ViewRootImpl$2.onFrameDraw:2144 android.view.ThreadedRenderer$1.onFrameDraw:792
06-06 13:00:13.503  6421  6421 I ViewRootImpl@cc9c4e9[LauncherActivity]: handleWindowFocusChanged: 1 0 call from android.view.ViewRootImpl.-$$Nest$mhandleWindowFocusChanged:0
06-06 13:00:13.503  6421  6421 I InputMethodManager: startInputInner - IInputMethodManagerGlobalInvoker.startInputOrWindowGainedFocus
06-06 13:00:13.503  2342  5453 I ImeTracker: com.sec.android.app.launcher:e664ba25: onRequestHide at ORIGIN_SERVER_HIDE_INPUT reason HIDE_UNSPECIFIED_WINDOW
06-06 13:00:13.503  2342  5453 I ImeTracker: com.sec.android.app.launcher:e664ba25: onCancelled at PHASE_SERVER_SHOULD_HIDE
06-06 13:00:13.505  1715  1715 I Layer   : Layer::reparent [7e0881a etf.ri.rma.newsfeedapp.test/androidx.test.core.app.InstrumentationActivityInvoker$EmptyActivity#605] newParent : Surface(name=7e0881a etf.ri.rma.newsfeedapp.test/androidx.test.core.app.InstrumentationActivityInvoker$EmptyActivity)/@0xf92c063 - animation-leash of starting_reveal#647 , isRemovedFromCurrentState : 0 -------------------------
06-06 13:00:13.505  1715  1715 I Layer   : Layer::reparent [7e0881a etf.ri.rma.newsfeedapp.test/androidx.test.core.app.InstrumentationActivityInvoker$EmptyActivity#605] End -------------------------
06-06 13:00:13.505  5355  5447 I ViewRootImpl@fba63b1[test]: mWNT: t=0xb40000747f95c130 mBlastBufferQueue=0xb4000074df9c1050 fn= 3 mRenderHdrSdrRatio=1.0 caller= android.view.SyncRtSurfaceTransactionApplier.applyTransaction:96 android.view.SyncRtSurfaceTransactionApplier.lambda$scheduleApply$0:69 android.view.SyncRtSurfaceTransactionApplier.$r8$lambda$SgowXC58rj3PR958kHUfRgLZmvE:0
06-06 13:00:13.505  1715  1715 D SurfaceFlinger: GPIS:: requestGPISForClientComposition
06-06 13:00:13.506  2342  5453 D InputTransport: Input channel constructed: 'ClientS', fd=1151
06-06 13:00:13.506  2342  5453 D InputTransport: Input channel destroyed: 'ClientS', fd=1151
06-06 13:00:13.507 11275 11275 I HBD     : HoneyBoardService onFinishInput
06-06 13:00:13.507 11275 11275 I HBD     : a IC have been unbinding,  RemoteInputConnection{idHash=#117299c}
06-06 13:00:13.507 11275 11275 I HBD     : HoneyBoardService [PF_CL][onFinishInput]  0 ms
06-06 13:00:13.507 11275 11275 I HBD     : HoneyBoardService [IMI] onStartInput - caller pid : 6421 , caller uid : 10150
06-06 13:00:13.507 11275 11275 I HBD     : j updateConfigs
06-06 13:00:13.507 11275 11275 I HBD     : j isEnabledNightMode : true
06-06 13:00:13.507 11275 11275 I HBD     : a IC have been binding, RemoteInputConnection{idHash=#326fa5}
06-06 13:00:13.507 11275 11275 I HBD     : h [EditorInputType]setPrivateImeOptionsToTable privateImeOptions ( null )
06-06 13:00:13.507 11275 11275 I HBD     : b incognitoMode : false
06-06 13:00:13.507 11275 11275 I HBD     : b needOff = true , isForceOff = false, isNullInputClass : true
06-06 13:00:13.507  6421  9457 I ViewRootImpl@cc9c4e9[LauncherActivity]: mWNT: t=0xb40000747f9442f0 mBlastBufferQueue=0xb4000074df963770 fn= 4 mRenderHdrSdrRatio=1.0 caller= com.android.systemui.shared.launcher.ViewRootImplCompat.mergeWithNextTransaction:4 com.honeyspace.transition.utils.SurfaceTransactionApplier.scheduleApply$lambda$1:26 com.honeyspace.transition.utils.SurfaceTransactionApplier.c:0
06-06 13:00:13.507  6421  9453 W qdgralloc: getInterlacedFlag: getMetaData returned 3, defaulting to interlaced_flag = 0
06-06 13:00:13.507 11275 11275 I HBD     : h getDefaultInputRange : UNKNOWN
06-06 13:00:13.507 11275 11275 I HBD     : h getDefaultInputRange : UNKNOWN
06-06 13:00:13.509 11275 11275 I HBD     : h getDefaultInputRange : UNKNOWN
06-06 13:00:13.509  1715  1806 I SurfaceFlinger: id=649 createSurf, flag=24004, Surface(name=ac5a498 InputMethod)/@0x1895ba - animation-leash of insets_animation#649
06-06 13:00:13.510 11275 11275 I HBD     : b needOff = true , isForceOff = false, isNullInputClass : true
06-06 13:00:13.510 11275 11275 I HBD     : b update cached prediction status : false
06-06 13:00:13.510 11275 11275 I HBD     : h getDefaultInputRange : UNKNOWN
06-06 13:00:13.510 11275 11275 I HBD     : a currentState : 0
06-06 13:00:13.510 11275 11275 I HBD     : a [UpdatePolicy] [post] a: 0 cl: 65537 kit: [0/0] vt: 0 ir: 1
06-06 13:00:13.510 11275 11275 I HBD     : a [NRIC] resetNoResponseState
06-06 13:00:13.511 11275 11275 I HBD     : b needOff = true , isForceOff = false, isNullInputClass : true
06-06 13:00:13.511 11275 11275 I HBD     : b update cached prediction status : false
06-06 13:00:13.511 11275 11275 I HBD     : b [AiWriter] setContact : com.sec.android.app.launcher
06-06 13:00:13.511 11275 11275 I HBD     : HoneyBoardService [PF_OP][onStartInput]  4 ms
06-06 13:00:13.511  6421  6421 I InsetsSourceConsumer: applyRequestedVisibilityToControl: visible=false, type=ime, host=com.sec.android.app.launcher/com.sec.android.app.launcher.activities.LauncherActivity
06-06 13:00:13.512  1557 11485 D vendor.qti.bluetooth@1.1-wake_lock: Release wakelock is released
06-06 13:00:13.512 11275 11275 I InputMethodService: scheduleImeSurfaceRemoval: canceled, mShowInputRequested=false, mWindowVisible=false, IsmWindowNull=false, IsmImeSurfaceRemoverRunnableNotNull=true
06-06 13:00:13.512  6421 10594 I ViewRootImpl@cc9c4e9[LauncherActivity]: Resizing android.view.ViewRootImpl@2c5d015: frame = [0,0][1080,2340] reportDraw = false forceLayout = false syncSeqId = -1
06-06 13:00:13.512  5355  5406 I ViewRootImpl@b9cb471[NavigationBar0]: Resizing android.view.ViewRootImpl@9559699: frame = [0,2196][1080,2340] reportDraw = false forceLayout = false syncSeqId = -1
06-06 13:00:13.512  6421  6458 I ViewRootImpl@b8b0272[CocktailBarService]: Resizing android.view.ViewRootImpl@899f8b5: frame = [1013,438][1080,780] reportDraw = false forceLayout = false syncSeqId = -1
06-06 13:00:13.512  6421  6421 I ViewRootImpl@cc9c4e9[LauncherActivity]: handleResized, msg = 4 frames=ClientWindowFrames{frame=[0,0][1080,2340] display=[0,0][1080,2340] parentFrame=[0,0][0,0]} forceNextWindowRelayout=false displayId=0 dragResizing=false compatScale=1.0 frameChanged=false attachedFrameChanged=false configChanged=false displayChanged=false compatScaleChanged=false
06-06 13:00:13.512  6421  6421 I ViewRootImpl@b8b0272[CocktailBarService]: handleResized, msg = 4 frames=ClientWindowFrames{frame=[1013,438][1080,780] display=[0,0][1080,2196] parentFrame=[0,0][0,0]} forceNextWindowRelayout=false displayId=0 dragResizing=false compatScale=1.0 frameChanged=false attachedFrameChanged=false configChanged=false displayChanged=false compatScaleChanged=false
06-06 13:00:13.512  5355 19183 I ViewRootImpl@5f965d2[StatusBar]: Resizing android.view.ViewRootImpl@52a4b8c: frame = [0,0][1080,87] reportDraw = false forceLayout = false syncSeqId = -1
06-06 13:00:13.512  5355  9077 I WallpaperService: resized: system, syncSeqId=-1
06-06 13:00:13.513  5355  5533 I WallpaperService: handleResized: which=5, reportDraw=false
06-06 13:00:13.513  5355  5533 I WallpaperService: updateSurface system forceRelayout=true forceReport=false redrawNeeded=false myWidth=2340 myHeight=2340 fixedSize=true x = 0 y = 0 mWidth=2340 mHeight=2340
06-06 13:00:13.513  5355  5533 I WallpaperService: maxBounds : Rect(0, 0 - 1080, 2340) , mDeviceHeight : 2340, mDeviceWidth : 1080,mDeviceRotation  : 0
06-06 13:00:13.513  5355  5533 I WallpaperService: updateSurface: invoke Session.relayout
06-06 13:00:13.513  1715  1715 I Layer   : Layer::reparent [ImeContainer#17] newParent : ActivityRecord{4bdcf41 u0 com.sec.android.app.launcher/.activities.LauncherActivity t8}#139 , isRemovedFromCurrentState : 0 -------------------------
06-06 13:00:13.513  1715  1715 I Layer   : Layer::reparent [ImeContainer#17] End -------------------------
06-06 13:00:13.513  1715  1715 I Layer   : Layer::reparent [ac5a498 InputMethod#154] newParent : Surface(name=ac5a498 InputMethod)/@0x1895ba - animation-leash of insets_animation#649 , isRemovedFromCurrentState : 0 -------------------------
06-06 13:00:13.513  1715  1715 I Layer   : Layer::reparent [ac5a498 InputMethod#154] End -------------------------
06-06 13:00:13.513  1715  1715 I Layer   : Layer::reparent [Surface(name=ac5a498 InputMethod)/@0x1895ba - animation-leash of insets_animation#588] newParentHandle : null -------------------------
06-06 13:00:13.513  1715  1715 I Layer   : id=588 removeFromCurrentState Surface(name=ac5a498 InputMethod)/@0x1895ba - animation-leash of insets_animation#588 (236)
06-06 13:00:13.513  1715  1715 I Layer   : Layer::reparent [Surface(name=ac5a498 InputMethod)/@0x1895ba - animation-leash of insets_animation#588] End -------------------------
06-06 13:00:13.513  1715  1715 I Layer   : id=589 Destroyed Surface(name=ac5a498 InputMethod)/@0x1895ba - animation-leash of insets_animation#588 (Mirror)#589
06-06 13:00:13.514  6421  9458 I ViewRootImpl@cc9c4e9[LauncherActivity]: mWNT: t=0xb40000747f9454d0 mBlastBufferQueue=0xb4000074df963770 fn= 5 mRenderHdrSdrRatio=1.0 caller= com.android.systemui.shared.launcher.ViewRootImplCompat.mergeWithNextTransaction:4 com.honeyspace.transition.utils.SurfaceTransactionApplier.scheduleApply$lambda$1:26 com.honeyspace.transition.utils.SurfaceTransactionApplier.c:0
06-06 13:00:13.514  7790  7790 D LifecycleMonitor: Lifecycle status change: etf.ri.rma.newsfeedapp.MainActivity@8272023 in: DESTROYED
06-06 13:00:13.514  7790  7790 V ActivityScenario: Update currentActivityStage to DESTROYED, currentActivity=null
06-06 13:00:13.515  5355  5446 I ViewRootImpl@fba63b1[test]: mWNT: t=0xb40000747f962430 mBlastBufferQueue=0xb4000074df9c1050 fn= 4 mRenderHdrSdrRatio=1.0 caller= android.view.SyncRtSurfaceTransactionApplier.applyTransaction:96 android.view.SyncRtSurfaceTransactionApplier.lambda$scheduleApply$0:69 android.view.SyncRtSurfaceTransactionApplier.$r8$lambda$SgowXC58rj3PR958kHUfRgLZmvE:0
06-06 13:00:13.515  7790  7790 W WindowOnBackDispatcher: sendCancelIfRunning: isInProgress=falsecallback=android.view.ViewRootImpl$$ExternalSyntheticLambda19@97cfeee
06-06 13:00:13.516  2342  5453 V WindowManager: Relayout Window{50e77d0 u0 com.android.systemui.wallpapers.ImageWallpaper_system}: viewVisibility=0 req=2340x2340 ty=2013 d0
06-06 13:00:13.516  5355  5355 I ViewRootImpl@b9cb471[NavigationBar0]: handleResized, msg = 4 frames=ClientWindowFrames{frame=[0,2196][1080,2340] display=[0,0][1080,2340] parentFrame=[0,0][0,0]} forceNextWindowRelayout=false displayId=0 dragResizing=false compatScale=1.0 frameChanged=false attachedFrameChanged=false configChanged=false displayChanged=false compatScaleChanged=false
06-06 13:00:13.516  5355  5355 I ViewRootImpl@5f965d2[StatusBar]: handleResized, msg = 4 frames=ClientWindowFrames{frame=[0,0][1080,87] display=[0,0][1080,2340] parentFrame=[0,0][0,0]} forceNextWindowRelayout=false displayId=0 dragResizing=false compatScale=1.0 frameChanged=false attachedFrameChanged=false configChanged=false displayChanged=false compatScaleChanged=false
06-06 13:00:13.516  5355  5355 D NavigationBar: setImeWindowStatus show legacy ime switcher = false
06-06 13:00:13.516  5355  5355 D NavigationBar: setImeWindowStatus displayId=0 vis=0 backDisposition=0 showImeSwitcher=false imeShown=false
06-06 13:00:13.517  7790  7818 D OpenGLRenderer: CacheManager::trimMemory(20)
06-06 13:00:13.517  7790  7790 I ViewRootImpl@22a9976[MainActivity]: dispatchDetachedFromWindow
06-06 13:00:13.518  2342  5137 D InputTransport: Input channel destroyed: 'aad9824', fd=1009
06-06 13:00:13.518  2342  5137 W InputManager-JNI: Input channel object 'aad9824 etf.ri.rma.newsfeedapp/etf.ri.rma.newsfeedapp.MainActivity (client)' was disposed without first being removed with the input manager!
06-06 13:00:13.518  2342  5137 D InputTransport: Input channel destroyed: 'aad9824', fd=1143
06-06 13:00:13.518  2342  5453 V WindowManager: Relayout hash=50e77d0, pid=5355, syncId=-1: mAttrs={(0,0)(2340x2340) gr=TOP START CENTER layoutInDisplayCutoutMode=always ty=WALLPAPER fmt=RGBX_8888 wanim=0x1030314
06-06 13:00:13.518  2342  5453 V WindowManager:   fl=14318
06-06 13:00:13.518  2342  5453 V WindowManager:   pfl=2000014
06-06 13:00:13.518  2342  5453 V WindowManager:   bhv=DEFAULT naviIconColor=0
06-06 13:00:13.518  2342  5453 V WindowManager:   sfl=8}
06-06 13:00:13.519  5355  5533 I BLASTBufferQueue_Java: update, w= 2340 h= 2340 mName = Wallpaper mNativeObject= 0xb4000074df948b50 sc.mNativeObject= 0xb4000073af9347d0 format= 2 caller= android.service.wallpaper.WallpaperService$Engine.getOrCreateBLASTSurface:2824 android.service.wallpaper.WallpaperService$Engine.updateSurface:1629 android.service.wallpaper.WallpaperService$IWallpaperEngineWrapper.handleResized:3309 android.service.wallpaper.WallpaperService$IWallpaperEngineWrapper.executeMessage:3228 com.android.internal.os.HandlerCaller$MyHandler.handleMessage:44 android.os.Handler.dispatchMessage:106
06-06 13:00:13.519  1574  1638 I HYPER-HAL: [RequestManager.cpp]acquire(): Acquired ID : 1456200  [1577 / 129]    HINT :      list : [TID_LOW_LATENCY / 0] [TID / 7828] [TID / 7829] [TID / 7790] [TID / 7818]
06-06 13:00:13.519  1574  1638 I HYPER-HAL: [RequestManager.cpp]acquire(): Acquired ID : 1457908  [1577 / 130]    HINT :      list : [UCLAMP_MIN_BOOST / 0] [TID / 7828] [TID / 7829] [TID / 7790] [TID / 7818]
06-06 13:00:13.519  1574  1638 I HYPER-HAL: [RequestManager.cpp]releaseLocked(): Released ID : 1456200
06-06 13:00:13.519  1574  1638 I HYPER-HAL: [RequestManager.cpp]releaseLocked(): Released ID : 1457908
06-06 13:00:13.519  1574  1638 I HYPER-HAL: [RequestManager.cpp]acquire(): Acquired ID : 1459617  [1577 / 131]    HINT :      list : [TID_LOW_LATENCY / 1] [TID / 5446] [TID / 5447] [TID / 5420] [TID / 5445]
06-06 13:00:13.519  7790  7790 D InputTransport: Input channel destroyed: 'aad9824', fd=112
06-06 13:00:13.520  1715  1807 I SurfaceFlinger: id=588 Removed Surface(name=ac5a498 InputMethod)/@0x1895ba - animation-leash of insets_animation#588 (236)
06-06 13:00:13.520  1574  1638 I HYPER-HAL: [RequestManager.cpp]acquire(): Acquired ID : 1459617  [1577 / 131]    HINT :      list : [TID_LOW_LATENCY / 0] [TID / 5446] [TID / 5447] [TID / 5420] [TID / 5445]
06-06 13:00:13.520  1574  1638 I HYPER-HAL: [RequestManager.cpp]acquire(): Acquired ID : 1461327  [1577 / 132]    HINT :      list : [UCLAMP_MIN_BOOST / 0] [TID / 5446] [TID / 5447] [TID / 5420] [TID / 5445]
06-06 13:00:13.521  1574  1638 I HYPER-HAL: [RequestManager.cpp]releaseLocked(): Released ID : 1459617
06-06 13:00:13.521  1574  1638 I HYPER-HAL: [RequestManager.cpp]releaseLocked(): Released ID : 1461327
06-06 13:00:13.521  1574  1638 I HYPER-HAL: [RequestManager.cpp]acquire(): Acquired ID : 1463038  [1577 / 133]    HINT :      list : [TID_LOW_LATENCY / 1] [TID / 5446] [TID / 5447] [TID / 5420] [TID / 5445]
06-06 13:00:13.521  1715  2430 I SurfaceFlinger: id=575 Removed 6f90de2 ActivityRecordInputSink etf.ri.rma.newsfeedapp/.MainActivity#575 (236)
06-06 13:00:13.521  1715  1806 I SurfaceFlinger: id=651 createSurf, flag=24004, Task=13#651
06-06 13:00:13.521  1715  1715 I Layer   : Layer::reparent [etf.ri.rma.newsfeedapp/etf.ri.rma.newsfeedapp.MainActivity$_7790#580] newParentHandle : null -------------------------
06-06 13:00:13.521  1715  1715 I Layer   : id=580 removeFromCurrentState etf.ri.rma.newsfeedapp/etf.ri.rma.newsfeedapp.MainActivity$_7790#580 (237)
06-06 13:00:13.521  1715  1715 I Layer   : Layer::reparent [etf.ri.rma.newsfeedapp/etf.ri.rma.newsfeedapp.MainActivity$_7790#580] End -------------------------
06-06 13:00:13.521  1715  1715 I Layer   : Layer::reparent [aad9824 etf.ri.rma.newsfeedapp/etf.ri.rma.newsfeedapp.MainActivity#569] newParentHandle : null -------------------------
06-06 13:00:13.521  1715  1715 I Layer   : id=569 removeFromCurrentState aad9824 etf.ri.rma.newsfeedapp/etf.ri.rma.newsfeedapp.MainActivity#569 (237)
06-06 13:00:13.521  1715  1715 I Layer   : Layer::reparent [aad9824 etf.ri.rma.newsfeedapp/etf.ri.rma.newsfeedapp.MainActivity#569] End -------------------------
06-06 13:00:13.521  1715  1715 I Layer   : id=588 Destroyed Surface(name=ac5a498 InputMethod)/@0x1895ba - animation-leash of insets_animation#588
06-06 13:00:13.521  1574  1638 I HYPER-HAL: [RequestManager.cpp]acquire(): Acquired ID : 1463038  [1577 / 133]    HINT :      list : [TID_LOW_LATENCY / 0] [TID / 5446] [TID / 5447] [TID / 5420] [TID / 5445]
06-06 13:00:13.522  1715  1715 I Layer   : id=570 Destroyed aad9824 etf.ri.rma.newsfeedapp/etf.ri.rma.newsfeedapp.MainActivity#569 (Mirror)#570
06-06 13:00:13.522  5355  5447 I ViewRootImpl@fba63b1[test]: mWNT: t=0xb40000747f962430 mBlastBufferQueue=0xb4000074df9c1050 fn= 5 mRenderHdrSdrRatio=1.0 caller= android.view.SyncRtSurfaceTransactionApplier.applyTransaction:96 android.view.SyncRtSurfaceTransactionApplier.lambda$scheduleApply$0:69 android.view.SyncRtSurfaceTransactionApplier.$r8$lambda$SgowXC58rj3PR958kHUfRgLZmvE:0
06-06 13:00:13.522  1715  1715 I SurfaceFlinger: id=569 Removed aad9824 etf.ri.rma.newsfeedapp/etf.ri.rma.newsfeedapp.MainActivity#569 (235)
06-06 13:00:13.522  1715  1715 I SurfaceFlinger: id=580 Removed etf.ri.rma.newsfeedapp/etf.ri.rma.newsfeedapp.MainActivity$_7790#580 (235)
06-06 13:00:13.522  1715  1715 I Layer   : id=583 Destroyed etf.ri.rma.newsfeedapp/etf.ri.rma.newsfeedapp.MainActivity$_7790#580 (Mirror)#583
06-06 13:00:13.522  6421  9457 I ViewRootImpl@cc9c4e9[LauncherActivity]: mWNT: t=0xb40000747f945370 mBlastBufferQueue=0xb4000074df963770 fn= 6 mRenderHdrSdrRatio=1.0 caller= com.android.systemui.shared.launcher.ViewRootImplCompat.mergeWithNextTransaction:4 com.honeyspace.transition.utils.SurfaceTransactionApplier.scheduleApply$lambda$1:26 com.honeyspace.transition.utils.SurfaceTransactionApplier.c:0
06-06 13:00:13.523  1574  1638 I HYPER-HAL: [RequestManager.cpp]acquire(): Acquired ID : 1464750  [1577 / 134]    HINT :      list : [UCLAMP_MIN_BOOST / 0] [TID / 5446] [TID / 5447] [TID / 5420] [TID / 5445]
06-06 13:00:13.523  1715  1807 I SurfaceFlinger: id=586 Removed Surface(name=aad9824 etf.ri.rma.newsfeedapp/etf.ri.rma.newsfeedapp.MainActivity)/@0x1148ab4 - animation-leash of starting_reveal#586 (234)
06-06 13:00:13.523  7790  7812 D IdlingRegistry: Unregistering idling resources: [androidx.compose.ui.test.EspressoLink@35d708f]
06-06 13:00:13.523  1574  1638 I HYPER-HAL: [RequestManager.cpp]releaseLocked(): Released ID : 1463038
06-06 13:00:13.523  1574  1638 I HYPER-HAL: [RequestManager.cpp]releaseLocked(): Released ID : 1464750
06-06 13:00:13.523  7790  7790 D InputTransport: Input channel destroyed: 'ClientS', fd=131
06-06 13:00:13.524  6421  7245 I HoneySpace.RecentTasks: onRecentTasksChanged
06-06 13:00:13.525  6421  6488 I HoneySpace.TopTaskSource: onTaskRemoved: 13
06-06 13:00:13.525  7790  7812 I TestRunner: finished: testSimilarSaIzuzetkom(etf.ri.rma.newsfeedapp.TestS3)
