06-06 13:00:13.121  1715  1715 I Layer   : Layer::reparent [aad9824 etf.ri.rma.newsfeedapp/etf.ri.rma.newsfeedapp.MainActivity#569] newParent : ActivityRecord{f60bc30 u0 etf.ri.rma.newsfeedapp/.MainActivity t13}#563 , isRemovedFromCurrentState : 0 -------------------------
06-06 13:00:13.121  1715  1715 I Layer   : Layer::reparent [aad9824 etf.ri.rma.newsfeedapp/etf.ri.rma.newsfeedapp.MainActivity#569] End -------------------------
06-06 13:00:13.121  1715  1715 I Layer   : Layer::reparent [Surface(name=aad9824 etf.ri.rma.newsfeedapp/etf.ri.rma.newsfeedapp.MainActivity)/@0x1148ab4 - animation-leash of starting_reveal#586] newParentHandle : null -------------------------
06-06 13:00:13.121  1715  1715 I Layer   : id=586 removeFromCurrentState Surface(name=aad9824 etf.ri.rma.newsfeedapp/etf.ri.rma.newsfeedapp.MainActivity)/@0x1148ab4 - animation-leash of starting_reveal#586 (223)
06-06 13:00:13.121  1715  1715 I Layer   : Layer::reparent [Surface(name=aad9824 etf.ri.rma.newsfeedapp/etf.ri.rma.newsfeedapp.MainActivity)/@0x1148ab4 - animation-leash of starting_reveal#586] End -------------------------
06-06 13:00:13.122  1715  1715 I Layer   : id=587 Destroyed Surface(name=aad9824 etf.ri.rma.newsfeedapp/etf.ri.rma.newsfeedapp.MainActivity)/@0x1148ab4 - animation-leash of starting_reveal#586 (Mirror)#587
06-06 13:00:13.126  1715  1715 D SurfaceFlinger: Display 4630946970390616451 HWC layers:
06-06 13:00:13.126  1715  1715 D SurfaceFlinger:      DEVICE | 0xb4000073beb13a00 | 0100 | RGBA_8888    |  633.0    6.0 1707.0 2334.0 |    0    0 1080 2340 | Wallpaper BBQ wrapper 5_system#94
06-06 13:00:13.126  1715  1715 D SurfaceFlinger:      DEVICE | 0xb4000073beb14150 | 0100 | RGBA_8888    |    0.0    0.0 1080.0 2340.0 |    0    0 1080 2340 | com.sec.android.app.launcher/com.sec[...]ctivities.LauncherActivity$_6421#542
06-06 13:00:13.126  1715  1715 D SurfaceFlinger:      CLIENT | 0xb4000073beaf9c90 | 0102 | RGBA_8888    |    0.0    0.0 1080.0 2340.0 |   20   42 1060 2298 | etf.ri.rma.newsfeedapp/etf.ri.rma.newsfeedapp.MainActivity$_7790#580
06-06 13:00:13.126  1715  1715 D SurfaceFlinger:      DEVICE | 0xb4000073beb087b0 | 0100 | RGBA_8888    |    0.0    0.0 1080.0   87.0 |    0    0 1080   87 | StatusBar$_5355#90
06-06 13:00:13.126  1715  1715 D SurfaceFlinger:      DEVICE | 0xb4000073beb138e0 | 0100 | RGBA_8888    |    0.0    0.0   67.0  342.0 | 1013  438 1080  780 | com.sec.android.app.launcher/com.sam[...]ce.edge.CocktailBarService$_6421#145
06-06 13:00:13.126  1715  1715 D SurfaceFlinger:      DEVICE | 0xb4000073beb0f830 | 0100 | RGBA_8888    |    0.0    0.0 1080.0  144.0 |    0 2196 1080 2340 | NavigationBar0$_5355#89
06-06 13:00:13.126  1715  1715 D SurfaceFlinger:
06-06 13:00:13.127  1652  2311 I QC2CompStore: Setting heap usage to system
06-06 13:00:13.127  1715  6620 I SurfaceFlinger: id=552 Removed Surface(name=Task=12)/@0xa264875_transition-leash#552 (222)
06-06 13:00:13.127  1715  6620 I SurfaceFlinger: id=551 Removed Surface(name=Task=1)/@0xc2d1d5f_transition-leash#551 (222)
06-06 13:00:13.127  7012  7043 D C2SoftVpxEnc: bytes generated 39340
06-06 13:00:13.130  1715  1715 I Layer   : id=552 Destroyed Surface(name=Task=12)/@0xa264875_transition-leash#552
06-06 13:00:13.130  1715  1715 I Layer   : id=551 Destroyed Surface(name=Task=1)/@0xc2d1d5f_transition-leash#551
06-06 13:00:13.142  7012  7043 D C2SoftVpxEnc: bytes generated 39236
06-06 13:00:13.154  1652  2311 I QC2CompStore: Setting heap usage to system
06-06 13:00:13.154  7012  7043 D C2SoftVpxEnc: bytes generated 24341
06-06 13:00:13.167  7012  7043 D C2SoftVpxEnc: bytes generated 18156
06-06 13:00:13.168  5355  5439 W FrameTracker: Missing HWUI jank callback for vsyncId: 29265, CUJ=J<SPLASHSCREEN_EXIT_ANIM>
06-06 13:00:13.179  1652  2311 I QC2CompStore: Setting heap usage to system
06-06 13:00:13.180  7012  7043 D C2SoftVpxEnc: bytes generated 27214
06-06 13:00:13.192  7012  7043 D C2SoftVpxEnc: bytes generated 27580
06-06 13:00:13.205  7012  7043 D C2SoftVpxEnc: bytes generated 26801
06-06 13:00:13.214  6421  6421 I HoneySpace.HomescreenPot: playContentAnimator end, skip alpha: false
06-06 13:00:13.214  6421  6421 I HoneySpace.HoneyScreenManagerImpl: transitionAnimator is ended, onCancel: false
06-06 13:00:13.214  6421  6421 I HoneySpace.ContentsAnimator: ContentsAnimator end
06-06 13:00:13.215  6421  6421 I HoneySpace.WallpaperAnimator: wallpaper animation end
06-06 13:00:13.217  7012  7043 D C2SoftVpxEnc: bytes generated 26534
06-06 13:00:13.229  1715  1715 I Layer   : Layer::reparent [RemoteWallpaperAnim:1:1#8] newParent : OneHanded:0:14#5 , isRemovedFromCurrentState : 0 -------------------------
06-06 13:00:13.230  1715  1715 I Layer   : Layer::reparent [RemoteWallpaperAnim:1:1#8] End -------------------------
06-06 13:00:13.230  1715  1715 I Layer   : Layer::reparent [Surface(name=RemoteWallpaperAnim:1:1)/@0xbe3243d - animation-leash of remote_wallpaper#555] newParentHandle : null -------------------------
06-06 13:00:13.230  1715  1715 I Layer   : id=555 removeFromCurrentState Surface(name=RemoteWallpaperAnim:1:1)/@0xbe3243d - animation-leash of remote_wallpaper#555 (220)
06-06 13:00:13.230  1715  1715 I Layer   : Layer::reparent [Surface(name=RemoteWallpaperAnim:1:1)/@0xbe3243d - animation-leash of remote_wallpaper#555] End -------------------------
06-06 13:00:13.230  1715  1715 I Layer   : id=556 Destroyed Surface(name=RemoteWallpaperAnim:1:1)/@0xbe3243d - animation-leash of remote_wallpaper#555 (Mirror)#556
06-06 13:00:13.230  7012  7043 D C2SoftVpxEnc: bytes generated 29021
06-06 13:00:13.242  1652  2311 I QC2CompStore: Setting heap usage to system
06-06 13:00:13.242  7012  7043 D C2SoftVpxEnc: bytes generated 21790
06-06 13:00:13.250  6421  6421 I Edge.TrayVisibilityController: getComputedTrayVisible : keyguardState = 1
06-06 13:00:13.250  6421  6421 I Edge.TrayVisibilityController: updateTrayVisible: State=1 visible=1 mCurrentVisible=1 specificMode=0
06-06 13:00:13.250  6421  6421 I Edge.TrayStateController: onNotifyUpdateTray: state=0
06-06 13:00:13.254  7012  7043 D C2SoftVpxEnc: bytes generated 21814
06-06 13:00:13.267  7012  7043 D C2SoftVpxEnc: bytes generated 38199
06-06 13:00:13.280  7012  7043 D C2SoftVpxEnc: bytes generated 32430
06-06 13:00:13.292  7012  7043 D C2SoftVpxEnc: bytes generated 22518
06-06 13:00:13.308  1652  2311 I QC2CompStore: Setting heap usage to system
06-06 13:00:13.308  7012  7043 D BufferPoolAccessor2.0: bufferpool2 0xb400007dbe05aed8 : 66(1307912 size) total buffers - 1(78264 size) used buffers - 83/243 (recycle/alloc) - 168/242 (fetch/transfer)
06-06 13:00:13.309  7012  7043 D C2SoftVpxEnc: bytes generated 78264
06-06 13:00:13.323  5355  5420 I SurfaceControl: apply is called, name=FinishTransaction_SyncId<19>, caller=android.view.SurfaceControl$Transaction.apply:2921 com.android.wm.shell.transition.Transitions.onFinish:302 com.android.wm.shell.transition.Transitions$$ExternalSyntheticLambda6.onTransitionFinished:15 com.android.wm.shell.transition.DefaultTransitionHandler$$ExternalSyntheticLambda5.run:125 com.android.wm.shell.transition.DefaultTransitionHandler$$ExternalSyntheticLambda3.run:52 android.os.Handler.handleCallback:958
06-06 13:00:13.324  6421  6421 I ViewRootImpl@cc9c4e9[LauncherActivity]: handleAppVisibility mAppVisible = true visible = false
06-06 13:00:13.325  1652  2311 I QC2CompStore: Setting heap usage to system
06-06 13:00:13.325  7012  7043 D C2SoftVpxEnc: bytes generated 73285
06-06 13:00:13.326  5355  9077 I WallpaperService: dispatchAppVisibility: system, visible=false
06-06 13:00:13.326  5355  5533 I WallpaperService: reportVisibility: visibility changed. visible=false
06-06 13:00:13.326  5355  5533 I ImageWallpaper[CanvasEngine_d0_w1]:  onVisibilityChanged: visible=false , displayId=0
06-06 13:00:13.329  1715  1715 I Layer   : Layer::reparent [Transition Root: Task=13#572] newParentHandle : null -------------------------
06-06 13:00:13.330  1715  1715 I Layer   : id=572 removeFromCurrentState Transition Root: Task=13#572 (219)
06-06 13:00:13.330  1715  1715 I Layer   : id=52 removeFromCurrentState Task=1#52 (219)
06-06 13:00:13.330  1715  1715 I Layer   : id=138 removeFromCurrentState Task=8#138 (219)
06-06 13:00:13.330  1715  1715 I Layer   : id=139 removeFromCurrentState ActivityRecord{4bdcf41 u0 com.sec.android.app.launcher/.activities.LauncherActivity t8}#139 (219)
06-06 13:00:13.330  1715  1715 I Layer   : id=150 removeFromCurrentState 6231c4b ActivityRecordInputSink com.sec.android.app.launcher/.Launcher#150 (219)
06-06 13:00:13.330  1715  1715 I Layer   : id=221 removeFromCurrentState da5c5e7 com.sec.android.app.launcher/com.sec.android.app.launcher.activities.LauncherActivity#221 (219)
06-06 13:00:13.330  1715  1715 I Layer   : id=542 removeFromCurrentState com.sec.android.app.launcher/com.sec.android.app.launcher.activities.LauncherActivity$_6421#542 (219)
06-06 13:00:13.330  1715  1715 I Layer   : id=562 removeFromCurrentState Task=13#562 (219)
06-06 13:00:13.330  1715  1715 I Layer   : id=563 removeFromCurrentState ActivityRecord{f60bc30 u0 etf.ri.rma.newsfeedapp/.MainActivity t13}#563 (219)
06-06 13:00:13.330  1715  1715 I Layer   : id=575 removeFromCurrentState 6f90de2 ActivityRecordInputSink etf.ri.rma.newsfeedapp/.MainActivity#575 (219)
06-06 13:00:13.330  1715  1715 I Layer   : id=569 removeFromCurrentState aad9824 etf.ri.rma.newsfeedapp/etf.ri.rma.newsfeedapp.MainActivity#569 (219)
06-06 13:00:13.330  1715  1715 I Layer   : id=580 removeFromCurrentState etf.ri.rma.newsfeedapp/etf.ri.rma.newsfeedapp.MainActivity$_7790#580 (219)
06-06 13:00:13.330  1715  1715 I Layer   : id=17 removeFromCurrentState ImeContainer#17 (219)
06-06 13:00:13.330  1715  1715 I Layer   : id=98 removeFromCurrentState WindowToken{f7b1b09 type=2011 android.os.Binder@15b9410}#98 (219)
06-06 13:00:13.330  1715  1715 I Layer   : id=588 removeFromCurrentState Surface(name=ac5a498 InputMethod)/@0x1895ba - animation-leash of insets_animation#588 (219)
06-06 13:00:13.330  1715  1715 I Layer   : id=154 removeFromCurrentState ac5a498 InputMethod#154 (219)
06-06 13:00:13.330  1715  1715 I Layer   : id=566 removeFromCurrentState 2f73ad5 Splash Screen etf.ri.rma.newsfeedapp#566 (219)
06-06 13:00:13.330  1715  1715 I Layer   : id=568 removeFromCurrentState Splash Screen etf.ri.rma.newsfeedapp$_5355#568 (219)
06-06 13:00:13.330  1715  1715 I Layer   : Layer::reparent [Transition Root: Task=13#572] End -------------------------
06-06 13:00:13.330  1715  1715 I Layer   : Layer::reparent [Task=13#562] newParent : DefaultTaskDisplayArea_d0#12 , isRemovedFromCurrentState : 0 -------------------------
06-06 13:00:13.330  1715  1715 I Layer   : id=562 addToCurrentState Task=13#562 (219)
06-06 13:00:13.330  1715  1715 I Layer   : id=563 addToCurrentState ActivityRecord{f60bc30 u0 etf.ri.rma.newsfeedapp/.MainActivity t13}#563 (219)
06-06 13:00:13.330  1715  1715 I Layer   : id=575 addToCurrentState 6f90de2 ActivityRecordInputSink etf.ri.rma.newsfeedapp/.MainActivity#575 (219)
06-06 13:00:13.330  1715  1715 I Layer   : id=569 addToCurrentState aad9824 etf.ri.rma.newsfeedapp/etf.ri.rma.newsfeedapp.MainActivity#569 (219)
06-06 13:00:13.330  1715  1715 I Layer   : id=580 addToCurrentState etf.ri.rma.newsfeedapp/etf.ri.rma.newsfeedapp.MainActivity$_7790#580 (219)
06-06 13:00:13.330  1715  1715 I Layer   : id=17 addToCurrentState ImeContainer#17 (219)
06-06 13:00:13.330  1715  1715 I Layer   : id=98 addToCurrentState WindowToken{f7b1b09 type=2011 android.os.Binder@15b9410}#98 (219)
06-06 13:00:13.330  1715  1715 I Layer   : id=588 addToCurrentState Surface(name=ac5a498 InputMethod)/@0x1895ba - animation-leash of insets_animation#588 (219)
06-06 13:00:13.330  1715  1715 I Layer   : id=154 addToCurrentState ac5a498 InputMethod#154 (219)
06-06 13:00:13.330  1715  1715 I Layer   : id=566 addToCurrentState 2f73ad5 Splash Screen etf.ri.rma.newsfeedapp#566 (219)
06-06 13:00:13.330  1715  1715 I Layer   : id=568 addToCurrentState Splash Screen etf.ri.rma.newsfeedapp$_5355#568 (219)
06-06 13:00:13.330  1715  1715 I Layer   : Layer::reparent [Task=13#562] End -------------------------
06-06 13:00:13.330  1715  1715 I Layer   : Layer [Task=1#52] hidden!! flag(1)
06-06 13:00:13.330  1715  1715 I Layer   : Layer::reparent [Task=1#52] newParent : DefaultTaskDisplayArea_d0#12 , isRemovedFromCurrentState : 0 -------------------------
06-06 13:00:13.330  1715  1715 I Layer   : id=52 addToCurrentState Task=1#52 (219)
06-06 13:00:13.330  6421  6421 I ViewRootImpl@cc9c4e9[LauncherActivity]: destroyHardwareResources: Callers=android.view.ViewRootImpl.performTraversals:3937 android.view.ViewRootImpl.doTraversal:3291 android.view.ViewRootImpl$TraversalRunnable.run:11329 android.view.Choreographer$CallbackRecord.run:1689 android.view.Choreographer$CallbackRecord.run:1698 android.view.Choreographer.doCallbacks:1153 android.view.Choreographer.doFrame:1079 android.view.Choreographer$FrameDisplayEventReceiver.run:1646 android.os.Handler.handleCallback:958 android.os.Handler.dispatchMessage:99
06-06 13:00:13.330  1715  1715 I Layer   : id=138 addToCurrentState Task=8#138 (219)
06-06 13:00:13.330  1715  1715 I Layer   : id=139 addToCurrentState ActivityRecord{4bdcf41 u0 com.sec.android.app.launcher/.activities.LauncherActivity t8}#139 (219)
06-06 13:00:13.330  1715  1715 I Layer   : id=150 addToCurrentState 6231c4b ActivityRecordInputSink com.sec.android.app.launcher/.Launcher#150 (219)
06-06 13:00:13.330  1715  1715 I Layer   : id=221 addToCurrentState da5c5e7 com.sec.android.app.launcher/com.sec.android.app.launcher.activities.LauncherActivity#221 (219)
06-06 13:00:13.330  1715  1715 I Layer   : id=542 addToCurrentState com.sec.android.app.launcher/com.sec.android.app.launcher.activities.LauncherActivity$_6421#542 (219)
06-06 13:00:13.330  1715  1715 I Layer   : Layer::reparent [Task=1#52] End -------------------------
06-06 13:00:13.330  1715  1715 I Layer   : Layer::reparent [Transition Root: Task=13#572] newParentHandle : null -------------------------
06-06 13:00:13.330  1715  1715 I Layer   : id=572 removeFromCurrentState Transition Root: Task=13#572 (219)
06-06 13:00:13.330  1715  1715 I Layer   : Layer::reparent [Transition Root: Task=13#572] End -------------------------
06-06 13:00:13.330  1715  1715 I Layer   : Layer::reparent [Splash Screen etf.ri.rma.newsfeedapp$_5355#568] newParentHandle : null -------------------------
06-06 13:00:13.330  1715  1715 I Layer   : id=568 removeFromCurrentState Splash Screen etf.ri.rma.newsfeedapp$_5355#568 (219)
06-06 13:00:13.330  1715  1715 I Layer   : Layer::reparent [Splash Screen etf.ri.rma.newsfeedapp$_5355#568] End -------------------------
06-06 13:00:13.330  1715  1715 I Layer   : Layer::reparent [2f73ad5 Splash Screen etf.ri.rma.newsfeedapp#566] newParentHandle : null -------------------------
06-06 13:00:13.330  1715  1715 I Layer   : id=566 removeFromCurrentState 2f73ad5 Splash Screen etf.ri.rma.newsfeedapp#566 (219)
06-06 13:00:13.330  1715  1715 I Layer   : Layer::reparent [2f73ad5 Splash Screen etf.ri.rma.newsfeedapp#566] End -------------------------
06-06 13:00:13.330  1715  1715 I Layer   : Layer [com.android.systemui.wallpapers.ImageWallpaper_system$_5355#93] hidden!! flag(1)
06-06 13:00:13.330  1715  1715 I Layer   : Layer [ActivityRecord{4bdcf41 u0 com.sec.android.app.launcher/.activities.LauncherActivity t8}#139] hidden!! flag(1)
06-06 13:00:13.330  1715  1715 I Layer   : Layer [com.sec.android.app.launcher/com.sec.android.app.launcher.activities.LauncherActivity$_6421#542] hidden!! flag(1)
06-06 13:00:13.330  1715  1715 I Layer   : Layer [Task=8#138] hidden!! flag(1)
06-06 13:00:13.330  1715  1715 I Layer   : id=567 Destroyed 2f73ad5 Splash Screen etf.ri.rma.newsfeedapp#566 (Mirror)#567
06-06 13:00:13.330  1715  1715 I Layer   : id=577 Destroyed Transition Root: Task=13#572 (Mirror)#577
06-06 13:00:13.330  1715  1715 I SurfaceFlinger: id=568 Removed Splash Screen etf.ri.rma.newsfeedapp$_5355#568 (217)
06-06 13:00:13.330  1715  1715 I SurfaceFlinger: id=555 Removed Surface(name=RemoteWallpaperAnim:1:1)/@0xbe3243d - animation-leash of remote_wallpaper#555 (217)
06-06 13:00:13.330  1715  1715 I SurfaceFlinger: id=572 Removed Transition Root: Task=13#572 (217)
06-06 13:00:13.330  1715  1715 I SurfaceFlinger: id=511 Removed 975de49 Splash Screen etf.ri.rma.newsfeedapp.test#511 (217)
06-06 13:00:13.330  1715  1715 I SurfaceFlinger: id=566 Removed 2f73ad5 Splash Screen etf.ri.rma.newsfeedapp#566 (217)
06-06 13:00:13.331  1715  1715 I Layer   : id=571 Destroyed Splash Screen etf.ri.rma.newsfeedapp$_5355#568 (Mirror)#571
06-06 13:00:13.333  2342  5455 V WindowManager: Relayout Window{da5c5e7 u0 com.sec.android.app.launcher/com.sec.android.app.launcher.activities.LauncherActivity}: viewVisibility=8 req=1080x2340 ty=1 d0
06-06 13:00:13.334  1574  1638 I HYPER-HAL: [RequestManager.cpp]acquire(): Acquired ID : 1408782  [1577 / 101]    HINT :      list : [TID_LOW_LATENCY / 0] [TID / 9457] [TID / 9458] [TID / 6421] [TID / 9453]
06-06 13:00:13.334  1715  1715 D SurfaceFlinger: Display 4630946970390616451 HWC layers:
06-06 13:00:13.334  1715  1715 D SurfaceFlinger:      DEVICE | 0xb4000073beaf9c90 | 0102 | RGBA_8888    |    0.0    0.0 1080.0 2340.0 |    0    0 1080 2340 | etf.ri.rma.newsfeedapp/etf.ri.rma.newsfeedapp.MainActivity$_7790#580
06-06 13:00:13.334  1715  1715 D SurfaceFlinger:      DEVICE | 0xb4000073beb044c0 | 0100 | RGBA_8888    |    0.0    0.0 1080.0   87.0 |    0    0 1080   87 | StatusBar$_5355#90
06-06 13:00:13.334  1715  1715 D SurfaceFlinger:      DEVICE | 0xb4000073beb138e0 | 0100 | RGBA_8888    |    0.0    0.0   67.0  342.0 | 1013  438 1080  780 | com.sec.android.app.launcher/com.sam[...]ce.edge.CocktailBarService$_6421#145
06-06 13:00:13.334  1715  1715 D SurfaceFlinger:      DEVICE | 0xb4000073beb0d1f0 | 0100 | RGBA_8888    |    0.0    0.0 1080.0  144.0 |    0 2196 1080 2340 | NavigationBar0$_5355#89
06-06 13:00:13.334  1715  1715 D SurfaceFlinger:
06-06 13:00:13.335  1574  1638 I HYPER-HAL: [RequestManager.cpp]acquire(): Acquired ID : 1410462  [1577 / 102]    HINT :      list : [UCLAMP_MIN_BOOST / 0] [TID / 9457] [TID / 9458] [TID / 6421] [TID / 9453]
06-06 13:00:13.335  1574  1638 I HYPER-HAL: [RequestManager.cpp]releaseLocked(): Released ID : 1408782
06-06 13:00:13.335  1574  1638 I HYPER-HAL: [RequestManager.cpp]releaseLocked(): Released ID : 1410462
06-06 13:00:13.336  2342  5455 V WindowManager: Relayout hash=da5c5e7, pid=6421, syncId=-1: mAttrs={(0,0)(fillxfill) sim={adjust=nothing} layoutInDisplayCutoutMode=shortEdges ty=BASE_APPLICATION fmt=TRANSPARENT wanim=0x10302f2
06-06 13:00:13.336  2342  5455 V WindowManager:   fl=81910100
06-06 13:00:13.336  2342  5455 V WindowManager:   pfl=1a008040
06-06 13:00:13.336  2342  5455 V WindowManager:   bhv=SHOW_TRANSIENT_BARS_BY_SWIPE
06-06 13:00:13.336  2342  5455 V WindowManager:   fitSides= naviIconColor=0}
06-06 13:00:13.337  6421  6421 I ViewRootImpl@cc9c4e9[LauncherActivity]: Relayout returned: old=(0,0,1080,2340) new=(0,0,1080,2340) relayoutAsync=false req=(1080,2340)8 dur=3 res=0x402 s={false 0x0} ch=true seqId=0
06-06 13:00:13.338  2342  5453 I AppWidgetServiceImpl: stopListening callbacks : null
06-06 13:00:13.338  1715  1715 I Layer   : id=511 Destroyed 975de49 Splash Screen etf.ri.rma.newsfeedapp.test#511
06-06 13:00:13.338  1715  1715 I Layer   : id=566 Destroyed 2f73ad5 Splash Screen etf.ri.rma.newsfeedapp#566
06-06 13:00:13.338  1715  1715 I Layer   : id=572 Destroyed Transition Root: Task=13#572
06-06 13:00:13.338  1715  1715 I Layer   : id=568 Destroyed Splash Screen etf.ri.rma.newsfeedapp$_5355#568
06-06 13:00:13.338  6421  6421 I HoneySpace.ContentsAnimator: end call
06-06 13:00:13.338  1715  1715 I Layer   : id=555 Destroyed Surface(name=RemoteWallpaperAnim:1:1)/@0xbe3243d - animation-leash of remote_wallpaper#555
06-06 13:00:13.338  6421  6421 I ViewRootImpl@cc9c4e9[LauncherActivity]: stopped(true) old = false
06-06 13:00:13.339  6421  6421 I HoneySpace.Launcher: !@Boot_EBS_D: Launcher.onStop()
06-06 13:00:13.339  6421  6421 I HoneySpace.OneUiSpace: onSaveInstanceState honeyScreen=tb.l0@31661c4
06-06 13:00:13.338 24682 24682 I A       : onStop
06-06 13:00:13.341  1574  1638 I HYPER-HAL: [RequestManager.cpp]acquire(): Acquired ID : 1439175  [1577 / 119]    HINT :      list : [TID_LOW_LATENCY / 1] [TID / 9457] [TID / 9458] [TID / 6421] [TID / 9453]
06-06 13:00:13.342  1652  2311 I QC2CompStore: Setting heap usage to system
06-06 13:00:13.343  7012  7043 D C2SoftVpxEnc: bytes generated 89738
06-06 13:00:13.348  2342  2630 D PkgPredictorService-SecIpmManagerServiceImpl: bg information pid:6421 uid:10150 pkgName:com.sec.android.app.launcher
06-06 13:00:13.354  1715  1715 I Layer   : Layer::reparent [com.sec.android.app.launcher/com.sec.android.app.launcher.activities.LauncherActivity$_6421#542] newParentHandle : null -------------------------
06-06 13:00:13.355  1715  1715 I Layer   : id=542 removeFromCurrentState com.sec.android.app.launcher/com.sec.android.app.launcher.activities.LauncherActivity$_6421#542 (211)
06-06 13:00:13.355  1715  1715 I Layer   : Layer::reparent [com.sec.android.app.launcher/com.sec.android.app.launcher.activities.LauncherActivity$_6421#542] End -------------------------
06-06 13:00:13.355  1715  1715 I SurfaceFlinger: id=542 Removed com.sec.android.app.launcher/com.sec.android.app.launcher.activities.LauncherActivity$_6421#542 (211)
06-06 13:00:13.355  1715  1715 W SurfaceFlinger: couldn't log to binary event log: overflow.
06-06 13:00:13.355  1715  1715 I Layer   : id=545 Destroyed com.sec.android.app.launcher/com.sec.android.app.launcher.activities.LauncherActivity$_6421#542 (Mirror)#545
06-06 13:00:13.358  7012  7043 D C2SoftVpxEnc: bytes generated 60344
06-06 13:00:13.361  1557 12012 I vendor.qti.bluetooth@1.1-ibs_handler: DeviceSleep: TX Awake, Sending SLEEP_IND
06-06 13:00:13.361  1557 12012 D vendor.qti.bluetooth@1.1-ibs_handler: SerialClockVote: vote for UART CLK OFF
06-06 13:00:13.363  1715  1715 W SurfaceFlinger: couldn't log to binary event log: overflow.
06-06 13:00:13.363  1715  1715 I Layer   : id=542 Destroyed com.sec.android.app.launcher/com.sec.android.app.launcher.activities.LauncherActivity$_6421#542
06-06 13:00:13.363  7790  7812 D TrafficStats: tagSocket(133) with statsTag=0xffffffff, statsUid=-1
06-06 13:00:13.367  7790  7837 D CompatibilityChangeReporter: Compat change id reported: 263076149; UID 10317; state: ENABLED
06-06 13:00:13.367  1574  7930 I HYPER-HAL: [RequestManager.cpp]releaseLocked(): Released ID : 2781277
06-06 13:00:13.371  2342  2632 I ChimeraSystemEventListener: appLaunchIntent package name is: etf.ri.rma.newsfeedapp.test
06-06 13:00:13.372  2342  6621 I SemDvfsHyPerManager: acquire hyper - AMS_APP_SWITCH/2342@31, type = -999
06-06 13:00:13.373  1574  1638 I HYPER-HAL: [RequestManager.cpp]acquire(): Acquired ID : 2816782  [2342 / 31]    HINT : AMS_APP_SWITCH    list :
06-06 13:00:13.373  1652  2311 I QC2CompStore: Setting heap usage to system
06-06 13:00:13.373  7012  7043 D C2SoftVpxEnc: bytes generated 51779
06-06 13:00:13.373  1715  1806 I SurfaceFlinger: id=591 createSurf, flag=24004, Task=14#591
06-06 13:00:13.374  8184  8184 I SemDvfsHyPerManager: acquire hyper - APP_START_SHORT/8184@19, type = -999
06-06 13:00:13.375  1715  1806 I SurfaceFlinger: id=592 createSurf, flag=84004, ActivityRecord{6c3fbae u0 etf.ri.rma.newsfeedapp.test/androidx.test.core.app.InstrumentationActivityInvoker$EmptyActivity t14}#592
06-06 13:00:13.377  1574  1638 I HYPER-HAL: [RequestManager.cpp]acquire(): Acquired ID : 33648725  [8184 / 19]    HINT : APP_START    list : [TIMEOUT / 1500]
06-06 13:00:13.378  5355  5445 D NativeCustomFrequencyManager: [NativeCFMS] BpCustomFrequencyManager::BpCustomFrequencyManager()
06-06 13:00:13.378  1930  5588 I CameraService: onUidStateChanged: uid=10046, procState is changed. (0 -> 1)
06-06 13:00:13.380  1574  1638 I HYPER-HAL: [RequestManager.cpp]acquire(): Acquired ID : 1442572  [1577 / 121]    HINT :      list : [TID_LOW_LATENCY / 1] [TID / 5446] [TID / 5447] [TID / 5439] [TID / 5445]
06-06 13:00:13.381  2342  6212 I SemDvfsHyPerManager: acquire hyper - AMS_APP_LAUNCH/2342@18, type = -999
06-06 13:00:13.381  1574  1638 I HYPER-HAL: [RequestManager.cpp]acquire(): Acquired ID : 2785998  [2342 / 18]    HINT : AMS_APP_LAUNCH    list :
06-06 13:00:13.381  7273  7273 E pageboostd: Received HALT command code 2
06-06 13:00:13.382  2342  5137 D InputTransport: Input channel constructed: 'bd3d286', fd=959
06-06 13:00:13.382  2342  5137 D InputTransport: Input channel constructed: 'bd3d286', fd=1093
06-06 13:00:13.382  2342  5137 D InputTransport: Input channel constructed: 'bd3d286', fd=1137
06-06 13:00:13.382  1715  1806 I SurfaceFlinger: id=593 createSurf, flag=84004, bd3d286 Splash Screen etf.ri.rma.newsfeedapp.test#593
06-06 13:00:13.382  7790  7790 D LifecycleMonitor: Lifecycle status change: etf.ri.rma.newsfeedapp.MainActivity@8272023 in: PAUSED
06-06 13:00:13.382  2342  5453 D SecContentProvider: query(), uri = 17 selection = isSettingsChangesAllowed
06-06 13:00:13.382  7790  7790 V ActivityScenario: Update currentActivityStage to PAUSED, currentActivity=etf.ri.rma.newsfeedapp.MainActivity@8272023
06-06 13:00:13.382  2342  5137 D InputTransport: Input channel destroyed: 'bd3d286', fd=1137
06-06 13:00:13.383  5355  5439 I InsetsController: onStateChanged: host=Splash Screen etf.ri.rma.newsfeedapp.test, from=android.view.ViewRootImpl.setView:1751, state=InsetsState: {mDisplayFrame=Rect(0, 0 - 1080, 2340), mDisplayCutout=DisplayCutout{insets=Rect(0, 87 - 0, 0) waterfall=Insets{left=0, top=0, right=0, bottom=0} boundingRect={Bounds=[Rect(0, 0 - 0, 0), Rect(512, 0 - 568, 87), Rect(0, 0 - 0, 0), Rect(0, 0 - 0, 0)]} cutoutPathParserInfo={CutoutPathParserInfo{displayWidth=1080 displayHeight=2340 physicalDisplayWidth=1080 physicalDisplayHeight=2340 density={3.0} cutoutSpec={M 0,0 H -9.333333333333333 V 29 H 9.333333333333333 V 0 H 0 Z @dp} rotation={0} scale={1.0} physicalPixelDisplaySizeRatio={1.0}}}}, mRoundedCorners=RoundedCorners{[RoundedCorner{position=TopLeft, radius=102, center=Point(102, 102)}, RoundedCorner{position=TopRight, radius=102, center=Point(978, 102)}, RoundedCorner{position=BottomRight, radius=102, center=Point(978, 2238)}, RoundedCorner{position=BottomLeft, radius=102, center=Point(102, 2238)}]}  mRoundedCornerFrame=Rect(0, 0 - 1080, 2340), mPrivacyIndicatorBounds=PrivacyIndicatorBounds {static bounds=Rect(948, 0 - 1080, 87) rotation=0}, mDisplayShape=DisplayShape{ spec=1769313948 displayWidth=1080 displayHeight=2340 physicalPixelDisplaySizeRatio=1.0 rotation=0 offsetX=0 offsetY=0 scale=1.0}, mSources= { InsetsSource: {985d0000 mType=statusBars mFrame=[0,0][1080,87] mVisible=true mFlags=[]}, InsetsSource: {985d0005 mType=mandatorySystemGestures mFrame=[0,0][1080,123] mVisible=true mFlags=[]}, InsetsSource: {985d0006 mType=tappableElement mFrame=[0,0][1080,87] mVisible=true mFlags=[]}, InsetsSource: {27 mType=displayCutout mFrame=[0,0][1080,87] mVisible=true mFlags=[]}, InsetsSource: {26df0001 mType=navigationBars mFrame=[0,2196][1080,2340] mVisible=true mFlags=[]}, InsetsSource: {26df0004 mType=systemGestures mFrame=[0,0][0,0] mVisible=true mFlags=[]}, InsetsSource: {26df0005 mType=mandatorySystemGestures mFrame=[0,2196][1080,2340] mVisible=true mFlags=[]}, InsetsSource: {26df0006 mType=tappableElement mFrame=[0,2196][1080,2340] mVisible=true mFlags=[]}, InsetsSource: {26df0024 mType=systemGestures mFrame=[0,0][0,0] mVisible=true mFlags=[]} }
06-06 13:00:13.383  5355  5439 I ViewRootImpl@fba63b1[test]: synced displayState. AttachInfo displayState=2
06-06 13:00:13.383  5355  5439 I ViewRootImpl@fba63b1[test]: setView = android.widget.FrameLayout@5673ab3 TM=true
06-06 13:00:13.383  5355  5445 D OpenGLRenderer: HWUI - treat SMPTE_170M as sRGB
06-06 13:00:13.383  8184  8184 I SemDvfsHyPerManager: acquire hyper - APP_START/8184@21, type = -999
06-06 13:00:13.384  1574  1638 I HYPER-HAL: [RequestManager.cpp]acquire(): Acquired ID : 33665136  [8184 / 21]    HINT : APP_START    list :
06-06 13:00:13.384  6421  6488 I HoneySpace.TopTaskSource: onTaskMovedToFront : taskId = 14
06-06 13:00:13.385  6421  6490 I HoneySpace.TopTaskUseCase: topTasks 14 ComponentInfo{etf.ri.rma.newsfeedapp.test/androidx.test.core.app.InstrumentationActivityInvoker$EmptyActivity}
06-06 13:00:13.385  2342  5455 D InputDispatcher: Focused application(0): ActivityRecord{6c3fbae u0 etf.ri.rma.newsfeedapp.test/androidx.test.core.app.InstrumentationActivityInvoker$EmptyActivity t14}
06-06 13:00:13.387  2342  6212 V WindowManager: Relayout Window{bd3d286 u0 Splash Screen etf.ri.rma.newsfeedapp.test}: viewVisibility=0 req=1080x2340 ty=3 d0
06-06 13:00:13.387  1715  1806 I SurfaceFlinger: id=594 createSurf, flag=44004, Splash Screen etf.ri.rma.newsfeedapp.test$_5355#594
06-06 13:00:13.388  1652  2311 I QC2CompStore: Setting heap usage to system
06-06 13:00:13.389  7012  7043 D C2SoftVpxEnc: bytes generated 53051
06-06 13:00:13.389  7890  7917 I AdrenoGLES-0: QUALCOMM build                   : d774a8672e, I8ea610b5b4
06-06 13:00:13.389  7890  7917 I AdrenoGLES-0: Build Date                       : 01/03/24
06-06 13:00:13.389  7890  7917 I AdrenoGLES-0: OpenGL ES Shader Compiler Version: E031.42.23.12
06-06 13:00:13.389  7890  7917 I AdrenoGLES-0: Local Branch                     :
06-06 13:00:13.389  7890  7917 I AdrenoGLES-0: Remote Branch                    : refs/tags/AU_LINUX_ANDROID_LA.VENDOR.14.3.0.11.00.00.973.408
06-06 13:00:13.389  7890  7917 I AdrenoGLES-0: Remote Branch                    : NONE
06-06 13:00:13.389  7890  7917 I AdrenoGLES-0: Reconstruct Branch               : NOTHING
06-06 13:00:13.390  7890  7917 I AdrenoGLES-0: Build Config                     : S P 16.1.2 AArch64
06-06 13:00:13.390  7890  7917 I AdrenoGLES-0: Driver Path                      : /vendor/lib64/egl/libGLESv2_adreno.so
06-06 13:00:13.390  7890  7917 I AdrenoGLES-0: Driver Version                   : 0744.18
06-06 13:00:13.390  7890  7917 I AdrenoGLES-0: Process Name                     : etf.ri.rma.newsfeedapp.test
06-06 13:00:13.390  2342  6212 V WindowManager: Relayout hash=bd3d286, pid=5355, syncId=-1: mAttrs={(0,0)(fillxfill) sim={adjust=pan} ty=APPLICATION_STARTING fmt=TRANSLUCENT
06-06 13:00:13.390  2342  6212 V WindowManager:   fl=81030118
06-06 13:00:13.390  2342  6212 V WindowManager:   pfl=16000010
06-06 13:00:13.390  2342  6212 V WindowManager:   apr=LIGHT_STATUS_BARS LIGHT_NAVIGATION_BARS
06-06 13:00:13.390  2342  6212 V WindowManager:   bhv=DEFAULT
06-06 13:00:13.390  2342  6212 V WindowManager:   fitSides= naviIconColor=0}
06-06 13:00:13.390  5355  5439 I InsetsController: onStateChanged: host=Splash Screen etf.ri.rma.newsfeedapp.test, from=android.view.ViewRootImpl.relayoutWindow:10062, state=InsetsState: {mDisplayFrame=Rect(0, 0 - 1080, 2340), mDisplayCutout=DisplayCutout{insets=Rect(0, 87 - 0, 0) waterfall=Insets{left=0, top=0, right=0, bottom=0} boundingRect={Bounds=[Rect(0, 0 - 0, 0), Rect(512, 0 - 568, 87), Rect(0, 0 - 0, 0), Rect(0, 0 - 0, 0)]} cutoutPathParserInfo={CutoutPathParserInfo{displayWidth=1080 displayHeight=2340 physicalDisplayWidth=1080 physicalDisplayHeight=2340 density={3.0} cutoutSpec={M 0,0 H -9.333333333333333 V 29 H 9.333333333333333 V 0 H 0 Z @dp} rotation={0} scale={1.0} physicalPixelDisplaySizeRatio={1.0}}}}, mRoundedCorners=RoundedCorners{[RoundedCorner{position=TopLeft, radius=102, center=Point(102, 102)}, RoundedCorner{position=TopRight, radius=102, center=Point(978, 102)}, RoundedCorner{position=BottomRight, radius=102, center=Point(978, 2238)}, RoundedCorner{position=BottomLeft, radius=102, center=Point(102, 2238)}]}  mRoundedCornerFrame=Rect(0, 0 - 1080, 2340), mPrivacyIndicatorBounds=PrivacyIndicatorBounds {static bounds=Rect(948, 0 - 1080, 87) rotation=0}, mDisplayShape=DisplayShape{ spec=1769313948 displayWidth=1080 displayHeight=2340 physicalPixelDisplaySizeRatio=1.0 rotation=0 offsetX=0 offsetY=0 scale=1.0}, mSources= { InsetsSource: {985d0000 mType=statusBars mFrame=[0,0][1080,87] mVisible=true mFlags=[]}, InsetsSource: {985d0005 mType=mandatorySystemGestures mFrame=[0,0][1080,123] mVisible=true mFlags=[]}, InsetsSource: {985d0006 mType=tappableElement mFrame=[0,0][1080,87] mVisible=true mFlags=[]}, InsetsSource: {3 mType=ime mFrame=[0,0][0,0] mVisible=false mFlags=[]}, InsetsSource: {27 mType=displayCutout mFrame=[0,0][1080,87] mVisible=true mFlags=[]}, InsetsSource: {26df0001 mType=navigationBars mFrame=[0,2196][1080,2340] mVisible=true mFlags=[]}, InsetsSource: {26df0004 mType=systemGestures mFrame=[0,0][0,0] mVisible=true mFlags=[]}, InsetsSource: {26df0005 mType=mandatorySystemGestures mFrame=[0,2196][1080,2340] mVisible=true mFlags=[]}, InsetsSource: {26df0006 mType=tappableElement mFrame=[0,2196][1080,2340] mVisible=true mFlags=[]}, InsetsSource: {26df0024 mType=systemGestures mFrame=[0,0][0,0] mVisible=true mFlags=[]} }
06-06 13:00:13.390  6421  7245 I HoneySpace.RecentTasks: onRecentTasksChanged
06-06 13:00:13.390  6421  5991 I HoneySpace.RecentTasks: onRecentTasksChanged
06-06 13:00:13.390  5355  5439 I BLASTBufferQueue_Java: new BLASTBufferQueue, mName= ViewRootImpl@fba63b1[test] mNativeObject= 0xb4000074df9c1050 sc.mNativeObject= 0xb4000073af9656d0 caller= android.view.ViewRootImpl.updateBlastSurfaceIfNeeded:3031 android.view.ViewRootImpl.relayoutWindow:10121 android.view.ViewRootImpl.performTraversals:4115 android.view.ViewRootImpl.doTraversal:3291 android.view.ViewRootImpl$TraversalRunnable.run:11329 android.view.Choreographer$CallbackRecord.run:1689 android.view.Choreographer$CallbackRecord.run:1698 android.view.Choreographer.doCallbacks:1153 android.view.Choreographer.doFrame:1079 android.view.Choreographer$FrameDisplayEventReceiver.run:1646
06-06 13:00:13.391  5355  5439 I BLASTBufferQueue_Java: update, w= 1080 h= 2340 mName = ViewRootImpl@fba63b1[test] mNativeObject= 0xb4000074df9c1050 sc.mNativeObject= 0xb4000073af9656d0 format= -3 caller= android.graphics.BLASTBufferQueue.<init>:89 android.view.ViewRootImpl.updateBlastSurfaceIfNeeded:3031 android.view.ViewRootImpl.relayoutWindow:10121 android.view.ViewRootImpl.performTraversals:4115 android.view.ViewRootImpl.doTraversal:3291 android.view.ViewRootImpl$TraversalRunnable.run:11329
06-06 13:00:13.391  2342  5206 D AS.MultiSoundManager: mForegroundUid = 10318
06-06 13:00:13.391  2342  5206 D AS.MultiSoundManager: mForegroundUid = 10318
06-06 13:00:13.391  5355  5439 I ViewRootImpl@fba63b1[test]: Relayout returned: old=(0,0,1080,2340) new=(0,0,1080,2340) relayoutAsync=false req=(1080,2340)0 dur=6 res=0x403 s={true 0xb4000074af9f4bc0} ch=true seqId=0
06-06 13:00:13.391  5355  5439 I ViewRootImpl@fba63b1[test]: performConfigurationChange setNightDimText nightDimLevel=0
06-06 13:00:13.391  5355  5439 D ViewRootImpl@fba63b1[test]: mThreadedRenderer.initialize() mSurface={isValid=true 0xb4000074af9f4bc0} hwInitialized=true
06-06 13:00:13.392  2342  5287 D SemWifiTransportLayerMonitor.TcpMonitorHandler: MSG_SAVE_PACKAGE_INFO
06-06 13:00:13.392  2342  5287 D SemWifiTransportLayerFileManager: saveWifiPackageInfoToFile
06-06 13:00:13.392  2342  5287 D SemWifiTransportLayerFileManager: writeWifiPackageInfoList
06-06 13:00:13.393  5355  5439 D ViewRootImpl@fba63b1[test]: reportNextDraw android.view.ViewRootImpl.performTraversals:4723 android.view.ViewRootImpl.doTraversal:3291 android.view.ViewRootImpl$TraversalRunnable.run:11329 android.view.Choreographer$CallbackRecord.run:1689 android.view.Choreographer$CallbackRecord.run:1698
06-06 13:00:13.393  5355  5439 I ViewRootImpl@fba63b1[test]: Setup new sync=wmsSync-ViewRootImpl@fba63b1[test]#50
06-06 13:00:13.393  5355  5439 I ViewRootImpl@fba63b1[test]: Creating new active sync group ViewRootImpl@fba63b1[test]#51
06-06 13:00:13.393  5355  5439 I ViewRootImpl@fba63b1[test]: registerCallbacksForSync syncBuffer=false
06-06 13:00:13.393  5355  5447 I ViewRootImpl@fba63b1[test]: Received frameDrawingCallback syncResult=0 frameNum=1.
06-06 13:00:13.393  5355  5447 I ViewRootImpl@fba63b1[test]: mWNT: t=0xb40000747f9a8790 mBlastBufferQueue=0xb4000074df9c1050 fn= 1 mRenderHdrSdrRatio=1.0 caller= android.view.ViewRootImpl$8.onFrameDraw:13826 android.view.ThreadedRenderer$1.onFrameDraw:792 <bottom of call stack>
06-06 13:00:13.393  5355  5447 I ViewRootImpl@fba63b1[test]: Setting up sync and frameCommitCallback
06-06 13:00:13.393  5355  5445 I BLASTBufferQueue: [ViewRootImpl@fba63b1[test]#14](f:0,a:0,s:0) onFrameAvailable the first frame is available
06-06 13:00:13.393  5355  5445 I ViewRootImpl@fba63b1[test]: Received frameCommittedCallback lastAttemptedDrawFrameNum=1 didProduceBuffer=true
06-06 13:00:13.394  1636  1665 E ANDR-PERF-RESOURCEQS: ANDR-PERF-RESOURCEQS: AddAndApply() 167: Failed to apply optimization [10, 8]
06-06 13:00:13.393 11224 11224 D HidDeviceService: handleMessage(): msg.what=8
06-06 13:00:13.395  5355  5445 D OpenGLRenderer: CFMS:: SetUp Pid : 5355    Tid : 5445
06-06 13:00:13.396  5355  5439 I ViewRootImpl@fba63b1[test]: reportDrawFinished seqId=0
06-06 13:00:13.396  6421  6488 I HoneySpace.TopTaskSource: onTaskFocusChanged(): taskId = 14
06-06 13:00:13.396  6421  6488 I HoneySpace.TopTaskSource: onTaskFocusChanged(): taskId = 14
06-06 13:00:13.396  6421  6488 I HoneySpace.TopTaskSource: onTaskMovedToFront : taskId = 14
06-06 13:00:13.396  6421  6488 I HoneySpace.TopTaskSource: onTaskMovedToFront : taskId = 14
06-06 13:00:13.397  7890  7890 I DecorView: setWindowBackground: isPopOver=false color=ffffffff d=android.graphics.drawable.ColorDrawable@968d385
06-06 13:00:13.397  2342  2630 D PkgPredictorService-SecIpmManagerServiceImpl: onForegroundActivitiesChanged pid:7890 uid:10318
06-06 13:00:13.397  2342  5454 D InputDispatcher: Focus left window (0): aad9824 etf.ri.rma.newsfeedapp/etf.ri.rma.newsfeedapp.MainActivity
06-06 13:00:13.398  7790  7790 I ViewRootImpl@22a9976[MainActivity]: handleWindowFocusChanged: 0 0 call from android.view.ViewRootImpl.-$$Nest$mhandleWindowFocusChanged:0
06-06 13:00:13.398  7790  7790 I ImeFocusController: onPreWindowFocus: skipped, hasWindowFocus=false mHasImeFocus=true
06-06 13:00:13.398  7790  7790 I ImeFocusController: onPostWindowFocus: skipped, hasWindowFocus=false mHasImeFocus=true
06-06 13:00:13.399  1715  1806 I SurfaceFlinger: id=599 createSurf, flag=84004, Transition Root: Task=14#599
06-06 13:00:13.400  2342  7097 V PkgPredictorService-SecIpmManagerServiceImpl: discard foreground app:etf.ri.rma.newsfeedapp.test 1|true
06-06 13:00:13.400  7890  7917 I AdrenoGLES-0: PFP: 0x01520171, ME: 0x01520023
06-06 13:00:13.400  2342  2633 I SurfaceControl: show, t=StartTransaction_SyncId<20>, sc=Surface(name=ActivityRecord{6c3fbae u0 etf.ri.rma.newsfeedapp.test/androidx.test.core.app.InstrumentationActivityInvoker$EmptyActivity t14})/@0x2be58d3, caller=com.android.server.wm.Transition.onTransactionReady:1962 com.android.server.wm.BLASTSyncEngine$SyncGroup.finishNow:310 com.android.server.wm.BLASTSyncEngine$SyncGroup.tryFinish:242 com.android.server.wm.BLASTSyncEngine$SyncGroup.-$$Nest$mtryFinish:0 com.android.server.wm.BLASTSyncEngine.onSurfacePlacement:670 com.android.server.wm.RootWindowContainer.performSurfacePlacementNoTrace:988
06-06 13:00:13.400  2342  2633 D ScreenCapture: [Capture_TEST] : setIsScreenShotBySystem true
06-06 13:00:13.401  7890  7917 E Adreno-AppProfiles: QSPM AIDL service doesn't exist
06-06 13:00:13.402  1715  1715 I Layer   : id=600 Destroyed Screenshot Parent#600
06-06 13:00:13.404  2342  2630 D NetworkPolicy: already checked 10318
06-06 13:00:13.404  5355  5420 I SurfaceControl: hide, t=FinishTransaction_SyncId<20>, sc=Surface(name=Task=13)/@0x9c8917a, caller=com.android.wm.shell.transition.Transitions.dispatchReady:681 com.android.wm.shell.transition.Transitions.onTransitionReady:118 com.android.wm.shell.transition.Transitions$TransitionPlayerImpl$$ExternalSyntheticLambda0.run:13 android.os.Handler.handleCallback:958 android.os.Handler.dispatchMessage:99 android.os.Looper.loopOnce:230
06-06 13:00:13.404  5355  5420 I SurfaceControl: show, t=StartTransaction_SyncId<20>, sc=Surface(name=Task=14)/@0x34e09a5, caller=com.android.wm.shell.transition.Transitions.dispatchReady:686 com.android.wm.shell.transition.Transitions.onTransitionReady:118 com.android.wm.shell.transition.Transitions$TransitionPlayerImpl$$ExternalSyntheticLambda0.run:13 android.os.Handler.handleCallback:958 android.os.Handler.dispatchMessage:99 android.os.Looper.loopOnce:230
06-06 13:00:13.405  5355  5420 I SurfaceControl: show, t=FinishTransaction_SyncId<20>, sc=Surface(name=Task=14)/@0x34e09a5, caller=com.android.wm.shell.transition.Transitions.dispatchReady:733 com.android.wm.shell.transition.Transitions.onTransitionReady:118 com.android.wm.shell.transition.Transitions$TransitionPlayerImpl$$ExternalSyntheticLambda0.run:13 android.os.Handler.handleCallback:958 android.os.Handler.dispatchMessage:99 android.os.Looper.loopOnce:230
06-06 13:00:13.405  5355  5420 I SurfaceControl: show, t=StartTransaction_SyncId<20>, sc=Surface(name=Transition Root: Task=14)/@0x5154d2b, caller=com.android.wm.shell.transition.Transitions.playTransition:80 com.android.wm.shell.transition.Transitions.processReadyQueue:185 com.android.wm.shell.transition.Transitions.dispatchReady:751 com.android.wm.shell.transition.Transitions.onTransitionReady:118 com.android.wm.shell.transition.Transitions$TransitionPlayerImpl$$ExternalSyntheticLambda0.run:13 android.os.Handler.handleCallback:958
06-06 13:00:13.405  1715  1715 I BpBinder: onLastStrongRef automatically unlinking death recipients:
06-06 13:00:13.405  7890  7917 D NativeCustomFrequencyManager: [NativeCFMS] BpCustomFrequencyManager::BpCustomFrequencyManager()
06-06 13:00:13.405  1715  1806 I SurfaceFlinger: id=602 createSurf, flag=44404, Bottom Edge Extension#602
06-06 13:00:13.406  6421  6421 I Edge.ActivityUtils: HomePackage : com.sec.android.app.launcher, resumePackageName : etf.ri.rma.newsfeedapp.test
06-06 13:00:13.407  1652  2311 I QC2CompStore: Setting heap usage to system
06-06 13:00:13.407  1715  1807 I SurfaceFlinger: id=603 createSurf, flag=84000, f3635b0 ActivityRecordInputSink etf.ri.rma.newsfeedapp.test/androidx.test.core.app.InstrumentationActivityInvoker$EmptyActivity#603
06-06 13:00:13.407  7012  7043 D C2SoftVpxEnc: bytes generated 74278
06-06 13:00:13.408  1574  1638 I HYPER-HAL: [RequestManager.cpp]acquire(): Acquired ID : 1445973  [1577 / 123]    HINT :      list : [TID_LOW_LATENCY / 1] [TID / 7920] [TID / 7921] [TID / 7890] [TID / 7917]
06-06 13:00:13.408  2342  5454 D InputTransport: Input channel constructed: '7e0881a', fd=958
06-06 13:00:13.408  2342  5454 D InputTransport: Input channel constructed: '7e0881a', fd=1142
06-06 13:00:13.408  2342  5454 D InputTransport: Input channel constructed: '7e0881a', fd=1144
06-06 13:00:13.408  1715  1715 I Layer   : id=604 Destroyed Screenshot Parent#604
06-06 13:00:13.408  1715  1807 I SurfaceFlinger: id=605 createSurf, flag=84004, 7e0881a etf.ri.rma.newsfeedapp.test/androidx.test.core.app.InstrumentationActivityInvoker$EmptyActivity#605
06-06 13:00:13.408  2342  5454 D InputTransport: Input channel destroyed: '7e0881a', fd=1144
06-06 13:00:13.409  1715  6620 I SurfaceFlinger: id=606 createSurf, flag=4400, bbq-wrapper#606
06-06 13:00:13.409  5355  5445 D NativeCustomFrequencyManager: [NativeCFMS] BpCustomFrequencyManager::BpCustomFrequencyManager()
06-06 13:00:13.410 26692 27175 I Rubin   : [97] zb.a.c(Unknown Source) : Notify com.samsung.android.rubin.inferenceengine.contextanalytics.engine.loggers.AppUsageLogger's database is updated.
06-06 13:00:13.410  7890  7890 I InsetsController: onStateChanged: host=etf.ri.rma.newsfeedapp.test/androidx.test.core.app.InstrumentationActivityInvoker$EmptyActivity, from=android.view.ViewRootImpl.setView:1751, state=InsetsState: {mDisplayFrame=Rect(0, 0 - 1080, 2340), mDisplayCutout=DisplayCutout{insets=Rect(0, 87 - 0, 0) waterfall=Insets{left=0, top=0, right=0, bottom=0} boundingRect={Bounds=[Rect(0, 0 - 0, 0), Rect(512, 0 - 568, 87), Rect(0, 0 - 0, 0), Rect(0, 0 - 0, 0)]} cutoutPathParserInfo={CutoutPathParserInfo{displayWidth=1080 displayHeight=2340 physicalDisplayWidth=1080 physicalDisplayHeight=2340 density={3.0} cutoutSpec={M 0,0 H -9.333333333333333 V 29 H 9.333333333333333 V 0 H 0 Z @dp} rotation={0} scale={1.0} physicalPixelDisplaySizeRatio={1.0}}}}, mRoundedCorners=RoundedCorners{[RoundedCorner{position=TopLeft, radius=102, center=Point(102, 102)}, RoundedCorner{position=TopRight, radius=102, center=Point(978, 102)}, RoundedCorner{position=BottomRight, radius=102, center=Point(978, 2238)}, RoundedCorner{position=BottomLeft, radius=102, center=Point(102, 2238)}]}  mRoundedCornerFrame=Rect(0, 0 - 1080, 2340), mPrivacyIndicatorBounds=PrivacyIndicatorBounds {static bounds=Rect(948, 0 - 1080, 87) rotation=0}, mDisplayShape=DisplayShape{ spec=1769313948 displayWidth=1080 displayHeight=2340 physicalPixelDisplaySizeRatio=1.0 rotation=0 offsetX=0 offsetY=0 scale=1.0}, mSources= { InsetsSource: {985d0000 mType=statusBars mFrame=[0,0][1080,87] mVisible=true mFlags=[]}, InsetsSource: {985d0005 mType=mandatorySystemGestures mFrame=[0,0][1080,123] mVisible=true mFlags=[]}, InsetsSource: {985d0006 mType=tappableElement mFrame=[0,0][1080,87] mVisible=true mFlags=[]}, InsetsSource: {3 mType=ime mFrame=[0,0][0,0] mVisible=false mFlags=[]}, InsetsSource: {27 mType=displayCutout mFrame=[0,0][1080,87] mVisible=true mFlags=[]}, InsetsSource: {26df0001 mType=navigationBars mFrame=[0,2196][1080,2340] mVisible=true mFlags=[]}, InsetsSource: {26df0004 mType=systemGestures mFrame=[0,0][0,0] mVisible=true mFlags=[]}, InsetsSource: {26df0005 mType=mandatorySystemGestures mFrame=[0,2196][1080,2340] mVisible=true mFlags=[]}, InsetsSource: {26df0006 mType=tappableElement mFrame=[0,2196][1080,2340] mVisible=true mFlags=[]}, InsetsSource: {26df0024 mType=systemGestures mFrame=[0,0][0,0] mVisible=true mFlags=[]} }
06-06 13:00:13.410  5355  5445 I BLASTBufferQueue: [bbq-adapter#15](f:0,a:0,s:0) onFrameAvailable the first frame is available
06-06 13:00:13.410  7890  7890 I ViewRootImpl@16860e8[InstrumentationActivityInvoker$EmptyActivity]: synced displayState. AttachInfo displayState=2
06-06 13:00:13.411  7890  7890 I ViewRootImpl@16860e8[InstrumentationActivityInvoker$EmptyActivity]: setView = com.android.internal.policy.DecorView@e430be7 TM=true
06-06 13:00:13.411  7890  7917 D OpenGLRenderer: HWUI - treat SMPTE_170M as sRGB
06-06 13:00:13.411  5355  5445 D OpenGLRenderer: CFMS:: SetUp Pid : 5355    Tid : 5445
06-06 13:00:13.412  5355  5420 I SurfaceControl: show, t=StartTransaction_SyncId<20>, sc=Surface(name=Bottom Edge Extension)/@0x304c85d, caller=android.view.SurfaceControl$Transaction.setVisibility:3012 com.android.wm.shell.transition.TransitionAnimationHelper.createExtensionSurface:241 com.android.wm.shell.transition.TransitionAnimationHelper.edgeExtendWindow:228 com.android.wm.shell.transition.DefaultTransitionHandler.startAnimation:2379 com.android.wm.shell.transition.Transitions.dispatchTransition:80 com.android.wm.shell.transition.Transitions.playTransition:776
06-06 13:00:13.412  1715  1807 I SurfaceFlinger: id=607 createSurf, flag=20004, DimTransitionLayer for Surface(name=Task=14)/@0x34e09a5#607
06-06 13:00:13.413  5355  5420 I SurfaceControl: show, t=StartTransaction_SyncId<20>, sc=Surface(name=DimTransitionLayer for Surface(name=Task=14)/@0x34e09a5)/@0x8c999ff, caller=com.android.wm.shell.transition.DefaultTransitionHandler.startAnimation:2946 com.android.wm.shell.transition.Transitions.dispatchTransition:80 com.android.wm.shell.transition.Transitions.playTransition:776 com.android.wm.shell.transition.Transitions.processReadyQueue:185 com.android.wm.shell.transition.Transitions.dispatchReady:751 com.android.wm.shell.transition.Transitions.onTransitionReady:118
06-06 13:00:13.413  1574  1638 I HYPER-HAL: [RequestManager.cpp]acquire(): Acquired ID : 1449378  [1577 / 125]    HINT :      list : [TID_LOW_LATENCY / 1] [TID / 5446] [TID / 5447] [TID / 5420] [TID / 5445]
06-06 13:00:13.414  5355  5420 I SurfaceControl: apply is called, name=StartTransaction_SyncId<20>, caller=com.android.wm.shell.transition.DefaultTransitionHandler.startAnimation:3179 com.android.wm.shell.transition.Transitions.dispatchTransition:80 com.android.wm.shell.transition.Transitions.playTransition:776 com.android.wm.shell.transition.Transitions.processReadyQueue:185 com.android.wm.shell.transition.Transitions.dispatchReady:751 com.android.wm.shell.transition.Transitions.onTransitionReady:118
06-06 13:00:13.415  1574  1638 I HYPER-HAL: [RequestManager.cpp]acquire(): Acquired ID : 1449378  [1577 / 125]    HINT :      list : [TID_LOW_LATENCY / 0] [TID / 5446] [TID / 5447] [TID / 5420] [TID / 5445]
06-06 13:00:13.415  2342  5137 V WindowManager: Relayout Window{7e0881a u0 etf.ri.rma.newsfeedapp.test/androidx.test.core.app.InstrumentationActivityInvoker$EmptyActivity}: viewVisibility=0 req=1080x2340 ty=1 d0
06-06 13:00:13.415  1574  1638 I HYPER-HAL: [RequestManager.cpp]acquire(): Acquired ID : 1451082  [1577 / 126]    HINT :      list : [UCLAMP_MIN_BOOST / 0] [TID / 5446] [TID / 5447] [TID / 5420] [TID / 5445]
06-06 13:00:13.415  1715  1807 I SurfaceFlinger: id=613 createSurf, flag=44004, etf.ri.rma.newsfeedapp.test/androidx.test.core.app.InstrumentationActivityInvoker$EmptyActivity$_7890#613
06-06 13:00:13.415  1574  1638 I HYPER-HAL: [RequestManager.cpp]releaseLocked(): Released ID : 1449378
06-06 13:00:13.415  1574  1638 I HYPER-HAL: [RequestManager.cpp]releaseLocked(): Released ID : 1451082
06-06 13:00:13.416  1715  1807 I SurfaceFlinger: id=614 createSurf, flag=24000, Surface(name=87e62a6 NavigationBar0)/@0xf64c4fb - animation-leash of insets_animation#614
06-06 13:00:13.416  1715  1807 I SurfaceFlinger: id=615 createSurf, flag=24000, Surface(name=53a7541 StatusBar)/@0x3ba06c - animation-leash of insets_animation#615
06-06 13:00:13.417  5355  5355 D SamsungStatusBarGrayIconHelper: isGrayAppearance=false
