06-06 13:00:12.888  5355  5533 I WallpaperService: updateSurface system forceRelayout=true forceReport=false redrawNeeded=false myWidth=2340 myHeight=2340 fixedSize=true x = 0 y = 0 mWidth=2340 mHeight=2340
06-06 13:00:12.888  5355  5533 I WallpaperService: maxBounds : Rect(0, 0 - 1080, 2340) , mDeviceHeight : 2340, mDeviceWidth : 1080,mDeviceRotation  : 0
06-06 13:00:12.888  5355  5533 I WallpaperService: updateSurface: invoke Session.relayout
06-06 13:00:12.888  1715  1715 I Layer   : Layer::reparent [ImeContainer#17] newParent : ActivityRecord{4bdcf41 u0 com.sec.android.app.launcher/.activities.LauncherActivity t8}#139 , isRemovedFromCurrentState : 0 -------------------------
06-06 13:00:12.888  1715  1715 I Layer   : Layer::reparent [ImeContainer#17] End -------------------------
06-06 13:00:12.888  1715  1715 I Layer   : Layer::reparent [ac5a498 InputMethod#154] newParent : Surface(name=ac5a498 InputMethod)/@0x1895ba - animation-leash of insets_animation#559 , isRemovedFromCurrentState : 0 -------------------------
06-06 13:00:12.888  1715  1715 I Layer   : Layer::reparent [ac5a498 InputMethod#154] End -------------------------
06-06 13:00:12.888  1715  1715 I Layer   : Layer::reparent [Surface(name=ac5a498 InputMethod)/@0x1895ba - animation-leash of insets_animation#507] newParentHandle : null -------------------------
06-06 13:00:12.888  1715  1715 I Layer   : id=507 removeFromCurrentState Surface(name=ac5a498 InputMethod)/@0x1895ba - animation-leash of insets_animation#507 (233)
06-06 13:00:12.888  1715  1715 I Layer   : Layer::reparent [Surface(name=ac5a498 InputMethod)/@0x1895ba - animation-leash of insets_animation#507] End -------------------------
06-06 13:00:12.888  6421  6421 I ViewRootImpl@cc9c4e9[LauncherActivity]: handleResized, msg = 4 frames=ClientWindowFrames{frame=[0,0][1080,2340] display=[0,0][1080,2340] parentFrame=[0,0][0,0]} forceNextWindowRelayout=false displayId=0 dragResizing=false compatScale=1.0 frameChanged=false attachedFrameChanged=false configChanged=false displayChanged=false compatScaleChanged=false
06-06 13:00:12.888  6421  6494 I ViewRootImpl@b8b0272[CocktailBarService]: Resizing android.view.ViewRootImpl@899f8b5: frame = [1013,438][1080,780] reportDraw = false forceLayout = false syncSeqId = -1
06-06 13:00:12.888  2342  5455 V WindowManager: Relayout Window{50e77d0 u0 com.android.systemui.wallpapers.ImageWallpaper_system}: viewVisibility=0 req=2340x2340 ty=2013 d0
06-06 13:00:12.888  1715  1715 I Layer   : id=508 Destroyed Surface(name=ac5a498 InputMethod)/@0x1895ba - animation-leash of insets_animation#507 (Mirror)#508
06-06 13:00:12.889  5355  5446 I ViewRootImpl@700d96f[test]: mWNT: t=0xb40000747f997070 mBlastBufferQueue=0xb4000074df94f590 fn= 4 mRenderHdrSdrRatio=1.0 caller= android.view.SyncRtSurfaceTransactionApplier.applyTransaction:96 android.view.SyncRtSurfaceTransactionApplier.lambda$scheduleApply$0:69 android.view.SyncRtSurfaceTransactionApplier.$r8$lambda$SgowXC58rj3PR958kHUfRgLZmvE:0
06-06 13:00:12.889 11275 11275 I InputMethodService: scheduleImeSurfaceRemoval: canceled, mShowInputRequested=false, mWindowVisible=false, IsmWindowNull=false, IsmImeSurfaceRemoverRunnableNotNull=true
06-06 13:00:12.889  5355  9077 I ViewRootImpl@5f965d2[StatusBar]: Resizing android.view.ViewRootImpl@52a4b8c: frame = [0,0][1080,87] reportDraw = false forceLayout = false syncSeqId = -1
06-06 13:00:12.889  5355  5470 I ViewRootImpl@b9cb471[NavigationBar0]: Resizing android.view.ViewRootImpl@9559699: frame = [0,2196][1080,2340] reportDraw = false forceLayout = false syncSeqId = -1
06-06 13:00:12.889  6421  9457 I ViewRootImpl@cc9c4e9[LauncherActivity]: mWNT: t=0xb40000747f93a370 mBlastBufferQueue=0xb4000074df963770 fn= 5 mRenderHdrSdrRatio=1.0 caller= com.android.systemui.shared.launcher.ViewRootImplCompat.mergeWithNextTransaction:4 com.honeyspace.transition.utils.SurfaceTransactionApplier.scheduleApply$lambda$1:26 com.honeyspace.transition.utils.SurfaceTransactionApplier.c:0
06-06 13:00:12.889  6421  6421 I ViewRootImpl@b8b0272[CocktailBarService]: handleResized, msg = 4 frames=ClientWindowFrames{frame=[1013,438][1080,780] display=[0,0][1080,2196] parentFrame=[0,0][0,0]} forceNextWindowRelayout=false displayId=0 dragResizing=false compatScale=1.0 frameChanged=false attachedFrameChanged=false configChanged=false displayChanged=false compatScaleChanged=false
06-06 13:00:12.890  2342  5455 V WindowManager: Relayout hash=50e77d0, pid=5355, syncId=-1: mAttrs={(0,0)(2340x2340) gr=TOP START CENTER layoutInDisplayCutoutMode=always ty=WALLPAPER fmt=RGBX_8888 wanim=0x1030314
06-06 13:00:12.890  2342  5455 V WindowManager:   fl=14318
06-06 13:00:12.890  2342  5455 V WindowManager:   pfl=2000014
06-06 13:00:12.890  2342  5455 V WindowManager:   bhv=DEFAULT naviIconColor=0
06-06 13:00:12.890  2342  5455 V WindowManager:   sfl=8}
06-06 13:00:12.890  5355  5533 I BLASTBufferQueue_Java: update, w= 2340 h= 2340 mName = Wallpaper mNativeObject= 0xb4000074df948b50 sc.mNativeObject= 0xb4000073af9347d0 format= 2 caller= android.service.wallpaper.WallpaperService$Engine.getOrCreateBLASTSurface:2824 android.service.wallpaper.WallpaperService$Engine.updateSurface:1629 android.service.wallpaper.WallpaperService$IWallpaperEngineWrapper.handleResized:3309 android.service.wallpaper.WallpaperService$IWallpaperEngineWrapper.executeMessage:3228 com.android.internal.os.HandlerCaller$MyHandler.handleMessage:44 android.os.Handler.dispatchMessage:106
06-06 13:00:12.892  5355  5355 D NavigationBar: setImeWindowStatus show legacy ime switcher = false
06-06 13:00:12.892  5355  5355 D NavigationBar: setImeWindowStatus displayId=0 vis=0 backDisposition=0 showImeSwitcher=false imeShown=false
06-06 13:00:12.892  5355  5355 I ViewRootImpl@5f965d2[StatusBar]: handleResized, msg = 4 frames=ClientWindowFrames{frame=[0,0][1080,87] display=[0,0][1080,2340] parentFrame=[0,0][0,0]} forceNextWindowRelayout=false displayId=0 dragResizing=false compatScale=1.0 frameChanged=false attachedFrameChanged=false configChanged=false displayChanged=false compatScaleChanged=false
06-06 13:00:12.892  5355  5355 I ViewRootImpl@b9cb471[NavigationBar0]: handleResized, msg = 4 frames=ClientWindowFrames{frame=[0,2196][1080,2340] display=[0,0][1080,2340] parentFrame=[0,0][0,0]} forceNextWindowRelayout=false displayId=0 dragResizing=false compatScale=1.0 frameChanged=false attachedFrameChanged=false configChanged=false displayChanged=false compatScaleChanged=false
06-06 13:00:12.893  7790  7790 D LifecycleMonitor: Lifecycle status change: etf.ri.rma.newsfeedapp.MainActivity@4c765a6 in: DESTROYED
06-06 13:00:12.893  7790  7790 V ActivityScenario: Update currentActivityStage to DESTROYED, currentActivity=null
06-06 13:00:12.894  7790  7790 W WindowOnBackDispatcher: sendCancelIfRunning: isInProgress=falsecallback=android.view.ViewRootImpl$$ExternalSyntheticLambda19@b8ed86b
06-06 13:00:12.895  7790  7818 D OpenGLRenderer: CacheManager::trimMemory(20)
06-06 13:00:12.896  7790  7790 I ViewRootImpl@50344d5[MainActivity]: dispatchDetachedFromWindow
06-06 13:00:12.896  2342  5137 D InputTransport: Input channel destroyed: 'd4f7c8a', fd=1078
06-06 13:00:12.896  2342  5137 W InputManager-JNI: Input channel object 'd4f7c8a etf.ri.rma.newsfeedapp/etf.ri.rma.newsfeedapp.MainActivity (client)' was disposed without first being removed with the input manager!
06-06 13:00:12.896  2342  5137 D InputTransport: Input channel destroyed: 'd4f7c8a', fd=1081
06-06 13:00:12.896  1574  1638 I HYPER-HAL: [RequestManager.cpp]acquire(): Acquired ID : 1425627  [1577 / 111]    HINT :      list : [TID_LOW_LATENCY / 0] [TID / 7828] [TID / 7829] [TID / 7790] [TID / 7818]
06-06 13:00:12.896  1574  1638 I HYPER-HAL: [RequestManager.cpp]acquire(): Acquired ID : 1427317  [1577 / 112]    HINT :      list : [UCLAMP_MIN_BOOST / 0] [TID / 7828] [TID / 7829] [TID / 7790] [TID / 7818]
06-06 13:00:12.897  7790  7790 D InputTransport: Input channel destroyed: 'd4f7c8a', fd=105
06-06 13:00:12.897  5355  5447 I ViewRootImpl@700d96f[test]: mWNT: t=0xb40000747f997070 mBlastBufferQueue=0xb4000074df94f590 fn= 5 mRenderHdrSdrRatio=1.0 caller= android.view.SyncRtSurfaceTransactionApplier.applyTransaction:96 android.view.SyncRtSurfaceTransactionApplier.lambda$scheduleApply$0:69 android.view.SyncRtSurfaceTransactionApplier.$r8$lambda$SgowXC58rj3PR958kHUfRgLZmvE:0
06-06 13:00:12.897 11275 11275 I InputMethodService: removeImeSurface
06-06 13:00:12.897 11275 11275 I InputMethodService: cancelImeSurfaceRemoval: removeCallbacks
06-06 13:00:12.897  6421  9458 I ViewRootImpl@cc9c4e9[LauncherActivity]: mWNT: t=0xb40000747f94c2d0 mBlastBufferQueue=0xb4000074df963770 fn= 6 mRenderHdrSdrRatio=1.0 caller= com.android.systemui.shared.launcher.ViewRootImplCompat.mergeWithNextTransaction:4 com.honeyspace.transition.utils.SurfaceTransactionApplier.scheduleApply$lambda$1:26 com.honeyspace.transition.utils.SurfaceTransactionApplier.c:0
06-06 13:00:12.897  1715  6620 I SurfaceFlinger: id=507 Removed Surface(name=ac5a498 InputMethod)/@0x1895ba - animation-leash of insets_animation#507 (232)
06-06 13:00:12.898  1574  1638 I HYPER-HAL: [RequestManager.cpp]releaseLocked(): Released ID : 1425627
06-06 13:00:12.898  1574  1638 I HYPER-HAL: [RequestManager.cpp]releaseLocked(): Released ID : 1427317
06-06 13:00:12.899  7012  7043 D C2SoftVpxEnc: bytes generated 17165
06-06 13:00:12.899  1715  1807 I SurfaceFlinger: id=491 Removed fe16a58 ActivityRecordInputSink etf.ri.rma.newsfeedapp/.MainActivity#491 (232)
06-06 13:00:12.899  1715  1807 I SurfaceFlinger: id=561 createSurf, flag=24004, Task=11#561
06-06 13:00:12.900  7790  7790 D InputTransport: Input channel destroyed: 'ClientS', fd=128
06-06 13:00:12.901  7790  7812 D IdlingRegistry: Unregistering idling resources: [androidx.compose.ui.test.EspressoLink@5643391]
06-06 13:00:12.902  6421  6488 I HoneySpace.TopTaskSource: onTaskRemoved: 11
06-06 13:00:12.902  6421  7247 I HoneySpace.RecentTasks: onRecentTasksChanged
06-06 13:00:12.902  6421  6488 I HoneySpace.TopTaskSource: onTaskRemoved: 11
06-06 13:00:12.903  7790  7812 I TestRunner: finished: testIfCacheingWorks(etf.ri.rma.newsfeedapp.TestS3)
