06-06 13:00:14.229  1715  1715 I Layer   : Layer::reparent [Task=17#742] End -------------------------
06-06 13:00:14.229  1715  1715 I Layer   : Layer [Splash Screen etf.ri.rma.newsfeedapp$_5355#749] hidden!! flag(0)
06-06 13:00:14.229  1715  1715 I Layer   : Layer [ActivityRecord{d177914 u0 etf.ri.rma.newsfeedapp/.MainActivity t17}#743] hidden!! flag(0)
06-06 13:00:14.229  1715  1715 I Layer   : Layer [Transition Root: Task=17#752] hidden!! flag(0)
06-06 13:00:14.229  1715  1715 I Layer   : Layer [ba9b0c8 etf.ri.rma.newsfeedapp/etf.ri.rma.newsfeedapp.MainActivity#748] hidden!! flag(0)
06-06 13:00:14.229  1715  1715 I Layer   : Layer [14d9a29 Splash Screen etf.ri.rma.newsfeedapp#746] hidden!! flag(0)
06-06 13:00:14.230  1715  1715 I Layer   : id=687 Destroyed Splash Screen etf.ri.rma.newsfeedapp.test$_5355#687
06-06 13:00:14.230  1715  1715 I Layer   : id=724 Destroyed Surface(name=53a7541 StatusBar)/@0x3ba06c - animation-leash of insets_animation#724
06-06 13:00:14.230  1715  1715 I Layer   : id=728 Destroyed Transition Root: Task=1#728
06-06 13:00:14.230  1715  1715 I Layer   : id=723 Destroyed Surface(name=87e62a6 NavigationBar0)/@0xf64c4fb - animation-leash of insets_animation#723
06-06 13:00:14.230  6421  9458 I ViewRootImpl@cc9c4e9[LauncherActivity]: mWNT: t=0xb40000747f94ed70 mBlastBufferQueue=0xb4000074df963770 fn= 15 mRenderHdrSdrRatio=1.0 caller= com.android.systemui.shared.launcher.ViewRootImplCompat.mergeWithNextTransaction:4 com.honeyspace.transition.utils.SurfaceTransactionApplier.scheduleApply$lambda$1:26 com.honeyspace.transition.utils.SurfaceTransactionApplier.c:0
06-06 13:00:14.232  7890  7890 I ViewRootImpl@dd0bcd7[InstrumentationActivityInvoker$EmptyActivity]: Relayout returned: old=(0,0,1080,2340) new=(0,0,1080,2340) relayoutAsync=false req=(1080,2340)8 dur=9 res=0x402 s={false 0x0} ch=true seqId=0
06-06 13:00:14.237  7012  7043 D C2SoftVpxEnc: bytes generated 38306
06-06 13:00:14.239  6421  9457 I ViewRootImpl@cc9c4e9[LauncherActivity]: mWNT: t=0xb40000747f959270 mBlastBufferQueue=0xb4000074df963770 fn= 16 mRenderHdrSdrRatio=1.0 caller= com.android.systemui.shared.launcher.ViewRootImplCompat.mergeWithNextTransaction:4 com.honeyspace.transition.utils.SurfaceTransactionApplier.scheduleApply$lambda$1:26 com.honeyspace.transition.utils.SurfaceTransactionApplier.c:0
06-06 13:00:14.245  7012  7043 D C2SoftVpxEnc: bytes generated 1425
06-06 13:00:14.247  6421  9458 I ViewRootImpl@cc9c4e9[LauncherActivity]: mWNT: t=0xb40000747f956d50 mBlastBufferQueue=0xb4000074df963770 fn= 17 mRenderHdrSdrRatio=1.0 caller= com.android.systemui.shared.launcher.ViewRootImplCompat.mergeWithNextTransaction:4 com.honeyspace.transition.utils.SurfaceTransactionApplier.scheduleApply$lambda$1:26 com.honeyspace.transition.utils.SurfaceTransactionApplier.c:0
06-06 13:00:14.249  1715  1715 D SurfaceFlinger: Display 4630946970390616451 HWC layers:
06-06 13:00:14.249  1715  1715 D SurfaceFlinger:      DEVICE | 0xb4000073beb13a00 | 0100 | RGBA_8888    |  650.0   43.0 1690.0 2297.0 |    0    0 1080 2340 | Wallpaper BBQ wrapper 5_system#94
06-06 13:00:14.249  1715  1715 D SurfaceFlinger:      DEVICE | 0xb4000073beb13610 | 0100 | RGBA_8888    |    0.0    0.0 1080.0 2340.0 |    0    0 1080 2340 | com.sec.android.app.launcher/com.sec[...]ctivities.LauncherActivity$_6421#722
06-06 13:00:14.249  1715  1715 D SurfaceFlinger:      CLIENT | 0xb4000073beb11de0 | 0100 | RGBA_8888    |    0.0    0.0 1080.0 2340.0 |   78  170 1002 2170 | Splash Screen etf.ri.rma.newsfeedapp$_5355#749
06-06 13:00:14.249  1715  1715 D SurfaceFlinger:      DEVICE | 0xb4000073beb044c0 | 0100 | RGBA_8888    |    0.0    0.0 1080.0   87.0 |    0    0 1080   87 | StatusBar$_5355#90
06-06 13:00:14.249  1715  1715 D SurfaceFlinger:      DEVICE | 0xb4000073beb138e0 | 0100 | RGBA_8888    |    0.0    0.0   67.0  342.0 | 1013  438 1080  780 | com.sec.android.app.launcher/com.sam[...]ce.edge.CocktailBarService$_6421#145
06-06 13:00:14.249  1715  1715 D SurfaceFlinger:      DEVICE | 0xb4000073beb0d1f0 | 0100 | RGBA_8888    |    0.0    0.0 1080.0  144.0 |    0 2196 1080 2340 | NavigationBar0$_5355#89
06-06 13:00:14.249  1715  1715 D SurfaceFlinger:
06-06 13:00:14.253  7012  7043 D C2SoftVpxEnc: bytes generated 1244
06-06 13:00:14.255  6421  9457 I ViewRootImpl@cc9c4e9[LauncherActivity]: mWNT: t=0xb40000747f952310 mBlastBufferQueue=0xb4000074df963770 fn= 18 mRenderHdrSdrRatio=1.0 caller= com.android.systemui.shared.launcher.ViewRootImplCompat.mergeWithNextTransaction:4 com.honeyspace.transition.utils.SurfaceTransactionApplier.scheduleApply$lambda$1:26 com.honeyspace.transition.utils.SurfaceTransactionApplier.c:0
06-06 13:00:14.260  7790  7790 D DEBUG_IMAGE: News Title: Velika politička odluka donijeta danas, Image URL: https://interview.ba/wp-content/uploads/2024/09/fikret-1024x652.png
06-06 13:00:14.262  7012  7043 D C2SoftVpxEnc: bytes generated 5157
06-06 13:00:14.263  6421  9458 I ViewRootImpl@cc9c4e9[LauncherActivity]: mWNT: t=0xb40000747f95f150 mBlastBufferQueue=0xb4000074df963770 fn= 19 mRenderHdrSdrRatio=1.0 caller= com.android.systemui.shared.launcher.ViewRootImplCompat.mergeWithNextTransaction:4 com.honeyspace.transition.utils.SurfaceTransactionApplier.scheduleApply$lambda$1:26 com.honeyspace.transition.utils.SurfaceTransactionApplier.c:0
06-06 13:00:14.271  7790  7790 D DEBUG_IMAGE: News Title: Nevjerovatan preokret na utakmici, Image URL: https://scsport.ba/wp-content/uploads/2023/02/verona566-860x464.jpg
06-06 13:00:14.272  6421  9457 I ViewRootImpl@cc9c4e9[LauncherActivity]: mWNT: t=0xb40000747f955330 mBlastBufferQueue=0xb4000074df963770 fn= 20 mRenderHdrSdrRatio=1.0 caller= com.android.systemui.shared.launcher.ViewRootImplCompat.mergeWithNextTransaction:4 com.honeyspace.transition.utils.SurfaceTransactionApplier.scheduleApply$lambda$1:26 com.honeyspace.transition.utils.SurfaceTransactionApplier.c:0
06-06 13:00:14.276 24682 24682 I A       : onPause
06-06 13:00:14.281  6421  9458 I ViewRootImpl@cc9c4e9[LauncherActivity]: mWNT: t=0xb40000747f94c850 mBlastBufferQueue=0xb4000074df963770 fn= 21 mRenderHdrSdrRatio=1.0 caller= com.android.systemui.shared.launcher.ViewRootImplCompat.mergeWithNextTransaction:4 com.honeyspace.transition.utils.SurfaceTransactionApplier.scheduleApply$lambda$1:26 com.honeyspace.transition.utils.SurfaceTransactionApplier.c:0
06-06 13:00:14.281  7012  7043 D C2SoftVpxEnc: bytes generated 59309
06-06 13:00:14.282  2342  6212 V WindowManager: Relayout Window{ba9b0c8 u0 etf.ri.rma.newsfeedapp/etf.ri.rma.newsfeedapp.MainActivity}: viewVisibility=0 req=1080x2340 ty=1 d0
06-06 13:00:14.282  1715  2430 I SurfaceFlinger: id=760 createSurf, flag=44004, etf.ri.rma.newsfeedapp/etf.ri.rma.newsfeedapp.MainActivity$_7790#760
06-06 13:00:14.283  6421  7247 I HoneySpace.RecentTasks: onRecentTasksChanged
06-06 13:00:14.283  1715  2430 I SurfaceFlinger: id=761 createSurf, flag=24000, Surface(name=87e62a6 NavigationBar0)/@0xf64c4fb - animation-leash of insets_animation#761
06-06 13:00:14.284  1715  2430 I SurfaceFlinger: id=762 createSurf, flag=24000, Surface(name=53a7541 StatusBar)/@0x3ba06c - animation-leash of insets_animation#762
06-06 13:00:14.284  8184  8685 I SemDvfsHyPerManager: acquire hyper - TABaseBoost/8184@26, type = 1090523139
06-06 13:00:14.284  2342  6212 V WindowManager: Relayout hash=ba9b0c8, pid=7790, syncId=-1: mAttrs={(0,0)(fillxfill) sim={adjust=pan forwardNavigation} ty=BASE_APPLICATION wanim=0x1030303
06-06 13:00:14.284  2342  6212 V WindowManager:   fl=81810100
06-06 13:00:14.284  2342  6212 V WindowManager:   pfl=12008040
06-06 13:00:14.284  2342  6212 V WindowManager:   bhv=DEFAULT
06-06 13:00:14.284  2342  6212 V WindowManager:   fitSides= naviIconColor=0}
06-06 13:00:14.285  1574  1638 I HYPER-HAL: [RequestManager.cpp]acquire(): Acquired ID : 33706181  [8184 / 26]    HINT :      list : [TABoost / 1]
06-06 13:00:14.286  7790  7790 I BLASTBufferQueue_Java: new BLASTBufferQueue, mName= ViewRootImpl@774ac8f[MainActivity] mNativeObject= 0xb4000074df94ec30 sc.mNativeObject= 0xb4000073af9470d0 caller= android.view.ViewRootImpl.updateBlastSurfaceIfNeeded:3031 android.view.ViewRootImpl.relayoutWindow:10121 android.view.ViewRootImpl.performTraversals:4115 android.view.ViewRootImpl.doTraversal:3291 android.view.ViewRootImpl$TraversalRunnable.run:11329 android.view.Choreographer$CallbackRecord.run:1689 android.view.Choreographer$CallbackRecord.run:1698 android.view.Choreographer.doCallbacks:1153 android.view.Choreographer.doFrame:1079 android.view.Choreographer$FrameDisplayEventReceiver.run:1646
06-06 13:00:14.286  7790  7790 I BLASTBufferQueue_Java: update, w= 1080 h= 2340 mName = ViewRootImpl@774ac8f[MainActivity] mNativeObject= 0xb4000074df94ec30 sc.mNativeObject= 0xb4000073af9470d0 format= -1 caller= android.graphics.BLASTBufferQueue.<init>:89 android.view.ViewRootImpl.updateBlastSurfaceIfNeeded:3031 android.view.ViewRootImpl.relayoutWindow:10121 android.view.ViewRootImpl.performTraversals:4115 android.view.ViewRootImpl.doTraversal:3291 android.view.ViewRootImpl$TraversalRunnable.run:11329
06-06 13:00:14.286  7790  7790 I ViewRootImpl@774ac8f[MainActivity]: Relayout returned: old=(0,0,1080,2340) new=(0,0,1080,2340) relayoutAsync=false req=(1080,2340)0 dur=5 res=0x403 s={true 0xb4000074af97b630} ch=true seqId=0
06-06 13:00:14.287  7790  7790 I ViewRootImpl@774ac8f[MainActivity]: performConfigurationChange setNightDimText nightDimLevel=0
06-06 13:00:14.287  7790  7790 D ViewRootImpl@774ac8f[MainActivity]: mThreadedRenderer.initialize() mSurface={isValid=true 0xb4000074af97b630} hwInitialized=true
06-06 13:00:14.289  6421  9457 I ViewRootImpl@cc9c4e9[LauncherActivity]: mWNT: t=0xb40000747f95d1b0 mBlastBufferQueue=0xb4000074df963770 fn= 22 mRenderHdrSdrRatio=1.0 caller= com.android.systemui.shared.launcher.ViewRootImplCompat.mergeWithNextTransaction:4 com.honeyspace.transition.utils.SurfaceTransactionApplier.scheduleApply$lambda$1:26 com.honeyspace.transition.utils.SurfaceTransactionApplier.c:0
06-06 13:00:14.293  5355  5355 D SamsungStatusBarGrayIconHelper: isGrayAppearance=false
06-06 13:00:14.293  5355  5355 D NavigationBar: onSystemBarAttributesChanged() -  displayId:0, appearance:16, packageName: etf.ri.rma.newsfeedapp (APPEARANCE_LIGHT_NAVIGATION_BARS ), navbarColorManagedByIme:false
06-06 13:00:14.296  1715  1715 I Layer   : Layer::reparent [87e62a6 NavigationBar0#78] newParent : Surface(name=87e62a6 NavigationBar0)/@0xf64c4fb - animation-leash of insets_animation#761 , isRemovedFromCurrentState : 0 -------------------------
06-06 13:00:14.296  1715  1715 I Layer   : Layer::reparent [87e62a6 NavigationBar0#78] End -------------------------
06-06 13:00:14.296  1715  1715 I Layer   : Layer::reparent [Surface(name=87e62a6 NavigationBar0)/@0xf64c4fb - animation-leash of insets_animation#753] newParentHandle : null -------------------------
06-06 13:00:14.296  1715  1715 I Layer   : id=753 removeFromCurrentState Surface(name=87e62a6 NavigationBar0)/@0xf64c4fb - animation-leash of insets_animation#753 (239)
06-06 13:00:14.296  1715  1715 I Layer   : Layer::reparent [Surface(name=87e62a6 NavigationBar0)/@0xf64c4fb - animation-leash of insets_animation#753] End -------------------------
06-06 13:00:14.296  1715  1715 I Layer   : Layer::reparent [53a7541 StatusBar#85] newParent : Surface(name=53a7541 StatusBar)/@0x3ba06c - animation-leash of insets_animation#762 , isRemovedFromCurrentState : 0 -------------------------
06-06 13:00:14.296  1715  1715 I Layer   : Layer::reparent [53a7541 StatusBar#85] End -------------------------
06-06 13:00:14.296  1715  1715 I Layer   : Layer::reparent [Surface(name=53a7541 StatusBar)/@0x3ba06c - animation-leash of insets_animation#754] newParentHandle : null -------------------------
06-06 13:00:14.296  1715  1715 I Layer   : id=754 removeFromCurrentState Surface(name=53a7541 StatusBar)/@0x3ba06c - animation-leash of insets_animation#754 (239)
06-06 13:00:14.296  1715  1715 I Layer   : Layer::reparent [Surface(name=53a7541 StatusBar)/@0x3ba06c - animation-leash of insets_animation#754] End -------------------------
06-06 13:00:14.296  1715  1715 I Layer   : id=758 Destroyed Surface(name=53a7541 StatusBar)/@0x3ba06c - animation-leash of insets_animation#754 (Mirror)#758
06-06 13:00:14.296  1715  1715 I Layer   : id=759 Destroyed Surface(name=87e62a6 NavigationBar0)/@0xf64c4fb - animation-leash of insets_animation#753 (Mirror)#759
06-06 13:00:14.297  1715  1715 I SurfaceFlinger: id=754 Removed Surface(name=53a7541 StatusBar)/@0x3ba06c - animation-leash of insets_animation#754 (237)
06-06 13:00:14.297  1715  1715 I SurfaceFlinger: id=753 Removed Surface(name=87e62a6 NavigationBar0)/@0xf64c4fb - animation-leash of insets_animation#753 (237)
06-06 13:00:14.297  7790  7790 D ViewRootImpl@774ac8f[MainActivity]: reportNextDraw android.view.ViewRootImpl.performTraversals:4723 android.view.ViewRootImpl.doTraversal:3291 android.view.ViewRootImpl$TraversalRunnable.run:11329 android.view.Choreographer$CallbackRecord.run:1689 android.view.Choreographer$CallbackRecord.run:1698
06-06 13:00:14.297  7790  7790 I ViewRootImpl@774ac8f[MainActivity]: Setup new sync=wmsSync-ViewRootImpl@774ac8f[MainActivity]#6
06-06 13:00:14.297  7790  7790 I ViewRootImpl@774ac8f[MainActivity]: Creating new active sync group ViewRootImpl@774ac8f[MainActivity]#7
06-06 13:00:14.297  2342  5453 D InputDispatcher: Focus request (0): ba9b0c8 etf.ri.rma.newsfeedapp/etf.ri.rma.newsfeedapp.MainActivity but waiting because NO_WINDOW
06-06 13:00:14.297  7012  7043 D C2SoftVpxEnc: bytes generated 73859
06-06 13:00:14.297  6421  9458 I ViewRootImpl@cc9c4e9[LauncherActivity]: mWNT: t=0xb40000747f95b630 mBlastBufferQueue=0xb4000074df963770 fn= 23 mRenderHdrSdrRatio=1.0 caller= com.android.systemui.shared.launcher.ViewRootImplCompat.mergeWithNextTransaction:4 com.honeyspace.transition.utils.SurfaceTransactionApplier.scheduleApply$lambda$1:26 com.honeyspace.transition.utils.SurfaceTransactionApplier.c:0
06-06 13:00:14.298  7790  7790 I ViewRootImpl@774ac8f[MainActivity]: registerCallbacksForSync syncBuffer=false
06-06 13:00:14.304  7790  7829 I ViewRootImpl@774ac8f[MainActivity]: Received frameDrawingCallback syncResult=0 frameNum=1.
06-06 13:00:14.304  7790  7829 I ViewRootImpl@774ac8f[MainActivity]: mWNT: t=0xb40000747f96c510 mBlastBufferQueue=0xb4000074df94ec30 fn= 1 mRenderHdrSdrRatio=1.0 caller= android.view.ViewRootImpl$8.onFrameDraw:13826 android.view.ThreadedRenderer$1.onFrameDraw:792 <bottom of call stack>
06-06 13:00:14.304  7790  7829 I ViewRootImpl@774ac8f[MainActivity]: Setting up sync and frameCommitCallback
06-06 13:00:14.304  7790  7818 I BLASTBufferQueue: [ViewRootImpl@774ac8f[MainActivity]#3](f:0,a:0,s:0) onFrameAvailable the first frame is available
06-06 13:00:14.304  1715  1715 I Layer   : id=754 Destroyed Surface(name=53a7541 StatusBar)/@0x3ba06c - animation-leash of insets_animation#754
06-06 13:00:14.304  1715  1715 I Layer   : id=753 Destroyed Surface(name=87e62a6 NavigationBar0)/@0xf64c4fb - animation-leash of insets_animation#753
06-06 13:00:14.305  7790  7818 I ViewRootImpl@774ac8f[MainActivity]: Received frameCommittedCallback lastAttemptedDrawFrameNum=1 didProduceBuffer=true
06-06 13:00:14.305  7790  7818 D OpenGLRenderer: CFMS:: SetUp Pid : 7790    Tid : 7818
06-06 13:00:14.305  7790  7790 I ViewRootImpl@774ac8f[MainActivity]: reportDrawFinished seqId=0
06-06 13:00:14.307  6421  9457 I ViewRootImpl@cc9c4e9[LauncherActivity]: mWNT: t=0xb40000747f95cef0 mBlastBufferQueue=0xb4000074df963770 fn= 24 mRenderHdrSdrRatio=1.0 caller= com.android.systemui.shared.launcher.ViewRootImplCompat.mergeWithNextTransaction:4 com.honeyspace.transition.utils.SurfaceTransactionApplier.scheduleApply$lambda$1:26 com.honeyspace.transition.utils.SurfaceTransactionApplier.c:0
06-06 13:00:14.307  7790  7790 I InsetsSourceConsumer: applyRequestedVisibilityToControl: visible=true, type=navigationBars, host=etf.ri.rma.newsfeedapp/etf.ri.rma.newsfeedapp.MainActivity
06-06 13:00:14.307  1715  1806 I SurfaceFlinger: id=766 createSurf, flag=24000, Surface(name=ba9b0c8 etf.ri.rma.newsfeedapp/etf.ri.rma.newsfeedapp.MainActivity)/@0x847a3b1 - animation-leash of starting_reveal#766
06-06 13:00:14.307  7790  7790 I InsetsSourceConsumer: applyRequestedVisibilityToControl: visible=true, type=statusBars, host=etf.ri.rma.newsfeedapp/etf.ri.rma.newsfeedapp.MainActivity
06-06 13:00:14.308  7012  7043 D C2SoftVpxEnc: bytes generated 6984
06-06 13:00:14.309  2342  2629 W ziparchive: Unable to open '/data/app/~~iv0fcnx4L502rO6Suz5MAg==/etf.ri.rma.newsfeedapp-X2lKCZXV0V5p124bIc4GlA==/base.dm': No such file or directory
06-06 13:00:14.309  2342  2629 I PkgPredictorService-SecIpmManagerServiceImpl: reportToNAP uid:10317 etf.ri.rma.newsfeedapp/etf.ri.rma.newsfeedapp.MainActivity thisTime:145
06-06 13:00:14.309  2342  2629 D PkgPredictorService-SecIpmManagerServiceImpl: reportToNAP: mHeavyLaunchCounter is false
06-06 13:00:14.313  1715  1715 I Layer   : Layer::reparent [ba9b0c8 etf.ri.rma.newsfeedapp/etf.ri.rma.newsfeedapp.MainActivity#748] newParent : Surface(name=ba9b0c8 etf.ri.rma.newsfeedapp/etf.ri.rma.newsfeedapp.MainActivity)/@0x847a3b1 - animation-leash of starting_reveal#766 , isRemovedFromCurrentState : 0 -------------------------
06-06 13:00:14.313  1715  1715 I Layer   : Layer::reparent [ba9b0c8 etf.ri.rma.newsfeedapp/etf.ri.rma.newsfeedapp.MainActivity#748] End -------------------------
06-06 13:00:14.313  1715  1715 I Layer   : Layer [etf.ri.rma.newsfeedapp/etf.ri.rma.newsfeedapp.MainActivity$_7790#760] hidden!! flag(0)
06-06 13:00:14.313  2342  2629 I ActivityTaskManager: Displayed etf.ri.rma.newsfeedapp/.MainActivity for user 0: +145ms
06-06 13:00:14.313  6421  9458 I ViewRootImpl@cc9c4e9[LauncherActivity]: mWNT: t=0xb40000747f9626f0 mBlastBufferQueue=0xb4000074df963770 fn= 25 mRenderHdrSdrRatio=1.0 caller= com.android.systemui.shared.launcher.ViewRootImplCompat.mergeWithNextTransaction:4 com.honeyspace.transition.utils.SurfaceTransactionApplier.scheduleApply$lambda$1:26 com.honeyspace.transition.utils.SurfaceTransactionApplier.c:0
06-06 13:00:14.314  2342  5455 D InputDispatcher: Focus entered window (0): ba9b0c8 etf.ri.rma.newsfeedapp/etf.ri.rma.newsfeedapp.MainActivity
06-06 13:00:14.314  7790  7790 I ViewRootImpl@774ac8f[MainActivity]: handleWindowFocusChanged: 1 0 call from android.view.ViewRootImpl.-$$Nest$mhandleWindowFocusChanged:0
06-06 13:00:14.315  7790  7790 D ViewRootImpl@774ac8f[MainActivity]: mThreadedRenderer.initializeIfNeeded()#2 mSurface={isValid=true 0xb4000074af97b630}
06-06 13:00:14.315  7790  7790 D InputMethodManagerUtils: startInputInner - Id : 0
06-06 13:00:14.315  7790  7790 I InputMethodManager: startInputInner - IInputMethodManagerGlobalInvoker.startInputOrWindowGainedFocus
06-06 13:00:14.316  2342  5454 I SemDvfsHyPerManager: acquire hyper - AMS_RESUME_TAIL/2342@16, type = -999
06-06 13:00:14.316  2342  5454 I SemDvfsHyPerManager: acquire hyper - AMS_ACT_LAZY/2342@17, type = -999
06-06 13:00:14.316  1715  1715 D SurfaceFlinger: Display 4630946970390616451 HWC layers:
06-06 13:00:14.316  1715  1715 D SurfaceFlinger:      DEVICE | 0xb4000073beb13a00 | 0100 | RGBA_8888    |  638.0   17.0 1702.0 2323.0 |    0    0 1080 2340 | Wallpaper BBQ wrapper 5_system#94
06-06 13:00:14.316  1715  1715 D SurfaceFlinger:      DEVICE | 0xb4000073beb13610 | 0100 | RGBA_8888    |    0.0    0.0 1080.0 2340.0 |    0    0 1080 2340 | com.sec.android.app.launcher/com.sec[...]ctivities.LauncherActivity$_6421#722
06-06 13:00:14.316  1715  1715 D SurfaceFlinger:      CLIENT | 0xb4000073beb15e00 | 0102 | RGBA_8888    |    0.0    0.0 1080.0 2340.0 |   43   94 1037 2246 | etf.ri.rma.newsfeedapp/etf.ri.rma.newsfeedapp.MainActivity$_7790#760
06-06 13:00:14.316  1715  1715 D SurfaceFlinger:      CLIENT | 0xb4000073beb11de0 | 0100 | RGBA_8888    |    0.0    0.0 1080.0 2340.0 |   43   94 1037 2246 | Splash Screen etf.ri.rma.newsfeedapp$_5355#749
06-06 13:00:14.316  1715  1715 D SurfaceFlinger:      DEVICE | 0xb4000073beb044c0 | 0100 | RGBA_8888    |    0.0    0.0 1080.0   87.0 |    0    0 1080   87 | StatusBar$_5355#90
06-06 13:00:14.316  1715  1715 D SurfaceFlinger:      DEVICE | 0xb4000073beb138e0 | 0100 | RGBA_8888    |    0.0    0.0   67.0  342.0 | 1013  438 1080  780 | com.sec.android.app.launcher/com.sam[...]ce.edge.CocktailBarService$_6421#145
06-06 13:00:14.316  1715  1715 D SurfaceFlinger:
06-06 13:00:14.316  1715  1715 D SurfaceFlinger:  DEVICE | 0xb4000073beb0d1f0 | 0100 | RGBA_8888    |    0.0    0.0 1080.0  144.0 |    0 2196 1080 2340 | NavigationBar0$_5355#89
06-06 13:00:14.316  1715  1715 D SurfaceFlinger:
06-06 13:00:14.317  2342  6212 V WindowManager: Relayout Window{14d9a29 u0 Splash Screen etf.ri.rma.newsfeedapp}: viewVisibility=0 req=1080x2340 ty=3 d0
06-06 13:00:14.318  2342  5455 I ImeTracker: etf.ri.rma.newsfeedapp:cd8a8977: onRequestHide at ORIGIN_SERVER_HIDE_INPUT reason HIDE_UNSPECIFIED_WINDOW
06-06 13:00:14.318  2342  5455 I ImeTracker: etf.ri.rma.newsfeedapp:cd8a8977: onCancelled at PHASE_SERVER_SHOULD_HIDE
06-06 13:00:14.318  7890  7890 I ViewRootImpl@dd0bcd7[InstrumentationActivityInvoker$EmptyActivity]: stopped(true) old = false
06-06 13:00:14.318  7890  7890 D ViewRootImpl@dd0bcd7[InstrumentationActivityInvoker$EmptyActivity]: WindowStopped on etf.ri.rma.newsfeedapp.test/androidx.test.core.app.InstrumentationActivityInvoker$EmptyActivity set to true
06-06 13:00:14.318  7890  7917 D OpenGLRenderer: CacheManager::trimMemory(20)
06-06 13:00:14.319  1574  1638 I HYPER-HAL: [RequestManager.cpp]acquire(): Acquired ID : 2781277  [2342 / 16]    HINT : AMS_RESUME_TAIL    list :
06-06 13:00:14.319  2342  6212 V WindowManager: Relayout hash=14d9a29, pid=5355, syncId=-1: mAttrs={(0,0)(fillxfill) sim={adjust=pan} ty=APPLICATION_STARTING fmt=TRANSLUCENT wanim=0x1030303
06-06 13:00:14.319  2342  6212 V WindowManager:   fl=81030118
06-06 13:00:14.319  2342  6212 V WindowManager:   pfl=16000010
06-06 13:00:14.319  2342  6212 V WindowManager:   bhv=DEFAULT
06-06 13:00:14.319  2342  6212 V WindowManager:   fitSides= naviIconColor=0}
06-06 13:00:14.319  2342  2630 D PkgPredictorService-SecIpmManagerServiceImpl: bg information pid:7890 uid:10318 pkgName:etf.ri.rma.newsfeedapp.test
06-06 13:00:14.319  5355  5439 I BLASTBufferQueue_Java: update, w= 1080 h= 2340 mName = ViewRootImpl@784daaa[newsfeedapp] mNativeObject= 0xb4000074df9fe8b0 sc.mNativeObject= 0xb4000073af940b90 format= -3 caller= android.view.ViewRootImpl.updateBlastSurfaceIfNeeded:3020 android.view.ViewRootImpl.relayoutWindow:10121 android.view.ViewRootImpl.performTraversals:4115 android.view.ViewRootImpl.doTraversal:3291 android.view.ViewRootImpl$TraversalRunnable.run:11329 android.view.Choreographer$CallbackRecord.run:1689
06-06 13:00:14.319  5355  5439 I ViewRootImpl@784daaa[newsfeedapp]: Relayout returned: old=(0,0,1080,2340) new=(0,0,1080,2340) relayoutAsync=false req=(1080,2340)0 dur=6 res=0x400 s={true 0xb4000074af986080} ch=false seqId=0
06-06 13:00:14.319  5355  5439 I ViewRootImpl@784daaa[newsfeedapp]: registerCallbackForPendingTransactions
06-06 13:00:14.319  7012  7043 D C2SoftVpxEnc: bytes generated 2610
06-06 13:00:14.319  5355  5447 I ViewRootImpl@784daaa[newsfeedapp]: mWNT: t=0xb40000747f9a5770 mBlastBufferQueue=0xb4000074df9fe8b0 fn= 2 mRenderHdrSdrRatio=1.0 caller= android.view.SyncRtSurfaceTransactionApplier.applyTransaction:96 android.view.SyncRtSurfaceTransactionApplier.lambda$scheduleApply$0:69 android.view.SyncRtSurfaceTransactionApplier.$r8$lambda$SgowXC58rj3PR958kHUfRgLZmvE:0
06-06 13:00:14.319  5355  5447 I ViewRootImpl@784daaa[newsfeedapp]: mWNT: t=0xb40000747f940a90 mBlastBufferQueue=0xb4000074df9fe8b0 fn= 2 mRenderHdrSdrRatio=1.0 caller= android.view.SyncRtSurfaceTransactionApplier.applyTransaction:96 android.view.SyncRtSurfaceTransactionApplier.lambda$scheduleApply$0:69 android.view.SyncRtSurfaceTransactionApplier.$r8$lambda$SgowXC58rj3PR958kHUfRgLZmvE:0
06-06 13:00:14.319  5355  5447 I ViewRootImpl@784daaa[newsfeedapp]: mWNT: t=0xb40000747f997b70 mBlastBufferQueue=0xb4000074df9fe8b0 fn= 2 mRenderHdrSdrRatio=1.0 caller= android.view.ViewRootImpl$6.onFrameDraw:5639 android.view.ViewRootImpl$2.onFrameDraw:2144 android.view.ThreadedRenderer$1.onFrameDraw:792
06-06 13:00:14.320  7890  7890 W WindowOnBackDispatcher: sendCancelIfRunning: isInProgress=falsecallback=android.view.ViewRootImpl$$ExternalSyntheticLambda19@dfa4f73
06-06 13:00:14.320  1574  1638 I HYPER-HAL: [RequestManager.cpp]acquire(): Acquired ID : 2783637  [2342 / 17]    HINT : AMS_ACT_LAZY    list :
06-06 13:00:14.321  7890  7917 D OpenGLRenderer: CacheManager::trimMemory(20)
06-06 13:00:14.321  5355  5446 I ViewRootImpl@784daaa[newsfeedapp]: mWNT: t=0xb40000747f9980f0 mBlastBufferQueue=0xb4000074df9fe8b0 fn= 3 mRenderHdrSdrRatio=1.0 caller= android.view.SyncRtSurfaceTransactionApplier.applyTransaction:96 android.view.SyncRtSurfaceTransactionApplier.lambda$scheduleApply$0:69 android.view.SyncRtSurfaceTransactionApplier.$r8$lambda$SgowXC58rj3PR958kHUfRgLZmvE:0
06-06 13:00:14.322  5355  5355 D SamsungStatusBarGrayIconHelper: isGrayAppearance=false
06-06 13:00:14.322  7890  7890 I ViewRootImpl@dd0bcd7[InstrumentationActivityInvoker$EmptyActivity]: dispatchDetachedFromWindow
06-06 13:00:14.323  5355  5355 D SamsungLightBarControlHelper: onStatusBarAppearanceChanged() -  sbModeChanged:false, statusBarMode:0, barState:MODE_TRANSPARENT, isKeyguardShowing:false, navbarColorManagedByIme:false, stackAppearanceChanged:true, (AppearanceRegion{ bounds=[0,0][1080,2340]}, ), packageName:etf.ri.rma.newsfeedapp
06-06 13:00:14.323  5355  5355 D NavigationBar: onSystemBarAttributesChanged() -  displayId:0, appearance:0, packageName: etf.ri.rma.newsfeedapp, navbarColorManagedByIme:false
06-06 13:00:14.323  5355  5355 D SamsungLightBarControlHelper: updateNavigationBar (WHITE button) isLightOpaque:false, hasLightNavigationBarFlag:false, packageName:etf.ri.rma.newsfeedapp, DirectReplying:false, NavBarColorMangedByIme:false, ForceDarkForScrim:false, QsCustomizing:false, PanelHasWhiteBg:false
06-06 13:00:14.323  5355  5355 D SamsungLightBarControlHelper: updateStatusBar (WHITE icon) numStacks:1, StatusBarMode:MODE_TRANSPARENT, lightBarBounds:[], StatusBarState:SHADE, packageName:etf.ri.rma.newsfeedapp, isWhiteKeyguardStatusBar:false
06-06 13:00:14.323  2342  5455 D InputTransport: Input channel constructed: 'ClientS', fd=1087
06-06 13:00:14.323  2342  5455 D InputTransport: Input channel destroyed: 'ClientS', fd=1087
06-06 13:00:14.323  6421  9457 I ViewRootImpl@cc9c4e9[LauncherActivity]: mWNT: t=0xb40000747f965f50 mBlastBufferQueue=0xb4000074df963770 fn= 26 mRenderHdrSdrRatio=1.0 caller= com.android.systemui.shared.launcher.ViewRootImplCompat.mergeWithNextTransaction:4 com.honeyspace.transition.utils.SurfaceTransactionApplier.scheduleApply$lambda$1:26 com.honeyspace.transition.utils.SurfaceTransactionApplier.c:0
06-06 13:00:14.324  2342  5453 D InputTransport: Input channel destroyed: '830a52c', fd=1004
06-06 13:00:14.324  2342  5453 W InputManager-JNI: Input channel object '830a52c etf.ri.rma.newsfeedapp.test/androidx.test.core.app.InstrumentationActivityInvoker$EmptyActivity (client)' was disposed without first being removed with the input manager!
06-06 13:00:14.324  2342  5453 D InputTransport: Input channel destroyed: '830a52c', fd=1009
06-06 13:00:14.324  1574  1638 I HYPER-HAL: [RequestManager.cpp]releaseLocked(): Released ID : 2816782
06-06 13:00:14.324  1574  1638 I HYPER-HAL: [RequestManager.cpp]acquire(): Acquired ID : 1539312  [1577 / 177]    HINT :      list : [TID_LOW_LATENCY / 1] [TID / 7920] [TID / 7921] [TID / 7890] [TID / 7917]
06-06 13:00:14.325 11275 11275 I HBD     : HoneyBoardService onFinishInput
06-06 13:00:14.325 11275 11275 I HBD     : a IC have been unbinding,  RemoteInputConnection{idHash=#1f232b}
06-06 13:00:14.325 11275 11275 I HBD     : HoneyBoardService [PF_CL][onFinishInput]  0 ms
06-06 13:00:14.325 11275 11275 I HBD     : HoneyBoardService [IMI] onStartInput - caller pid : 7790 , caller uid : 10317
06-06 13:00:14.325 11275 11275 I HBD     : j updateConfigs
06-06 13:00:14.325 11275 11275 I HBD     : j isEnabledNightMode : true
06-06 13:00:14.325 11275 11275 I HBD     : a IC have been binding, RemoteInputConnection{idHash=#83b4388}
06-06 13:00:14.325 11275 11275 I HBD     : h [EditorInputType]setPrivateImeOptionsToTable privateImeOptions ( null )
06-06 13:00:14.325 11275 11275 I HBD     : b incognitoMode : false
06-06 13:00:14.325 11275 11275 I HBD     : b needOff = true , isForceOff = false, isNullInputClass : true
06-06 13:00:14.325 11275 11275 I HBD     : h getDefaultInputRange : UNKNOWN
06-06 13:00:14.325 11275 11275 I HBD     : h getDefaultInputRange : UNKNOWN
06-06 13:00:14.325 11275 11275 I HBD     : h getDefaultInputRange : UNKNOWN
06-06 13:00:14.326 11275 11275 I HBD     : b needOff = true , isForceOff = false, isNullInputClass : true
06-06 13:00:14.326 11275 11275 I HBD     : b update cached prediction status : false
06-06 13:00:14.326 11275 11275 I HBD     : h getDefaultInputRange : UNKNOWN
06-06 13:00:14.326 11275 11275 I HBD     : a currentState : 0
06-06 13:00:14.326 11275 11275 I HBD     : a [UpdatePolicy] [post] a: 0 cl: 65537 kit: [0/0] vt: 0 ir: 1
06-06 13:00:14.326  1574  1638 I HYPER-HAL: [RequestManager.cpp]acquire(): Acquired ID : 1539312  [1577 / 177]    HINT :      list : [TID_LOW_LATENCY / 0] [TID / 7920] [TID / 7921] [TID / 7890] [TID / 7917]
06-06 13:00:14.326  7890  7890 D InputTransport: Input channel destroyed: '830a52c', fd=102
06-06 13:00:14.327  1715  6620 I SurfaceFlinger: id=768 createSurf, flag=24004, Surface(name=ac5a498 InputMethod)/@0x1895ba - animation-leash of insets_animation#768
06-06 13:00:14.327  1574  1638 I HYPER-HAL: [RequestManager.cpp]acquire(): Acquired ID : 1539312  [1577 / 177]    HINT :      list : [TID_LOW_LATENCY / 0] [TID / 7920] [TID / 7921] [TID / 7890] [TID / 7917]
06-06 13:00:14.327  1574  1638 I HYPER-HAL: [RequestManager.cpp]acquire(): Acquired ID : 1541068  [1577 / 178]    HINT :      list : [UCLAMP_MIN_BOOST / 0] [TID / 7920] [TID / 7921] [TID / 7890] [TID / 7917]
06-06 13:00:14.327  1574  1638 I HYPER-HAL: [RequestManager.cpp]releaseLocked(): Released ID : 1539312
06-06 13:00:14.327  1574  1638 I HYPER-HAL: [RequestManager.cpp]releaseLocked(): Released ID : 1541068
06-06 13:00:14.327  7890  7917 D OpenGLRenderer: CacheManager::trimMemory(40)
06-06 13:00:14.327  7890  7917 D OpenGLRenderer: RenderThread::destroyRenderingContext()
06-06 13:00:14.328  1715  1807 I SurfaceFlinger: id=769 createSurf, flag=24004, Task=16#769
06-06 13:00:14.328  1715  6620 I SurfaceFlinger: id=694 Removed c8f96e6 ActivityRecordInputSink etf.ri.rma.newsfeedapp.test/androidx.test.core.app.InstrumentationActivityInvoker$EmptyActivity#694 (239)
06-06 13:00:14.328 11275 11275 I HBD     : a [NRIC] resetNoResponseState
06-06 13:00:14.329 11275 11275 I HBD     : b needOff = true , isForceOff = false, isNullInputClass : true
06-06 13:00:14.329 11275 11275 I HBD     : b update cached prediction status : false
06-06 13:00:14.329 11275 11275 I HBD     : HoneyBoardService [PF_OP][onStartInput]  4 ms
06-06 13:00:14.329  7273  7273 E pageboostd: Received HALT command code 2
06-06 13:00:14.329  1715  1715 I Layer   : Layer::reparent [etf.ri.rma.newsfeedapp.test/androidx.test.core.app.InstrumentationActivityInvoker$EmptyActivity$_7890#702] newParentHandle : null -------------------------
06-06 13:00:14.329  1715  1715 I Layer   : id=702 removeFromCurrentState etf.ri.rma.newsfeedapp.test/androidx.test.core.app.InstrumentationActivityInvoker$EmptyActivity$_7890#702 (239)
06-06 13:00:14.329  1715  1715 I Layer   : Layer::reparent [etf.ri.rma.newsfeedapp.test/androidx.test.core.app.InstrumentationActivityInvoker$EmptyActivity$_7890#702] End -------------------------
06-06 13:00:14.329  1715  1715 I Layer   : Layer::reparent [830a52c etf.ri.rma.newsfeedapp.test/androidx.test.core.app.InstrumentationActivityInvoker$EmptyActivity#696] newParentHandle : null -------------------------
06-06 13:00:14.329  1715  1715 I Layer   : id=696 removeFromCurrentState 830a52c etf.ri.rma.newsfeedapp.test/androidx.test.core.app.InstrumentationActivityInvoker$EmptyActivity#696 (239)
06-06 13:00:14.329  1715  1715 I Layer   : Layer::reparent [830a52c etf.ri.rma.newsfeedapp.test/androidx.test.core.app.InstrumentationActivityInvoker$EmptyActivity#696] End -------------------------
06-06 13:00:14.330  5355  5447 I ViewRootImpl@784daaa[newsfeedapp]: mWNT: t=0xb40000747f943ed0 mBlastBufferQueue=0xb4000074df9fe8b0 fn= 4 mRenderHdrSdrRatio=1.0 caller= android.view.SyncRtSurfaceTransactionApplier.applyTransaction:96 android.view.SyncRtSurfaceTransactionApplier.lambda$scheduleApply$0:69 android.view.SyncRtSurfaceTransactionApplier.$r8$lambda$SgowXC58rj3PR958kHUfRgLZmvE:0
06-06 13:00:14.330  1715  1715 I Layer   : id=700 Destroyed 830a52c etf.ri.rma.newsfeedapp.test/androidx.test.core.app.InstrumentationActivityInvoker$EmptyActivity#696 (Mirror)#700
06-06 13:00:14.330  1715  1715 I SurfaceFlinger: id=696 Removed 830a52c etf.ri.rma.newsfeedapp.test/androidx.test.core.app.InstrumentationActivityInvoker$EmptyActivity#696 (239)
06-06 13:00:14.330  1715  1715 I SurfaceFlinger: id=702 Removed etf.ri.rma.newsfeedapp.test/androidx.test.core.app.InstrumentationActivityInvoker$EmptyActivity$_7890#702 (239)
06-06 13:00:14.330  1715  1715 I Layer   : id=708 Destroyed etf.ri.rma.newsfeedapp.test/androidx.test.core.app.InstrumentationActivityInvoker$EmptyActivity$_7890#702 (Mirror)#708
06-06 13:00:14.331  6421  9458 I ViewRootImpl@cc9c4e9[LauncherActivity]: mWNT: t=0xb40000747f950e70 mBlastBufferQueue=0xb4000074df963770 fn= 27 mRenderHdrSdrRatio=1.0 caller= com.android.systemui.shared.launcher.ViewRootImplCompat.mergeWithNextTransaction:4 com.honeyspace.transition.utils.SurfaceTransactionApplier.scheduleApply$lambda$1:26 com.honeyspace.transition.utils.SurfaceTransactionApplier.c:0
06-06 13:00:14.332  7012  7043 D BufferPoolAccessor2.0: bufferpool2 0xb400007dbe05aed8 : 66(2315922 size) total buffers - 1(6260 size) used buffers - 83/311 (recycle/alloc) - 236/310 (fetch/transfer)
06-06 13:00:14.332  7012  7043 D C2SoftVpxEnc: bytes generated 6260
06-06 13:00:14.334  7790  7790 I InsetsSourceConsumer: applyRequestedVisibilityToControl: visible=false, type=ime, host=etf.ri.rma.newsfeedapp/etf.ri.rma.newsfeedapp.MainActivity
06-06 13:00:14.334  6421  7247 I HoneySpace.RecentTasks: onRecentTasksChanged
06-06 13:00:14.334  6421  6488 I HoneySpace.TopTaskSource: onTaskRemoved: 16
06-06 13:00:14.335  6421  6488 I HoneySpace.TopTaskSource: onTaskRemoved: 16
06-06 13:00:14.335  5355  5355 D NavigationBar: setImeWindowStatus show legacy ime switcher = false
06-06 13:00:14.335  5355  5355 D NavigationBar: setImeWindowStatus displayId=0 vis=0 backDisposition=0 showImeSwitcher=false imeShown=false
06-06 13:00:14.335 11275 11275 I InputMethodService: scheduleImeSurfaceRemoval: removeImeSurface is posted.
06-06 13:00:14.338  1715  1715 I Layer   : Layer::reparent [ImeContainer#17] newParent : ActivityRecord{d177914 u0 etf.ri.rma.newsfeedapp/.MainActivity t17}#743 , isRemovedFromCurrentState : 0 -------------------------
06-06 13:00:14.338  1715  1715 I Layer   : Layer::reparent [ImeContainer#17] End -------------------------
06-06 13:00:14.338  1715  1715 I Layer   : Layer::reparent [ac5a498 InputMethod#154] newParent : Surface(name=ac5a498 InputMethod)/@0x1895ba - animation-leash of insets_animation#768 , isRemovedFromCurrentState : 0 -------------------------
06-06 13:00:14.338  1715  1715 I Layer   : Layer::reparent [ac5a498 InputMethod#154] End -------------------------
06-06 13:00:14.338  1715  1715 I Layer   : Layer::reparent [Surface(name=ac5a498 InputMethod)/@0x1895ba - animation-leash of insets_animation#739] newParentHandle : null -------------------------
06-06 13:00:14.338  1715  1715 I Layer   : id=739 removeFromCurrentState Surface(name=ac5a498 InputMethod)/@0x1895ba - animation-leash of insets_animation#739 (238)
06-06 13:00:14.338  1715  1715 I Layer   : Layer::reparent [Surface(name=ac5a498 InputMethod)/@0x1895ba - animation-leash of insets_animation#739] End -------------------------
06-06 13:00:14.338  1715  1715 I Layer   : Layer::reparent [ActivityRecord{51356d4 u0 etf.ri.rma.newsfeedapp.test/androidx.test.core.app.InstrumentationActivityInvoker$EmptyActivity t16}#682] newParentHandle : null -------------------------
06-06 13:00:14.338  1715  1715 I Layer   : id=682 removeFromCurrentState ActivityRecord{51356d4 u0 etf.ri.rma.newsfeedapp.test/androidx.test.core.app.InstrumentationActivityInvoker$EmptyActivity t16}#682 (238)
06-06 13:00:14.338  1715  1715 I Layer   : id=694 removeFromCurrentState c8f96e6 ActivityRecordInputSink etf.ri.rma.newsfeedapp.test/androidx.test.core.app.InstrumentationActivityInvoker$EmptyActivity#694 (238)
06-06 13:00:14.338  1715  1715 I Layer   : Layer::reparent [ActivityRecord{51356d4 u0 etf.ri.rma.newsfeedapp.test/androidx.test.core.app.InstrumentationActivityInvoker$EmptyActivity t16}#682] End -------------------------
06-06 13:00:14.338  1715  1715 I Layer   : Layer::reparent [Task=16#681] newParentHandle : null -------------------------
06-06 13:00:14.338  1715  1715 I Layer   : id=681 removeFromCurrentState Task=16#681 (238)
06-06 13:00:14.338  1715  1715 I Layer   : Layer::reparent [Task=16#681] End -------------------------
06-06 13:00:14.338  1715  1715 I Layer   : Layer::reparent [Task=16#769] newParentHandle : null -------------------------
06-06 13:00:14.338  1715  1715 I Layer   : id=769 removeFromCurrentState Task=16#769 (238)
06-06 13:00:14.338  1715  1715 I Layer   : Layer::reparent [Task=16#769] End -------------------------
06-06 13:00:14.338  5355  5446 I ViewRootImpl@784daaa[newsfeedapp]: mWNT: t=0xb40000747f9a0e90 mBlastBufferQueue=0xb4000074df9fe8b0 fn= 5 mRenderHdrSdrRatio=1.0 caller= android.view.SyncRtSurfaceTransactionApplier.applyTransaction:96 android.view.SyncRtSurfaceTransactionApplier.lambda$scheduleApply$0:69 android.view.SyncRtSurfaceTransactionApplier.$r8$lambda$SgowXC58rj3PR958kHUfRgLZmvE:0
06-06 13:00:14.338  1715  1715 I Layer   : id=702 Destroyed etf.ri.rma.newsfeedapp.test/androidx.test.core.app.InstrumentationActivityInvoker$EmptyActivity$_7890#702
06-06 13:00:14.338  1715  1715 I Layer   : id=696 Destroyed 830a52c etf.ri.rma.newsfeedapp.test/androidx.test.core.app.InstrumentationActivityInvoker$EmptyActivity#696
06-06 13:00:14.338  1715  1715 I Layer   : id=684 Destroyed Task=16#681 (Mirror)#684
06-06 13:00:14.338  1715  1715 I Layer   : id=685 Destroyed ActivityRecord{51356d4 u0 etf.ri.rma.newsfeedapp.test/androidx.test.core.app.InstrumentationActivityInvoker$EmptyActivity t16}#682 (Mirror)#685
06-06 13:00:14.338  1715  1715 I Layer   : id=740 Destroyed Surface(name=ac5a498 InputMethod)/@0x1895ba - animation-leash of insets_animation#739 (Mirror)#740
06-06 13:00:14.338  1715  1715 I Layer   : id=699 Destroyed c8f96e6 ActivityRecordInputSink etf.ri.rma.newsfeedapp.test/androidx.test.core.app.InstrumentationActivityInvoker$EmptyActivity#694 (Mirror)#699
06-06 13:00:14.338  6421  9457 I ViewRootImpl@cc9c4e9[LauncherActivity]: mWNT: t=0xb40000747f94c430 mBlastBufferQueue=0xb4000074df963770 fn= 28 mRenderHdrSdrRatio=1.0 caller= com.android.systemui.shared.launcher.ViewRootImplCompat.mergeWithNextTransaction:4 com.honeyspace.transition.utils.SurfaceTransactionApplier.scheduleApply$lambda$1:26 com.honeyspace.transition.utils.SurfaceTransactionApplier.c:0
06-06 13:00:14.339  1715  1715 I SurfaceFlinger: id=769 Removed Task=16#769 (232)
06-06 13:00:14.339  1715  1715 I SurfaceFlinger: id=682 Removed ActivityRecord{51356d4 u0 etf.ri.rma.newsfeedapp.test/androidx.test.core.app.InstrumentationActivityInvoker$EmptyActivity t16}#682 (232)
06-06 13:00:14.339  1715  1715 I SurfaceFlinger: id=739 Removed Surface(name=ac5a498 InputMethod)/@0x1895ba - animation-leash of insets_animation#739 (232)
06-06 13:00:14.344  7012  7043 D C2SoftVpxEnc: bytes generated 7720
06-06 13:00:14.346  1715  1715 I Layer   : id=682 Destroyed ActivityRecord{51356d4 u0 etf.ri.rma.newsfeedapp.test/androidx.test.core.app.InstrumentationActivityInvoker$EmptyActivity t16}#682
06-06 13:00:14.346  1715  1715 I Layer   : id=694 Destroyed c8f96e6 ActivityRecordInputSink etf.ri.rma.newsfeedapp.test/androidx.test.core.app.InstrumentationActivityInvoker$EmptyActivity#694
06-06 13:00:14.346  1715  1715 I Layer   : id=739 Destroyed Surface(name=ac5a498 InputMethod)/@0x1895ba - animation-leash of insets_animation#739
06-06 13:00:14.346  1715  1715 I Layer   : id=769 Destroyed Task=16#769
06-06 13:00:14.347  5355  5447 I ViewRootImpl@784daaa[newsfeedapp]: mWNT: t=0xb40000747f974bd0 mBlastBufferQueue=0xb4000074df9fe8b0 fn= 6 mRenderHdrSdrRatio=1.0 caller= android.view.SyncRtSurfaceTransactionApplier.applyTransaction:96 android.view.SyncRtSurfaceTransactionApplier.lambda$scheduleApply$0:69 android.view.SyncRtSurfaceTransactionApplier.$r8$lambda$SgowXC58rj3PR958kHUfRgLZmvE:0
06-06 13:00:14.347  6421  9458 I ViewRootImpl@cc9c4e9[LauncherActivity]: mWNT: t=0xb40000747f950bb0 mBlastBufferQueue=0xb4000074df963770 fn= 29 mRenderHdrSdrRatio=1.0 caller= com.android.systemui.shared.launcher.ViewRootImplCompat.mergeWithNextTransaction:4 com.honeyspace.transition.utils.SurfaceTransactionApplier.scheduleApply$lambda$1:26 com.honeyspace.transition.utils.SurfaceTransactionApplier.c:0
06-06 13:00:14.355  5355  5446 I ViewRootImpl@784daaa[newsfeedapp]: mWNT: t=0xb40000747f9a6d70 mBlastBufferQueue=0xb4000074df9fe8b0 fn= 7 mRenderHdrSdrRatio=1.0 caller= android.view.SyncRtSurfaceTransactionApplier.applyTransaction:96 android.view.SyncRtSurfaceTransactionApplier.lambda$scheduleApply$0:69 android.view.SyncRtSurfaceTransactionApplier.$r8$lambda$SgowXC58rj3PR958kHUfRgLZmvE:0
06-06 13:00:14.355  6421  9457 I ViewRootImpl@cc9c4e9[LauncherActivity]: mWNT: t=0xb40000747f94f190 mBlastBufferQueue=0xb4000074df963770 fn= 30 mRenderHdrSdrRatio=1.0 caller= com.android.systemui.shared.launcher.ViewRootImplCompat.mergeWithNextTransaction:4 com.honeyspace.transition.utils.SurfaceTransactionApplier.scheduleApply$lambda$1:26 com.honeyspace.transition.utils.SurfaceTransactionApplier.c:0
06-06 13:00:14.356  7012  7043 D C2SoftVpxEnc: bytes generated 8368
06-06 13:00:14.363  2342  5137 V WindowManager: Relayout Window{14d9a29 u0 Splash Screen etf.ri.rma.newsfeedapp}: viewVisibility=8 req=1080x2340 ty=3 d0
06-06 13:00:14.364  6421  6421 I HoneySpace.AppCloseAnimationDelegate: animatorSet end
06-06 13:00:14.364  1574  1638 I HYPER-HAL: [RequestManager.cpp]acquire(): Acquired ID : 1532298  [1577 / 173]    HINT :      list : [TID_LOW_LATENCY / 0] [TID / 5446] [TID / 5447] [TID / 5439] [TID / 5445]
06-06 13:00:14.364  6421  6421 I HoneySpace.AnimationResult: finish, true
06-06 13:00:14.364  6421  9458 I ViewRootImpl@cc9c4e9[LauncherActivity]: mWNT: t=0xb40000747f946970 mBlastBufferQueue=0xb4000074df963770 fn= 31 mRenderHdrSdrRatio=1.0 caller= com.android.systemui.shared.launcher.ViewRootImplCompat.mergeWithNextTransaction:4 com.honeyspace.transition.utils.SurfaceTransactionApplier.scheduleApply$lambda$1:26 com.honeyspace.transition.utils.SurfaceTransactionApplier.c:0
06-06 13:00:14.365  2342  5137 V WindowManager: Relayout hash=14d9a29, pid=5355, syncId=-1: mAttrs={(0,0)(fillxfill) sim={adjust=pan} ty=APPLICATION_STARTING fmt=TRANSLUCENT wanim=0x1030303 alpha=0.0
06-06 13:00:14.365  2342  5137 V WindowManager:   fl=81030118
06-06 13:00:14.365  2342  5137 V WindowManager:   pfl=16000010
06-06 13:00:14.365  2342  5137 V WindowManager:   bhv=DEFAULT
06-06 13:00:14.365  2342  5137 V WindowManager:   fitSides= naviIconColor=0}
06-06 13:00:14.366  5355  5439 I ViewRootImpl@784daaa[newsfeedapp]: Relayout returned: old=(0,0,1080,2340) new=(0,0,1080,2340) relayoutAsync=false req=(1080,2340)8 dur=3 res=0x402 s={false 0x0} ch=true seqId=0
06-06 13:00:14.366  5355  5439 W WindowOnBackDispatcher: sendCancelIfRunning: isInProgress=falsecallback=android.view.ViewRootImpl$$ExternalSyntheticLambda19@aadf776
06-06 13:00:14.366  5355  5439 I ViewRootImpl@784daaa[newsfeedapp]: dispatchDetachedFromWindow
06-06 13:00:14.366  1574  1638 I HYPER-HAL: [RequestManager.cpp]acquire(): Acquired ID : 1534050  [1577 / 174]    HINT :      list : [UCLAMP_MIN_BOOST / 0] [TID / 5446] [TID / 5447] [TID / 5439] [TID / 5445]
06-06 13:00:14.367  1574  1638 I HYPER-HAL: [RequestManager.cpp]releaseLocked(): Released ID : 1532298
06-06 13:00:14.367  1574  1638 I HYPER-HAL: [RequestManager.cpp]releaseLocked(): Released ID : 1534050
06-06 13:00:14.367  2342  5454 D InputTransport: Input channel destroyed: '14d9a29', fd=1118
06-06 13:00:14.367  2342  5454 W InputManager-JNI: Input channel object '14d9a29 Splash Screen etf.ri.rma.newsfeedapp (client)' was disposed without first being removed with the input manager!
06-06 13:00:14.367  2342  5454 D InputTransport: Input channel destroyed: '14d9a29', fd=1119
06-06 13:00:14.368  7012  7043 D C2SoftVpxEnc: bytes generated 17170
06-06 13:00:14.369  1930  5588 I CameraService: onUidStateChanged: uid=10046, procState is changed. (1 -> 0)
06-06 13:00:14.369  5355  5439 D InputTransport: Input channel destroyed: '14d9a29', fd=476
06-06 13:00:14.371  1715  1715 I Layer   : Layer::reparent [ba9b0c8 etf.ri.rma.newsfeedapp/etf.ri.rma.newsfeedapp.MainActivity#748] newParent : ActivityRecord{d177914 u0 etf.ri.rma.newsfeedapp/.MainActivity t17}#743 , isRemovedFromCurrentState : 0 -------------------------
06-06 13:00:14.371  1715  1715 I Layer   : Layer::reparent [ba9b0c8 etf.ri.rma.newsfeedapp/etf.ri.rma.newsfeedapp.MainActivity#748] End -------------------------
06-06 13:00:14.371  1715  1715 I Layer   : Layer::reparent [Surface(name=ba9b0c8 etf.ri.rma.newsfeedapp/etf.ri.rma.newsfeedapp.MainActivity)/@0x847a3b1 - animation-leash of starting_reveal#766] newParentHandle : null -------------------------
06-06 13:00:14.371  1715  1715 I Layer   : id=766 removeFromCurrentState Surface(name=ba9b0c8 etf.ri.rma.newsfeedapp/etf.ri.rma.newsfeedapp.MainActivity)/@0x847a3b1 - animation-leash of starting_reveal#766 (228)
06-06 13:00:14.371  1715  1715 I Layer   : Layer::reparent [Surface(name=ba9b0c8 etf.ri.rma.newsfeedapp/etf.ri.rma.newsfeedapp.MainActivity)/@0x847a3b1 - animation-leash of starting_reveal#766] End -------------------------
06-06 13:00:14.371  1715  1715 I Layer   : id=767 Destroyed Surface(name=ba9b0c8 etf.ri.rma.newsfeedapp/etf.ri.rma.newsfeedapp.MainActivity)/@0x847a3b1 - animation-leash of starting_reveal#766 (Mirror)#767
06-06 13:00:14.375  1715  1715 D SurfaceFlinger: Display 4630946970390616451 HWC layers:
06-06 13:00:14.375  1715  1715 D SurfaceFlinger:      DEVICE | 0xb4000073beb13a00 | 0100 | RGBA_8888    |  633.0    6.0 1707.0 2334.0 |    0    0 1080 2340 | Wallpaper BBQ wrapper 5_system#94
06-06 13:00:14.375  1715  1715 D SurfaceFlinger:      DEVICE | 0xb4000073beaf95d0 | 0100 | RGBA_8888    |    0.0    0.0 1080.0 2340.0 |    0    0 1080 2340 | com.sec.android.app.launcher/com.sec[...]ctivities.LauncherActivity$_6421#722
06-06 13:00:14.375  1715  1715 D SurfaceFlinger:      CLIENT | 0xb4000073beb13850 | 0102 | RGBA_8888    |    0.0    0.0 1080.0 2340.0 |   21   47 1059 2293 | etf.ri.rma.newsfeedapp/etf.ri.rma.newsfeedapp.MainActivity$_7790#760
06-06 13:00:14.375  1715  1715 D SurfaceFlinger:      DEVICE | 0xb4000073beb0f440 | 0100 | RGBA_8888    |    0.0    0.0 1080.0   87.0 |    0    0 1080   87 | StatusBar$_5355#90
06-06 13:00:14.375  1715  1715 D SurfaceFlinger:      DEVICE | 0xb4000073beb138e0 | 0100 | RGBA_8888    |    0.0    0.0   67.0  342.0 | 1013  438 1080  780 | com.sec.android.app.launcher/com.sam[...]ce.edge.CocktailBarService$_6421#145
06-06 13:00:14.375  1715  1715 D SurfaceFlinger:      DEVICE | 0xb4000073beb0fb90 | 0100 | RGBA_8888    |    0.0    0.0 1080.0  144.0 |    0 2196 1080 2340 | NavigationBar0$_5355#89
06-06 13:00:14.375  1715  1715 D SurfaceFlinger:
06-06 13:00:14.376  1715  1807 I SurfaceFlinger: id=732 Removed Surface(name=Task=16)/@0xf2dd1e6_transition-leash#732 (227)
06-06 13:00:14.376  1715  1807 I SurfaceFlinger: id=731 Removed Surface(name=Task=1)/@0xa3b6328_transition-leash#731 (227)
06-06 13:00:14.379  1715  1715 I Layer   : id=732 Destroyed Surface(name=Task=16)/@0xf2dd1e6_transition-leash#732
06-06 13:00:14.379  1715  1715 I Layer   : id=731 Destroyed Surface(name=Task=1)/@0xa3b6328_transition-leash#731
06-06 13:00:14.384  1652  2311 I QC2CompStore: Setting heap usage to system
06-06 13:00:14.384  7012  7043 D C2SoftVpxEnc: bytes generated 35693
06-06 13:00:14.397  7012  7043 D C2SoftVpxEnc: bytes generated 26886
06-06 13:00:14.412  7012  7043 D C2SoftVpxEnc: bytes generated 32328
06-06 13:00:14.425  7012  7043 D C2SoftVpxEnc: bytes generated 28968
06-06 13:00:14.439  7012  7043 D C2SoftVpxEnc: bytes generated 28751
06-06 13:00:14.451  7012  7043 D C2SoftVpxEnc: bytes generated 14665
06-06 13:00:14.463  6421  6421 I HoneySpace.HomescreenPot: playContentAnimator end, skip alpha: false
06-06 13:00:14.464  6421  6421 I HoneySpace.HoneyScreenManagerImpl: transitionAnimator is ended, onCancel: false
06-06 13:00:14.464  6421  6421 I HoneySpace.ContentsAnimator: ContentsAnimator end
06-06 13:00:14.465  7012  7043 D C2SoftVpxEnc: bytes generated 30223
06-06 13:00:14.465  6421  6421 I HoneySpace.WallpaperAnimator: wallpaper animation end
06-06 13:00:14.479  7012  7043 D C2SoftVpxEnc: bytes generated 28980
06-06 13:00:14.480  1715  1715 I Layer   : Layer::reparent [RemoteWallpaperAnim:1:1#8] newParent : OneHanded:0:14#5 , isRemovedFromCurrentState : 0 -------------------------
06-06 13:00:14.480  1715  1715 I Layer   : Layer::reparent [RemoteWallpaperAnim:1:1#8] End -------------------------
06-06 13:00:14.480  1715  1715 I Layer   : Layer::reparent [Surface(name=RemoteWallpaperAnim:1:1)/@0xbe3243d - animation-leash of remote_wallpaper#736] newParentHandle : null -------------------------
06-06 13:00:14.480  1715  1715 I Layer   : id=736 removeFromCurrentState Surface(name=RemoteWallpaperAnim:1:1)/@0xbe3243d - animation-leash of remote_wallpaper#736 (225)
