06-06 13:00:14.763  1715  1715 I Layer   : Layer::reparent [ce8b7de etf.ri.rma.newsfeedapp.test/androidx.test.core.app.InstrumentationActivityInvoker$EmptyActivity#784] End -------------------------
06-06 13:00:14.763  1715  1715 I Layer   : Layer::reparent [RemoteWallpaperAnim:1:1#8] newParent : Surface(name=RemoteWallpaperAnim:1:1)/@0xbe3243d - animation-leash of remote_wallpaper#826 , isRemovedFromCurrentState : 0 -------------------------
06-06 13:00:14.763  1715  1715 I Layer   : Layer::reparent [RemoteWallpaperAnim:1:1#8] End -------------------------
06-06 13:00:14.763  1715  1715 I Layer   : id=779 Destroyed Transition Root: Task=18#779
06-06 13:00:14.763  1715  1715 I Layer   : id=782 Destroyed Bottom Edge Extension#782
06-06 13:00:14.763  1715  1715 I Layer   : id=785 Destroyed bbq-wrapper#785
06-06 13:00:14.763  7790  7790 I ViewRootImpl@774ac8f[MainActivity]: stopped(true) old = false
06-06 13:00:14.763  7790  7790 D ViewRootImpl@774ac8f[MainActivity]: WindowStopped on etf.ri.rma.newsfeedapp/etf.ri.rma.newsfeedapp.MainActivity set to true
06-06 13:00:14.763  1715  1715 I Layer   : id=799 Destroyed Top Edge Extension#799
06-06 13:00:14.763  1715  1715 I Layer   : id=803 Destroyed bbq-wrapper#803
06-06 13:00:14.763  1715  1715 I Layer   : id=786 Destroyed DimTransitionLayer for Surface(name=Task=18)/@0x54725dc#786
06-06 13:00:14.763  7790  7818 D OpenGLRenderer: CacheManager::trimMemory(20)
06-06 13:00:14.763  6421  9457 I ViewRootImpl@cc9c4e9[LauncherActivity]: mWNT: t=0xb40000747f962430 mBlastBufferQueue=0xb4000074df963770 fn= 2 mRenderHdrSdrRatio=1.0 caller= com.android.systemui.shared.launcher.ViewRootImplCompat.mergeWithNextTransaction:4 com.honeyspace.transition.utils.SurfaceTransactionApplier.scheduleApply$lambda$1:26 com.honeyspace.transition.utils.SurfaceTransactionApplier.c:0
06-06 13:00:14.763  6421  9457 I ViewRootImpl@cc9c4e9[LauncherActivity]: mWNT: t=0xb40000747f96e1f0 mBlastBufferQueue=0xb4000074df963770 fn= 2 mRenderHdrSdrRatio=1.0 caller= com.android.systemui.shared.launcher.ViewRootImplCompat.mergeWithNextTransaction:4 com.honeyspace.transition.utils.SurfaceTransactionApplier.scheduleApply$lambda$1:26 com.honeyspace.transition.utils.SurfaceTransactionApplier.c:0
06-06 13:00:14.763  6421  9453 W qdgralloc: getInterlacedFlag: getMetaData returned 3, defaulting to interlaced_flag = 0
06-06 13:00:14.763  6421  9457 I ViewRootImpl@cc9c4e9[LauncherActivity]: mWNT: t=0xb40000747f96a830 mBlastBufferQueue=0xb4000074df963770 fn= 2 mRenderHdrSdrRatio=1.0 caller= com.android.systemui.shared.launcher.ViewRootImplCompat.mergeWithNextTransaction:4 com.honeyspace.transition.utils.SurfaceTransactionApplier.scheduleApply$lambda$1:26 com.honeyspace.transition.utils.SurfaceTransactionApplier.c:0
06-06 13:00:14.764  7790  7790 D LifecycleMonitor: Lifecycle status change: etf.ri.rma.newsfeedapp.MainActivity@63c5dd8 in: STOPPED
06-06 13:00:14.764  2342  5453 V WindowManager: Relayout Window{5223efb u0 Splash Screen etf.ri.rma.newsfeedapp.test}: viewVisibility=0 req=1080x2340 ty=3 d0
06-06 13:00:14.764  7790  7790 V ActivityScenario: Update currentActivityStage to STOPPED, currentActivity=etf.ri.rma.newsfeedapp.MainActivity@63c5dd8
06-06 13:00:14.765  2342  5453 V WindowManager: Relayout hash=5223efb, pid=5355, syncId=-1: mAttrs={(0,0)(fillxfill) sim={adjust=pan} ty=APPLICATION_STARTING fmt=TRANSLUCENT
06-06 13:00:14.765  2342  5453 V WindowManager:   fl=81030118
06-06 13:00:14.765  2342  5453 V WindowManager:   pfl=16000010
06-06 13:00:14.765  2342  5453 V WindowManager:   bhv=DEFAULT
06-06 13:00:14.765  2342  5453 V WindowManager:   fitSides= naviIconColor=0}
06-06 13:00:14.766  5355  5439 I BLASTBufferQueue_Java: update, w= 1080 h= 2340 mName = ViewRootImpl@7850498[test] mNativeObject= 0xb4000074df9be7b0 sc.mNativeObject= 0xb4000073af95ffd0 format= -3 caller= android.view.ViewRootImpl.updateBlastSurfaceIfNeeded:3020 android.view.ViewRootImpl.relayoutWindow:10121 android.view.ViewRootImpl.performTraversals:4115 android.view.ViewRootImpl.doTraversal:3291 android.view.ViewRootImpl$TraversalRunnable.run:11329 android.view.Choreographer$CallbackRecord.run:1689
06-06 13:00:14.766  5355  5439 I ViewRootImpl@7850498[test]: Relayout returned: old=(0,0,1080,2340) new=(0,0,1080,2340) relayoutAsync=false req=(1080,2340)0 dur=3 res=0x400 s={true 0xb4000074af97b630} ch=false seqId=0
06-06 13:00:14.766  5355  5439 I ViewRootImpl@7850498[test]: registerCallbackForPendingTransactions
06-06 13:00:14.766  5355  5447 I ViewRootImpl@7850498[test]: mWNT: t=0xb40000747f9b1690 mBlastBufferQueue=0xb4000074df9be7b0 fn= 2 mRenderHdrSdrRatio=1.0 caller= android.view.SyncRtSurfaceTransactionApplier.applyTransaction:96 android.view.SyncRtSurfaceTransactionApplier.lambda$scheduleApply$0:69 android.view.SyncRtSurfaceTransactionApplier.$r8$lambda$SgowXC58rj3PR958kHUfRgLZmvE:0
06-06 13:00:14.767  5355  5447 I ViewRootImpl@7850498[test]: mWNT: t=0xb40000747f9a0390 mBlastBufferQueue=0xb4000074df9be7b0 fn= 2 mRenderHdrSdrRatio=1.0 caller= android.view.SyncRtSurfaceTransactionApplier.applyTransaction:96 android.view.SyncRtSurfaceTransactionApplier.lambda$scheduleApply$0:69 android.view.SyncRtSurfaceTransactionApplier.$r8$lambda$SgowXC58rj3PR958kHUfRgLZmvE:0
06-06 13:00:14.767  5355  5447 I ViewRootImpl@7850498[test]: mWNT: t=0xb40000747f9aacb0 mBlastBufferQueue=0xb4000074df9be7b0 fn= 2 mRenderHdrSdrRatio=1.0 caller= android.view.ViewRootImpl$6.onFrameDraw:5639 android.view.ViewRootImpl$2.onFrameDraw:2144 android.view.ThreadedRenderer$1.onFrameDraw:792
06-06 13:00:14.768  1574  1638 I HYPER-HAL: [RequestManager.cpp]acquire(): Acquired ID : 1560450  [1577 / 189]    HINT :      list : [TID_LOW_LATENCY / 1] [TID / 7828] [TID / 7829] [TID / 7790] [TID / 7818]
06-06 13:00:14.768  7790  7838 W System.err: java.io.InterruptedIOException
06-06 13:00:14.768  7790  7838 W System.err: 	at okhttp3.internal.http2.Http2Stream.waitForIo$okhttp(Http2Stream.kt:660)
06-06 13:00:14.768  7790  7838 W System.err: 	at okhttp3.internal.http2.Http2Stream$FramingSource.read(Http2Stream.kt:376)
06-06 13:00:14.768  7790  7838 W System.err: 	at okhttp3.internal.connection.Exchange$ResponseBodySource.read(Exchange.kt:281)
06-06 13:00:14.768  7790  7838 W System.err: 	at okio.RealBufferedSource.read(RealBufferedSource.kt:192)
06-06 13:00:14.768  7790  7838 W System.err: 	at okio.ForwardingSource.read(ForwardingSource.kt:27)
06-06 13:00:14.768  7790  7838 W System.err: 	at coil.decode.BitmapFactoryDecoder$ExceptionCatchingSource.read(BitmapFactoryDecoder.kt:215)
06-06 13:00:14.768  7790  7838 W System.err: 	at okio.RealBufferedSource$inputStream$1.read(RealBufferedSource.kt:161)
06-06 13:00:14.768  7790  7838 W System.err: 	at android.graphics.BitmapFactory.nativeDecodeStream(Native Method)
06-06 13:00:14.768  7790  7838 W System.err: 	at android.graphics.BitmapFactory.decodeStreamInternal(BitmapFactory.java:996)
06-06 13:00:14.768  7790  7838 W System.err: 	at android.graphics.BitmapFactory.decodeStream(BitmapFactory.java:913)
06-06 13:00:14.769  7790  7838 W System.err: 	at coil.decode.BitmapFactoryDecoder.decode(BitmapFactoryDecoder.kt:76)
06-06 13:00:14.769  7790  7838 W System.err: 	at coil.decode.BitmapFactoryDecoder.access$decode(BitmapFactoryDecoder.kt:25)
06-06 13:00:14.769  7790  7838 W System.err: 	at coil.decode.BitmapFactoryDecoder$decode$2$1.invoke(BitmapFactoryDecoder.kt:46)
06-06 13:00:14.769  7790  7838 W System.err: 	at coil.decode.BitmapFactoryDecoder$decode$2$1.invoke(BitmapFactoryDecoder.kt:46)
06-06 13:00:14.769  7790  7838 W System.err: 	at kotlinx.coroutines.InterruptibleKt.runInterruptibleInExpectedContext(Interruptible.kt:52)
06-06 13:00:14.769  7790  7838 W System.err: 	at kotlinx.coroutines.InterruptibleKt.access$runInterruptibleInExpectedContext(Interruptible.kt:1)
06-06 13:00:14.769  7790  7838 W System.err: 	at kotlinx.coroutines.InterruptibleKt$runInterruptible$2.invokeSuspend(Interruptible.kt:44)
06-06 13:00:14.769  7790  7838 W System.err: 	at kotlinx.coroutines.InterruptibleKt$runInterruptible$2.invoke(Unknown Source:8)
06-06 13:00:14.769  7790  7838 W System.err: 	at kotlinx.coroutines.InterruptibleKt$runInterruptible$2.invoke(Unknown Source:4)
06-06 13:00:14.769  7790  7838 W System.err: 	at kotlinx.coroutines.intrinsics.UndispatchedKt.startUndispatchedOrReturn(Undispatched.kt:78)
06-06 13:00:14.769  7790  7838 W System.err: 	at kotlinx.coroutines.BuildersKt__Builders_commonKt.withContext(Builders.common.kt:159)
06-06 13:00:14.769  7790  7838 W System.err: 	at kotlinx.coroutines.BuildersKt.withContext(Unknown Source:1)
06-06 13:00:14.769  7790  7838 W System.err: 	at kotlinx.coroutines.InterruptibleKt.runInterruptible(Interruptible.kt:43)
06-06 13:00:14.769  7790  7838 W System.err: 	at kotlinx.coroutines.InterruptibleKt.runInterruptible$default(Interruptible.kt:40)
06-06 13:00:14.769  7790  7838 W System.err: 	at coil.decode.BitmapFactoryDecoder.decode(BitmapFactoryDecoder.kt:46)
06-06 13:00:14.769  7790  7838 W System.err: 	at coil.intercept.EngineInterceptor.decode(EngineInterceptor.kt:199)
06-06 13:00:14.769  7790  7838 W System.err: 	at coil.intercept.EngineInterceptor.access$decode(EngineInterceptor.kt:41)
06-06 13:00:14.770  7790  7838 W System.err: 	at coil.intercept.EngineInterceptor$execute$executeResult$1.invokeSuspend(EngineInterceptor.kt:127)
06-06 13:00:14.770  7790  7838 W System.err: 	at coil.intercept.EngineInterceptor$execute$executeResult$1.invoke(Unknown Source:8)
06-06 13:00:14.770  7790  7838 W System.err: 	at coil.intercept.EngineInterceptor$execute$executeResult$1.invoke(Unknown Source:4)
06-06 13:00:14.770  7790  7838 W System.err: 	at kotlinx.coroutines.intrinsics.UndispatchedKt.startUndispatchedOrReturn(Undispatched.kt:78)
06-06 13:00:14.770  7790  7838 W System.err: 	at kotlinx.coroutines.BuildersKt__Builders_commonKt.withContext(Builders.common.kt:167)
06-06 13:00:14.770  7790  7838 W System.err: 	at kotlinx.coroutines.BuildersKt.withContext(Unknown Source:1)
06-06 13:00:14.770  7790  7838 W System.err: 	at coil.intercept.EngineInterceptor.execute(EngineInterceptor.kt:126)
06-06 13:00:14.770  7790  7838 W System.err: 	at coil.intercept.EngineInterceptor.access$execute(EngineInterceptor.kt:41)
06-06 13:00:14.770  7790  7838 W System.err: 	at coil.intercept.EngineInterceptor$execute$1.invokeSuspend(Unknown Source:18)
06-06 13:00:14.770  7790  7838 W System.err: 	at kotlin.coroutines.jvm.internal.BaseContinuationImpl.resumeWith(ContinuationImpl.kt:33)
06-06 13:00:14.770  7790  7838 W System.err: 	at kotlinx.coroutines.DispatchedTask.run(DispatchedTask.kt:108)
06-06 13:00:14.770  7790  7838 W System.err: 	at kotlinx.coroutines.internal.LimitedDispatcher$Worker.run(LimitedDispatcher.kt:115)
06-06 13:00:14.770  7790  7838 W System.err: 	at kotlinx.coroutines.scheduling.TaskImpl.run(Tasks.kt:103)
06-06 13:00:14.770  7790  7838 W System.err: 	at kotlinx.coroutines.scheduling.CoroutineScheduler.runSafely(CoroutineScheduler.kt:584)
06-06 13:00:14.770  7790  7838 W System.err: 	at kotlinx.coroutines.scheduling.CoroutineScheduler$Worker.executeTask(CoroutineScheduler.kt:793)
06-06 13:00:14.771  7790  7838 W System.err: 	at kotlinx.coroutines.scheduling.CoroutineScheduler$Worker.runWorker(CoroutineScheduler.kt:697)
06-06 13:00:14.771  7790  7838 W System.err: 	at kotlinx.coroutines.scheduling.CoroutineScheduler$Worker.run(CoroutineScheduler.kt:684)
06-06 13:00:14.771  7790  7838 D OpenGLRenderer: ---- read threw an exception
06-06 13:00:14.772  5355  5446 I ViewRootImpl@7850498[test]: mWNT: t=0xb40000747f963610 mBlastBufferQueue=0xb4000074df9be7b0 fn= 3 mRenderHdrSdrRatio=1.0 caller= android.view.SyncRtSurfaceTransactionApplier.applyTransaction:96 android.view.SyncRtSurfaceTransactionApplier.lambda$scheduleApply$0:69 android.view.SyncRtSurfaceTransactionApplier.$r8$lambda$SgowXC58rj3PR958kHUfRgLZmvE:0
06-06 13:00:14.772  2342  5454 D InputDispatcher: Focus entered window (0): da5c5e7 com.sec.android.app.launcher/com.sec.android.app.launcher.activities.LauncherActivity
06-06 13:00:14.772  6421  6421 I ViewRootImpl@cc9c4e9[LauncherActivity]: handleWindowFocusChanged: 1 0 call from android.view.ViewRootImpl.-$$Nest$mhandleWindowFocusChanged:0
06-06 13:00:14.773  6421  6421 I InputMethodManager: startInputInner - IInputMethodManagerGlobalInvoker.startInputOrWindowGainedFocus
06-06 13:00:14.773  2342  5454 I ImeTracker: com.sec.android.app.launcher:81e345b8: onRequestHide at ORIGIN_SERVER_HIDE_INPUT reason HIDE_UNSPECIFIED_WINDOW
06-06 13:00:14.773  2342  5454 I ImeTracker: com.sec.android.app.launcher:81e345b8: onCancelled at PHASE_SERVER_SHOULD_HIDE
06-06 13:00:14.774  2342  5454 D InputTransport: Input channel constructed: 'ClientS', fd=1121
06-06 13:00:14.774  2342  5454 D InputTransport: Input channel destroyed: 'ClientS', fd=1121
06-06 13:00:14.774  7012  7043 D C2SoftVpxEnc: bytes generated 57664
06-06 13:00:14.775  1715  1715 D SurfaceFlinger: Display 4630946970390616451 HWC layers:
06-06 13:00:14.775  1715  1715 D SurfaceFlinger:      DEVICE | 0xb4000073beb13a00 | 0100 | RGBA_8888    |  720.0  195.0 1620.0 2145.0 |    0    0 1080 2340 | Wallpaper BBQ wrapper 5_system#94
06-06 13:00:14.775  1715  1715 D SurfaceFlinger:      DEVICE | 0xb4000073beb126e0 | 0100 | RGBA_8888    |    0.0    0.0 1080.0 2340.0 |    0    0 1080 2340 | com.sec.android.app.launcher/com.sec[...]ctivities.LauncherActivity$_6421#812
06-06 13:00:14.775  1715  1715 D SurfaceFlinger:      CLIENT | 0xb4000073beb13e80 | 0102 | RGBA_8888    |    0.0    0.0 1080.0 2340.0 |    0    0 1080 2340 | etf.ri.rma.newsfeedapp.test/androidx[...]ivityInvoker$EmptyActivity$_7890#787
06-06 13:00:14.775  1715  1715 D SurfaceFlinger:      CLIENT | 0xb4000073beb136a0 | 0100 | RGBA_8888    |    0.0    0.0 1080.0 2340.0 |    0    0 1080 2340 | Splash Screen etf.ri.rma.newsfeedapp.test$_5355#774
06-06 13:00:14.775  1715  1715 D SurfaceFlinger:      DEVICE | 0xb4000073beb0a850 | 0100 | RGBA_8888    |    0.0    0.0 1080.0   87.0 |    0    0 1080   87 | StatusBar$_5355#90
06-06 13:00:14.775  1715  1715 D SurfaceFlinger:      DEVICE | 0xb4000073beb138e0 | 0100 | RGBA_8888    |    0.0    0.0   67.0  342.0 | 1013  438 1080  780 | com.sec.android.app.launcher/com.sam[...]ce.edge.CocktailBarService$
06-06 13:00:14.775  1715  1715 D SurfaceFlinger: _6421#145
06-06 13:00:14.775  1715  1715 D SurfaceFlinger:      DEVICE | 0xb4000073beb0d1f0 | 0100 | RGBA_8888    |    0.0    0.0 1080.0  144.0 |    0 2196 1080 2340 | NavigationBar0$_5355#89
06-06 13:00:14.775  1715  1715 D SurfaceFlinger:
06-06 13:00:14.775 11275 11275 I HBD     : HoneyBoardService onFinishInput
06-06 13:00:14.776 11275 11275 I HBD     : a IC have been unbinding,  RemoteInputConnection{idHash=#83b4388}
06-06 13:00:14.776 11275 11275 I HBD     : HoneyBoardService [PF_CL][onFinishInput]  1 ms
06-06 13:00:14.776 11275 11275 I HBD     : HoneyBoardService [IMI] onStartInput - caller pid : 6421 , caller uid : 10150
06-06 13:00:14.776 11275 11275 I HBD     : j updateConfigs
06-06 13:00:14.776 11275 11275 I HBD     : j isEnabledNightMode : true
06-06 13:00:14.776 11275 11275 I HBD     : a IC have been binding, RemoteInputConnection{idHash=#2ff6121}
06-06 13:00:14.776 11275 11275 I HBD     : h [EditorInputType]setPrivateImeOptionsToTable privateImeOptions ( null )
06-06 13:00:14.776 11275 11275 I HBD     : b incognitoMode : false
06-06 13:00:14.776 11275 11275 I HBD     : b needOff = true , isForceOff = false, isNullInputClass : true
06-06 13:00:14.776 11275 11275 I HBD     : h getDefaultInputRange : UNKNOWN
06-06 13:00:14.776 11275 11275 I HBD     : h getDefaultInputRange : UNKNOWN
06-06 13:00:14.776 11275 11275 I HBD     : h getDefaultInputRange : UNKNOWN
06-06 13:00:14.776  1715  6620 I SurfaceFlinger: id=829 createSurf, flag=24004, Surface(name=ac5a498 InputMethod)/@0x1895ba - animation-leash of insets_animation#829
06-06 13:00:14.776 11275 11275 I HBD     : b needOff = true , isForceOff = false, isNullInputClass : true
06-06 13:00:14.776 11275 11275 I HBD     : b update cached prediction status : false
06-06 13:00:14.776 11275 11275 I HBD     : h getDefaultInputRange : UNKNOWN
06-06 13:00:14.776 11275 11275 I HBD     : a currentState : 0
06-06 13:00:14.776 11275 11275 I HBD     : a [UpdatePolicy] [post] a: 0 cl: 65537 kit: [0/0] vt: 0 ir: 1
06-06 13:00:14.777 11275 11275 I HBD     : a [NRIC] resetNoResponseState
06-06 13:00:14.777 11275 11275 I HBD     : b needOff = true , isForceOff = false, isNullInputClass : true
06-06 13:00:14.777 11275 11275 I HBD     : b update cached prediction status : false
06-06 13:00:14.777 11275 11275 I HBD     : b [AiWriter] setContact : com.sec.android.app.launcher
06-06 13:00:14.777 11275 11275 I HBD     : HoneyBoardService [PF_OP][onStartInput]  1 ms
06-06 13:00:14.779  1715  1715 I Layer   : Layer::reparent [ImeContainer#17] newParent : ActivityRecord{4bdcf41 u0 com.sec.android.app.launcher/.activities.LauncherActivity t8}#139 , isRemovedFromCurrentState : 0 -------------------------
06-06 13:00:14.779  1715  1715 I Layer   : Layer::reparent [ImeContainer#17] End -------------------------
06-06 13:00:14.779  1715  1715 I Layer   : Layer::reparent [ac5a498 InputMethod#154] newParent : Surface(name=ac5a498 InputMethod)/@0x1895ba - animation-leash of insets_animation#829 , isRemovedFromCurrentState : 0 -------------------------
06-06 13:00:14.779  1715  1715 I Layer   : Layer::reparent [ac5a498 InputMethod#154] End -------------------------
06-06 13:00:14.779  1715  1715 I Layer   : Layer::reparent [Surface(name=ac5a498 InputMethod)/@0x1895ba - animation-leash of insets_animation#768] newParentHandle : null -------------------------
06-06 13:00:14.779  1715  1715 I Layer   : id=768 removeFromCurrentState Surface(name=ac5a498 InputMethod)/@0x1895ba - animation-leash of insets_animation#768 (241)
06-06 13:00:14.779  1715  1715 I Layer   : Layer::reparent [Surface(name=ac5a498 InputMethod)/@0x1895ba - animation-leash of insets_animation#768] End -------------------------
06-06 13:00:14.780  1715  1715 I Layer   : id=770 Destroyed Surface(name=ac5a498 InputMethod)/@0x1895ba - animation-leash of insets_animation#768 (Mirror)#770
06-06 13:00:14.780  6421  8706 I ViewRootImpl@b8b0272[CocktailBarService]: Resizing android.view.ViewRootImpl@899f8b5: frame = [1013,438][1080,780] reportDraw = false forceLayout = false syncSeqId = -1
06-06 13:00:14.780  5355  5447 I ViewRootImpl@7850498[test]: mWNT: t=0xb40000747f99ec30 mBlastBufferQueue=0xb4000074df9be7b0 fn= 4 mRenderHdrSdrRatio=1.0 caller= android.view.SyncRtSurfaceTransactionApplier.applyTransaction:96 android.view.SyncRtSurfaceTransactionApplier.lambda$scheduleApply$0:69 android.view.SyncRtSurfaceTransactionApplier.$r8$lambda$SgowXC58rj3PR958kHUfRgLZmvE:0
06-06 13:00:14.780  5355 19183 I WallpaperService: resized: system, syncSeqId=-1
06-06 13:00:14.780  5355  5408 I ViewRootImpl@5f965d2[StatusBar]: Resizing android.view.ViewRootImpl@52a4b8c: frame = [0,0][1080,87] reportDraw = false forceLayout = false syncSeqId = -1
06-06 13:00:14.780  6421  6445 I ViewRootImpl@cc9c4e9[LauncherActivity]: Resizing android.view.ViewRootImpl@2c5d015: frame = [0,0][1080,2340] reportDraw = false forceLayout = false syncSeqId = -1
06-06 13:00:14.780  5355 17213 I ViewRootImpl@b9cb471[NavigationBar0]: Resizing android.view.ViewRootImpl@9559699: frame = [0,2196][1080,2340] reportDraw = false forceLayout = false syncSeqId = -1
06-06 13:00:14.780  6421  9458 I ViewRootImpl@cc9c4e9[LauncherActivity]: mWNT: t=0xb40000747f9710b0 mBlastBufferQueue=0xb4000074df963770 fn= 3 mRenderHdrSdrRatio=1.0 caller= com.android.systemui.shared.launcher.ViewRootImplCompat.mergeWithNextTransaction:4 com.honeyspace.transition.utils.SurfaceTransactionApplier.scheduleApply$lambda$1:26 com.honeyspace.transition.utils.SurfaceTransactionApplier.c:0
06-06 13:00:14.780  6421  9453 W qdgralloc: getInterlacedFlag: getMetaData returned 3, defaulting to interlaced_flag = 0
06-06 13:00:14.780  6421  6421 I ViewRootImpl@b8b0272[CocktailBarService]: handleResized, msg = 4 frames=ClientWindowFrames{frame=[1013,438][1080,780] display=[0,0][1080,2196] parentFrame=[0,0][0,0]} forceNextWindowRelayout=false displayId=0 dragResizing=false compatScale=1.0 frameChanged=false attachedFrameChanged=false configChanged=false displayChanged=false compatScaleChanged=false
06-06 13:00:14.780  6421  6421 I InsetsSourceConsumer: applyRequestedVisibilityToControl: visible=false, type=ime, host=com.sec.android.app.launcher/com.sec.android.app.launcher.activities.LauncherActivity
06-06 13:00:14.781  5355  5533 I WallpaperService: handleResized: which=5, reportDraw=false
06-06 13:00:14.781  5355  5533 I WallpaperService: updateSurface system forceRelayout=true forceReport=false redrawNeeded=false myWidth=2340 myHeight=2340 fixedSize=true x = 0 y = 0 mWidth=2340 mHeight=2340
06-06 13:00:14.781  5355  5533 I WallpaperService: maxBounds : Rect(0, 0 - 1080, 2340) , mDeviceHeight : 2340, mDeviceWidth : 1080,mDeviceRotation  : 0
06-06 13:00:14.781  5355  5533 I WallpaperService: updateSurface: invoke Session.relayout
06-06 13:00:14.781  6421  6421 I ViewRootImpl@cc9c4e9[LauncherActivity]: handleResized, msg = 4 frames=ClientWindowFrames{frame=[0,0][1080,2340] display=[0,0][1080,2340] parentFrame=[0,0][0,0]} forceNextWindowRelayout=false displayId=0 dragResizing=false compatScale=1.0 frameChanged=false attachedFrameChanged=false configChanged=false displayChanged=false compatScaleChanged=false
06-06 13:00:14.781  2342  5453 V WindowManager: Relayout Window{50e77d0 u0 com.android.systemui.wallpapers.ImageWallpaper_system}: viewVisibility=0 req=2340x2340 ty=2013 d0
06-06 13:00:14.781 11275 11275 I InputMethodService: scheduleImeSurfaceRemoval: canceled, mShowInputRequested=false, mWindowVisible=false, IsmWindowNull=false, IsmImeSurfaceRemoverRunnableNotNull=true
06-06 13:00:14.782  2342  5453 V WindowManager: Relayout hash=50e77d0, pid=5355, syncId=-1: mAttrs={(0,0)(2340x2340) gr=TOP START CENTER layoutInDisplayCutoutMode=always ty=WALLPAPER fmt=RGBX_8888 wanim=0x1030314
06-06 13:00:14.782  2342  5453 V WindowManager:   fl=14318
06-06 13:00:14.782  2342  5453 V WindowManager:   pfl=2000014
06-06 13:00:14.782  2342  5453 V WindowManager:   bhv=DEFAULT naviIconColor=0
06-06 13:00:14.782  2342  5453 V WindowManager:   sfl=8}
06-06 13:00:14.782  5355  5533 I BLASTBufferQueue_Java: update, w= 2340 h= 2340 mName = Wallpaper mNativeObject= 0xb4000074df948b50 sc.mNativeObject= 0xb4000073af9347d0 format= 2 caller= android.service.wallpaper.WallpaperService$Engine.getOrCreateBLASTSurface:2824 android.service.wallpaper.WallpaperService$Engine.updateSurface:1629 android.service.wallpaper.WallpaperService$IWallpaperEngineWrapper.handleResized:3309 android.service.wallpaper.WallpaperService$IWallpaperEngineWrapper.executeMessage:3228 com.android.internal.os.HandlerCaller$MyHandler.handleMessage:44 android.os.Handler.dispatchMessage:106
06-06 13:00:14.782  5355  5355 I ViewRootImpl@5f965d2[StatusBar]: handleResized, msg = 4 frames=ClientWindowFrames{frame=[0,0][1080,87] display=[0,0][1080,2340] parentFrame=[0,0][0,0]} forceNextWindowRelayout=false displayId=0 dragResizing=false compatScale=1.0 frameChanged=false attachedFrameChanged=false configChanged=false displayChanged=false compatScaleChanged=false
06-06 13:00:14.782  5355  5355 I ViewRootImpl@b9cb471[NavigationBar0]: handleResized, msg = 4 frames=ClientWindowFrames{frame=[0,2196][1080,2340] display=[0,0][1080,2340] parentFrame=[0,0][0,0]} forceNextWindowRelayout=false displayId=0 dragResizing=false compatScale=1.0 frameChanged=false attachedFrameChanged=false configChanged=false displayChanged=false compatScaleChanged=false
06-06 13:00:14.783  5355  5355 D NavigationBar: setImeWindowStatus show legacy ime switcher = false
06-06 13:00:14.783  5355  5355 D NavigationBar: setImeWindowStatus displayId=0 vis=0 backDisposition=0 showImeSwitcher=false imeShown=false
06-06 13:00:14.785  7790  7790 D LifecycleMonitor: Lifecycle status change: etf.ri.rma.newsfeedapp.MainActivity@63c5dd8 in: DESTROYED
06-06 13:00:14.785  7790  7790 V ActivityScenario: Update currentActivityStage to DESTROYED, currentActivity=null
06-06 13:00:14.785  7790  7790 W WindowOnBackDispatcher: sendCancelIfRunning: isInProgress=falsecallback=android.view.ViewRootImpl$$ExternalSyntheticLambda19@43c1c54
06-06 13:00:14.786  7790  7818 D OpenGLRenderer: CacheManager::trimMemory(20)
06-06 13:00:14.787  7790  7790 I ViewRootImpl@774ac8f[MainActivity]: dispatchDetachedFromWindow
06-06 13:00:14.787  2342  5453 D InputTransport: Input channel destroyed: 'ba9b0c8', fd=959
06-06 13:00:14.787  2342  5453 W InputManager-JNI: Input channel object 'ba9b0c8 etf.ri.rma.newsfeedapp/etf.ri.rma.newsfeedapp.MainActivity (client)' was disposed without first being removed with the input manager!
06-06 13:00:14.787  2342  5453 D InputTransport: Input channel destroyed: 'ba9b0c8', fd=975
06-06 13:00:14.787  1574  1638 I HYPER-HAL: [RequestManager.cpp]acquire(): Acquired ID : 1560450  [1577 / 189]    HINT :      list : [TID_LOW_LATENCY / 0] [TID / 7828] [TID / 7829] [TID / 7790] [TID / 7818]
06-06 13:00:14.788  1574  1638 I HYPER-HAL: [RequestManager.cpp]acquire(): Acquired ID : 1562218  [1577 / 190]    HINT :      list : [UCLAMP_MIN_BOOST / 0] [TID / 7828] [TID / 7829] [TID / 7790] [TID / 7818]
06-06 13:00:14.788  7790  7790 D InputTransport: Input channel destroyed: 'ba9b0c8', fd=119
06-06 13:00:14.788  5355  5446 I ViewRootImpl@7850498[test]: mWNT: t=0xb40000747f99e130 mBlastBufferQueue=0xb4000074df9be7b0 fn= 5 mRenderHdrSdrRatio=1.0 caller= android.view.SyncRtSurfaceTransactionApplier.applyTransaction:96 android.view.SyncRtSurfaceTransactionApplier.lambda$scheduleApply$0:69 android.view.SyncRtSurfaceTransactionApplier.$r8$lambda$SgowXC58rj3PR958kHUfRgLZmvE:0
06-06 13:00:14.788  1574  1638 I HYPER-HAL: [RequestManager.cpp]releaseLocked(): Released ID : 1560450
06-06 13:00:14.788  1574  1638 I HYPER-HAL: [RequestManager.cpp]releaseLocked(): Released ID : 1562218
06-06 13:00:14.788  7790  7812 D IdlingRegistry: Unregistering idling resources: [androidx.compose.ui.test.EspressoLink@3f1954]
06-06 13:00:14.788  1715  2430 I SurfaceFlinger: id=768 Removed Surface(name=ac5a498 InputMethod)/@0x1895ba - animation-leash of insets_animation#768 (241)
06-06 13:00:14.789  7790  7790 D InputTransport: Input channel destroyed: 'ClientS', fd=143
06-06 13:00:14.789  1715  1807 I SurfaceFlinger: id=831 createSurf, flag=24004, Task=17#831
06-06 13:00:14.790  1715  1807 I SurfaceFlinger: id=755 Removed 2ffdf26 ActivityRecordInputSink etf.ri.rma.newsfeedapp/.MainActivity#755 (242)
06-06 13:00:14.791  7790  7812 I TestRunner: finished: testSimilarStories(etf.ri.rma.newsfeedapp.TestS3)
